12-20 21:28:47.414 22435 22435 E Zygote  : isWhitelistProcess - Process is Whitelisted
12-20 21:28:47.415 22435 22435 E Zygote  : accessInfo : 1
12-20 21:28:47.439 22435 22435 W bee:pushservic: Using default instruction set features for ARM CPU variant (cortex-a9) using conservative defaults
12-20 21:28:47.441 22435 22435 E bee:pushservic: Not starting debugger since process cannot load the jdwp agent.
12-20 21:28:47.485 22435 22435 W QPerf.HandlerThread: warning: create new handler thread with name qperf_time_update_thread, alive thread size:1
12-20 21:28:47.489 22435 22435 W System.err: java.lang.ClassNotFoundException: Didn't find class "com.jifen.qukan.http.HttpApiManager_common" on path: DexPathList[[zip file "/system/framework/org.apache.http.legacy.boot.jar", zip file "/data/app/com.zheyun.bumblebee-tUvBLjQnaJT6fwq2YTgKDg==/base.apk"],nativeLibraryDirectories=[/data/app/com.zheyun.bumblebee-tUvBLjQnaJT6fwq2YTgKDg==/lib/arm, /data/app/com.zheyun.bumblebee-tUvBLjQnaJT6fwq2YTgKDg==/base.apk!/lib/armeabi-v7a, /system/lib]]
12-20 21:28:47.489 22435 22435 W System.err: 	at dalvik.system.BaseDexClassLoader.findClass(BaseDexClassLoader.java:134)
12-20 21:28:47.490 22435 22435 W System.err: 	at java.lang.ClassLoader.loadClass(ClassLoader.java:379)
12-20 21:28:47.490 22435 22435 W System.err: 	at java.lang.ClassLoader.loadClass(ClassLoader.java:312)
12-20 21:28:47.490 22435 22435 W System.err: 	at com.jifen.framework.http.d.a.a(SourceFile:23)
12-20 21:28:47.490 22435 22435 W System.err: 	at com.jifen.framework.http.d.a.a(SourceFile:15)
12-20 21:28:47.490 22435 22435 W System.err: 	at com.jifen.open.common.base.BaseApplication.attachBaseContext(SourceFile:53)
12-20 21:28:47.490 22435 22435 W System.err: 	at com.zheyun.bumblebee.QApp.attachBaseContext(SourceFile:39)
12-20 21:28:47.490 22435 22435 W System.err: 	at android.app.Application.attach(Application.java:237)
12-20 21:28:47.490 22435 22435 W System.err: 	at android.app.Instrumentation.newApplication(Instrumentation.java:1121)
12-20 21:28:47.490 22435 22435 W System.err: 	at android.app.LoadedApk.makeApplication(LoadedApk.java:1128)
12-20 21:28:47.490 22435 22435 W System.err: 	at android.app.ActivityThread.handleBindApplication(ActivityThread.java:6180)
12-20 21:28:47.490 22435 22435 W System.err: 	at android.app.ActivityThread.access$1200(ActivityThread.java:236)
12-20 21:28:47.490 22435 22435 W System.err: 	at android.app.ActivityThread$H.handleMessage(ActivityThread.java:1784)
12-20 21:28:47.490 22435 22435 W System.err: 	at android.os.Handler.dispatchMessage(Handler.java:106)
12-20 21:28:47.490 22435 22435 W System.err: 	at android.os.Looper.loop(Looper.java:214)
12-20 21:28:47.490 22435 22435 W System.err: 	at android.app.ActivityThread.main(ActivityThread.java:7037)
12-20 21:28:47.490 22435 22435 W System.err: 	at java.lang.reflect.Method.invoke(Native Method)
12-20 21:28:47.490 22435 22435 W System.err: 	at com.android.internal.os.RuntimeInit$MethodAndArgsCaller.run(RuntimeInit.java:494)
12-20 21:28:47.490 22435 22435 W System.err: 	at com.android.internal.os.ZygoteInit.main(ZygoteInit.java:965)
12-20 21:28:47.490 22435 22435 W System.err: java.lang.ClassNotFoundException: Didn't find class "com.jifen.qukan.http.HttpApiManager_video" on path: DexPathList[[zip file "/system/framework/org.apache.http.legacy.boot.jar", zip file "/data/app/com.zheyun.bumblebee-tUvBLjQnaJT6fwq2YTgKDg==/base.apk"],nativeLibraryDirectories=[/data/app/com.zheyun.bumblebee-tUvBLjQnaJT6fwq2YTgKDg==/lib/arm, /data/app/com.zheyun.bumblebee-tUvBLjQnaJT6fwq2YTgKDg==/base.apk!/lib/armeabi-v7a, /system/lib]]
12-20 21:28:47.490 22435 22435 W System.err: 	at dalvik.system.BaseDexClassLoader.findClass(BaseDexClassLoader.java:134)
12-20 21:28:47.490 22435 22435 W System.err: 	at java.lang.ClassLoader.loadClass(ClassLoader.java:379)
12-20 21:28:47.490 22435 22435 W System.err: 	at java.lang.ClassLoader.loadClass(ClassLoader.java:312)
12-20 21:28:47.490 22435 22435 W System.err: 	at com.jifen.framework.http.d.a.a(SourceFile:23)
12-20 21:28:47.490 22435 22435 W System.err: 	at com.jifen.framework.http.d.a.a(SourceFile:15)
12-20 21:28:47.490 22435 22435 W System.err: 	at com.jifen.open.common.base.BaseApplication.attachBaseContext(SourceFile:53)
12-20 21:28:47.490 22435 22435 W System.err: 	at com.zheyun.bumblebee.QApp.attachBaseContext(SourceFile:39)
12-20 21:28:47.490 22435 22435 W System.err: 	at android.app.Application.attach(Application.java:237)
12-20 21:28:47.490 22435 22435 W System.err: 	at android.app.Instrumentation.newApplication(Instrumentation.java:1121)
12-20 21:28:47.490 22435 22435 W System.err: 	at android.app.LoadedApk.makeApplication(LoadedApk.java:1128)
12-20 21:28:47.490 22435 22435 W System.err: 	at android.app.ActivityThread.handleBindApplication(ActivityThread.java:6180)
12-20 21:28:47.490 22435 22435 W System.err: 	at android.app.ActivityThread.access$1200(ActivityThread.java:236)
12-20 21:28:47.490 22435 22435 W System.err: 	at android.app.ActivityThread$H.handleMessage(ActivityThread.java:1784)
12-20 21:28:47.490 22435 22435 W System.err: 	at android.os.Handler.dispatchMessage(Handler.java:106)
12-20 21:28:47.490 22435 22435 W System.err: 	at android.os.Looper.loop(Looper.java:214)
12-20 21:28:47.490 22435 22435 W System.err: 	at android.app.ActivityThread.main(ActivityThread.java:7037)
12-20 21:28:47.490 22435 22435 W System.err: 	at java.lang.reflect.Method.invoke(Native Method)
12-20 21:28:47.490 22435 22435 W System.err: 	at com.android.internal.os.RuntimeInit$MethodAndArgsCaller.run(RuntimeInit.java:494)
12-20 21:28:47.490 22435 22435 W System.err: 	at com.android.internal.os.ZygoteInit.main(ZygoteInit.java:965)
12-20 21:28:47.495 22435 22435 W System.err: java.lang.IllegalStateException: Not allowed to start service Intent { cmp=com.zheyun.bumblebee/.MyKeepAliveManager }: app is in background uid UidRecord{317726e u0a756 TRNB idle change:uncached procs:2 proclist:22346,22435, seq(0,0,0)}
12-20 21:28:47.495 22435 22435 W System.err: 	at android.app.ContextImpl.startServiceCommon(ContextImpl.java:1666)
12-20 21:28:47.495 22435 22435 W System.err: 	at android.app.ContextImpl.startService(ContextImpl.java:1611)
12-20 21:28:47.495 22435 22435 W System.err: 	at com.jifen.qu.open.QApp.keep(SourceFile:256)
12-20 21:28:47.495 22435 22435 W System.err: 	at com.jifen.qu.open.QApp.keep(SourceFile:242)
12-20 21:28:47.495 22435 22435 W System.err: 	at com.zheyun.bumblebee.QApp.o(SourceFile:124)
12-20 21:28:47.495 22435 22435 W System.err: 	at com.zheyun.bumblebee.QApp.attachBaseContext(SourceFile:43)
12-20 21:28:47.495 22435 22435 W System.err: 	at android.app.Application.attach(Application.java:237)
12-20 21:28:47.495 22435 22435 W System.err: 	at android.app.Instrumentation.newApplication(Instrumentation.java:1121)
12-20 21:28:47.495 22435 22435 W System.err: 	at android.app.LoadedApk.makeApplication(LoadedApk.java:1128)
12-20 21:28:47.495 22435 22435 W System.err: 	at android.app.ActivityThread.handleBindApplication(ActivityThread.java:6180)
12-20 21:28:47.495 22435 22435 W System.err: 	at android.app.ActivityThread.access$1200(ActivityThread.java:236)
12-20 21:28:47.495 22435 22435 W System.err: 	at android.app.ActivityThread$H.handleMessage(ActivityThread.java:1784)
12-20 21:28:47.495 22435 22435 W System.err: 	at android.os.Handler.dispatchMessage(Handler.java:106)
12-20 21:28:47.495 22435 22435 W System.err: 	at android.os.Looper.loop(Looper.java:214)
12-20 21:28:47.495 22435 22435 W System.err: 	at android.app.ActivityThread.main(ActivityThread.java:7037)
12-20 21:28:47.496 22435 22435 W System.err: 	at java.lang.reflect.Method.invoke(Native Method)
12-20 21:28:47.496 22435 22435 W System.err: 	at com.android.internal.os.RuntimeInit$MethodAndArgsCaller.run(RuntimeInit.java:494)
12-20 21:28:47.496 22435 22435 W System.err: 	at com.android.internal.os.ZygoteInit.main(ZygoteInit.java:965)
12-20 21:28:47.564 22435 22435 E identifierTime: 10
12-20 21:28:47.564 22435 22435 E identifierError: 1008614
12-20 21:28:47.564 22435 22435 W QuKan   : QKServiceManager.add service key is Class! -> interface com.zheyun.bumblebee.redpacket.h
12-20 21:28:47.565 22435 22435 W QuKan   : QKServiceManager.add service key is Class! -> interface com.zheyun.bumblebee.start.config.f
12-20 21:28:47.565 22435 22435 W QuKan   : QKServiceManager.add service key is Class! -> interface com.zheyun.bumblebee.video.timer.service.a
12-20 21:28:47.565 22435 22435 W QuKan   : QKServiceManager.add service key is Class! -> interface com.jifen.open.qbase.a
12-20 21:28:47.565 22435 22435 W QuKan   : QKServiceManager.add service key is Class! -> interface com.jifen.platform.datatracker.IDataTrackerProvider
12-20 21:28:47.566 22435 22435 W QuKan   : QKServiceManager.add service key is Class! -> interface com.jifen.open.biz.login.c.a
12-20 21:28:47.566 22435 22435 W QuKan   : QKServiceManager.add service key is Class! -> interface com.jifen.open.biz.login.ui.b
12-20 21:28:47.566 22435 22435 W QuKan   : QKServiceManager.add service key is Class! -> interface com.jifen.open.biz.login.ui.c
12-20 21:28:47.566 22435 22435 W QuKan   : QKServiceManager.add service key is Class! -> interface com.jifen.open.qbase.d.a
12-20 21:28:47.566 22435 22435 W QuKan   : QKServiceManager.add service key is Class! -> interface com.jifen.open.qbase.player.a
12-20 21:28:47.567 22435 22435 W QuKan   : QKServiceManager.add service key is Class! -> interface com.jifen.qu.open.web.qruntime.IQWebProvider
12-20 21:28:47.567 22435 22435 W QuKan   : QKServiceManager.add service key is Class! -> interface com.jifen.bridge.IBridgeProvider
12-20 21:28:47.567 22435 22435 W QuKan   : QKServiceManager.add service key is Class! -> interface com.jifen.open.qbase.player.b
12-20 21:28:47.567 22435 22435 W QuKan   : QKServiceManager.add service key is Class! -> interface com.jifen.qukan.ad.js.a
12-20 21:28:47.567 22435 22435 W QuKan   : QKServiceManager.add service key is Class! -> interface com.jifen.qukan.ad.taskcenter.c
12-20 21:28:47.567 22435 22435 W QuKan   : QKServiceManager.add service key is Class! -> interface com.jifen.qukan.ad.adservice.a
12-20 21:28:47.568 22435 22435 W QuKan   : QKServiceManager.add service key is Class! -> interface com.jifen.qukan.ad.feeds.feedsvideo.b
12-20 21:28:47.568 22435 22435 W QuKan   : QKServiceManager.get service key is Class! -> interface com.jifen.platform.datatracker.IDataTrackerProvider
12-20 21:28:47.568 22435 22435 W QuKan   : QKServiceManager.get service key is Class! -> interface com.jifen.open.qbase.a
12-20 21:28:47.610 22435 22435 W QuKan   : QKServiceManager.get service key is Class! -> interface com.jifen.open.qbase.a
12-20 21:28:47.620 22435 22435 W bee:pushservic: Accessing hidden field Landroid/app/ActivityThread;->mHiddenApiWarningShown:Z (dark greylist, reflection)
12-20 21:28:47.650 22435 22435 W System.err: java.lang.ClassNotFoundException: com.jifen.framework.router.Module_allsparkExtends
12-20 21:28:47.650 22435 22435 W System.err: 	at java.lang.Class.classForName(Native Method)
12-20 21:28:47.650 22435 22435 W System.err: 	at java.lang.Class.forName(Class.java:453)
12-20 21:28:47.650 22435 22435 W System.err: 	at java.lang.Class.forName(Class.java:378)
12-20 21:28:47.650 22435 22435 W System.err: 	at com.jifen.framework.router.support.AptManager.registerExtends(SourceFile:22)
12-20 21:28:47.650 22435 22435 W System.err: 	at com.jifen.framework.router.Router.initialize(SourceFile:36)
12-20 21:28:47.650 22435 22435 W System.err: 	at com.jifen.open.qbase.MultiDexApplication.p(SourceFile:321)
12-20 21:28:47.650 22435 22435 W System.err: 	at com.jifen.open.qbase.MultiDexApplication.onCreate(SourceFile:91)
12-20 21:28:47.650 22435 22435 W System.err: 	at com.jifen.open.common.base.BaseApplication.onCreate(SourceFile:83)
12-20 21:28:47.650 22435 22435 W System.err: 	at com.zheyun.bumblebee.QApp.onCreate(SourceFile:69)
12-20 21:28:47.650 22435 22435 W System.err: 	at android.app.Instrumentation.callApplicationOnCreate(Instrumentation.java:1154)
12-20 21:28:47.650 22435 22435 W System.err: 	at android.app.ActivityThread.handleBindApplication(ActivityThread.java:6209)
12-20 21:28:47.650 22435 22435 W System.err: 	at android.app.ActivityThread.access$1200(ActivityThread.java:236)
12-20 21:28:47.650 22435 22435 W System.err: 	at android.app.ActivityThread$H.handleMessage(ActivityThread.java:1784)
12-20 21:28:47.650 22435 22435 W System.err: 	at android.os.Handler.dispatchMessage(Handler.java:106)
12-20 21:28:47.650 22435 22435 W System.err: 	at android.os.Looper.loop(Looper.java:214)
12-20 21:28:47.650 22435 22435 W System.err: 	at android.app.ActivityThread.main(ActivityThread.java:7037)
12-20 21:28:47.650 22435 22435 W System.err: 	at java.lang.reflect.Method.invoke(Native Method)
12-20 21:28:47.650 22435 22435 W System.err: 	at com.android.internal.os.RuntimeInit$MethodAndArgsCaller.run(RuntimeInit.java:494)
12-20 21:28:47.650 22435 22435 W System.err: 	at com.android.internal.os.ZygoteInit.main(ZygoteInit.java:965)
12-20 21:28:47.650 22435 22435 W System.err: Caused by: java.lang.ClassNotFoundException: Didn't find class "com.jifen.framework.router.Module_allsparkExtends" on path: DexPathList[[dex file "InMemoryDexFile[cookie=[0, 3869428864]]", zip file "/system/framework/org.apache.http.legacy.boot.jar", zip file "/data/app/com.zheyun.bumblebee-tUvBLjQnaJT6fwq2YTgKDg==/base.apk"],nativeLibraryDirectories=[/data/app/com.zheyun.bumblebee-tUvBLjQnaJT6fwq2YTgKDg==/lib/arm, /data/app/com.zheyun.bumblebee-tUvBLjQnaJT6fwq2YTgKDg==/base.apk!/lib/armeabi-v7a, /system/lib]]
12-20 21:28:47.650 22435 22435 W System.err: 	at dalvik.system.BaseDexClassLoader.findClass(BaseDexClassLoader.java:134)
12-20 21:28:47.650 22435 22435 W System.err: 	at java.lang.ClassLoader.loadClass(ClassLoader.java:379)
12-20 21:28:47.650 22435 22435 W System.err: 	at java.lang.ClassLoader.loadClass(ClassLoader.java:312)
12-20 21:28:47.650 22435 22435 W System.err: 	... 19 more
12-20 21:28:47.650 22435 22435 W QuKan   : QKServiceManager.get service key is Class! -> interface com.jifen.open.qbase.d.a
12-20 21:28:47.650 22435 22435 W QuKan   : QKServiceManager.get service key is Class! -> interface com.jifen.open.qbase.player.a
12-20 21:28:47.650 22435 22435 W QuKan   : QKServiceManager.get service key is Class! -> interface com.jifen.open.qbase.player.a
12-20 21:28:47.655 22435 22435 W QuKan   : QKServiceManager.get service key is Class! -> interface com.jifen.open.qbase.a
12-20 21:28:47.659 22435 22435 W System.err: java.lang.NoSuchMethodException: com.iclicash.advlib.ui.front.ADBrowser.getMiddleStageCPCJSBridge [class android.content.Context, interface java.util.Map, interface com.iclicash.advlib.__remote__.framework.Ch4omeFw.ICh4omeLike]
12-20 21:28:47.659 22435 22435 W System.err: 	at java.lang.Class.getMethod(Class.java:2069)
12-20 21:28:47.659 22435 22435 W System.err: 	at java.lang.Class.getDeclaredMethod(Class.java:2047)
12-20 21:28:47.659 22435 22435 W System.err: 	at com.jifen.qu.open.QApp.registerCpcSelfApi(SourceFile:130)
12-20 21:28:47.659 22435 22435 W System.err: 	at com.jifen.qu.open.QApp.initJSApiResolver(SourceFile:120)
12-20 21:28:47.659 22435 22435 W System.err: 	at com.jifen.qu.open.QApp.init(SourceFile:90)
12-20 21:28:47.659 22435 22435 W System.err: 	at com.jifen.qu.open.QApp.init(SourceFile:103)
12-20 21:28:47.659 22435 22435 W System.err: 	at com.jifen.open.qbase.MultiDexApplication.l(SourceFile:299)
12-20 21:28:47.659 22435 22435 W System.err: 	at com.jifen.open.qbase.MultiDexApplication.onCreate(SourceFile:97)
12-20 21:28:47.659 22435 22435 W System.err: 	at com.jifen.open.common.base.BaseApplication.onCreate(SourceFile:83)
12-20 21:28:47.659 22435 22435 W System.err: 	at com.zheyun.bumblebee.QApp.onCreate(SourceFile:69)
12-20 21:28:47.659 22435 22435 W System.err: 	at android.app.Instrumentation.callApplicationOnCreate(Instrumentation.java:1154)
12-20 21:28:47.659 22435 22435 W System.err: 	at android.app.ActivityThread.handleBindApplication(ActivityThread.java:6209)
12-20 21:28:47.659 22435 22435 W System.err: 	at android.app.ActivityThread.access$1200(ActivityThread.java:236)
12-20 21:28:47.659 22435 22435 W System.err: 	at android.app.ActivityThread$H.handleMessage(ActivityThread.java:1784)
12-20 21:28:47.659 22435 22435 W System.err: 	at android.os.Handler.dispatchMessage(Handler.java:106)
12-20 21:28:47.659 22435 22435 W System.err: 	at android.os.Looper.loop(Looper.java:214)
12-20 21:28:47.659 22435 22435 W System.err: 	at android.app.ActivityThread.main(ActivityThread.java:7037)
12-20 21:28:47.659 22435 22435 W System.err: 	at java.lang.reflect.Method.invoke(Native Method)
12-20 21:28:47.659 22435 22435 W System.err: 	at com.android.internal.os.RuntimeInit$MethodAndArgsCaller.run(RuntimeInit.java:494)
12-20 21:28:47.659 22435 22435 W System.err: 	at com.android.internal.os.ZygoteInit.main(ZygoteInit.java:965)
12-20 21:28:47.665  3433  3477 E DatabaseUtils: java.lang.SecurityException: Permission Denial: reading com.android.providers.media.MediaProvider uri content://media/external/file from pid=22435, uid=10756 requires android.permission.READ_EXTERNAL_STORAGE, or grantUriPermission()
12-20 21:28:47.710   676   676 E audit   : type=1400 audit(1576848527.694:30349): avc:  denied  { search } for  pid=22435 comm="Thread-4" name="fslog" dev="proc" ino=4026532180 scontext=u:r:untrusted_app:s0:c244,c258,c512,c768 tcontext=u:object_r:proc_fslog:s0 tclass=dir permissive=0 SEPF_SM-G9750_9_0011 audit_filtered
12-20 21:28:47.710   676   676 E audit   : type=1300 audit(1576848527.694:30349): arch=40000028 syscall=327 per=8 success=no exit=-13 a0=ffffff9c a1=e2a3bdf0 a2=d0b3f3c8 a3=0 items=0 ppid=698 pid=22435 auid=4294967295 uid=10756 gid=10756 euid=10756 suid=10756 fsuid=10756 egid=10756 sgid=10756 fsgid=10756 tty=(none) ses=4294967295 comm="Thread-4" exe="/system/bin/app_process32" subj=u:r:untrusted_app:s0:c244,c258,c512,c768 key=(null)
12-20 21:28:47.712   676   676 E audit   : type=1400 audit(1576848527.694:30350): avc:  denied  { search } for  pid=22435 comm="Thread-4" name="fslog" dev="proc" ino=4026532180 scontext=u:r:untrusted_app:s0:c244,c258,c512,c768 tcontext=u:object_r:proc_fslog:s0 tclass=dir permissive=0 SEPF_SM-G9750_9_0011 audit_filtered
12-20 21:28:47.712   676   676 E audit   : type=1300 audit(1576848527.694:30350): arch=40000028 syscall=327 per=8 success=no exit=-13 a0=ffffff9c a1=ee308f80 a2=d0b3f3c8 a3=0 items=0 ppid=698 pid=22435 auid=4294967295 uid=10756 gid=10756 euid=10756 suid=10756 fsuid=10756 egid=10756 sgid=10756 fsgid=10756 tty=(none) ses=4294967295 comm="Thread-4" exe="/system/bin/app_process32" subj=u:r:untrusted_app:s0:c244,c258,c512,c768 key=(null)
12-20 21:28:47.753   676   676 E audit   : type=1400 audit(1576848527.744:30351): avc:  denied  { read } for  pid=22435 comm="Thread-4" name="drivers" dev="proc" ino=4026531853 scontext=u:r:untrusted_app:s0:c244,c258,c512,c768 tcontext=u:object_r:proc_tty_drivers:s0 tclass=file permissive=0 SEPF_SM-G9750_9_0011 audit_filtered
12-20 21:28:47.753   676   676 E audit   : type=1300 audit(1576848527.744:30351): arch=40000028 syscall=334 per=8 success=no exit=-13 a0=ffffff9c a1=ee309130 a2=4 a3=0 items=0 ppid=698 pid=22435 auid=4294967295 uid=10756 gid=10756 euid=10756 suid=10756 fsuid=10756 egid=10756 sgid=10756 fsgid=10756 tty=(none) ses=4294967295 comm="Thread-4" exe="/system/bin/app_process32" subj=u:r:untrusted_app:s0:c244,c258,c512,c768 key=(null)
12-20 21:28:47.768 22435 22435 E ImgCache: ERROR! You don't have "android.permission.READ_EXTERNAL_STORAGE" and "android.permission.WRITE_EXTERNAL_STORAGE" permissions!
12-20 21:28:47.768 22435 22435 E ImgCache: Fall back to INTERNAL storage mode.
12-20 21:28:47.780 22435 22584 W System.err: java.lang.NoClassDefFoundError: Failed resolution of: Lcom/tencent/smtt/sdk/QbSdk$PreInitCallback;
12-20 21:28:47.780 22435 22584 W System.err: 	at com.iclicash.advlib.__remote__.framework.Ch4omeFw.WebviewFactory.initX5EnvirIfNeeded(WebviewFactory.java:37)
12-20 21:28:47.780 22435 22584 W System.err: 	at com.iclicash.advlib.__remote__.core.ICliFactory$2.run(ICliFactory.java:190)
12-20 21:28:47.780 22435 22584 W System.err: 	at java.lang.Thread.run(Thread.java:764)
12-20 21:28:47.780 22435 22584 W System.err: Caused by: java.lang.ClassNotFoundException: Didn't find class "com.tencent.smtt.sdk.QbSdk$PreInitCallback" on path: DexPathList[[zip file "/data/user/0/com.zheyun.bumblebee/app_aisdk/_aisdk_remote.jar"],nativeLibraryDirectories=[/system/lib]]
12-20 21:28:47.780 22435 22584 W System.err: 	at dalvik.system.BaseDexClassLoader.findClass(BaseDexClassLoader.java:134)
12-20 21:28:47.780 22435 22584 W System.err: 	at java.lang.ClassLoader.loadClass(ClassLoader.java:379)
12-20 21:28:47.780 22435 22584 W System.err: 	at java.lang.ClassLoader.loadClass(ClassLoader.java:312)
12-20 21:28:47.780 22435 22584 W System.err: 	... 3 more
12-20 21:28:47.781   676   676 E audit   : type=1400 audit(1576848527.764:30352): avc:  denied  { read } for  pid=22435 comm="Thread-4" name="drivers" dev="proc" ino=4026531853 scontext=u:r:untrusted_app:s0:c244,c258,c512,c768 tcontext=u:object_r:proc_tty_drivers:s0 tclass=file permissive=0 SEPF_SM-G9750_9_0011 audit_filtered
12-20 21:28:47.781   676   676 E audit   : type=1300 audit(1576848527.764:30352): arch=40000028 syscall=334 per=8 success=no exit=-13 a0=ffffff9c a1=d17c1788 a2=4 a3=0 items=0 ppid=698 pid=22435 auid=4294967295 uid=10756 gid=10756 euid=10756 suid=10756 fsuid=10756 egid=10756 sgid=10756 fsgid=10756 tty=(none) ses=4294967295 comm="Thread-4" exe="/system/bin/app_process32" subj=u:r:untrusted_app:s0:c244,c258,c512,c768 key=(null)
12-20 21:28:47.782 22435 22527 E libc    : Access denied finding property "qemu.hw.mainkeys"
12-20 21:28:47.782 22435 22527 E libc    : Access denied finding property "ro.serialno"
12-20 21:28:47.782   676   676 E audit   : type=1400 audit(1576848527.774:30353): avc:  denied  { read } for  pid=22435 comm="Thread-4" name="u:object_r:qemu_hw_mainkeys_prop:s0" dev="tmpfs" ino=16241 scontext=u:r:untrusted_app:s0:c244,c258,c512,c768 tcontext=u:object_r:qemu_hw_mainkeys_prop:s0 tclass=file permissive=0 SEPF_SM-G9750_9_0011 audit_filtered
12-20 21:28:47.782   676   676 E audit   : type=1300 audit(1576848527.774:30353): arch=40000028 syscall=322 per=8 success=no exit=-13 a0=ffffff9c a1=d0b3e990 a2=a8000 a3=0 items=0 ppid=698 pid=22435 auid=4294967295 uid=10756 gid=10756 euid=10756 suid=10756 fsuid=10756 egid=10756 sgid=10756 fsgid=10756 tty=(none) ses=4294967295 comm="Thread-4" exe="/system/bin/app_process32" subj=u:r:untrusted_app:s0:c244,c258,c512,c768 key=(null)
12-20 21:28:47.782 22435 22435 W QuKan   : QKServiceManager.get service key is Class! -> interface com.jifen.open.biz.login.c.a
12-20 21:28:47.782 22435 22435 W QuKan   : QKServiceManager.get service key is Class! -> interface com.jifen.open.biz.login.c.a
12-20 21:28:47.784 22435 22584 E JsonCache: ERROR! You don't have "android.permission.READ_EXTERNAL_STORAGE" and "android.permission.WRITE_EXTERNAL_STORAGE" permissions!
12-20 21:28:47.784 22435 22584 E JsonCache: Fall back to INTERNAL storage mode.
12-20 21:28:47.799 22435 22435 W System.err: java.lang.ClassNotFoundException: com.jifen.framework.router.VideoExtends
12-20 21:28:47.799 22435 22435 W System.err: 	at java.lang.Class.classForName(Native Method)
12-20 21:28:47.799 22435 22435 W System.err: 	at java.lang.Class.forName(Class.java:453)
12-20 21:28:47.799 22435 22435 W System.err: 	at java.lang.Class.forName(Class.java:378)
12-20 21:28:47.799 22435 22435 W System.err: 	at com.jifen.framework.router.support.AptManager.registerExtends(SourceFile:22)
12-20 21:28:47.799 22435 22435 W System.err: 	at com.jifen.framework.router.Router.initialize(SourceFile:36)
12-20 21:28:47.799 22435 22435 W System.err: 	at com.jifen.open.common.base.BaseApplication.l(SourceFile:115)
12-20 21:28:47.799 22435 22435 W System.err: 	at com.jifen.open.common.base.BaseApplication.onCreate(SourceFile:85)
12-20 21:28:47.799 22435 22435 W System.err: 	at com.zheyun.bumblebee.QApp.onCreate(SourceFile:69)
12-20 21:28:47.799 22435 22435 W System.err: 	at android.app.Instrumentation.callApplicationOnCreate(Instrumentation.java:1154)
12-20 21:28:47.799 22435 22435 W System.err: 	at android.app.ActivityThread.handleBindApplication(ActivityThread.java:6209)
12-20 21:28:47.799 22435 22435 W System.err: 	at android.app.ActivityThread.access$1200(ActivityThread.java:236)
12-20 21:28:47.799 22435 22435 W System.err: 	at android.app.ActivityThread$H.handleMessage(ActivityThread.java:1784)
12-20 21:28:47.799 22435 22435 W System.err: 	at android.os.Handler.dispatchMessage(Handler.java:106)
12-20 21:28:47.799 22435 22435 W System.err: 	at android.os.Looper.loop(Looper.java:214)
12-20 21:28:47.799 22435 22435 W System.err: 	at android.app.ActivityThread.main(ActivityThread.java:7037)
12-20 21:28:47.799 22435 22435 W System.err: 	at java.lang.reflect.Method.invoke(Native Method)
12-20 21:28:47.799 22435 22435 W System.err: 	at com.android.internal.os.RuntimeInit$MethodAndArgsCaller.run(RuntimeInit.java:494)
12-20 21:28:47.799 22435 22435 W System.err: 	at com.android.internal.os.ZygoteInit.main(ZygoteInit.java:965)
12-20 21:28:47.799 22435 22435 W System.err: Caused by: java.lang.ClassNotFoundException: Didn't find class "com.jifen.framework.router.VideoExtends" on path: DexPathList[[dex file "InMemoryDexFile[cookie=[0, 3869428864]]", zip file "/system/framework/org.apache.http.legacy.boot.jar", zip file "/data/app/com.zheyun.bumblebee-tUvBLjQnaJT6fwq2YTgKDg==/base.apk"],nativeLibraryDirectories=[/data/app/com.zheyun.bumblebee-tUvBLjQnaJT6fwq2YTgKDg==/lib/arm, /data/app/com.zheyun.bumblebee-tUvBLjQnaJT6fwq2YTgKDg==/base.apk!/lib/armeabi-v7a, /system/lib]]
12-20 21:28:47.799 22435 22435 W System.err: 	at dalvik.system.BaseDexClassLoader.findClass(BaseDexClassLoader.java:134)
12-20 21:28:47.799 22435 22435 W System.err: 	at java.lang.ClassLoader.loadClass(ClassLoader.java:379)
12-20 21:28:47.799 22435 22435 W System.err: 	at java.lang.ClassLoader.loadClass(ClassLoader.java:312)
12-20 21:28:47.799 22435 22435 W System.err: 	... 18 more
12-20 21:28:47.810   676   676 E audit   : type=1400 audit(1576848527.794:30354): avc:  denied  { read } for  pid=22435 comm="Thread-4" name="drivers" dev="proc" ino=4026531853 scontext=u:r:untrusted_app:s0:c244,c258,c512,c768 tcontext=u:object_r:proc_tty_drivers:s0 tclass=file permissive=0 SEPF_SM-G9750_9_0011 audit_filtered
12-20 21:28:47.810   676   676 E audit   : type=1300 audit(1576848527.794:30354): arch=40000028 syscall=334 per=8 success=no exit=-13 a0=ffffff9c a1=d17c17a0 a2=4 a3=0 items=0 ppid=698 pid=22435 auid=4294967295 uid=10756 gid=10756 euid=10756 suid=10756 fsuid=10756 egid=10756 sgid=10756 fsgid=10756 tty=(none) ses=4294967295 comm="Thread-4" exe="/system/bin/app_process32" subj=u:r:untrusted_app:s0:c244,c258,c512,c768 key=(null)
12-20 21:28:47.828 22435 22435 E MobclickAgent: setPageCollectionMode can not be called in child process
12-20 21:28:47.828 22435 22435 W CrashReport: Bugly debug模式开启，请在发布时把isDebug关闭。 -- Running in debug model for 'isDebug' is enabled. Please disable it when you release.
12-20 21:28:47.828 22435 22435 E CrashReport: --------------------------------------------------------------------------------------------
12-20 21:28:47.828 22435 22435 W CrashReport: Bugly debug模式将有以下行为特性 -- The following list shows the behaviour of debug model: 
12-20 21:28:47.828 22435 22435 W CrashReport: [1] 输出详细的Bugly SDK的Log -- More detailed log of Bugly SDK will be output to logcat;
12-20 21:28:47.828 22435 22435 W CrashReport: [2] 每一条Crash都会被立即上报 -- Every crash caught by Bugly will be uploaded immediately.
12-20 21:28:47.828 22435 22435 W CrashReport: [3] 自定义日志将会在Logcat中输出 -- Custom log will be output to logcat.
12-20 21:28:47.828 22435 22435 E CrashReport: --------------------------------------------------------------------------------------------
12-20 21:28:47.841 22435 22601 E SQLiteLog: (10) POSIX Error : 11 SQLite Error : 3850
12-20 21:28:47.841 22435 22601 E SQLiteLog: (10) LOCK : Getting pending lock for (1) failed due to (11). The current owner is (22346).
12-20 21:28:47.842 22435 22601 E SQLiteLog: (10) POSIX Error : 11 SQLite Error : 3850
12-20 21:28:47.842 22435 22601 E SQLiteLog: (10) LOCK : Getting pending lock for (1) failed due to (11). The current owner is (22346).
12-20 21:28:47.844 22435 22601 E SQLiteLog: (10) POSIX Error : 11 SQLite Error : 3850
12-20 21:28:47.844 22435 22601 E SQLiteLog: (10) LOCK : Getting pending lock for (1) failed due to (11). The current owner is (22346).
12-20 21:28:47.850   676   676 E audit   : type=1400 audit(1576848527.834:30355): avc:  denied  { read } for  pid=22435 comm="Thread-4" name="drivers" dev="proc" ino=4026531853 scontext=u:r:untrusted_app:s0:c244,c258,c512,c768 tcontext=u:object_r:proc_tty_drivers:s0 tclass=file permissive=0 SEPF_SM-G9750_9_0011 audit_filtered
12-20 21:28:47.850   676   676 E audit   : type=1300 audit(1576848527.834:30355): arch=40000028 syscall=334 per=8 success=no exit=-13 a0=ffffff9c a1=d17c17b8 a2=4 a3=0 items=0 ppid=698 pid=22435 auid=4294967295 uid=10756 gid=10756 euid=10756 suid=10756 fsuid=10756 egid=10756 sgid=10756 fsgid=10756 tty=(none) ses=4294967295 comm="Thread-4" exe="/system/bin/app_process32" subj=u:r:untrusted_app:s0:c244,c258,c512,c768 key=(null)
12-20 21:28:47.850 22435 22601 E SQLiteLog: (10) POSIX Error : 11 SQLite Error : 3850
12-20 21:28:47.850 22435 22601 E SQLiteLog: (10) LOCK : Getting pending lock for (1) failed due to (11). The current owner is (22346).
12-20 21:28:47.850   676   676 E audit   : type=1400 audit(1576848527.834:30356): avc:  denied  { read } for  pid=22435 comm="Thread-4" name="u:object_r:qemu_hw_mainkeys_prop:s0" dev="tmpfs" ino=16241 scontext=u:r:untrusted_app:s0:c244,c258,c512,c768 tcontext=u:object_r:qemu_hw_mainkeys_prop:s0 tclass=file permissive=0 SEPF_SM-G9750_9_0011 audit_filtered
12-20 21:28:47.850   676   676 E audit   : type=1300 audit(1576848527.834:30356): arch=40000028 syscall=322 per=8 success=no exit=-13 a0=ffffff9c a1=d0b3eb60 a2=a8000 a3=0 items=0 ppid=698 pid=22435 auid=4294967295 uid=10756 gid=10756 euid=10756 suid=10756 fsuid=10756 egid=10756 sgid=10756 fsgid=10756 tty=(none) ses=4294967295 comm="Thread-4" exe="/system/bin/app_process32" subj=u:r:untrusted_app:s0:c244,c258,c512,c768 key=(null)
12-20 21:28:47.850 22435 22527 E libc    : Access denied finding property "qemu.hw.mainkeys"
12-20 21:28:47.851 22435 22527 E libc    : Access denied finding property "ro.serialno"
12-20 21:28:47.855 22435 22527 E BluetoothAdapter: Application does not have bluetooth permission, registering is failed
12-20 21:28:47.855 22435 22527 E BluetoothAdapter: 
12-20 21:28:47.855 22435 22527 E BluetoothAdapter: java.lang.SecurityException: Need BLUETOOTH permission: Neither user 10756 nor current process has android.permission.BLUETOOTH.
12-20 21:28:47.855 22435 22527 E BluetoothAdapter: 	at android.os.Parcel.createException(Parcel.java:1966)
12-20 21:28:47.855 22435 22527 E BluetoothAdapter: 	at android.os.Parcel.readException(Parcel.java:1934)
12-20 21:28:47.855 22435 22527 E BluetoothAdapter: 	at android.os.Parcel.readException(Parcel.java:1884)
12-20 21:28:47.855 22435 22527 E BluetoothAdapter: 	at android.bluetooth.IBluetoothManager$Stub$Proxy.registerStateChangeCallback(IBluetoothManager.java:478)
12-20 21:28:47.855 22435 22527 E BluetoothAdapter: 	at android.bluetooth.BluetoothAdapter.<init>(BluetoothAdapter.java:789)
12-20 21:28:47.855 22435 22527 E BluetoothAdapter: 	at android.bluetooth.BluetoothAdapter.getDefaultAdapter(BluetoothAdapter.java:770)
12-20 21:28:47.855 22435 22527 E BluetoothAdapter: 	at com.inno.innosdk.utils.e.D(SourceFile:1033)
12-20 21:28:47.855 22435 22527 E BluetoothAdapter: 	at com.inno.innosdk.utils.e.t(SourceFile:1007)
12-20 21:28:47.855 22435 22527 E BluetoothAdapter: 	at com.inno.innosdk.bean.a.b(SourceFile:142)
12-20 21:28:47.855 22435 22527 E BluetoothAdapter: 	at com.inno.innosdk.bean.DeviceInfo.setValue(SourceFile:682)
12-20 21:28:47.855 22435 22527 E BluetoothAdapter: 	at com.inno.innosdk.b.a$1.run(SourceFile:193)
12-20 21:28:47.861 22435 22601 E SQLiteLog: (10) POSIX Error : 11 SQLite Error : 3850
12-20 21:28:47.861 22435 22601 E SQLiteLog: (10) LOCK : Getting pending lock for (1) failed due to (11). The current owner is (22346).
12-20 21:28:47.902 22435 22604 W CrashReport: server anr changed to true
12-20 21:28:47.904 22435 22527 W Settings: Setting adb_enabled has moved from android.provider.Settings.Secure to android.provider.Settings.Global.
12-20 21:28:47.904 22435 22610 W cr_ChildProcLH: Create a new ChildConnectionAllocator with package name = com.google.android.webview, sandboxed = true
12-20 21:28:47.912 22544 22575 E cr_ChildProcessService: Service is already bound by pid 22346, cannot bind for pid 22435
12-20 21:28:47.930 22435 22610 E cr_SpareChildConn: Failed to warm up the spare sandbox service
12-20 21:28:47.940 22435 22527 E libc    : Access denied finding property "ro.serialno"
12-20 21:28:48.075 22435 22527 W bee:pushservic: Accessing hidden method Lcom/android/internal/telephony/ITelephony$Stub$Proxy;->getInterfaceDescriptor()Ljava/lang/String; (dark greylist, reflection)
12-20 21:28:48.077 22435 22527 W bee:pushservic: Accessing hidden method Lcom/android/internal/telephony/IPhoneSubInfo$Stub$Proxy;->getInterfaceDescriptor()Ljava/lang/String; (dark greylist, reflection)
12-20 21:28:48.536 22435 22640 E com.coloros.mcssdk---: MCS-->isExistPackage NameNotFoundException:com.coloros.mcs
12-20 21:28:48.663 22435 22605 W bee:pushservic: Accessing hidden field Landroid/os/AsyncTask;->sPoolWorkQueue:Ljava/util/concurrent/BlockingQueue; (dark greylist, reflection)
12-20 21:28:48.664 22435 22605 W System.err: java.lang.NoSuchFieldException: No field sPoolWorkQueue in class Landroid/os/AsyncTask; (declaration of 'android.os.AsyncTask' appears in /system/framework/framework.jar!classes2.dex)
12-20 21:28:48.664 22435 22605 W System.err: 	at java.lang.Class.getDeclaredField(Native Method)
12-20 21:28:48.664 22435 22605 W System.err: 	at com.iclicash.advlib.__remote__.ui.incite.HttpLite.<init>(HttpLite.java:50)
12-20 21:28:48.664 22435 22605 W System.err: 	at com.iclicash.advlib.__remote__.ui.incite.HttpLite.get(HttpLite.java:42)
12-20 21:28:48.664 22435 22605 W System.err: 	at com.iclicash.advlib.__remote__.ui.incite.InciteADManager.requestInciteVideo(InciteADManager.java:112)
12-20 21:28:48.664 22435 22605 W System.err: 	at com.iclicash.advlib.__remote__.ui.incite.InciteADManager.init(InciteADManager.java:40)
12-20 21:28:48.664 22435 22605 W System.err: 	at com.iclicash.advlib.__remote__.core.ICliFactory$2$1.onFinish(ICliFactory.java:198)
12-20 21:28:48.664 22435 22605 W System.err: 	at com.iclicash.advlib.__remote__.framework.config.GlobalConfig$1.onResult(GlobalConfig.java:304)
12-20 21:28:48.664 22435 22605 W System.err: 	at com.iclicash.advlib.__remote__.utils.network.NetUtils.CallbackRequest(NetUtils.java:689)
12-20 21:28:48.664 22435 22605 W System.err: 	at com.iclicash.advlib.__remote__.utils.network.NetUtils.access$100(NetUtils.java:53)
12-20 21:28:48.664 22435 22605 W System.err: 	at com.iclicash.advlib.__remote__.utils.network.NetUtils$1.run(NetUtils.java:95)
12-20 21:28:48.664 22435 22605 W System.err: 	at java.lang.Thread.run(Thread.java:764)
12-20 21:28:48.874 22435 22688 W Settings: Setting auto_time has moved from android.provider.Settings.System to android.provider.Settings.Global, returning read-only value.
12-20 21:28:48.898 22435 22605 W bee:pushservic: resources.arsc in APK '/data/app/com.qiyi.video-W0lHCvBkOH6fR9dmTgF_0A==/base.apk' is compressed.
12-20 21:28:48.928 22435 22605 W bee:pushservic: resources.arsc in APK '/data/app/com.jifen.qukan-YiyZMyIPHyTfV5PAaJPSzg==/base.apk' is compressed.
12-20 21:28:48.951 22435 22605 W bee:pushservic: resources.arsc in APK '/data/app/com.sankuai.meituan-d-gF3fcxKrZojdeboQZApA==/base.apk' is compressed.
12-20 21:28:49.003 22435 22605 W bee:pushservic: resources.arsc in APK '/data/app/com.black.unique-veYt41q1qYJM7_jTkPjuUg==/base.apk' is compressed.
12-20 21:28:49.013 22435 22605 W bee:pushservic: resources.arsc in APK '/data/app/com.tencent.qqmusic-SSaxvAJUymVt3_pk8XV_Ow==/base.apk' is compressed.
12-20 21:28:49.059 22435 22605 W bee:pushservic: resources.arsc in APK '/data/app/com.hexin.plat.android-C9rvW3P1WMOKDc6GHyWMjQ==/base.apk' is compressed.
12-20 21:28:49.127 22435 22605 W bee:pushservic: resources.arsc in APK '/data/app/com.jifen.qukan.debug-YpHpRq3R6mqvY82h0HpDYg==/base.apk' is compressed.
12-20 21:28:49.140 22435 22605 W bee:pushservic: resources.arsc in APK '/data/app/com.dianping.v1-ijVjqaJRg1jXb1keh13zZw==/base.apk' is compressed.
12-20 21:28:49.233 22435 22605 W bee:pushservic: resources.arsc in APK '/data/app/com.meituan.qcs.c.android-d5Um4SCvg86CoMCO8y1Hrw==/base.apk' is compressed.
12-20 21:28:49.278 22435 22605 W bee:pushservic: resources.arsc in APK '/data/app/com.xingin.xhs-NzS8m3aATzVl0eV1rf6QqA==/base.apk' is compressed.
12-20 21:28:49.389 22435 22605 W bee:pushservic: resources.arsc in APK '/data/app/com.hunting.matrix_callershow-IjBq9U2NiAn5R7DF_dWmfw==/base.apk' is compressed.
12-20 21:28:49.435 22435 22605 W bee:pushservic: resources.arsc in APK '/data/app/com.tencent.qqlive-evbrx2chFU8LvdFKbXQW2A==/base.apk' is compressed.
12-20 21:28:49.451 22435 22605 W bee:pushservic: resources.arsc in APK '/data/app/com.estrongs.android.pop-ZnhejhK7CTjnHsaPY1o3VQ==/base.apk' is compressed.
12-20 21:28:49.551 22435 22605 W bee:pushservic: resources.arsc in APK '/data/app/com.xunmeng.pinduoduo-QuM0DYbeyoeBxYi1HaRE7g==/base.apk' is compressed.
12-20 21:28:49.598 22435 22605 W bee:pushservic: resources.arsc in APK '/data/app/com.tencent.wework-QthJm7FEg_Kdu-_XXhDctQ==/base.apk' is compressed.
12-20 21:28:49.600 22435 22453 W System  : A resource failed to call close. 
12-20 21:28:49.601 22435 22453 W System  : A resource failed to call close. 
12-20 21:28:49.730 22435 22605 W bee:pushservic: resources.arsc in APK '/data/app/com.ss.android.ugc.aweme-fpHCmk_nCIOCHYcs8vcxbQ==/base.apk' is compressed.
12-20 21:28:49.811 22435 22605 W bee:pushservic: resources.arsc in APK '/data/app/com.suning.mobile.ebuy-I0SEDFv6d0puByBOQb2XdA==/base.apk' is compressed.
12-20 21:28:49.899 22435 22605 W bee:pushservic: resources.arsc in APK '/data/app/com.qsmy.walkmonkey-WGbEeZ22XoZg4XEmu0llDw==/base.apk' is compressed.
12-20 21:28:49.942 22435 22605 W bee:pushservic: resources.arsc in APK '/data/app/com.baidu.BaiduMap-ACH1b9GVM3NDUIteMYCtDQ==/base.apk' is compressed.
12-20 21:28:49.994 22435 22605 W bee:pushservic: resources.arsc in APK '/data/app/com.lechuan.mdwz-k62wdUNzJZB9vzHnb0wthQ==/base.apk' is compressed.
12-20 21:28:50.115 22435 22605 W bee:pushservic: resources.arsc in APK '/data/app/com.jingdong.app.mall-DOtIjeKhYrbAuodjYlyr1g==/base.apk' is compressed.
12-20 21:28:50.164 22435 22605 W bee:pushservic: resources.arsc in APK '/data/app/com.alibaba.android.rimet-Nnzr9Pzn7e8F6KOU3rCH0A==/base.apk' is compressed.
12-20 21:28:50.256 22435 22605 W bee:pushservic: resources.arsc in APK '/data/app/com.sina.weibo-lpsiMe0aGmgrZHkGH83FHg==/base.apk' is compressed.
12-20 21:28:50.314 22435 22605 W bee:pushservic: resources.arsc in APK '/data/app/com.antfortune.wealth-x4KtgRKjHY5zYueDeurkyA==/base.apk' is compressed.
12-20 21:28:50.343 22435 22605 W bee:pushservic: resources.arsc in APK '/data/app/com.ss.android.article.video-VLvEm0T9kRYa1yTE_13Bhw==/base.apk' is compressed.
12-20 21:28:50.428 22435 22605 W bee:pushservic: resources.arsc in APK '/data/app/com.netease.cloudmusic-yZbVKNSkid9FKxY85rseMw==/base.apk' is compressed.
12-20 21:28:50.465 22435 22605 W bee:pushservic: resources.arsc in APK '/data/app/tv.danmaku.bili-TkwFGY9sQMF2Vgtql5sxRg==/base.apk' is compressed.
12-20 21:28:50.512 22435 22605 W bee:pushservic: resources.arsc in APK '/data/app/com.eg.android.AlipayGphone-Qt6mFppesQl1LKW33KgTRQ==/base.apk' is compressed.
12-20 21:29:13.374 22435 22646 W bee:pushservic: resources.arsc in APK '/data/app/com.qiyi.video-W0lHCvBkOH6fR9dmTgF_0A==/base.apk' is compressed.
12-20 21:29:13.404 22435 22646 W bee:pushservic: resources.arsc in APK '/data/app/com.jifen.qukan-YiyZMyIPHyTfV5PAaJPSzg==/base.apk' is compressed.
12-20 21:29:13.422 22435 22646 W bee:pushservic: resources.arsc in APK '/data/app/com.sankuai.meituan-d-gF3fcxKrZojdeboQZApA==/base.apk' is compressed.
12-20 21:29:13.476 22435 22646 W bee:pushservic: resources.arsc in APK '/data/app/com.black.unique-veYt41q1qYJM7_jTkPjuUg==/base.apk' is compressed.
12-20 21:29:13.488 22435 22646 W bee:pushservic: resources.arsc in APK '/data/app/com.tencent.qqmusic-SSaxvAJUymVt3_pk8XV_Ow==/base.apk' is compressed.
12-20 21:29:13.536 22435 22646 W bee:pushservic: resources.arsc in APK '/data/app/com.hexin.plat.android-C9rvW3P1WMOKDc6GHyWMjQ==/base.apk' is compressed.
12-20 21:29:13.607 22435 22646 W bee:pushservic: resources.arsc in APK '/data/app/com.jifen.qukan.debug-YpHpRq3R6mqvY82h0HpDYg==/base.apk' is compressed.
12-20 21:29:13.619 22435 22646 W bee:pushservic: resources.arsc in APK '/data/app/com.dianping.v1-ijVjqaJRg1jXb1keh13zZw==/base.apk' is compressed.
12-20 21:29:13.716 22435 22646 W bee:pushservic: resources.arsc in APK '/data/app/com.meituan.qcs.c.android-d5Um4SCvg86CoMCO8y1Hrw==/base.apk' is compressed.
12-20 21:29:13.762 22435 22646 W bee:pushservic: resources.arsc in APK '/data/app/com.xingin.xhs-NzS8m3aATzVl0eV1rf6QqA==/base.apk' is compressed.
12-20 21:29:13.884 22435 22646 W bee:pushservic: resources.arsc in APK '/data/app/com.hunting.matrix_callershow-IjBq9U2NiAn5R7DF_dWmfw==/base.apk' is compressed.
12-20 21:29:13.930 22435 22646 W bee:pushservic: resources.arsc in APK '/data/app/com.tencent.qqlive-evbrx2chFU8LvdFKbXQW2A==/base.apk' is compressed.
12-20 21:29:13.944 22435 22646 W bee:pushservic: resources.arsc in APK '/data/app/com.estrongs.android.pop-ZnhejhK7CTjnHsaPY1o3VQ==/base.apk' is compressed.
12-20 21:29:14.023 22435 22646 W bee:pushservic: resources.arsc in APK '/data/app/com.xunmeng.pinduoduo-QuM0DYbeyoeBxYi1HaRE7g==/base.apk' is compressed.
12-20 21:29:14.047 22435 22646 W bee:pushservic: resources.arsc in APK '/data/app/com.tencent.wework-QthJm7FEg_Kdu-_XXhDctQ==/base.apk' is compressed.
12-20 21:29:14.183 22435 22646 W bee:pushservic: resources.arsc in APK '/data/app/com.ss.android.ugc.aweme-fpHCmk_nCIOCHYcs8vcxbQ==/base.apk' is compressed.
12-20 21:29:14.268 22435 22646 W bee:pushservic: resources.arsc in APK '/data/app/com.suning.mobile.ebuy-I0SEDFv6d0puByBOQb2XdA==/base.apk' is compressed.
12-20 21:29:14.357 22435 22646 W bee:pushservic: resources.arsc in APK '/data/app/com.qsmy.walkmonkey-WGbEeZ22XoZg4XEmu0llDw==/base.apk' is compressed.
12-20 21:29:14.398 22435 22646 W bee:pushservic: resources.arsc in APK '/data/app/com.baidu.BaiduMap-ACH1b9GVM3NDUIteMYCtDQ==/base.apk' is compressed.
12-20 21:29:14.453 22435 22646 W bee:pushservic: resources.arsc in APK '/data/app/com.lechuan.mdwz-k62wdUNzJZB9vzHnb0wthQ==/base.apk' is compressed.
12-20 21:29:14.573 22435 22646 W bee:pushservic: resources.arsc in APK '/data/app/com.jingdong.app.mall-DOtIjeKhYrbAuodjYlyr1g==/base.apk' is compressed.
12-20 21:29:14.623 22435 22646 W bee:pushservic: resources.arsc in APK '/data/app/com.alibaba.android.rimet-Nnzr9Pzn7e8F6KOU3rCH0A==/base.apk' is compressed.
12-20 21:29:14.720 22435 22646 W bee:pushservic: resources.arsc in APK '/data/app/com.sina.weibo-lpsiMe0aGmgrZHkGH83FHg==/base.apk' is compressed.
12-20 21:29:14.785 22435 22646 W bee:pushservic: resources.arsc in APK '/data/app/com.antfortune.wealth-x4KtgRKjHY5zYueDeurkyA==/base.apk' is compressed.
12-20 21:29:14.810 22435 22646 W bee:pushservic: resources.arsc in APK '/data/app/com.ss.android.article.video-VLvEm0T9kRYa1yTE_13Bhw==/base.apk' is compressed.
12-20 21:29:14.889 22435 22646 W bee:pushservic: resources.arsc in APK '/data/app/com.netease.cloudmusic-yZbVKNSkid9FKxY85rseMw==/base.apk' is compressed.
12-20 21:29:14.925 22435 22646 W bee:pushservic: resources.arsc in APK '/data/app/tv.danmaku.bili-TkwFGY9sQMF2Vgtql5sxRg==/base.apk' is compressed.
12-20 21:29:14.969 22435 22646 W bee:pushservic: resources.arsc in APK '/data/app/com.eg.android.AlipayGphone-Qt6mFppesQl1LKW33KgTRQ==/base.apk' is compressed.
12-20 21:29:18.588 22435 22698 W Settings: Setting adb_enabled has moved from android.provider.Settings.Secure to android.provider.Settings.Global.
12-20 21:29:18.598 22435 22698 W Settings: Setting adb_enabled has moved from android.provider.Settings.Secure to android.provider.Settings.Global.
12-20 21:29:47.605 22435 22587 W System.err: java.lang.SecurityException: getSubscriberId
12-20 21:29:47.606 22435 22587 W System.err: 	at android.os.Parcel.createException(Parcel.java:1966)
12-20 21:29:47.606 22435 22587 W System.err: 	at android.os.Parcel.readException(Parcel.java:1934)
12-20 21:29:47.606 22435 22587 W System.err: 	at android.os.Parcel.readException(Parcel.java:1884)
12-20 21:29:47.606 22435 22587 W System.err: 	at com.android.internal.telep