12-25 22:53:36.323  2369  5637 W ActivityManager: 	at android.os.BinderProxy.transactNative(Native Method)
12-25 22:53:36.323  2369  5637 W ActivityManager: 	at android.os.BinderProxy.transact(Binder.java:766)
12-25 22:53:36.323  2369  5637 W ActivityManager: 	at android.app.IApplicationThread$Stub$Proxy.scheduleServiceArgs(IApplicationThread.java:1477)
12-25 22:53:36.323  2369  5637 W ActivityManager: 	at com.android.server.am.ActiveServices.sendServiceArgsLocked(ActiveServices.java:2808)
12-25 22:53:36.323  2369  5637 W ActivityManager: 	at com.android.server.am.ActiveServices.bringUpServiceLocked(ActiveServices.java:2475)
12-25 22:53:36.323  2369  5637 W ActivityManager: 	at com.android.server.am.ActiveServices.startServiceInnerLocked(ActiveServices.java:625)
12-25 22:53:36.323  2369  5637 W ActivityManager: 	at com.android.server.am.ActiveServices.startServiceLocked(ActiveServices.java:567)
12-25 22:53:36.323  2369  5637 W ActivityManager: 	at com.android.server.am.ActivityManagerService.startService(ActivityManagerService.java:21066)
12-25 22:53:36.323  2369  5637 W ActivityManager: 	at android.app.IActivityManager$Stub.onTransact(IActivityManager.java:528)
12-25 22:53:36.323  2369  5637 W ActivityManager: 	at com.android.server.am.ActivityManagerService.onTransact(ActivityManagerService.java:3412)
12-25 22:53:36.323  2369  5637 W ActivityManager: 	at com.android.server.am.OppoActivityManagerService.onTransact(OppoActivityManagerService.java:597)
12-25 22:53:36.323  2369  5637 W ActivityManager: 	at android.os.Binder.execTransact(Binder.java:697)
12-25 22:53:36.330  2369  9797 W ActivityManager: Failure disconnecting service ComponentInfo{com.xunmeng.pinduoduo/com.xunmeng.basiccomponent.titan.service.ServiceNative} to connection android.os.BinderProxy@cc9f94a (in com.xunmeng.pinduoduo)
12-25 22:53:36.330  2369  9797 W ActivityManager: android.os.DeadObjectException
12-25 22:53:36.330  2369  9797 W ActivityManager: 	at android.os.BinderProxy.transactNative(Native Method)
12-25 22:53:36.330  2369  9797 W ActivityManager: 	at android.os.BinderProxy.transact(Binder.java:766)
12-25 22:53:36.330  2369  9797 W ActivityManager: 	at android.app.IServiceConnection$Stub$Proxy.connected(IServiceConnection.java:96)
12-25 22:53:36.330  2369  9797 W ActivityManager: 	at com.android.server.am.ActiveServices.bringDownServiceLocked(ActiveServices.java:2913)
12-25 22:53:36.330  2369  9797 W ActivityManager: 	at com.android.server.am.ActiveServices.killServicesLocked(ActiveServices.java:3664)
12-25 22:53:36.330  2369  9797 W ActivityManager: 	at com.android.server.am.ActivityManagerService.cleanUpApplicationRecordLocked(ActivityManagerService.java:20717)
12-25 22:53:36.330  2369  9797 W ActivityManager: 	at com.android.server.am.ActivityManagerService.handleAppDiedLocked(ActivityManagerService.java:6180)
12-25 22:53:36.330  2369  9797 W ActivityManager: 	at com.android.server.am.ActivityManagerService.appDiedLocked(ActivityManagerService.java:6398)
12-25 22:53:36.330  2369  9797 W ActivityManager: 	at com.android.server.am.ActivityManagerService$AppDeathRecipient.binderDied(ActivityManagerService.java:1806)
12-25 22:53:36.330  2369  9797 W ActivityManager: 	at android.os.BinderProxy.sendDeathNotice(Binder.java:846)
12-25 22:53:36.331  2369  9797 W ActivityManager: Bringing down service while still waiting for start foreground: ServiceRecord{9aff1ba u0 com.xunmeng.pinduoduo/.immortal.DaemonServiceA}
12-25 22:53:36.331  2369  9797 W ActivityManager: Failure disconnecting service ComponentInfo{com.xunmeng.pinduoduo/com.xunmeng.pinduoduo.lifecycle.service.LifecycleRPCService} to connection android.os.BinderProxy@d71cd97 (in com.xunmeng.pinduoduo)
12-25 22:53:36.331  2369  9797 W ActivityManager: android.os.DeadObjectException
12-25 22:53:36.331  2369  9797 W ActivityManager: 	at android.os.BinderProxy.transactNative(Native Method)
12-25 22:53:36.331  2369  9797 W ActivityManager: 	at android.os.BinderProxy.transact(Binder.java:766)
12-25 22:53:36.331  2369  9797 W ActivityManager: 	at android.app.IServiceConnection$Stub$Proxy.connected(IServiceConnection.java:96)
12-25 22:53:36.331  2369  9797 W ActivityManager: 	at com.android.server.am.ActiveServices.bringDownServiceLocked(ActiveServices.java:2913)
12-25 22:53:36.331  2369  9797 W ActivityManager: 	at com.android.server.am.ActiveServices.killServicesLocked(ActiveServices.java:3664)
12-25 22:53:36.331  2369  9797 W ActivityManager: 	at com.android.server.am.ActivityManagerService.cleanUpApplicationRecordLocked(ActivityManagerService.java:20717)
12-25 22:53:36.331  2369  9797 W ActivityManager: 	at com.android.server.am.ActivityManagerService.handleAppDiedLocked(ActivityManagerService.java:6180)
12-25 22:53:36.331  2369  9797 W ActivityManager: 	at com.android.server.am.ActivityManagerService.appDiedLocked(ActivityManagerService.java:6398)
12-25 22:53:36.331  2369  9797 W ActivityManager: 	at com.android.server.am.ActivityManagerService$AppDeathRecipient.binderDied(ActivityManagerService.java:1806)
12-25 22:53:36.331  2369  9797 W ActivityManager: 	at android.os.BinderProxy.sendDeathNotice(Binder.java:846)
12-25 22:53:36.332  2369  9797 W ActivityManager: Failure disconnecting service ComponentInfo{com.xunmeng.pinduoduo/com.xunmeng.pinduoduo.lifecycle.service.LifecycleRPCService} to connection android.os.BinderProxy@77dd9d8 (in com.xunmeng.pinduoduo)
12-25 22:53:36.332  2369  9797 W ActivityManager: android.os.DeadObjectException
12-25 22:53:36.332  2369  9797 W ActivityManager: 	at android.os.BinderProxy.transactNative(Native Method)
12-25 22:53:36.332  2369  9797 W ActivityManager: 	at android.os.BinderProxy.transact(Binder.java:766)
12-25 22:53:36.332  2369  9797 W ActivityManager: 	at android.app.IServiceConnection$Stub$Proxy.connected(IServiceConnection.java:96)
12-25 22:53:36.332  2369  9797 W ActivityManager: 	at com.android.server.am.ActiveServices.bringDownServiceLocked(ActiveServices.java:2913)
12-25 22:53:36.332  2369  9797 W ActivityManager: 	at com.android.server.am.ActiveServices.killServicesLocked(ActiveServices.java:3664)
12-25 22:53:36.332  2369  9797 W ActivityManager: 	at com.android.server.am.ActivityManagerService.cleanUpApplicationRecordLocked(ActivityManagerService.java:20717)
12-25 22:53:36.332  2369  9797 W ActivityManager: 	at com.android.server.am.ActivityManagerService.handleAppDiedLocked(ActivityManagerService.java:6180)
12-25 22:53:36.332  2369  9797 W ActivityManager: 	at com.android.server.am.ActivityManagerService.appDiedLocked(ActivityManagerService.java:6398)
12-25 22:53:36.332  2369  9797 W ActivityManager: 	at com.android.server.am.ActivityManagerService$AppDeathRecipient.binderDied(ActivityManagerService.java:1806)
12-25 22:53:36.332  2369  9797 W ActivityManager: 	at android.os.BinderProxy.sendDeathNotice(Binder.java:846)
12-25 22:53:36.333  2369  9797 W ActivityManager: Failure disconnecting service ComponentInfo{com.xunmeng.pinduoduo/cn.jpush.android.service.PushService} to connection android.os.BinderProxy@b9d694e (in com.xunmeng.pinduoduo)
12-25 22:53:36.333  2369  9797 W ActivityManager: android.os.DeadObjectException
12-25 22:53:36.333  2369  9797 W ActivityManager: 	at android.os.BinderProxy.transactNative(Native Method)
12-25 22:53:36.333  2369  9797 W ActivityManager: 	at android.os.BinderProxy.transact(Binder.java:766)
12-25 22:53:36.333  2369  9797 W ActivityManager: 	at android.app.IServiceConnection$Stub$Proxy.connected(IServiceConnection.java:96)
12-25 22:53:36.333  2369  9797 W ActivityManager: 	at com.android.server.am.ActiveServices.bringDownServiceLocked(ActiveServices.java:2913)
12-25 22:53:36.333  2369  9797 W ActivityManager: 	at com.android.server.am.ActiveServices.killServicesLocked(ActiveServices.java:3664)
12-25 22:53:36.333  2369  9797 W ActivityManager: 	at com.android.server.am.ActivityManagerService.cleanUpApplicationRecordLocked(ActivityManagerService.java:20717)
12-25 22:53:36.333  2369  9797 W ActivityManager: 	at com.android.server.am.ActivityManagerService.handleAppDiedLocked(ActivityManagerService.java:6180)
12-25 22:53:36.333  2369  9797 W ActivityManager: 	at com.android.server.am.ActivityManagerService.appDiedLocked(ActivityManagerService.java:6398)
12-25 22:53:36.333  2369  9797 W ActivityManager: 	at com.android.server.am.ActivityManagerService$AppDeathRecipient.binderDied(ActivityManagerService.java:1806)
12-25 22:53:36.333  2369  9797 W ActivityManager: 	at android.os.BinderProxy.sendDeathNotice(Binder.java:846)
12-25 22:53:36.333  2369  9797 W ActivityManager: app.persistent false app.isolated false app.removed false app ProcessRecord{b37aa9c 4374:com.xunmeng.pinduoduo:titan/u0a122}
12-25 22:53:36.365  2369  9797 W ActivityManager: Failed delivering service starts
12-25 22:53:36.365  2369  9797 W ActivityManager: android.os.DeadObjectException
12-25 22:53:36.365  2369  9797 W ActivityManager: 	at android.os.BinderProxy.transactNative(Native Method)
12-25 22:53:36.365  2369  9797 W ActivityManager: 	at android.os.BinderProxy.transact(Binder.java:766)
12-25 22:53:36.365  2369  9797 W ActivityManager: 	at android.app.IApplicationThread$Stub$Proxy.scheduleServiceArgs(IApplicationThread.java:1477)
12-25 22:53:36.365  2369  9797 W ActivityManager: 	at com.android.server.am.ActiveServices.sendServiceArgsLocked(ActiveServices.java:2808)
12-25 22:53:36.365  2369  9797 W ActivityManager: 	at com.android.server.am.ActiveServices.bringUpServiceLocked(ActiveServices.java:2475)
12-25 22:53:36.365  2369  9797 W ActivityManager: 	at com.android.server.am.ActiveServices.startServiceInnerLocked(ActiveServices.java:625)
12-25 22:53:36.365  2369  9797 W ActivityManager: 	at com.android.server.am.ActiveServices.startServiceLocked(ActiveServices.java:567)
12-25 22:53:36.365  2369  9797 W ActivityManager: 	at com.android.server.am.ActivityManagerService.startService(ActivityManagerService.java:21066)
12-25 22:53:36.365  2369  9797 W ActivityManager: 	at android.app.IActivityManager$Stub.onTransact(IActivityManager.java:528)
12-25 22:53:36.365  2369  9797 W ActivityManager: 	at com.android.server.am.ActivityManagerService.onTransact(ActivityManagerService.java:3412)
12-25 22:53:36.365  2369  9797 W ActivityManager: 	at com.android.server.am.OppoActivityManagerService.onTransact(OppoActivityManagerService.java:597)
12-25 22:53:36.365  2369  9797 W ActivityManager: 	at android.os.Binder.execTransact(Binder.java:697)
12-25 22:53:36.369  2369  4022 W ActivityManager: Bringing down service while still waiting for start foreground: ServiceRecord{66b164f u0 com.xunmeng.pinduoduo/.immortal.DaemonServiceB}
12-25 22:53:36.369  2369  4022 W ActivityManager: app.persistent false app.isolated false app.removed false app ProcessRecord{948d994 4355:com.xunmeng.pinduoduo:lifecycle/u0a122}
12-25 22:53:36.400  2369  4979 W ActivityManager: Exception when unbinding service com.xunmeng.pinduoduo/.almighty.ipc.AlmightyProcessIPCService
12-25 22:53:36.400  2369  4979 W ActivityManager: android.os.DeadObjectException
12-25 22:53:36.400  2369  4979 W ActivityManager: 	at android.os.BinderProxy.transactNative(Native Method)
12-25 22:53:36.400  2369  4979 W ActivityManager: 	at android.os.BinderProxy.transact(Binder.java:766)
12-25 22:53:36.400  2369  4979 W ActivityManager: 	at android.app.IApplicationThread$Stub$Proxy.scheduleUnbindService(IApplicationThread.java:1539)
12-25 22:53:36.400  2369  4979 W ActivityManager: 	at com.android.server.am.ActiveServices.removeConnectionLocked(ActiveServices.java:3129)
12-25 22:53:36.400  2369  4979 W ActivityManager: 	at com.android.server.am.ActiveServices.killServicesLocked(ActiveServices.java:3554)
12-25 22:53:36.400  2369  4979 W ActivityManager: 	at com.android.server.am.ActivityManagerService.cleanUpApplicationRecordLocked(ActivityManagerService.java:20717)
12-25 22:53:36.400  2369  4979 W ActivityManager: 	at com.android.server.am.ActivityManagerService.handleAppDiedLocked(ActivityManagerService.java:6180)
12-25 22:53:36.400  2369  4979 W ActivityManager: 	at com.android.server.am.ActivityManagerService.appDiedLocked(ActivityManagerService.java:6398)
12-25 22:53:36.400  2369  4979 W ActivityManager: 	at com.android.server.am.ActivityManagerService$AppDeathRecipient.binderDied(ActivityManagerService.java:1806)
12-25 22:53:36.400  2369  4979 W ActivityManager: 	at android.os.BinderProxy.sendDeathNotice(Binder.java:846)
12-25 22:53:36.409  2369  4979 W ActivityManager: Failure disconnecting service ComponentInfo{com.xunmeng.pinduoduo/com.xunmeng.pinduoduo.almighty.ipc.MainProcessIPCService} to connection android.os.BinderProxy@9ca4be4 (in com.xunmeng.pinduoduo:support)
12-25 22:53:36.409  2369  4979 W ActivityManager: android.os.DeadObjectException
12-25 22:53:36.409  2369  4979 W ActivityManager: 	at android.os.BinderProxy.transactNative(Native Method)
12-25 22:53:36.409  2369  4979 W ActivityManager: 	at android.os.BinderProxy.transact(Binder.java:766)
12-25 22:53:36.409  2369  4979 W ActivityManager: 	at android.app.IServiceConnection$Stub$Proxy.connected(IServiceConnection.java:96)
12-25 22:53:36.409  2369  4979 W ActivityManager: 	at com.android.server.am.ActiveServices.bringDownServiceLocked(ActiveServices.java:2913)
12-25 22:53:36.409  2369  4979 W ActivityManager: 	at com.android.server.am.ActiveServices.killServicesLocked(ActiveServices.java:3664)
12-25 22:53:36.409  2369  4979 W ActivityManager: 	at com.android.server.am.ActivityManagerService.cleanUpApplicationRecordLocked(ActivityManagerService.java:20717)
12-25 22:53:36.409  2369  4979 W ActivityManager: 	at com.android.server.am.ActivityManagerService.handleAppDiedLocked(ActivityManagerService.java:6180)
12-25 22:53:36.409  2369  4979 W ActivityManager: 	at com.android.server.am.ActivityManagerService.appDiedLocked(ActivityManagerService.java:6398)
12-25 22:53:36.409  2369  4979 W ActivityManager: 	at com.android.server.am.ActivityManagerService$AppDeathRecipient.binderDied(ActivityManagerService.java:1806)
12-25 22:53:36.409  2369  4979 W ActivityManager: 	at android.os.BinderProxy.sendDeathNotice(Binder.java:846)
12-25 22:53:36.409  2369  4979 W ActivityManager: app.persistent false app.isolated false app.removed false app ProcessRecord{277eeb5 9027:com.xunmeng.pinduoduo/u0a122}
12-25 22:53:36.425   712   815 E ANDR-PERF-MPCTL: Invalid profile no. 0, total profiles 0 only
12-25 22:53:36.426   712   815 E ANDR-PERF-OPTSHANDLER: Perflock resource /proc/sys/kernel/sched_spill_nr_run not supported
12-25 22:53:36.426   712   815 E ANDR-PERF-RESOURCEQS: Failed to apply optimization [3, 11]
12-25 22:53:36.426   712   815 E ANDR-PERF-OPTSHANDLER: Perflock resource /proc/sys/kernel/sched_restrict_cluster_spill not supported
12-25 22:53:36.426   712   815 E ANDR-PERF-RESOURCEQS: Failed to apply optimization [3, 13]
12-25 22:53:36.426   480   480 W /system/bin/hwservicemanager: getTransport: Cannot find entry vendor.qti.hardware.iop@2.0::IIop/default in either framework or device manifest.
12-25 22:53:36.428   712   815 E ANDR-PERF-OPTSHANDLER: Perflock resource /proc/sys/kernel/sched_spill_nr_run not supported
12-25 22:53:36.428   712   815 E ANDR-PERF-RESOURCEQS: Failed to apply optimization [3, 11]
12-25 22:53:36.428   712   815 E ANDR-PERF-OPTSHANDLER: Perflock resource /proc/sys/kernel/sched_restrict_cluster_spill not supported
12-25 22:53:36.428   712   815 E ANDR-PERF-RESOURCEQS: Failed to apply optimization [3, 13]
12-25 22:53:36.477  2369  4979 W ActivityManager: app.persistent false app.isolated false app.removed false app ProcessRecord{cb5e377 9175:com.xunmeng.pinduoduo:support/u0a122}
12-25 22:53:36.640  2369  5389 W ActivityManager: Slow operation: 53ms so far, now at attachApplicationLocked: after sendPendingBroadcastsLocked
12-25 22:53:36.665  2369  9797 W ActivityManager: app.persistent false app.isolated false app.removed false app ProcessRecord{21fcfc4 4476:com.coloros.safecenter/1000}
12-25 22:53:36.698  2369  4022 W ActivityManager: app.persistent false app.isolated false app.removed true app ProcessRecord{34cbf68 7141:com.coloros.speechassist/u0a38}
12-25 22:53:36.709  2369  2412 W Looper  : Dispatch took 139ms on android.ui, h=Handler (com.android.server.am.ActivityManagerService$UiHandler) {3e338c8} cb=null msg=31
12-25 22:53:36.861  2369  3977 W ActivityManager: app.persistent false app.isolated false app.removed true app ProcessRecord{2d0f8d2 4632:com.coloros.favorite/u0a112}
12-25 22:53:36.968  9362  9362 W Settings: Setting airplane_mode_on has moved from android.provider.Settings.System to android.provider.Settings.Global, returning read-only value.
12-25 22:53:36.971  2369  3994 W ActivityManager: app.persistent false app.isolated false app.removed true app ProcessRecord{bfd542b 5233:com.oppo.market/u0a68}
12-25 22:53:37.089   701   701 E qti_sensors_hal: batch:sensor(android.sensor.accelerometer) handle:1 enabled:0 flags:0x0 period_ns 66667000
12-25 22:53:37.089   701   701 E qti_sensors_hal: batch:sensor(android.sensor.accelerometer) sample_rate=14.999925Hz report_rate_f=0.000000Hz curr sample rate:5.000000 cur rpt rate:0 max:200.000000 min:1.000000
12-25 22:53:37.095  2369  8301 W ActivityManager: app.persistent false app.isolated false app.removed true app ProcessRecord{a64729 7214:com.oppo.quicksearchbox/u0a34}
12-25 22:53:37.214   701   872 E qti_sensors_hal: processReportInd:accel X: 0.079071 Y: 0.557770 Z: 9.601944 , timestamp = 3521306342
12-25 22:53:37.228  2369  8301 W ActivityManager: app.persistent false app.isolated false app.removed true app ProcessRecord{1e447b 7120:com.coloros.providers.fileinfo/u0a60}
12-25 22:53:37.261   701   872 E qti_sensors_hal: processReportInd:accel X: -0.018997 Y: 0.557770 Z: 9.798080 , timestamp = 3521307787
12-25 22:53:37.284  4954  4954 W ContextImpl: Implicit intents with startService are not safe: Intent { act=com.coloros.safecenter.ColorAppServicesManagerClient } android.content.ContextWrapper.bindServiceAsUser:702 com.coloros.appmanager.b.b:142 com.coloros.appmanager.d.handleMessage:56 
12-25 22:53:37.300   701   872 E qti_sensors_hal: processReportInd:accel X: 0.000626 Y: 0.498917 Z: 9.739227 , timestamp = 3521309152
12-25 22:53:37.345  9362  9393 W Settings: Setting airplane_mode_on has moved from android.provider.Settings.System to android.provider.Settings.Global, returning read-only value.
12-25 22:53:37.480  2369  4018 W ActivityManager: app.persistent false app.isolated false app.removed true app ProcessRecord{53172bd 7036:com.coloros.phonemanager/1000}
12-25 22:53:37.509  9362  9362 W Settings: Setting airplane_mode_on has moved from android.provider.Settings.System to android.provider.Settings.Global, returning read-only value.
12-25 22:53:37.512  2369  2411 E NotificationService: Suppressing notification from package by user request.
12-25 22:53:37.530  2369  2411 E NotificationService: Suppressing notification from package by user request.
12-25 22:53:37.558  2369  2411 E NotificationService: Suppressing notification from package by user request.
12-25 22:53:37.592  2369  2412 W Looper  : Dispatch took 112ms on android.ui, h=Handler (com.android.server.am.ActivityManagerService$UiHandler) {3e338c8} cb=null msg=53
12-25 22:53:37.619  2369  2411 E NotificationService: Suppressing notification from package by user request.
12-25 22:53:37.633  2369  3359 W ActivityManager: app.persistent false app.isolated false app.removed false app ProcessRecord{ceaa0c7 8059:com.coloros.safesdkproxy/u0a96}
12-25 22:53:37.658  2369  3977 W ActivityManager: app.persistent false app.isolated false app.removed true app ProcessRecord{1c102d7 8038:com.android.statementservice/u0a31}
12-25 22:53:37.751  2369  2411 E NotificationService: Suppressing notification from package by user request.
12-25 22:53:37.792  2369  2411 E NotificationService: Suppressing notification from package by user request.
12-25 22:53:37.795  2369  8301 W ActivityManager: app.persistent false app.isolated false app.removed true app ProcessRecord{c68fd8d 7185:com.daemon.shelper/1000}
12-25 22:53:37.912  2369  2411 E NotificationService: Suppressing notification from package by user request.
12-25 22:53:37.944  2369  2411 E NotificationService: Suppressing notification from package by user request.
12-25 22:53:37.950  2369  2369 W WindowManager: removeWindowToken: Attempted to remove non-existing token: android.os.Binder@e3abf10
12-25 22:53:38.177  2369  4018 W ActivityManager: app.persistent false app.isolated false app.removed false app ProcessRecord{97c11c8 7098:com.coloros.gamespace/1000}
12-25 22:53:38.226  2369  3974 W ActivityManager: app.persistent false app.isolated false app.removed true app ProcessRecord{e8d15e7 5293:com.oppo.usercenter/u0a102}
12-25 22:53:38.342  2369  2412 W Looper  : Dispatch took 116ms on android.ui, h=Handler (com.android.server.am.ActivityManagerService$UiHandler) {3e338c8} cb=null msg=53
12-25 22:53:38.344  2369  4018 W ActivityManager: Process 4403 does not match uid 1000 ignore setting hits oom adj
12-25 22:53:38.346  2369  4018 W ActivityManager: Exception when unbinding service com.coloros.gamespace/.service.ColorAppServicesManagerClient
12-25 22:53:38.346  2369  4018 W ActivityManager: android.os.DeadObjectException
12-25 22:53:38.346  2369  4018 W ActivityManager: 	at android.os.BinderProxy.transactNative(Native Method)
12-25 22:53:38.346  2369  4018 W ActivityManager: 	at android.os.BinderProxy.transact(Binder.java:766)
12-25 22:53:38.346  2369  4018 W ActivityManager: 	at android.app.IApplicationThread$Stub$Proxy.scheduleUnbindService(IApplicationThread.java:1539)
12-25 22:53:38.346  2369  4018 W ActivityManager: 	at com.android.server.am.ActiveServices.removeConnectionLocked(ActiveServices.java:3129)
12-25 22:53:38.346  2369  4018 W ActivityManager: 	at com.android.server.am.ActiveServices.unbindServiceLocked(ActiveServices.java:1762)
12-25 22:53:38.346  2369  4018 W ActivityManager: 	at com.android.server.am.ActivityManagerService.unbindService(ActivityManagerService.java:21238)
12-25 22:53:38.346  2369  4018 W ActivityManager: 	at android.app.IActivityManager$Stub.onTransact(IActivityManager.java:594)
12-25 22:53:38.346  2369  4018 W ActivityManager: 	at com.android.server.am.ActivityManagerService.onTransact(ActivityManagerService.java:3412)
12-25 22:53:38.346  2369  4018 W ActivityManager: 	at com.android.server.am.OppoActivityManagerService.onTransact(OppoActivityManagerService.java:597)
12-25 22:53:38.346  2369  4018 W ActivityManager: 	at android.os.Binder.execTransact(Binder.java:697)
12-25 22:53:38.351  2369  8301 W ActivityManager: app.persistent false app.isolated false app.removed false app ProcessRecord{219f9fd 4403:com.coloros.gamespace:service/1000}
12-25 22:53:38.374  2369  8301 W ActivityManager: app.persistent false app.isolated false app.removed true app ProcessRecord{925db64 4503:com.coloros.weather.service/u0a84}
12-25 22:53:38.428   712   815 E ANDR-PERF-RESOURCEQS: Failed to reset optimization [3, 0]
12-25 22:53:38.515  2369  3359 W ActivityManager: app.persistent false app.isolated false app.removed true app ProcessRecord{5fe7ced 4447:android.process.contacts/u0a1}
12-25 22:53:38.628  2369  4742 W ActivityManager: app.persistent false app.isolated false app.removed true app ProcessRecord{b7b2387 4653:com.ted.number/u0a25}
12-25 22:53:38.709  2369  5637 W ActivityManager: app.persistent false app.isolated false app.removed true app ProcessRecord{b79ab8a 4911:com.android.incallui/1001}
12-25 22:53:38.762  9576  9576 E Immortal: app_process jni start watch parent pipe
12-25 22:53:38.851  4954  4954 W ContextImpl: Implicit intents with startService are not safe: Intent { act=com.coloros.gamespace.ColorAppServicesManagerClient } android.content.ContextWrapper.bindServiceAsUser:702 com.coloros.appmanager.b.b:142 com.coloros.appmanager.d.handleMessage:56 
12-25 22:53:38.862  9638  9638 W WeatherS_ServiceAutoUpdateWeather: list 1
12-25 22:53:38.862  9638  9638 W WeatherS_ServiceAutoUpdateWeather: DelayTimeOnce jobId 1031947596
12-25 22:53:38.897  2369  5386 W ActivityManager: app.persistent false app.isolated false app.removed true app ProcessRecord{e0ef8a5 4663:com.coloros.gesture/1000}
12-25 22:53:38.919  9478  9595 W CameraManagerGlobal: [soar.cts] ignore the status update of camera: 2
12-25 22:53:38.919  9478  9595 W CameraManagerGlobal: [soar.cts] ignore the status update of camera: 3
12-25 22:53:38.942  9478  9580 E Parcel  : Reading a NULL string not supported here.
12-25 22:53:38.944  9587  9587 E Immortal: app_process jni start watch parent pipe
12-25 22:53:38.980  9478  9595 E libc    : Access denied finding property "ro.serialno"
12-25 22:53:38.980  9478  9595 E libc    : Access denied finding property "ro.serialno"
12-25 22:53:39.011  9478  9595 E Parcel  : Reading a NULL string not supported here.
12-25 22:53:39.020  9478  9595 E Parcel  : Reading a NULL string not supported here.
12-25 22:53:39.021  9478  9611 W System.err: java.lang.NullPointerException: Attempt to invoke virtual method 'boolean java.lang.String.equals(java.lang.Object)' on a null object reference
12-25 22:53:39.022  9478  9611 W System.err: 	at com.tencent.smtt.sdk.TbsPVConfig.isEnableNoCoreGray(Unknown Source:15)
12-25 22:53:39.022  9478  9611 W System.err: 	at com.tencent.smtt.sdk.TbsShareManager.getPackageContext(Unknown Source:17)
12-25 22:53:39.022  9478  9611 W System.err: 	at com.tencent.smtt.sdk.TbsShareManager.getSharedTbsCoreVersion(Unknown Source:1)
12-25 22:53:39.022  9478  9611 W System.err: 	at com.tencent.smtt.sdk.TbsDownloader.a(Unknown Source:14)
12-25 22:53:39.022  9478  9611 W System.err: 	at com.tencent.smtt.sdk.TbsDownloader.g(Unknown Source:13)
12-25 22:53:39.022  9478  9611 W System.err: 	at com.tencent.smtt.sdk.TbsDownloader.e(Unknown Source:0)
12-25 22:53:39.022  9478  9611 W System.err: 	at com.tencent.smtt.sdk.TbsDownloader.a(Unknown Source:503)
12-25 22:53:39.022  9478  9611 W System.err: 	at com.tencent.smtt.sdk.TbsDownloader.needDownload(Unknown Source:298)
12-25 22:53:39.022  9478  9611 W System.err: 	at com.tencent.smtt.sdk.QbSdk.initX5Environment(Unknown Source:33)
12-25 22:53:39.022  9478  9611 W System.err: 	at com.xunmeng.pinduoduo.fastjs.a.b(FastJS.java:75)
12-25 22:53:39.022  9478  9611 W System.err: 	at com.xunmeng.pinduoduo.fastjs.a.a(FastJS.java:29)
12-25 22:53:39.022  9478  9611 W System.err: 	at com.xunmeng.pinduoduo.appstartup.app.AppInitialization$15.run(AppInitialization.java:318)
12-25 22:53:39.022  9478  9611 W System.err: 	at android.os.Handler.handleCallback(Handler.java:790)
12-25 22:53:39.022  9478  9611 W System.err: 	at android.os.Handler.dispatchMessage(Handler.java:99)
12-25 22:53:39.022  9478  9611 W System.err: 	at android.os.Looper.loop(Looper.java:198)
12-25 22:53:39.022  9478  9611 W System.err: 	at android.os.HandlerThread.run(HandlerThread.java:65)
12-25 22:53:39.024  9478  9595 E Parcel  : Reading a NULL string not supported here.
12-25 22:53:39.024  9478  9611 W System.err: java.lang.NullPointerException: Attempt to invoke virtual method 'boolean java.lang.String.equals(java.lang.Object)' on a null object reference
12-25 22:53:39.024  9478  9611 W System.err: 	at com.tencent.smtt.sdk.TbsPVConfig.isEnableNoCoreGray(Unknown Source:15)
12-25 22:53:39.024  9478  9611 W System.err: 	at com.tencent.smtt.sdk.TbsShareManager.getPackageContext(Unknown Source:17)
12-25 22:53:39.024  9478  9611 W System.err: 	at com.tencent.smtt.sdk.TbsShareManager.getSharedTbsCoreVersion(Unknown Source:1)
12-25 22:53:39.024  9478  9611 W System.err: 	at com.tencent.smtt.sdk.TbsDownloader.a(Unknown Source:14)
12-25 22:53:39.024  9478  9611 W System.err: 	at com.tencent.smtt.sdk.TbsDownloader.g(Unknown Source:13)
12-25 22:53:39.024  9478  9611 W System.err: 	at com.tencent.smtt.sdk.TbsDownloader.e(Unknown Source:0)
12-25 22:53:39.024  9478  9611 W System.err: 	at com.tencent.smtt.sdk.TbsDownloader.a(Unknown Source:503)
12-25 22:53:39.024  9478  9611 W System.err: 	at com.tencent.smtt.sdk.TbsDownloader.needDownload(Unknown Source:298)
12-25 22:53:39.024  9478  9611 W System.err: 	at com.tencent.smtt.sdk.QbSdk.initX5Environment(Unknown Source:33)
12-25 22:53:39.024  9478  9611 W System.err: 	at com.xunmeng.pinduoduo.fastjs.a.b(FastJS.java:75)
12-25 22:53:39.024  9478  9611 W System.err: 	at com.xunmeng.pinduoduo.fastjs.a.a(FastJS.java:29)
12-25 22:53:39.024  9478  9611 W System.err: 	at com.xunmeng.pinduoduo.appstartup.app.AppInitialization$15.run(AppInitialization.java:318)
12-25 22:53:39.024  9478  9611 W System.err: 	at android.os.Handler.handleCallback(Handler.java:790)
12-25 22:53:39.024  9478  9611 W System.err: 	at android.os.Handler.dispatchMessage(Handler.java:99)
12-25 22:53:39.024  9478  9611 W System.err: 	at android.os.Looper.loop(Looper.java:198)
12-25 22:53:39.024  9478  9611 W System.err: 	at android.os.HandlerThread.run(HandlerThread.java:65)
12-25 22:53:39.027  9478  9595 E Parcel  : Reading a NULL string not supported here.
12-25 22:53:39.031  9478  9595 E Parcel  : Reading a NULL string not supported here.
12-25 22:53:39.033  9478  9611 W FileUtils: Failed to chmod(/data/user/0/com.tencent.mm/app_tbs): android.system.ErrnoException: chmod failed: EACCES (Permission denied)
12-25 22:53:39.034  9478  9611 W System.err: java.lang.NullPointerException: Attempt to invoke virtual method 'boolean java.lang.String.equals(java.lang.Object)' on a null object reference
12-25 22:53:39.034  9478  9611 W System.err: 	at com.tencent.smtt.sdk.TbsPVConfig.isEnableNoCoreGray(Unknown Source:15)
12-25 22:53:39.034  9478  9611 W System.err: 	at com.tencent.smtt.sdk.TbsShareManager.getPackageContext(Unknown Source:17)
12-25 22:53:39.034  9478  9611 W System.err: 	at com.tencent.smtt.sdk.TbsShareManager.getSharedTbsCoreVersion(Unknown Source:1)
12-25 22:53:39.034  9478  9611 W System.err: 	at com.tencent.smtt.sdk.TbsDownloader.a(Unknown Source:14)
12-25 22:53:39.034  9478  9611 W System.err: 	at com.tencent.smtt.sdk.TbsDownloader.g(Unknown Source:13)
12-25 22:53:39.034  9478  9611 W System.err: 	at com.tencent.smtt.sdk.TbsDownloader.e(Unknown Source:0)
12-25 22:53:39.034  9478  9611 W System.err: 	at com.tencent.smtt.sdk.TbsDownloader.a(Unknown Source:503)
12-25 22:53:39.034  9478  9611 W System.err: 	at com.tencent.smtt.sdk.TbsDownloader.needDownload(Unknown Source:298)
12-25 22:53:39.034  9478  9611 W System.err: 	at com.tencent.smtt.sdk.QbSdk.initX5Environment(Unknown Source:33)
12-25 22:53:39.034  9478  9611 W System.err: 	at com.xunmeng.pinduoduo.fastjs.a.b(FastJS.java:75)
12-25 22:53:39.034  9478  9611 W System.err: 	at com.xunmeng.pinduoduo.fastjs.a.a(FastJS.java:29)
12-25 22:53:39.034  9478  9611 W System.err: 	at com.xunmeng.pinduoduo.appstartup.app.AppInitialization$15.run(AppInitialization.java:318)
12-25 22:53:39.034  9478  9611 W System.err: 	at android.os.Handler.handleCallback(Handler.java:790)
12-25 22:53:39.034  9478  9611 W System.err: 	at android.os.Handler.dispatchMessage(Handler.java:99)
12-25 22:53:39.034  9478  9611 W System.err: 	at android.os.Looper.loop(Looper.java:198)
12-25 22:53:39.034  9478  9611 W System.err: 	at android.os.HandlerThread.run(HandlerThread.java:65)
12-25 22:53:39.034  9478  9595 E Parcel  : Reading a NULL string not supported here.
12-25 22:53:39.036  9478  9611 W System.err: java.lang.NullPointerException: Attempt to invoke virtual method 'boolean java.lang.String.equals(java.lang.Object)' on a null object reference
12-25 22:53:39.036  9478  9611 W System.err: 	at com.tencent.smtt.sdk.TbsPVConfig.isEnableNoCoreGray(Unknown Source:15)
12-25 22:53:39.036  9478  9611 W System.err: 	at com.tencent.smtt.sdk.TbsShareManager.getPackageContext(Unknown Source:17)
12-25 22:53:39.036  9478  9611 W System.err: 	at com.tencent.smtt.sdk.TbsShareManager.getSharedTbsCoreVersion(Unknown Source:1)
12-25 22:53:39.036  9478  9611 W System.err: 	at com.tencent.smtt.sdk.TbsDownloader.a(Unknown Source:14)
12-25 22:53:39.036  9478  9611 W System.err: 	at com.tencent.smtt.sdk.TbsDownloader.g(Unknown Source:13)
12-25 22:53:39.036  9478  9611 W System.err: 	at com.tencent.smtt.sdk.TbsDownloader.e(Unknown Source:0)
12-25 22:53:39.036  9478  9611 W System.err: 	at com.tencent.smtt.sdk.TbsDownloader.a(Unknown Source:503)
12-25 22:53:39.036  9478  9611 W System.err: 	at com.tencent.smtt.sdk.TbsDownloader.needDownload(Unknown Source:298)
12-25 22:53:39.036  9478  9611 W System.err: 	at com.tencent.smtt.sdk.QbSdk.initX5Environment(Unknown Source:33)
12-25 22:53:39.036  9478  9611 W System.err: 	at com.xunmeng.pinduoduo.fastjs.a.b(FastJS.java:75)
12-25 22:53:39.036  9478  9611 W System.err: 	at com.xunmeng.pinduoduo.fastjs.a.a(FastJS.java:29)
12-25 22:53:39.036  9478  9611 W System.err: 	at com.xunmeng.pinduoduo.appstartup.app.AppInitialization$15.run(AppInitialization.java:318)
12-25 22:53:39.036  9478  9611 W System.err: 	at android.os.Handler.handleCallback(Handler.java:790)
12-25 22:53:39.036  9478  9611 W System.err: 	at android.os.Handler.dispatchMessage(Handler.java:99)
12-25 22:53:39.036  9478  9611 W System.err: 	at android.os.Looper.loop(Looper.java:198)
12-25 22:53:39.036  9478  9611 W System.err: 	at android.os.HandlerThread.run(HandlerThread.java:65)
12-25 22:53:39.037  9478  9595 E Parcel  : Reading a NULL string not supported here.
12-25 22:53:39.038  9478  9611 W System.err: java.lang.NullPointerException: Attempt to invoke virtual method 'boolean java.lang.String.equals(java.lang.Object)' on a null object reference
12-25 22:53:39.038  9478  9611 W System.err: 	at com.tencent.smtt.sdk.TbsPVConfig.isEnableNoCoreGray(Unknown Source:15)
12-25 22:53:39.039  9478  9611 W System.err: 	at com.tencent.smtt.sdk.TbsShareManager.getPackageContext(Unknown Source:17)
12-25 22:53:39.039  9478  9611 W System.err: 	at com.tencent.smtt.sdk.TbsShareManager.getCoreShareDecoupleCoreVersion(Unknown Source:1)
12-25 22:53:39.039  9478  9611 W System.err: 	at com.tencent.smtt.sdk.TbsDownloader.a(Unknown Source:103)
12-25 22:53:39.039  9478  9611 W System.err: 	at com.tencent.smtt.sdk.TbsDownloader.g(Unknown Source:13)
12-25 22:53:39.039  9478  9611 W System.err: 	at com.tencent.smtt.sdk.TbsDownloader.e(Unknown Source:0)
12-25 22:53:39.039  9478  9611 W System.err: 	at com.tencent.smtt.sdk.TbsDownloader.a(Unknown Source:503)
12-25 22:53:39.039  9478  9611 W System.err: 	at com.tencent.smtt.sdk.TbsDownloader.needDownload(Unknown Source:298)
12-25 22:53:39.039  9478  9611 W System.err: 	at com.tencent.smtt.sdk.QbSdk.initX5Environment(Unknown Source:33)
12-25 22:53:39.039  9478  9611 W System.err: 	at com.xunmeng.pinduoduo.fastjs.a.b(FastJS.java:75)
12-25 22:53:39.039  9478  9611 W System.err: 	at com.xunmeng.pinduoduo.fastjs.a.a(FastJS.java:29)
12-25 22:53:39.039  9478  9611 W System.err: 	at com.xunmeng.pinduoduo.appstartup.app.AppInitialization$15.run(AppInitialization.java:318)
12-25 22:53:39.039  9478  9611 W System.err: 	at android.os.Handler.handleCallback(Handler.java:790)
12-25 22:53:39.039  9478  9611 W System.err: 	at android.os.Handler.dispatchMessage(Handler.java:99)
12-25 22:53:39.039  9478  9611 W System.err: 	at android.os.Looper.loop(Looper.java:198)
12-25 22:53:39.039  9478  9611 W System.err: 	at android.os.HandlerThread.run(HandlerThread.java:65)
12-25 22:53:39.040  9478  9611 W System.err: java.lang.NullPointerException: Attempt to invoke virtual method 'boolean java.lang.String.equals(java.lang.Object)' on a null object reference
12-25 22:53:39.040  9478  9611 W System.err: 	at com.tencent.smtt.sdk.TbsPVConfig.isEnableNoCoreGray(Unknown Source:15)
12-25 22:53:39.040  9478  9611 W System.err: 	at com.tencent.smtt.sdk.TbsShareManager.getPackageContext(Unknown Source:17)
12-25 22:53:39.040  9478  9611 W System.err: 	at com.tencent.smtt.sdk.TbsShareManager.getCoreShareDecoupleCoreVersion(Unknown Source:1)
12-25 22:53:39.040  9478  9611 W System.err: 	at com.tencent.smtt.sdk.TbsDownloader.a(Unknown Source:103)
12-25 22:53:39.040  9478  9611 W System.err: 	at com.tencent.smtt.sdk.TbsDownloader.g(Unknown Source:13)
12-25 22:53:39.040  9478  9611 W System.err: 	at com.tencent.smtt.sdk.TbsDownloader.e(Unknown Source:0)
12-25 22:53:39.040  9478  9611 W System.err: 	at com.tencent.smtt.sdk.TbsDownloader.a(Unknown Source:503)
12-25 22:53:39.040  9478  9611 W System.err: 	at com.tencent.smtt.sdk.TbsDownloader.needDownload(Unknown Source:298)
12-25 22:53:39.041  9478  9611 W System.err: 	at com.tencent.smtt.sdk.QbSdk.initX5Environment(Unknown Source:33)
12-25 22:53:39.041  9478  9611 W System.err: 	at com.xunmeng.pinduoduo.fastjs.a.b(FastJS.java:75)
12-25 22:53:39.041  9478  9611 W System.err: 	at com.xunmeng.pinduoduo.fastjs.a.a(FastJS.java:29)
12-25 22:53:39.041  9478  9611 W System.err: 	at com.xunmeng.pinduoduo.appstartup.app.AppInitialization$15.run(AppInitialization.java:318)
12-25 22:53:39.041  9478  9611 W System.err: 	at android.os.Handler.handleCallback(Handler.java:790)
12-25 22:53:39.041  9478  9611 W System.err: 	at android.os.Handler.dispatchMessage(Handler.java:99)
12-25 22:53:39.041  9478  9611 W System.err: 	at android.os.Looper.loop(Looper.java:198)
12-25 22:53:39.041  9478  9611 W System.err: 	at android.os.HandlerThread.run(HandlerThread.java:65)
12-25 22:53:39.041  9478  9611 W FileUtils: Failed to chmod(/data/user/0/com.tencent.mm/app_tbs): android.system.ErrnoException: chmod failed: EACCES (Permission denied)
12-25 22:53:39.042  9478  9611 W System.err: java.lang.NullPointerException: Attempt to invoke virtual method 'boolean java.lang.String.equals(java.lang.Object)' on a null object reference
12-25 22:53:39.042  9478  9611 W System.err: 	at com.tencent.smtt.sdk.TbsPVConfig.isEnableNoCoreGray(Unknown Source:15)
12-25 22:53:39.042  9478  9611 W System.err: 	at com.tencent.smtt.sdk.TbsShareManager.getPackageContext(Unknown Source:17)
12-25 22:53:39.042  9478  9611 W System.err: 	at com.tencent.smtt.sdk.TbsShareManager.getCoreShareDecoupleCoreVersion(Unknown Source:1)
12-25 22:53:39.042  9478  9611 W System.err: 	at com.tencent.smtt.sdk.TbsDownloader.a(Unknown Source:103)
12-25 22:53:39.042  9478  9611 W System.err: 	at com.tencent.smtt.sdk.TbsDownloader.g(Unknown Source:13)
12-25 22:53:39.042  9478  9611 W System.err: 	at com.tencent.smtt.sdk.TbsDownloader.e(Unknown Source:0)
12-25 22:53:39.042  9478  9611 W System.err: 	at com.tencent.smtt.sdk.TbsDownloader.a(Unknown Source:503)
12-25 22:53:39.042  9478  9611 W System.err: 	at com.tencent.smtt.sdk.TbsDownloader.needDownload(Unknown Source:298)
12-25 22:53:39.042  9478  9611 W System.err: 	at com.tencent.smtt.sdk.QbSdk.initX5Environment(Unknown Source:33)
12-25 22:53:39.042  9478  9611 W System.err: 	at com.xunmeng.pinduoduo.fastjs.a.b(FastJS.java:75)
12-25 22:53:39.042  9478  9611 W System.err: 	at com.xunmeng.pinduoduo.fastjs.a.a(FastJS.java:29)
12-25 22:53:39.042  9478  9611 W System.err: 	at com.xunmeng.pinduoduo.appstartup.app.AppInitialization$15.run(AppInitialization.java:318)
12-25 22:53:39.042  9478  9611 W System.err: 	at android.os.Handler.handleCallback(Handler.java:790)
12-25 22:53:39.042  9478  9611 W System.err: 	at android.os.Handler.dispatchMessage(Handler.java:99)
12-25 22:53:39.042  9478  9611 W System.err: 	at android.os.Looper.loop(Looper.java:198)
12-25 22:53:39.042  9478  9611 W System.err: 	at android.os.HandlerThread.run(HandlerThread.java:65)
12-25 22:53:39.044  9478  9611 W System.err: java.lang.NullPointerException: Attempt to invoke virtual method 'boolean java.lang.String.equals(java.lang.Object)' on a null object reference
12-25 22:53:39.044  9478  9611 W System.err: 	at com.tencent.smtt.sdk.TbsPVConfig.isEnableNoCoreGray(Unknown Source:15)
12-25 22:53:39.044  9478  9611 W System.err: 	at com.tencent.smtt.sdk.TbsShareManager.getPackageContext(Unknown Source:17)
12-25 22:53:39.044  9478  9611 W System.err: 	at com.tencent.smtt.sdk.TbsShareManager.getCoreShareDecoupleCoreVersion(Unknown Source:1)
12-25 22:53:39.044  9478  9611 W System.err: 	at com.tencent.smtt.sdk.TbsDownloader.a(Unknown Source:103)
12-25 22:53:39.044  9478  9611 W System.err: 	at com.tencent.smtt.sdk.TbsDownloader.g(Unknown Source:13)
12-25 22:53:39.044  9478  9611 W System.err: 	at com.tencent.smtt.sdk.TbsDownloader.e(Unknown Source:0)
12-25 22:53:39.044  9478  9611 W System.err: 	at com.tencent.smtt.sdk.TbsDownloader.a(Unknown Source:503)
12-25 22:53:39.044  9478  9611 W System.err: 	at com.tencent.smtt.sdk.TbsDownloader.needDownload(Unknown Source:298)
12-25 22:53:39.044  9478  9611 W System.err: 	at com.tencent.smtt.sdk.QbSdk.initX5Environment(Unknown Source:33)
12-25 22:53:39.044  9478  9611 W System.err: 	at com.xunmeng.pinduoduo.fastjs.a.b(FastJS.java:75)
12-25 22:53:39.044  9478  9611 W System.err: 	at com.xunmeng.pinduoduo.fastjs.a.a(FastJS.java:29)
12-25 22:53:39.044  9478  9611 W System.err: 	at com.xunmeng.pinduoduo.appstartup.app.AppInitialization$15.run(AppInitialization.java:318)
12-25 22:53:39.044  9478  9611 W System.err: 	at android.os.Handler.handleCallback(Handler.java:790)
12-25 22:53:39.044  9478  9611 W System.err: 	at android.os.Handler.dispatchMessage(Handler.java:99)
12-25 22:53:39.044  9478  9611 W System.err: 	at android.os.Looper.loop(Looper.java:198)
12-25 22:53:39.044  9478  9611 W System.err: 	at android.os.HandlerThread.run(HandlerThread.java:65)
12-25 22:53:39.046  9478  9611 W System.err: java.lang.NullPointerException: Attempt to invoke virtual method 'boolean java.lang.String.equals(java.lang.Object)' on a null object reference
12-25 22:53:39.046  9478  9611 W System.err: 	at com.tencent.smtt.sdk.TbsPVConfig.isDisableHostBackupCore(Unknown Source:15)
12-25 22:53:39.046  9478  9611 W System.err: 	at com.tencent.smtt.sdk.TbsDownloader.c(Unknown Source:8)
12-25 22:53:39.046  9478  9611 W System.err: 	at com.tencent.smtt.sdk.TbsDownloader.g(Unknown Source:16)
12-25 22:53:39.046  9478  9611 W System.err: 	at com.tencent.smtt.sdk.TbsDownloader.e(Unknown Source:0)
12-25 22:53:39.046  9478  9611 W System.err: 	at com.tencent.smtt.sdk.TbsDownloader.a(Unknown Source:503)
12-25 22:53:39.046  9478  9611 W System.err: 	at com.tencent.smtt.sdk.TbsDownloader.needDownload(Unknown Source:298)
12-25 22:53:39.046  9478  9611 W System.err: 	at com.tencent.smtt.sdk.QbSdk.initX5Environment(Unknown Source:33)
12-25 22:53:39.046  9478  9611 W System.err: 	at com.xunmeng.pinduoduo.fastjs.a.b(FastJS.java:75)
12-25 22:53:39.046  9478  9611 W System.err: 	at com.xunmeng.pinduoduo.fastjs.a.a(FastJS.java:29)
12-25 22:53:39.046  9478  9611 W System.err: 	at com.xunmeng.pinduoduo.appstartup.app.AppInitialization$15.run(AppInitialization.java:318)
12-25 22:53:39.046  9478  9611 W System.err: 	at android.os.Handler.handleCallback(Handler.java:790)
12-25 22:53:39.046  9478  9611 W System.err: 	at android.os.Handler.dispatchMessage(Handler.java:99)
12-25 22:53:39.046  9478  9611 W System.err: 	at android.os.Looper.loop(Looper.java:198)
12-25 22:53:39.046  9478  9611 W System.err: 	at android.os.HandlerThread.run(HandlerThread.java:65)
12-25 22:53:39.131  2369  4037 W AppOps  : Bad call: specified package com.tencent.mm under uid 10122 but it is really 10129
12-25 22:53:39.131  2369  4037 W AppOps  : java.lang.RuntimeException: here
12-25 22:53:39.131  2369  4037 W AppOps  : 	at com.android.server.AppOpsService.getOpsRawLocked(AppOpsService.java:1379)
12-25 22:53:39.131  2369  4037 W AppOps  : 	at com.android.server.AppOpsService.checkPackage(AppOpsService.java:1067)
12-25 22:53:39.131  2369  4037 W AppOps  : 	at android.app.AppOpsManager.checkPackage(AppOpsManager.java:1835)
12-25 22:53:39.131  2369  4037 W AppOps  : 	at com.android.server.StorageManagerService.mkdirs(StorageManagerService.java:3310)
12-25 22:53:39.131  2369  4037 W AppOps  : 	at android.os.storage.IStorageManager$Stub.onTransact(IStorageManager.java:432)
12-25 22:53:39.131  2369  4037 W AppOps  : 	at android.os.Binder.execTransact(Binder.java:697)
12-25 22:53:39.131  9478  9611 W ContextImpl: Failed to ensure /storage/emulated/0/Android/data/com.tencent.mm/files/backup: java.lang.SecurityException: Package com.tencent.mm does not belong to 10122
12-25 22:53:39.132  9478  9611 W System.err: java.lang.NullPointerException: Attempt to invoke virtual method 'java.lang.String java.io.File.getAbsolutePath()' on a null object reference
12-25 22:53:39.132  9478  9611 W System.err: 	at com.tencent.smtt.utils.k.a(Unknown Source:16)
12-25 22:53:39.132  9478  9611 W System.err: 	at com.tencent.smtt.utils.k.a(Unknown Source:339)
12-25 22:53:39.132  9478  9611 W System.err: 	at com.tencent.smtt.utils.k.a(Unknown Source:7)
12-25 22:53:39.132  9478  9611 W System.err: 	at com.tencent.smtt.sdk.TbsShareManager.getBackupCoreVersion(Unknown Source:9)
12-25 22:53:39.132  9478  9611 W System.err: 	at com.tencent.smtt.sdk.TbsDownloader.c(Unknown Source:26)
12-25 22:53:39.132  9478  9611 W System.err: 	at com.tencent.smtt.sdk.TbsDownloader.g(Unknown Source:16)
12-25 22:53:39.132  9478  9611 W System.err: 	at com.tencent.smtt.sdk.TbsDownloader.e(Unknown Source:0)
12-25 22:53:39.132  9478  9611 W System.err: 	at com.tencent.smtt.sdk.TbsDownloader.a(Unknown Source:503)
12-25 22:53:39.132  9478  9611 W System.err: 	at com.tencent.smtt.sdk.TbsDownloader.needDownload(Unknown Source:298)
12-25 22:53:39.132  9478  9611 W System.err: 	at com.tencent.smtt.sdk.QbSdk.initX5Environment(Unknown Source:33)
12-25 22:53:39.132  9478  9611 W System.err: 	at com.xunmeng.pinduoduo.fastjs.a.b(FastJS.java:75)
12-25 22:53:39.132  9478  9611 W System.err: 	at com.xunmeng.pinduoduo.fastjs.a.a(FastJS.java:29)
12-25 22:53:39.132  9478  9611 W System.err: 	at com.xunmeng.pinduoduo.appstartup.app.AppInitialization$15.run(AppInitialization.java:318)
12-25 22:53:39.132  9478  9611 W System.err: 	at android.os.Handler.handleCallback(Handler.java:790)
12-25 22:53:39.132  9478  9611 W System.err: 	at android.os.Handler.dispatchMessage(Handler.java:99)
12-25 22:53:39.132  9478  9611 W System.err: 	at android.os.Looper.loop(Looper.java:198)
12-25 22:53:39.132  9478  9611 W System.err: 	at android.os.HandlerThread.run(HandlerThread.java:65)
12-25 22:53:39.154  9327  9397 E Parcel  : Reading a NULL string not supported here.
12-25 22:53:39.170  9478  9611 W System.err: java.io.FileNotFoundException: File doesn't exist: /storage/emulated/0/Android/data/com.tencent.mm/files/backup/x5.tbs.org
12-25 22:53:39.170  9478  9611 W System.err: 	at java.util.zip.ZipFile.<init>(ZipFile.java:212)
12-25 22:53:39.170  9478  9611 W System.err: 	at java.util.zip.ZipFile.<init>(ZipFile.java:149)
12-25 22:53:39.170  9478  9611 W System.err: 	at java.util.jar.JarFile.<init>(JarFile.java:160)
12-25 22:53:39.170  9478  9611 W System.err: 	at java.util.jar.JarFile.<init>(JarFile.java:124)
12-25 22:53:39.170  9478  9611 W System.err: 	at com.tencent.smtt.utils.a.b(Unknown Source:6)
12-25 22:53:39.170  9478  9611 W System.err: 	at com.tencent.smtt.sdk.TbsShareManager.getBackupCoreVersion(Unknown Source:24)
12-25 22:53:39.170  9478  9611 W System.err: 	at com.tencent.smtt.sdk.TbsDownloader.c(Unknown Source:26)
12-25 22:53:39.170  9478  9611 W System.err: 	at com.tencent.smtt.sdk.TbsDownloader.g(Unknown Source:16)
12-25 22:53:39.170  9478  9611 W System.err: 	at com.tencent.smtt.sdk.TbsDownloader.e(Unknown Source:0)
12-25 22:53:39.170  9478  9611 W System.err: 	at com.tencent.smtt.sdk.TbsDownloader.a(Unknown Source:503)
12-25 22:53:39.170  9478  9611 W System.err: 	at com.tencent.smtt.sdk.TbsDownloader.needDownload(Unknown Source:298)
12-25 22:53:39.170  9478  9611 W System.err: 	at com.tencent.smtt.sdk.QbSdk.initX5Environment(Unknown Source:33)
12-25 22:53:39.170  9478  9611 W System.err: 	at com.xunmeng.pinduoduo.fastjs.a.b(FastJS.java:75)
12-25 22:53:39.170  9478  9611 W System.err: 	at com.xunmeng.pinduoduo.fastjs.a.a(FastJS.java:29)
12-25 22:53:39.170  9478  9611 W System.err: 	at com.xunmeng.pinduoduo.appstartup.app.AppInitialization$15.run(AppInitialization.java:318)
12-25 22:53:39.170  9478  9611 W System.err: 	at android.os.Handler.handleCallback(Handler.java:790)
12-25 22:53:39.170  9478  9611 W System.err: 	at android.os.Handler.dispatchMessage(Handler.java:99)
12-25 22:53:39.170  9478  9611 W System.err: 	at android.os.Looper.loop(Looper.java:198)
12-25 22:53:39.170  9478  9611 W System.err: 	at android.os.HandlerThread.run(HandlerThread.java:65)
12-25 22:53:39.190  2369  3993 W AppOps  : Bad call: specified package com.tencent.mm under uid 10122 but it is really 10129
12-25 22:53:39.190  2369  3993 W AppOps  : java.lang.RuntimeException: here
12-25 22:53:39.190  2369  3993 W AppOps  : 	at com.android.server.AppOpsService.getOpsRawLocked(AppOpsService.java:1379)
12-25 22:53:39.190  2369  3993 W AppOps  : 	at com.android.server.AppOpsService.checkPackage(AppOpsService.java:1067)
12-25 22:53:39.190  2369  3993 W AppOps  : 	at android.app.AppOpsManager.checkPackage(AppOpsManager.java:1835)
12-25 22:53:39.190  2369  3993 W AppOps  : 	at com.android.server.StorageManagerService.mkdirs(StorageManagerService.java:3310)
12-25 22:53:39.190  2369  3993 W AppOps  : 	at android.os.storage.IStorageManager$Stub.onTransact(IStorageManager.java:432)
12-25 22:53:39.190  2369  3993 W AppOps  : 	at android.os.Binder.execTransact(Binder.java:697)
12-25 22:53:39.191  9478  9611 W ContextImpl: Failed to ensure /storage/emulated/0/Android/data/com.tencent.mm/files/backup: java.lang.SecurityException: Package com.tencent.mm does not belong to 10122
12-25 22:53:39.191  9478  9611 W System.err: java.lang.NullPointerException: Attempt to invoke virtual method 'java.lang.String java.io.File.getAbsolutePath()' on a null object reference
12-25 22:53:39.192  9478  9611 W System.err: 	at com.tencent.smtt.utils.k.a(Unknown Source:16)
12-25 22:53:39.192  9478  9611 W System.err: 	at com.tencent.smtt.utils.k.a(Unknown Source:339)
12-25 22:53:39.192  9478  9611 W System.err: 	at com.tencent.smtt.utils.k.a(Unknown Source:7)
12-25 22:53:39.192  9478  9611 W System.err: 	at com.tencent.smtt.sdk.TbsShareManager.getBackupDecoupleCoreVersion(Unknown Source:9)
12-25 22:53:39.192  9478  9611 W System.err: 	at com.tencent.smtt.sdk.TbsDownloader.c(Unknown Source:101)
