12-25 22:54:43.465 10254 10254 E AndroidRuntime: 	at com.jifen.open.common.a.a.a(SourceFile:20)
12-25 22:54:43.465 10254 10254 E AndroidRuntime: 	at com.jifen.open.framework.ui.SplashActivity.onCreate(SourceFile:165)
12-25 22:54:43.465 10254 10254 E AndroidRuntime: 	at android.app.Activity.performCreate(Activity.java:7314)
12-25 22:54:43.465 10254 10254 E AndroidRuntime: 	at android.app.Activity.performCreate(Activity.java:7305)
12-25 22:54:43.465 10254 10254 E AndroidRuntime: 	at android.app.Instrumentation.callActivityOnCreate(Instrumentation.java:1215)
12-25 22:54:43.465 10254 10254 E AndroidRuntime: 	at android.app.ActivityThread.performLaunchActivity(ActivityThread.java:2948)
12-25 22:54:43.465 10254 10254 E AndroidRuntime: 	... 9 more
12-25 22:54:44.094  2369  6064 W ActivityManager:   Force finishing activity com.xiaoqiao.qclean/com.jifen.open.framework.ui.SplashActivity
12-25 22:54:44.171 19985 19985 E         : android_rutils_RUtils :: bArrSize = 51 
12-25 22:54:44.193 19985 19985 E         : android_rutils_RUtils :: bArrSize = 64 
12-25 22:54:44.216 19985 19985 E         : android_rutils_RUtils :: bArrSize = 49 
12-25 22:54:44.245  2369  2414 W zygote64: kill(-10254, 9) failed: No such process
12-25 22:54:44.248  2369  5006 W ActivityManager: app.persistent false app.isolated false app.removed false app ProcessRecord{7f91282 10254:com.xiaoqiao.qclean/u0a142}
12-25 22:54:44.254  2369  2594 W WindowManager: Failed looking up window callers=com.android.server.wm.WindowManagerService.windowForClientLocked:7085 com.android.server.wm.WindowManagerService.removeWindow:2323 com.android.server.wm.Session.remove:225 
12-25 22:54:44.256  2369  5006 E ActivityTrigger: activityResumeTrigger: not whiteListedcom.oppo.launcher/com.oppo.launcher.Launcher/3
12-25 22:54:44.256  2369  2414 W zygote64: kill(-10254, 9) failed: No such process
12-25 22:54:45.015   712   815 E ANDR-PERF-OPTSHANDLER: Perflock resource /proc/sys/kernel/sched_spill_nr_run not supported
12-25 22:54:45.015   712   815 E ANDR-PERF-RESOURCEQS: Failed to apply optimization [3, 11]
12-25 22:54:45.015   712   815 E ANDR-PERF-OPTSHANDLER: Perflock resource /proc/sys/kernel/sched_restrict_cluster_spill not supported
12-25 22:54:45.015   712   815 E ANDR-PERF-RESOURCEQS: Failed to apply optimization [3, 13]
12-25 22:54:45.017   480   480 W /system/bin/hwservicemanager: getTransport: Cannot find entry vendor.qti.hardware.iop@2.0::IIop/default in either framework or device manifest.
12-25 22:54:45.017  2369  5637 E ANDR-PERF-JNI: Iop tryGetService failed
12-25 22:54:45.018   712   815 E ANDR-PERF-OPTSHANDLER: Perflock resource /proc/sys/kernel/sched_spill_nr_run not supported
12-25 22:54:45.018   712   815 E ANDR-PERF-RESOURCEQS: Failed to apply optimization [3, 11]
12-25 22:54:45.018   712   815 E ANDR-PERF-OPTSHANDLER: Perflock resource /proc/sys/kernel/sched_restrict_cluster_spill not supported
12-25 22:54:45.018   712   815 E ANDR-PERF-RESOURCEQS: Failed to apply optimization [3, 13]
12-25 22:54:45.022  2369  5637 E ActivityTrigger: activityStartTrigger: not whiteListedcom.xiaoqiao.qclean/com.jifen.open.framework.ui.SplashActivity/10001
12-25 22:54:45.023  2369  5637 E ActivityTrigger: activityResumeTrigger: not whiteListedcom.xiaoqiao.qclean/com.jifen.open.framework.ui.SplashActivity/10001
12-25 22:54:45.032  2369  4979 E ActivityTrigger: activityResumeTrigger: not whiteListedcom.xiaoqiao.qclean/com.jifen.open.framework.ui.SplashActivity/10001
12-25 22:54:45.554  2369  3994 W SensorService: SensorEventConnection sensor handle=1, package = com.inno.innosdk.utils.q enable pid = 10800
12-25 22:54:45.555   701  2597 E qti_sensors_hal: batch:sensor(android.sensor.accelerometer) handle:1 enabled:0 flags:0x0 period_ns 66667000
12-25 22:54:45.555   701  2597 E qti_sensors_hal: batch:sensor(android.sensor.accelerometer) sample_rate=14.999925Hz report_rate_f=0.000000Hz curr sample rate:14.999925 cur rpt rate:0 max:200.000000 min:1.000000
12-25 22:54:45.679   701   872 E qti_sensors_hal: processReportInd:accel X: 0.020233 Y: 0.498917 Z: 9.680389 , timestamp = 3523549806
12-25 22:54:45.724   701   872 E qti_sensors_hal: processReportInd:accel X: 0.059464 Y: 0.596985 Z: 9.601944 , timestamp = 3523551279
12-25 22:54:45.765   701   872 E qti_sensors_hal: processReportInd:accel X: 0.020233 Y: 0.596985 Z: 9.621552 , timestamp = 3523552600
12-25 22:54:47.019   712   815 E ANDR-PERF-RESOURCEQS: Failed to reset optimization [3, 0]
12-25 22:54:47.071 13242 13429 W Bundle  : Key code expected Integer but value was a java.lang.Long.  The default value 0 was returned.
12-25 22:54:47.071 13242 13429 W Bundle  : Attempt to cast generated internal exception:
12-25 22:54:47.071 13242 13429 W Bundle  : java.lang.ClassCastException: java.lang.Long cannot be cast to java.lang.Integer
12-25 22:54:47.071 13242 13429 W Bundle  : 	at android.os.BaseBundle.getInt(BaseBundle.java:999)
12-25 22:54:47.071 13242 13429 W Bundle  : 	at android.os.BaseBundle.getInt(BaseBundle.java:981)
12-25 22:54:47.071 13242 13429 W Bundle  : 	at com.coloros.abnormalmanager.AbnormalManagerService.f(Unknown Source:44)
12-25 22:54:47.071 13242 13429 W Bundle  : 	at com.coloros.abnormalmanager.AbnormalManagerService.au(Unknown Source:0)
12-25 22:54:47.071 13242 13429 W Bundle  : 	at com.coloros.abnormalmanager.g.handleMessage(Unknown Source:67)
12-25 22:54:47.071 13242 13429 W Bundle  : 	at android.os.Handler.dispatchMessage(Handler.java:106)
12-25 22:54:47.071 13242 13429 W Bundle  : 	at android.os.Looper.loop(Looper.java:198)
12-25 22:54:47.071 13242 13429 W Bundle  : 	at android.os.HandlerThread.run(HandlerThread.java:65)
12-25 22:54:47.269 10800 10800 W System.err: java.lang.NullPointerException: Attempt to invoke virtual method 'int android.widget.RemoteViews.getLayoutId()' on a null object reference
12-25 22:54:47.269 10800 10800 W System.err: 	at com.xiaoqiao.qclean.a.a.a.e(SourceFile:218)
12-25 22:54:47.269 10800 10800 W System.err: 	at com.xiaoqiao.qclean.a.a.a.d(SourceFile:201)
12-25 22:54:47.269 10800 10800 W System.err: 	at com.xiaoqiao.qclean.a.a.a.c(SourceFile:167)
12-25 22:54:47.269 10800 10800 W System.err: 	at com.xiaoqiao.qclean.a.a.a.b(SourceFile:105)
12-25 22:54:47.269 10800 10800 W System.err: 	at com.jifen.open.framework.RZApplication.j(SourceFile:98)
12-25 22:54:47.269 10800 10800 W System.err: 	at com.jifen.open.framework.RZApplication.onCreate(SourceFile:35)
12-25 22:54:47.270 10800 10800 W System.err: 	at android.app.Instrumentation.callApplicationOnCreate(Instrumentation.java:1120)
12-25 22:54:47.270 10800 10800 W System.err: 	at android.app.ActivityThread.handleBindApplication(ActivityThread.java:6177)
12-25 22:54:47.270 10800 10800 W System.err: 	at android.app.ActivityThread.-wrap1(Unknown Source:0)
12-25 22:54:47.270 10800 10800 W System.err: 	at android.app.ActivityThread$H.handleMessage(ActivityThread.java:1841)
12-25 22:54:47.270 10800 10800 W System.err: 	at android.os.Handler.dispatchMessage(Handler.java:106)
12-25 22:54:47.270 10800 10800 W System.err: 	at android.os.Looper.loop(Looper.java:198)
12-25 22:54:47.270 10800 10800 W System.err: 	at android.app.ActivityThread.main(ActivityThread.java:7055)
12-25 22:54:47.270 10800 10800 W System.err: 	at java.lang.reflect.Method.invoke(Native Method)
12-25 22:54:47.270 10800 10800 W System.err: 	at com.android.internal.os.RuntimeInit$MethodAndArgsCaller.run(RuntimeInit.java:523)
12-25 22:54:47.270 10800 10800 W System.err: 	at com.android.internal.os.ZygoteInit.main(ZygoteInit.java:836)
12-25 22:54:47.285  2369  3977 E NotificationService: Suppressing notification from package by user request.
12-25 22:54:47.299 10800 10800 E MobclickAgent: setCatchUncaughtExceptions can not be called in child process
12-25 22:54:47.378 10800 10800 E ANR_LOG : >>> msg's executing time is too long
12-25 22:54:47.378 10800 10800 E ANR_LOG : Blocked msg = { when=-2s235ms what=110 target=android.app.ActivityThread$H obj=AppBindData{appInfo=ApplicationInfo{6b7e55f com.xiaoqiao.qclean}} } , cost  = 2181 ms
12-25 22:54:47.378 10800 10800 E ANR_LOG : >>>Current msg List is:
12-25 22:54:47.379 10800 10800 E ANR_LOG : Current msg <1>  = { when=-2s228ms what=100 target=android.app.ActivityThread$H obj=ActivityRecord{aa9cbac token=android.os.BinderProxy@9625075 {com.xiaoqiao.qclean/com.jifen.open.framework.ui.SplashActivity}} }
12-25 22:54:47.379 10800 10800 E ANR_LOG : Current msg <2>  = { when=-1s993ms what=149 target=android.app.ActivityThread$H obj=android.os.BinderProxy@9625075 }
12-25 22:54:47.379 10800 10800 E ANR_LOG : Current msg <3>  = { when=-1s838ms what=0 target=android.app.ActivityThread$H callback=android.app.-$Lambda$aS31cHIhRx41653CMnd4gZqshIQ }
12-25 22:54:47.379 10800 10800 E ANR_LOG : Current msg <4>  = { when=-1s837ms what=0 target=android.app.ActivityThread$H callback=android.app.-$Lambda$aS31cHIhRx41653CMnd4gZqshIQ }
12-25 22:54:47.379 10800 10800 E ANR_LOG : Current msg <5>  = { when=-1s836ms what=0 target=android.app.ActivityThread$H callback=android.app.-$Lambda$aS31cHIhRx41653CMnd4gZqshIQ }
12-25 22:54:47.379 10800 10800 E ANR_LOG : Current msg <6>  = { when=-1s813ms what=0 target=android.os.Handler callback=com.inno.innosdk.b.a$3 }
12-25 22:54:47.380 10800 10800 E ANR_LOG : Current msg <7>  = { when=-1s768ms what=131 target=android.app.ActivityThread$H obj=android.app.ActivityThread$ProviderRefCount@2de180a }
12-25 22:54:47.380 10800 10800 E ANR_LOG : Current msg <8>  = { when=-481ms what=0 target=android.app.ActivityThread$H callback=android.app.-$Lambda$aS31cHIhRx41653CMnd4gZqshIQ }
12-25 22:54:47.380 10800 10800 E ANR_LOG : Current msg <9>  = { when=-315ms what=1 target=android.os.AsyncTask$InternalHandler obj=android.os.AsyncTask$AsyncTaskResult@59f787b }
12-25 22:54:47.380 10800 10800 E ANR_LOG : Current msg <10>  = { when=-299ms what=0 target=android.os.Handler callback=com.android.webview.chromium.WebViewChromiumFactoryProvider$1 }
12-25 22:54:47.380 10800 10800 E ANR_LOG : >>>CURRENT MSG DUMP OVER<<<
12-25 22:54:47.385  2369  4099 W SensorService: SensorEventConnection sensor handle=1, package = com.inno.innosdk.utils.q disable
12-25 22:54:47.388 10800 10800 E Parcel  : Reading a NULL string not supported here.
12-25 22:54:47.413 10800 10896 E Parcel  : Reading a NULL string not supported here.
12-25 22:54:47.415  2369  4099 W SensorService: SensorEventConnection sensor handle=16, package = com.umeng.commonsdk.internal.utils.j enable pid = 10800
12-25 22:54:47.415   701   701 E qti_sensors_hal: MAG_FUSION enable: handle=76, freq=20.000000 report_rate=20 batch_rate=0                         batched=0 wakeup 0
12-25 22:54:47.415   701   701 E qti_sensors_hal: MAG_FUSION mag vendor is MEMSIC
12-25 22:54:47.416   701   701 E qti_sensors_hal: MAG_FUSION getChipInfo MEMSIC
12-25 22:54:47.416   701   701 E qti_sensors_hal: MAG_FUSION mag_chip_info is 200
12-25 22:54:47.418   701   908 E qti_sensors_hal: MAG_FUSION processResp: SNS_SAM_MAG_FUSION_ENABLE_RESP_V01,insID:246
12-25 22:54:47.418   701   701 E qti_sensors_hal: MAG_FUSION send_req_msg: Received response:0
12-25 22:54:47.418 10800 10888 W CrashReport: java.io.FileNotFoundException: /system/build.prop (Permission denied)
12-25 22:54:47.418 10800 10888 W CrashReport: 	at java.io.FileInputStream.open0(Native Method)
12-25 22:54:47.418 10800 10888 W CrashReport: 	at java.io.FileInputStream.open(FileInputStream.java:200)
12-25 22:54:47.418 10800 10888 W CrashReport: 	at java.io.FileInputStream.<init>(FileInputStream.java:150)
12-25 22:54:47.418 10800 10888 W CrashReport: 	at java.io.FileInputStream.<init>(FileInputStream.java:103)
12-25 22:54:47.418 10800 10888 W CrashReport: 	at java.io.FileReader.<init>(FileReader.java:58)
12-25 22:54:47.418 10800 10888 W CrashReport: 	at com.tencent.bugly.crashreport.common.info.b.q(SourceFile:320)
12-25 22:54:47.418 10800 10888 W CrashReport: 	at com.tencent.bugly.crashreport.common.info.b.a(SourceFile:379)
12-25 22:54:47.418 10800 10888 W CrashReport: 	at com.tencent.bugly.crashreport.common.info.a.r(SourceFile:509)
12-25 22:54:47.418 10800 10888 W CrashReport: 	at com.tencent.bugly.proguard.a.a(SourceFile:160)
12-25 22:54:47.418 10800 10888 W CrashReport: 	at com.tencent.bugly.crashreport.biz.a.c(SourceFile:271)
12-25 22:54:47.418 10800 10888 W CrashReport: 	at com.tencent.bugly.crashreport.biz.a.a(SourceFile:35)
12-25 22:54:47.418 10800 10888 W CrashReport: 	at com.tencent.bugly.crashreport.biz.a$2.run(SourceFile:335)
12-25 22:54:47.418 10800 10888 W CrashReport: 	at java.util.concurrent.Executors$RunnableAdapter.call(Executors.java:457)
12-25 22:54:47.418 10800 10888 W CrashReport: 	at java.util.concurrent.FutureTask.run(FutureTask.java:266)
12-25 22:54:47.418 10800 10888 W CrashReport: 	at java.util.concurrent.ScheduledThreadPoolExecutor$ScheduledFutureTask.run(ScheduledThreadPoolExecutor.java:301)
12-25 22:54:47.418 10800 10888 W CrashReport: 	at java.util.concurrent.ThreadPoolExecutor.runWorker(ThreadPoolExecutor.java:1162)
12-25 22:54:47.418 10800 10888 W CrashReport: 	at java.util.concurrent.ThreadPoolExecutor$Worker.run(ThreadPoolExecutor.java:636)
12-25 22:54:47.418 10800 10888 W CrashReport: 	at java.lang.Thread.run(Thread.java:764)
12-25 22:54:47.494 10800 10888 W CrashReport: java.io.FileNotFoundException: /proc/uptime (Permission denied)
12-25 22:54:47.494 10800 10888 W CrashReport: 	at java.io.FileInputStream.open0(Native Method)
12-25 22:54:47.494 10800 10888 W CrashReport: 	at java.io.FileInputStream.open(FileInputStream.java:200)
12-25 22:54:47.494 10800 10888 W CrashReport: 	at java.io.FileInputStream.<init>(FileInputStream.java:150)
12-25 22:54:47.494 10800 10888 W CrashReport: 	at java.io.FileInputStream.<init>(FileInputStream.java:103)
12-25 22:54:47.494 10800 10888 W CrashReport: 	at java.io.FileReader.<init>(FileReader.java:58)
12-25 22:54:47.494 10800 10888 W CrashReport: 	at com.tencent.bugly.crashreport.common.info.b.o(SourceFile:1078)
12-25 22:54:47.494 10800 10888 W CrashReport: 	at com.tencent.bugly.crashreport.common.info.a.R(SourceFile:1017)
12-25 22:54:47.494 10800 10888 W CrashReport: 	at com.tencent.bugly.proguard.a.a(SourceFile:306)
12-25 22:54:47.494 10800 10888 W CrashReport: 	at com.tencent.bugly.crashreport.biz.a.c(SourceFile:286)
12-25 22:54:47.494 10800 10888 W CrashReport: 	at com.tencent.bugly.crashreport.biz.a.a(SourceFile:35)
12-25 22:54:47.494 10800 10888 W CrashReport: 	at com.tencent.bugly.crashreport.biz.a$2.run(SourceFile:335)
12-25 22:54:47.494 10800 10888 W CrashReport: 	at java.util.concurrent.Executors$RunnableAdapter.call(Executors.java:457)
12-25 22:54:47.494 10800 10888 W CrashReport: 	at java.util.concurrent.FutureTask.run(FutureTask.java:266)
12-25 22:54:47.494 10800 10888 W CrashReport: 	at java.util.concurrent.ScheduledThreadPoolExecutor$ScheduledFutureTask.run(ScheduledThreadPoolExecutor.java:301)
12-25 22:54:47.494 10800 10888 W CrashReport: 	at java.util.concurrent.ThreadPoolExecutor.runWorker(ThreadPoolExecutor.java:1162)
12-25 22:54:47.494 10800 10888 W CrashReport: 	at java.util.concurrent.ThreadPoolExecutor$Worker.run(ThreadPoolExecutor.java:636)
12-25 22:54:47.494 10800 10888 W CrashReport: 	at java.lang.Thread.run(Thread.java:764)
12-25 22:54:47.579 10800 10800 E AndroidRuntime: FATAL EXCEPTION: main
12-25 22:54:47.579 10800 10800 E AndroidRuntime: Process: com.xiaoqiao.qclean, PID: 10800
12-25 22:54:47.579 10800 10800 E AndroidRuntime: java.lang.RuntimeException: Unable to start activity ComponentInfo{com.xiaoqiao.qclean/com.jifen.open.framework.ui.SplashActivity}: java.lang.RuntimeException: TTAdSdk is not init, please check.
12-25 22:54:47.579 10800 10800 E AndroidRuntime: 	at android.app.ActivityThread.performLaunchActivity(ActivityThread.java:2995)
12-25 22:54:47.579 10800 10800 E AndroidRuntime: 	at android.app.ActivityThread.handleLaunchActivity(ActivityThread.java:3073)
12-25 22:54:47.579 10800 10800 E AndroidRuntime: 	at android.app.ActivityThread.-wrap11(Unknown Source:0)
12-25 22:54:47.579 10800 10800 E AndroidRuntime: 	at android.app.ActivityThread$H.handleMessage(ActivityThread.java:1774)
12-25 22:54:47.579 10800 10800 E AndroidRuntime: 	at android.os.Handler.dispatchMessage(Handler.java:106)
12-25 22:54:47.579 10800 10800 E AndroidRuntime: 	at android.os.Looper.loop(Looper.java:198)
12-25 22:54:47.579 10800 10800 E AndroidRuntime: 	at android.app.ActivityThread.main(ActivityThread.java:7055)
12-25 22:54:47.579 10800 10800 E AndroidRuntime: 	at java.lang.reflect.Method.invoke(Native Method)
12-25 22:54:47.579 10800 10800 E AndroidRuntime: 	at com.android.internal.os.RuntimeInit$MethodAndArgsCaller.run(RuntimeInit.java:523)
12-25 22:54:47.579 10800 10800 E AndroidRuntime: 	at com.android.internal.os.ZygoteInit.main(ZygoteInit.java:836)
12-25 22:54:47.579 10800 10800 E AndroidRuntime: Caused by: java.lang.RuntimeException: TTAdSdk is not init, please check.
12-25 22:54:47.579 10800 10800 E AndroidRuntime: 	at com.jifen.open.common.a.a.a(SourceFile:20)
12-25 22:54:47.579 10800 10800 E AndroidRuntime: 	at com.jifen.open.framework.ui.SplashActivity.onCreate(SourceFile:165)
12-25 22:54:47.579 10800 10800 E AndroidRuntime: 	at android.app.Activity.performCreate(Activity.java:7314)
12-25 22:54:47.579 10800 10800 E AndroidRuntime: 	at android.app.Activity.performCreate(Activity.java:7305)
12-25 22:54:47.579 10800 10800 E AndroidRuntime: 	at android.app.Instrumentation.callActivityOnCreate(Instrumentation.java:1215)
12-25 22:54:47.579 10800 10800 E AndroidRuntime: 	at android.app.ActivityThread.performLaunchActivity(ActivityThread.java:2948)
12-25 22:54:47.579 10800 10800 E AndroidRuntime: 	... 9 more
12-25 22:54:47.675 10800 10800 E CrashReport: Java Crash Happen cause by main(2)
12-25 22:54:47.786 10800 10800 E CrashReport: stack frame :10, has cause true
12-25 22:54:47.812 10800 10800 E CrashReport: #++++++++++Record By Bugly++++++++++#
12-25 22:54:47.812 10800 10800 E CrashReport: # You can use Bugly(http:\\bugly.qq.com) to get more Crash Detail!
12-25 22:54:47.812 10800 10800 E CrashReport: # PKG NAME: com.xiaoqiao.qclean
12-25 22:54:47.812 10800 10800 E CrashReport: # APP VER: 1.0.0.0.1.1225.2240
12-25 22:54:47.815 10800 10800 E CrashReport: # LAUNCH TIME: 2019-12-25 22:54:47
12-25 22:54:47.815 10800 10800 E CrashReport: # CRASH TYPE: JAVA_CRASH
12-25 22:54:47.815 10800 10800 E CrashReport: # CRASH TIME: 2019-12-25 22:54:47
12-25 22:54:47.816 10800 10800 E CrashReport: # CRASH PROCESS: com.xiaoqiao.qclean
12-25 22:54:47.816 10800 10800 E CrashReport: # CRASH THREAD: main
12-25 22:54:47.816 10800 10800 E CrashReport: # REPORT ID: 6d732e21-907e-4162-84fb-27354f2315ae
12-25 22:54:47.816 10800 10800 E CrashReport: # CRASH DEVICE: PBAM00 UNROOT
12-25 22:54:47.817 10800 10800 E CrashReport: # RUNTIME AVAIL RAM:2470580224 ROM:50808786944 SD:50599071744
12-25 22:54:47.818 10800 10800 E CrashReport: # RUNTIME TOTAL RAM:3742306304 ROM:54971695104 SD:54761979904
12-25 22:54:47.818 10800 10800 E CrashReport: # CRASH STACK: 
12-25 22:54:47.818 10800 10800 E CrashReport: java.lang.RuntimeException: Unable to start activity ComponentInfo{com.xiaoqiao.qclean/com.jifen.open.framework.ui.SplashActivity}: java.lang.RuntimeException: TTAdSdk is not init, please check.
12-25 22:54:47.818 10800 10800 E CrashReport: 	at android.app.ActivityThread.performLaunchActivity(ActivityThread.java:2995)
12-25 22:54:47.818 10800 10800 E CrashReport: 	at android.app.ActivityThread.handleLaunchActivity(ActivityThread.java:3073)
12-25 22:54:47.818 10800 10800 E CrashReport: 	at android.app.ActivityThread.-wrap11(Unknown Source:0)
12-25 22:54:47.818 10800 10800 E CrashReport: 	at android.app.ActivityThread$H.handleMessage(ActivityThread.java:1774)
12-25 22:54:47.818 10800 10800 E CrashReport: 	at android.os.Handler.dispatchMessage(Handler.java:106)
12-25 22:54:47.818 10800 10800 E CrashReport: 	at android.os.Looper.loop(Looper.java:198)
12-25 22:54:47.818 10800 10800 E CrashReport: 	at android.app.ActivityThread.main(ActivityThread.java:7055)
12-25 22:54:47.818 10800 10800 E CrashReport: 	at java.lang.reflect.Method.invoke(Native Method)
12-25 22:54:47.818 10800 10800 E CrashReport: 	at com.android.internal.os.RuntimeInit$MethodAndArgsCaller.run(RuntimeInit.java:523)
12-25 22:54:47.818 10800 10800 E CrashReport: 	at com.android.internal.os.ZygoteInit.main(ZygoteInit.java:836)
12-25 22:54:47.818 10800 10800 E CrashReport: Caused by: java.lang.RuntimeException: TTAdSdk is not init, please check.
12-25 22:54:47.818 10800 10800 E CrashReport: 	at com.jifen.open.common.a.a.a(SourceFile:20)
12-25 22:54:47.818 10800 10800 E CrashReport: 	at com.jifen.open.framework.ui.SplashActivity.onCreate(SourceFile:165)
12-25 22:54:47.818 10800 10800 E CrashReport: 	at android.app.Activity.performCreate(Activity.java:7314)
12-25 22:54:47.818 10800 10800 E CrashReport: 	at android.app.Activity.performCreate(Activity.java:7305)
12-25 22:54:47.818 10800 10800 E CrashReport: 	at android.app.Instrumentation.callActivityOnCreate(Instrumentation.java:1215)
12-25 22:54:47.818 10800 10800 E CrashReport: 	at android.app.ActivityThread.performLaunchActivity(ActivityThread.java:2948)
12-25 22:54:47.818 10800 10800 E CrashReport: 	... 9 more
12-25 22:54:47.818 10800 10800 E CrashReport: #++++++++++++++++++++++++++++++++++++++++++#
12-25 22:54:47.892 10800 10800 W CrashReport: java.io.FileNotFoundException: /proc/uptime (Permission denied)
12-25 22:54:47.892 10800 10800 W CrashReport: 	at java.io.FileInputStream.open0(Native Method)
12-25 22:54:47.892 10800 10800 W CrashReport: 	at java.io.FileInputStream.open(FileInputStream.java:200)
12-25 22:54:47.892 10800 10800 W CrashReport: 	at java.io.FileInputStream.<init>(FileInputStream.java:150)
12-25 22:54:47.892 10800 10800 W CrashReport: 	at java.io.FileInputStream.<init>(FileInputStream.java:103)
12-25 22:54:47.892 10800 10800 W CrashReport: 	at java.io.FileReader.<init>(FileReader.java:58)
12-25 22:54:47.892 10800 10800 W CrashReport: 	at com.tencent.bugly.crashreport.common.info.b.o(SourceFile:1078)
12-25 22:54:47.892 10800 10800 W CrashReport: 	at com.tencent.bugly.crashreport.common.info.a.R(SourceFile:1017)
12-25 22:54:47.892 10800 10800 W CrashReport: 	at com.tencent.bugly.proguard.a.a(SourceFile:306)
12-25 22:54:47.892 10800 10800 W CrashReport: 	at com.tencent.bugly.crashreport.crash.b.a(SourceFile:482)
12-25 22:54:47.892 10800 10800 W CrashReport: 	at com.tencent.bugly.crashreport.crash.b.a(SourceFile:427)
12-25 22:54:47.892 10800 10800 W CrashReport: 	at com.tencent.bugly.crashreport.crash.e.a(SourceFile:343)
12-25 22:54:47.892 10800 10800 W CrashReport: 	at com.tencent.bugly.crashreport.crash.e.uncaughtException(SourceFile:372)
12-25 22:54:47.892 10800 10800 W CrashReport: 	at com.umeng.analytics.pro.l.uncaughtException(SourceFile:37)
12-25 22:54:47.892 10800 10800 W CrashReport: 	at java.lang.ThreadGroup.uncaughtException(ThreadGroup.java:1068)
12-25 22:54:47.892 10800 10800 W CrashReport: 	at java.lang.ThreadGroup.uncaughtException(ThreadGroup.java:1063)
12-25 22:54:47.892 10800 10800 W CrashReport: 	at java.lang.Thread.dispatchUncaughtException(Thread.java:1955)
12-25 22:54:48.387 10800 10846 W OkHttpClient: A connection to http://rcv.aiclk.com/ was leaked. Did you forget to close a response body?
12-25 22:54:48.562 10800 10800 E CrashReport: sys default last handle start!
12-25 22:54:48.569  2369  3977 W ActivityManager:   Force finishing activity com.xiaoqiao.qclean/com.jifen.open.framework.ui.SplashActivity
12-25 22:54:48.599 19985 19985 E         : android_rutils_RUtils :: bArrSize = 51 
12-25 22:54:48.618 19985 19985 E         : android_rutils_RUtils :: bArrSize = 64 
12-25 22:54:48.637 19985 19985 E         : android_rutils_RUtils :: bArrSize = 49 
12-25 22:54:48.720  2369  2414 W zygote64: kill(-10800, 9) failed: No such process
12-25 22:54:48.721   701  2597 E qti_sensors_hal: MAG_FUSION enable: Disabling sensor handle=76
12-25 22:54:48.722   701   908 E qti_sensors_hal: MAG_FUSION processResp: Received SNS_SAM_MAG_FUSION_UPDATE_RESP_V01
12-25 22:54:48.722   701  2597 E qti_sensors_hal: MAG_FUSION send_req_msg: Received response:0
12-25 22:54:48.723   701   908 E qti_sensors_hal: MAG_FUSION processResp: Received SNS_SAM_MAG_FUSION_CANCEL/CLOSE_RESP_V01
12-25 22:54:48.723   701  2597 E qti_sensors_hal: MAG_FUSION send_req_msg: Received response:0
12-25 22:54:48.723  2369  4099 W ActivityManager: app.persistent false app.isolated false app.removed false app ProcessRecord{e83601c 10800:com.xiaoqiao.qclean/u0a142}
12-25 22:54:48.735  2369  4099 E ActivityTrigger: activityResumeTrigger: not whiteListedcom.oppo.launcher/com.oppo.launcher.Launcher/3
12-25 22:54:48.917  2369  2414 W zygote64: kill(-9670, 9) failed: No such process
12-25 22:54:48.920  2369  5389 W ActivityManager: app.persistent false app.isolated false app.removed true app ProcessRecord{1090eb0 9670:com.xiaoqiao.qclean:pushservice/u0a142}
12-25 22:54:48.927  2369  2414 W zygote64: kill(-9670, 9) failed: No such process
12-25 22:54:48.937  2369  2414 W zygote64: kill(-9670, 9) failed: No such process
12-25 22:54:48.947  2369  2414 W zygote64: kill(-9670, 9) failed: No such process
12-25 22:54:48.954  2369  8301 W ActivityManager: app.persistent false app.isolated true app.removed false app ProcessRecord{63901b0 10297:com.google.android.webview:sandboxed_process0/u0a142i142}
12-25 22:54:48.967  2369  2414 W zygote64: kill(-9670, 9) failed: No such process
12-25 22:54:49.017  2369  2414 W zygote64: kill(-9670, 9) failed: No such process
12-25 22:54:49.017  2369  2414 W zygote64: Failed to open process cgroup uid 99142 pid 10297: No such file or directory
12-25 22:54:49.017  2369  2414 E zygote64: Error encountered killing process cgroup uid 99142 pid 10297: No such file or directory
12-25 22:54:49.947 14141 14141 E PhoneState: iconId is 0android.widget.ImageView{2966d93 G.ED..... ......I. 0,0-0,0 #7f140113 app:id/mobile_type}
12-25 22:54:49.948 14141 14141 E PhoneState: iconId is 0android.widget.ImageView{221a1d0 G.ED..... ......I. 0,0-0,0 #7f140257 app:id/data_inout}
12-25 22:54:52.542 14141 14141 E PhoneState: iconId is 0android.widget.ImageView{2966d93 G.ED..... ......I. 0,0-0,0 #7f140113 app:id/mobile_type}
12-25 22:54:52.542 14141 14141 E PhoneState: iconId is 0android.widget.ImageView{221a1d0 G.ED..... ......I. 0,0-0,0 #7f140257 app:id/data_inout}
12-25 22:54:52.838  2369  2594 W AppOps  : Finishing op nesting under-run: uid 1000 pkg com.coloros.oppoguardelf code 24 time=0 duration=0 nesting=0
12-25 22:54:57.829   701   935 E qti_sensors_hal: Thresh  reportSingleEvent: prox data: data[0] = 0.000000, data[1] = 151.000000, distance = 0.000000, timestamp = 3523947877
12-25 22:55:01.732   701   935 E qti_sensors_hal: Thresh  reportSingleEvent: prox data: data[0] = 5.000305, data[1] = 88.000000, distance = 5.000305, timestamp = 3524075759
12-25 22:55:02.021  2369  2424 E BatteryExternalStatsWorker: no controller energy info supplied for bluetooth
12-25 22:55:02.039  2369  2424 E KernelUidCpuTimeReader: Malformed cpu data for UID=10142!
12-25 22:55:02.039  2369  2424 E KernelUidCpuTimeReader: Time between reads: +13s78ms
12-25 22:55:02.039  2369  2424 E KernelUidCpuTimeReader: Previous times: u=+2m57s880ms s=+36s760ms
12-25 22:55:02.039  2369  2424 E KernelUidCpuTimeReader: Current times: u=+2m56s590ms s=+36s480ms
12-25 22:55:02.039  2369  2424 E KernelUidCpuTimeReader: Delta: u=-1s290ms s=-280ms
12-25 22:55:02.108 19197 19197 W Cloud.SyncPolicy: loopTaskPools qualifiedRequests is empty
12-25 22:55:02.156  2369  2413 W BroadcastQueue: Background execution not allowed: receiving Intent { act=android.intent.action.ACTION_POWER_CONNECTED flg=0x4100010 (has extras) } to com.xunmeng.pinduoduo/.lifecycle.receiver.SystemReceiver
12-25 22:55:02.257 10959 10959 W GalleryUtils: getContainerUserStatus exception:java.lang.ClassNotFoundException: com.thundersoft.security.ContainerManager
12-25 22:55:02.374 10959 10959 W RecycleProvider: DatabaseHelper: /.ColorOSGalleryRecycler
12-25 22:55:02.378 10959 10959 W AlbumsProvider: attachInfo
12-25 22:55:02.397  2369  2413 W BroadcastQueue: Background execution not allowed: receiving Intent { act=android.intent.action.MEDIA_SCANNER_STARTED dat=file:///system/media flg=0x80010 } to com.tencent.mm/.booter.MountReceiver
12-25 22:55:02.414 10959 10977 W LabelCloudHelper: isExistCloudDictionary, path is not directory!
12-25 22:55:02.492  1595 18531 E MediaExtractor: Trace connect 0xe5210160 0xe381a7c0
12-25 22:55:02.496  1595 18531 E MediaExtractor: Fail to force use ffmpeg because meta is null, return origin extractor.
12-25 22:55:02.515  1592 25284 W MediaAnalyticsItem: Unable to record: (extractor:0:-1:-11:0:3:android.media.mediaextractor.fmt=OggExtractor:android.media.mediaextractor.ntrk=1:android.media.mediaextractor.mime=application/ogg:) [forcenew=0]
12-25 22:55:02.571  1595  4219 E MediaExtractor: Trace connect 0xe38187c0 0xe381a980
12-25 22:55:02.575  1595  4219 E MediaExtractor: Fail to force use ffmpeg because meta is null, return origin extractor.
12-25 22:55:02.580  1592 25284 W MediaAnalyticsItem: Unable to record: (extractor:0:-1:-11:0:3:android.media.mediaextractor.fmt=OggExtractor:android.media.mediaextractor.ntrk=1:android.media.mediaextractor.mime=application/ogg:) [forcenew=0]
12-25 22:55:02.635  1595  8217 E MediaExtractor: Trace connect 0xe52103c0 0xe381a580
12-25 22:55:02.642  1595  8217 E MediaExtractor: Fail to force use ffmpeg because meta is null, return origin extractor.
12-25 22:55:02.651  1592 25284 W MediaAnalyticsItem: Unable to record: (extractor:0:-1:-11:0:3:android.media.mediaextractor.fmt=OggExtractor:android.media.mediaextractor.ntrk=1:android.media.mediaextractor.mime=application/ogg:) [forcenew=0]
12-25 22:55:02.700  5194 23624 E MediaTraceUtil: writeTraceToFile trace is null or size is 0.so return
12-25 22:55:02.718  2369  2413 W BroadcastQueue: Background execution not allowed: receiving Intent { act=android.intent.action.MEDIA_SCANNER_FINISHED dat=file:///system/media flg=0x80010 } to com.tencent.mm/.booter.MountReceiver
12-25 22:55:02.731  2369  2413 W BroadcastQueue: Background execution not allowed: receiving Intent { act=android.intent.action.MEDIA_SCANNER_STARTED dat=file:///storage/emulated/0 flg=0x80010 } to com.tencent.mm/.booter.MountReceiver
12-25 22:55:02.754  5194 10978 W MediaScanner: prescan, Libcore.os.access failed, path=/storage/emulated/0/Android/data/com.xiaoqiao.qclean/files/tbslog error: android.system.ErrnoException: access failed: ENOENT (No such file or directory)
12-25 22:55:02.755  5194 10978 W MediaScanner: prescan, Libcore.os.access failed, path=/storage/emulated/0/Android/data/com.xiaoqiao.qclean/files/backup error: android.system.ErrnoException: access failed: ENOENT (No such file or directory)
12-25 22:55:02.756  5194 10978 W MediaScanner: prescan, Libcore.os.access failed, path=/storage/emulated/0/Android/data/com.xiaoqiao.qclean/files/tbslog/tbslog.txt error: android.system.ErrnoException: access failed: ENOENT (No such file or directory)
12-25 22:55:02.769  5194 10978 W MediaScanner: prescan, Libcore.os.access failed, path=/storage/emulated/0/Android/data/com.nearme.themespace/files/cache/offline/1e2af5103ed77f0841d42ce69e000f69.0 error: android.system.ErrnoException: access failed: ENOENT (No such file or directory)
12-25 22:55:02.770  5194 10978 W MediaScanner: prescan, Libcore.os.access failed, path=/storage/emulated/0/Android/data/com.nearme.themespace/files/cache/offline/33b7bcd6fbf7e9e7eb4b555670ddb6f5.0 error: android.system.ErrnoException: access failed: ENOENT (No such file or directory)
12-25 22:55:02.770  5194 10978 W MediaScanner: prescan, Libcore.os.access failed, path=/storage/emulated/0/Android/data/com.nearme.themespace/files/cache/offline/0719beb6cc047ae693dce0c356538c74.0 error: android.system.ErrnoException: access failed: ENOENT (No such file or directory)
12-25 22:55:02.770  5194 10978 W MediaScanner: prescan, Libcore.os.access failed, path=/storage/emulated/0/Android/data/com.nearme.themespace/files/cache/offline/add879b0281d444fc684f5eb62e5cf77.0 error: android.system.ErrnoException: access failed: ENOENT (No such file or directory)
12-25 22:55:02.770  5194 10978 W MediaScanner: prescan, Libcore.os.access failed, path=/storage/emulated/0/Android/data/com.nearme.themespace/files/cache/offline/9ff1b0be16e56ee45f38796680850c7f.0 error: android.system.ErrnoException: access failed: ENOENT (No such file or directory)
12-25 22:55:02.770  5194 10978 W MediaScanner: prescan, Libcore.os.access failed, path=/storage/emulated/0/Android/data/com.nearme.themespace/files/cache/cache_gslb/3097652122a7cdcd21a84beb78109fa1.0 error: android.system.ErrnoException: access failed: ENOENT (No such file or directory)
12-25 22:55:02.771  5194 10978 W MediaScanner: prescan, Libcore.os.access failed, path=/storage/emulated/0/Android/data/com.nearme.themespace/files/cache/cache_gslb/a01048f587b01c19051513eec775d8a0.0 error: android.system.ErrnoException: access failed: ENOENT (No such file or directory)
12-25 22:55:02.782  5194 10978 W MediaScanner: prescan, Libcore.os.access failed, path=/storage/emulated/0/tencent/MicroMsg/b5c09d3c831e6e69b2304711fb4583f1/mailapp/addr error: android.system.ErrnoException: access failed: ENOENT (No such file or directory)
12-25 22:55:02.783  5194 10978 W MediaScanner: prescan, Libcore.os.access failed, path=/storage/emulated/0/tencent/MicroMsg/b5c09d3c831e6e69b2304711fb4583f1/mailapp/draft error: android.system.ErrnoException: access failed: ENOENT (No such file or directory)
12-25 22:55:02.783  5194 10978 W MediaScanner: prescan, Libcore.os.access failed, path=/storage/emulated/0/tencent/MicroMsg/b5c09d3c831e6e69b2304711fb4583f1/mailapp/http error: android.system.ErrnoException: access failed: ENOENT (No such file or directory)
12-25 22:55:02.785  5194 10978 W MediaScanner: prescan, Libcore.os.access failed, path=/storage/emulated/0/ColorOS/Browser/Download/qclean.apk error: android.system.ErrnoException: access failed: ENOENT (No such file or directory)
12-25 22:55:02.785  5194 10978 W MediaScanner: prescan, Libcore.os.access failed, path=/storage/emulated/0/ColorOS/Browser/Download/qclean-1.apk error: android.system.ErrnoException: access failed: ENOENT (No such file or directory)
12-25 22:55:02.785  5194 10978 W MediaScanner: prescan, Libcore.os.access failed, path=/storage/emulated/0/ColorOS/Browser/Download/quhuyan.apk error: android.system.ErrnoException: access failed: ENOENT (No such file or directory)
12-25 22:55:02.785  5194 10978 W MediaScanner: prescan, Libcore.os.access failed, path=/storage/emulated/0/ColorOS/Browser/Download/qclean-2.apk error: android.system.ErrnoException: access failed: ENOENT (No such file or directory)
12-25 22:55:03.527 10959 10983 W GalleryCommonListConfig: loadConfig, permission unavailable, cancel updating
12-25 22:55:03.550 10959 10983 W MemoriesProviderHelper: syncMeta, metaList is empty!
12-25 22:55:03.553 10959 10983 W MemoriesProviderHelper: syncSet, setCursor is null!
12-25 22:55:03.593 10959 10983 W GroupHelper: loadAllGroupEntries: cursor is null!
12-25 22:55:03.623 10959 10983 W GalleryScanProviderHelper: deleteMediaFile, fileList is empty!
12-25 22:55:03.624 10959 10983 W GalleryTraceUtil: bulkTraceStatistics, fileList is empty!
12-25 22:55:03.624 10959 10983 E RecycleDataManager: notifyDirty image&video uri
12-25 22:55:03.799  5194 11003 E MtpServer: MtpServer start new driver!tmp=0
12-25 22:55:03.817  2369  2411 E NotificationService: Suppressing notification from package by user request.
12-25 22:55:03.818  2369  2411 W ActivityManager: postNotification return because text and title null or empty 
12-25 22:55:04.005  5194 11003 E MtpServer: request read returned -1, errno: 5
12-25 22:55:04.029 14141 14141 E PhoneState: iconId is 0android.widget.ImageView{2966d93 G.ED..... ......I. 0,0-0,0 #7f140113 app:id/mobile_type}
12-25 22:55:04.029 14141 14141 E PhoneState: iconId is 0android.widget.ImageView{221a1d0 G.ED..... ......I. 0,0-0,0 #7f140257 app:id/data_inout}
12-25 22:55:04.129 10959 11007 W BucketHelper: loadBucketEntries, loadTime: 80
12-25 22:55:04.138 10959 11007 W MemoriesHelper: loadAllMemoriesEntries: cursor is null!
12-25 22:55:05.557 14141 14141 E PhoneState: iconId is 0android.widget.ImageView{2966d93 G.ED..... ......I. 0,0-0,0 #7f140113 app:id/mobile_type}
12-25 22:55:05.557 14141 14141 E PhoneState: iconId is 0android.widget.ImageView{221a1d0 G.ED..... ......I. 0,0-0,0 #7f140257 app:id/data_inout}
12-25 22:55:05.754  2369  2594 W AppOps  : Finishing op nesting under-run: uid 1000 pkg com.coloros.usbselection code 24 time=0 duration=0 nesting=0
12-25 22:55:06.262  2369  2411 W ActivityManager: postNotification return because text and title null or empty 
12-25 22:55:06.265  5194 11037 E MtpServer: MtpServer start new driver!tmp=0
12-25 22:55:06.433  5194 23624 E MediaTraceUtil: writeTraceToFile trace is null or size is 0.so return
12-25 22:55:07.007  4682  4686 E elsa    : ERROR  [addCgroupTask,line:389] Failed to add the pid:15401 to cgroup elsa_bg, fd = 34
12-25 22:55:07.008  4682  4686 E elsa    : ERROR  [addCgroupTask,line:389] Failed to add the pid:20318 to cgroup elsa_bg, fd = 34
12-25 22:55:07.008  4682  4686 E elsa    : ERROR  [addCgroupTask,line:389] Failed to add the pid:4355 to cgroup elsa_bg, fd = 34
12-25 22:55:07.014  4682  4686 W elsa    : WARNING  mobile charging state, gIsPowered = 1
12-25 22:55:07.014  4682  4686 W elsa    : WARNING  UidStatisticGlobal::flushRecordToFile, line = 471, Record = 0
12-25 22:55:07.421 10959 10983 W AttrsUtils: getAttrInternal cursor == null
12-25 22:55:07.422 10959 10983 E ResponseRemoteGroup: getState catch AttrNotFoundException = com.oppo.gallery3d.provider.AttrsProvider$a: response_group_state
12-25 22:55:07.422 10959 10983 E ResponseRemoteGroup: getState null as state wrong
12-25 22:55:07.425 10959 10983 W AttrsUtils: getAttrInternal cursor == null
12-25 22:55:07.427 10959 10983 E RequestRemoteGroup: getState catch AttrNotFoundException = com.oppo.gallery3d.provider.AttrsProvider$a: request_group_state
12-25 22:55:07.427 10959 10983 E RequestRemoteGroup: getState null as state wrong
12-25 22:55:08.434  2369  2413 W BroadcastQueue: Background execution not allowed: receiving Intent { act=android.intent.action.MEDIA_SCANNER_FINISHED dat=file:///storage/emulated/0 flg=0x80010 } to com.tencent.mm/.booter.MountReceiver
12-25 22:55:08.437  5194 23624 E MediaTraceUtil: writeTraceToFile trace is null or size is 0.so return
12-25 22:55:14.144 10782 10783 E rutils  : releaseProcess gCount = 0
12-25 22:55:16.330  2369  2414 W zygote64: kill(-9884, 9) failed: No such process
12-25 22:55:16.333  2369  5639 W ActivityManager: app.persistent false app.isolated false app.removed false app ProcessRecord{9bd3e3a 9884:com.coloros.gesture/1000}
12-25 22:55:16.864  4954  4954 W ContextImpl: Implicit intents with startService are not safe: Intent { act=com.coloros.gesture.ColorAppServicesManagerClient } android.content.ContextWrapper.bindServiceAsUser:702 com.coloros.appmanager.b.b:142 com.coloros.appmanager.d.handleMessage:56 
12-25 22:55:59.063  2369  5633 E ActivityTrigger: activityResumeTrigger: not whiteListedcom.coloros.recents/com.coloros.recents.RecentsActivity/306
12-25 22:55:59.188 14141 14141 E PhoneState: iconId is 0android.widget.ImageView{2966d93 G.ED..... ......I. 0,0-0,0 #7f140113 app:id/mobile_type}
12-25 22:55:59.188 14141 14141 E PhoneState: iconId is 0android.widget.ImageView{221a1d0 G.ED..... ......I. 0,0-0,0 #7f140257 app:id/data_inout}
12-25 22:56:00.024  2369  5403 E ActivityTrigger: activityResumeTrigger: not whiteListedcom.oppo.launcher/com.oppo.launcher.Launcher/3
12-25 22:56:00.139 14141 14141 E PhoneState: iconId is 0android.widget.ImageView{2966d93 G.ED..... ......I. 0,0-0,0 #7f140113 app:id/mobile_type}
12-25 22:56:00.139 14141 14141 E PhoneState: iconId is 0android.widget.ImageView{221a1d0 G.ED..... ......I. 0,0-0,0 #7f140257 app:id/data_inout}
12-25 22:56:01.270   712   815 E ANDR-PERF-MPCTL: Invalid profile no. 0, total profiles 0 only
12-25 22:56:01.271   712   815 E ANDR-PERF-OPTSHANDLER: Perflock resource /proc/sys/kernel/sched_spill_nr_run not supported
12-25 22:56:01.271   712   815 E ANDR-PERF-RESOURCEQS: Failed to apply optimization [3, 11]
12-25 22:56:01.271   712   815 E ANDR-PERF-OPTSHANDLER: Perflock resource /proc/sys/kernel/sched_restrict_cluster_spill not supported
12-25 22:56:01.271   712   815 E ANDR-PERF-RESOURCEQS: Failed to apply optimization [3, 13]
12-25 22:56:01.272   480   480 W /system/bin/hwservicemanager: getTransport: Cannot find entry vendor.qti.hardware.iop@2.0::IIop/default in either framework or device manifest.
12-25 22:56:01.273  2369  4022 E ANDR-PERF-JNI: Iop tryGetService failed
12-25 22:56:01.274   712   815 E ANDR-PERF-OPTSHANDLER: Perflock resource /proc/sys/kernel/sched_spill_nr_run not supported
12-25 22:56:01.274   712   815 E ANDR-PERF-RESOURCEQS: Failed to apply optimization [3, 11]
12-25 22:56:01.274   712   815 E ANDR-PERF-OPTSHANDLER: Perflock resource /proc/sys/kernel/sched_restrict_cluster_spill not supported
12-25 22:56:01.274   712   815 E ANDR-PERF-RESOURCEQS: Failed to apply optimization [3, 13]
12-25 22:56:01.279  2369  4022 E ActivityTrigger: activityStartTrigger: not whiteListedcom.xiaoqiao.qclean/com.jifen.open.framework.ui.SplashActivity/10001
12-25 22:56:01.280  2369  4022 E ActivityTrigger: activityResumeTrigger: not whiteListedcom.xiaoqiao.qclean/com.jifen.open.framework.ui.SplashActivity/10001
12-25 22:56:01.289  2369  9797 E ActivityTrigger: activityResumeTrigger: not whiteListedcom.xiaoqiao.qclean/com.jifen.open.framework.ui.SplashActivity/10001
12-25 22:56:01.481 11121 11121 W QPerf.HandlerThread: warning: create new handler thread with name qperf_time_update_thread, alive thread size:1
12-25 22:56:01.607 11121 11121 W QuKan   : QKServiceManager.add service key is Class! -> interface com.jifen.open.common.k.c
12-25 22:56:01.608 11121 11121 W QuKan   : QKServiceManager.add service key is Class! -> interface com.zheyun.bumblebee.video.timer.service.a
12-25 22:56:01.609 11121 11121 W QuKan   : QKServiceManager.add service key is Class! -> interface com.jifen.open.common.abswitch.a
12-25 22:56:01.609 11121 11121 W QuKan   : QKServiceManager.add service key is Class! -> interface com.jifen.open.qbase.a
12-25 22:56:01.610 11121 11121 W QuKan   : QKServiceManager.add service key is Class! -> interface com.jifen.platform.datatracker.IDataTrackerProvider
12-25 22:56:01.610 11121 11121 W QuKan   : QKServiceManager.add service key is Class! -> interface com.jifen.open.biz.login.c.a
12-25 22:56:01.611 11121 11121 W QuKan   : QKServiceManager.add service key is Class! -> interface com.jifen.open.biz.login.ui.b
12-25 22:56:01.611 11121 11121 W QuKan   : QKServiceManager.add service key is Class! -> interface com.jifen.open.biz.login.ui.c
12-25 22:56:01.611 11121 11121 W QuKan   : QKServiceManager.add service key is Class! -> interface com.jifen.open.qbase.d.a
12-25 22:56:01.612 11121 11121 W QuKan   : QKServiceManager.add service key is Class! -> interface com.jifen.open.qbase.player.a
12-25 22:56:01.612 11121 11121 W QuKan   : QKServiceManager.add service key is Class! -> interface com.jifen.qu.open.web.qruntime.IQWebProvider
12-25 22:56:01.613 11121 11121 W QuKan   : QKServiceManager.add service key is Class! -> interface com.jifen.bridge.IBridgeProvider
12-25 22:56:01.613 11121 11121 W QuKan   : QKServiceManager.add service key is Class! -> interface com.jifen.open.qbase.player.b
12-25 22:56:01.614 11121 11121 W QuKan   : QKServiceManager.add service key is Class! -> interface com.jifen.qukan.ad.js.a
12-25 22:56:01.615 11121 11121 W QuKan   : QKServiceManager.add service key is Class! -> interface com.jifen.qukan.ad.taskcenter.c
12-25 22:56:01.615 11121 11121 W QuKan   : QKServiceManager.add service key is Class! -> interface com.jifen.qukan.ad.adservice.a
12-25 22:56:01.616 11121 11121 W QuKan   : QKServiceManager.add service key is Class! -> interface com.jifen.qukan.ad.feeds.feedsvideo.b
12-25 22:56:01.616 11121 11121 W QuKan   : QKServiceManager.get service key is Class! -> interface com.jifen.platform.datatracker.IDataTrackerProvider
12-25 22:56:01.617 11121 11121 W QuKan   : QKServiceManager.get service key is Class! -> interface com.jifen.open.qbase.a
12-25 22:56:01.689 11121 11121 W QuKan   : QKServiceManager.get service key is Class! -> interface com.jifen.open.qbase.a
12-25 22:56:01.774 11121 11121 E Parcel  : Reading a NULL string not supported here.
12-25 22:56:01.783 11121 11121 E Parcel  : Reading a NULL string not supported here.
12-25 22:56:01.785 11121 11121 E Parcel  : Reading a NULL string not supported here.
12-25 22:56:01.787  2369  4022 W SensorService: SensorEventConnection sensor handle=1, package = com.inno.innosdk.utils.q enable pid = 11121
12-25 22:56:01.787   701   701 E qti_sensors_hal: batch:sensor(android.sensor.accelerometer) handle:1 enabled:0 flags:0x0 period_ns 66667000
12-25 22:56:01.788   701   701 E qti_sensors_hal: batch:sensor(android.sensor.accelerometer) sample_rate=14.999925Hz report_rate_f=0.000000Hz curr sample rate:14.999925 cur rpt rate:0 max:200.000000 min:1.000000
12-25 22:56:01.817 11121 11121 W System.err: java.lang.ClassNotFoundException: com.jifen.framework.router.Module_allsparkExtends
12-25 22:56:01.818 11121 11121 W System.err: 	at java.lang.Class.classForName(Native Method)
12-25 22:56:01.818 11121 11121 W System.err: 	at java.lang.Class.forName(Class.java:453)
12-25 22:56:01.818 11121 11121 W System.err: 	at java.lang.Class.forName(Class.java:378)
12-25 22:56:01.819 11121 11121 W System.err: 	at com.jifen.framework.router.support.AptManager.registerExtends(SourceFile:22)
12-25 22:56:01.819 11121 11121 W System.err: 	at com.jifen.framework.router.Router.initialize(SourceFile:36)
12-25 22:56:01.819 11121 11121 W System.err: 	at com.jifen.open.qbase.MultiDexApplication.o(SourceFile:306)
12-25 22:56:01.819 11121 11121 W System.err: 	at com.jifen.open.qbase.MultiDexApplication.onCreate(SourceFile:93)
12-25 22:56:01.819 11121 11121 W System.err: 	at com.jifen.open.common.base.BaseApplication.onCreate(SourceFile:82)
12-25 22:56:01.820 11121 11121 W System.err: 	at com.jifen.open.framework.RZApplication.onCreate(SourceFile:29)
12-25 22:56:01.820 11121 11121 W System.err: 	at android.app.Instrumentation.callApplicationOnCreate(Instrumentation.java:1120)
12-25 22:56:01.820 11121 11121 W System.err: 	at android.app.ActivityThread.handleBindApplication(ActivityThread.java:6177)
12-25 22:56:01.820 11121 11121 W System.err: 	at android.app.ActivityThread.-wrap1(Unknown Source:0)
12-25 22:56:01.820 11121 11121 W System.err: 	at android.app.ActivityThread$H.handleMessage(ActivityThread.java:1841)
12-25 22:56:01.821 11121 11121 W System.err: 	at android.os.Handler.dispatchMessage(Handler.java:106)
12-25 22:56:01.821 11121 11121 W System.err: 	at android.os.Looper.loop(Looper.java:198)
12-25 22:56:01.821 11121 11121 W System.err: 	at android.app.ActivityThread.main(ActivityThread.java:7055)
12-25 22:56:01.821 11121 11121 W System.err: 	at java.lang.reflect.Method.invoke(Native Method)
12-25 22:56:01.821 11121 11121 W System.err: 	at com.android.internal.os.RuntimeInit$MethodAndArgsCaller.run(RuntimeInit.java:523)
12-25 22:56:01.822 11121 11121 W System.err: 	at com.android.internal.os.ZygoteInit.main(ZygoteInit.java:836)
12-25 22:56:01.822 11121 11121 W System.err: Caused by: java.lang.ClassNotFoundException: Didn't find class "com.jifen.framework.router.Module_allsparkExtends" on path: DexPathList[[zip file "/data/app/com.xiaoqiao.qclean-qisbKjpyS8rdd2RV-Bpo7w==/base.apk"],nativeLibraryDirectories=[/data/app/com.xiaoqiao.qclean-qisbKjpyS8rdd2RV-Bpo7w==/lib/arm, /data/app/com.xiaoqiao.qclean-qisbKjpyS8rdd2RV-Bpo7w==/base.apk!/lib/armeabi-v7a, /system/lib, /vendor/lib]]
12-25 22:56:01.822 11121 11121 W System.err: 	at dalvik.system.BaseDexClassLoader.findClass(BaseDexClassLoader.java:125)
12-25 22:56:01.823 11121 11121 W System.err: 	at java.lang.ClassLoader.loadClass(ClassLoader.java:379)
12-25 22:56:01.823 11121 11121 W System.err: 	at java.lang.ClassLoader.loadClass(ClassLoader.java:312)
12-25 22:56:01.823 11121 11121 W System.err: 	... 19 more
12-25 22:56:01.823 11121 11121 W QuKan   : QKServiceManager.get service key is Class! -> interface com.jifen.open.qbase.d.a
12-25 22:56:01.824 11121 11121 W QuKan   : QKServiceManager.get service key is Class! -> interface com.jifen.open.qbase.player.a
12-25 22:56:01.824 11121 11121 W QuKan   : QKServiceManager.get service key is Class! -> interface com.jifen.open.qbase.player.a
12-25 22:56:01.825 11121 11121 W QuKan   : QKServiceManager.get service key is Class! -> interface com.jifen.open.qbase.a
12-25 22:56:01.835 11121 11121 W QuKan   : QKServiceManager.get service key is Class! -> interface com.jifen.open.qbase.a
12-25 22:56:01.875 11121 11121 W System.err: java.lang.NoSuchMethodException: getMiddleStageCPCJSBridge [class android.content.Context, interface java.util.Map, interface com.iclicash.advlib.__remote__.framework.Ch4omeFw.ICh4omeLike]
12-25 22:56:01.876 11121 11121 W System.err: 	at java.lang.Class.getMethod(Class.java:2068)
12-25 22:56:01.876 11121 11121 W System.err: 	at java.lang.Class.getDeclaredMethod(Class.java:2047)
12-25 22:56:01.876 11121 11121 W System.err: 	at com.jifen.qu.open.QApp.registerCpcSelfApi(SourceFile:130)
12-25 22:56:01.876 11121 11121 W System.err: 	at com.jifen.qu.open.QApp.initJSApiResolver(SourceFile:120)
12-25 22:56:01.876 11121 11121 W System.err: 	at com.jifen.qu.open.QApp.init(SourceFile:90)
12-25 22:56:01.877 11121 11121 W System.err: 	at com.jifen.qu.open.QApp.init(SourceFile:103)
12-25 22:56:01.877 11121 11121 W System.err: 	at com.jifen.open.qbase.MultiDexApplication.k(SourceFile:285)
12-25 22:56:01.877 11121 11121 W System.err: 	at com.jifen.open.qbase.MultiDexApplication.onCreate(SourceFile:99)
12-25 22:56:01.877 11121 11121 W System.err: 	at com.jifen.open.common.base.BaseApplication.onCreate(SourceFile:82)
