12-25 22:56:01.877 11121 11121 W System.err: 	at com.jifen.open.framework.RZApplication.onCreate(SourceFile:29)
12-25 22:56:01.878 11121 11121 W System.err: 	at android.app.Instrumentation.callApplicationOnCreate(Instrumentation.java:1120)
12-25 22:56:01.878 11121 11121 W System.err: 	at android.app.ActivityThread.handleBindApplication(ActivityThread.java:6177)
12-25 22:56:01.878 11121 11121 W System.err: 	at android.app.ActivityThread.-wrap1(Unknown Source:0)
12-25 22:56:01.878 11121 11121 W System.err: 	at android.app.ActivityThread$H.handleMessage(ActivityThread.java:1841)
12-25 22:56:01.878 11121 11121 W System.err: 	at android.os.Handler.dispatchMessage(Handler.java:106)
12-25 22:56:01.878 11121 11121 W System.err: 	at android.os.Looper.loop(Looper.java:198)
12-25 22:56:01.879 11121 11121 W System.err: 	at android.app.ActivityThread.main(ActivityThread.java:7055)
12-25 22:56:01.879 11121 11121 W System.err: 	at java.lang.reflect.Method.invoke(Native Method)
12-25 22:56:01.879 11121 11121 W System.err: 	at com.android.internal.os.RuntimeInit$MethodAndArgsCaller.run(RuntimeInit.java:523)
12-25 22:56:01.879 11121 11121 W System.err: 	at com.android.internal.os.ZygoteInit.main(ZygoteInit.java:836)
12-25 22:56:01.912   701   872 E qti_sensors_hal: processReportInd:accel X: -0.018997 Y: 0.596985 Z: 9.700012 , timestamp = 3526047810
12-25 22:56:01.957   701   872 E qti_sensors_hal: processReportInd:accel X: 0.020233 Y: 0.636215 Z: 9.680389 , timestamp = 3526049257
12-25 22:56:01.998   701   872 E qti_sensors_hal: processReportInd:accel X: 0.000626 Y: 0.557770 Z: 9.621552 , timestamp = 3526050627
12-25 22:56:02.375 11121 11121 E QPerf.MethodBeat: enable false
12-25 22:56:02.375 11121 11121 E QPerf.TracePlugin: switch closed!!!
12-25 22:56:02.376 11121 11121 W QuKan   : QKServiceManager.get service key is Class! -> interface com.jifen.open.qbase.b.a
12-25 22:56:02.376 11121 11121 W System.err: java.lang.IllegalStateException: Cannot get Service com.jifen.open.qbase.b.a, get serviceCreator failed!
12-25 22:56:02.377 11121 11121 W System.err: 	at com.jifen.framework.core.service.d.a(SourceFile:273)
12-25 22:56:02.377 11121 11121 W System.err: 	at com.jifen.framework.core.service.d.a(SourceFile:227)
12-25 22:56:02.377 11121 11121 W System.err: 	at com.jifen.framework.core.service.d.a(SourceFile:249)
12-25 22:56:02.377 11121 11121 W System.err: 	at com.jifen.open.qbase.MultiDexApplication.i(SourceFile:180)
12-25 22:56:02.377 11121 11121 W System.err: 	at com.jifen.open.qbase.MultiDexApplication.onCreate(SourceFile:106)
12-25 22:56:02.377 11121 11121 W System.err: 	at com.jifen.open.common.base.BaseApplication.onCreate(SourceFile:82)
12-25 22:56:02.378 11121 11121 W System.err: 	at com.jifen.open.framework.RZApplication.onCreate(SourceFile:29)
12-25 22:56:02.378 11121 11121 W System.err: 	at android.app.Instrumentation.callApplicationOnCreate(Instrumentation.java:1120)
12-25 22:56:02.378 11121 11121 W System.err: 	at android.app.ActivityThread.handleBindApplication(ActivityThread.java:6177)
12-25 22:56:02.378 11121 11121 W System.err: 	at android.app.ActivityThread.-wrap1(Unknown Source:0)
12-25 22:56:02.378 11121 11121 W System.err: 	at android.app.ActivityThread$H.handleMessage(ActivityThread.java:1841)
12-25 22:56:02.378 11121 11121 W System.err: 	at android.os.Handler.dispatchMessage(Handler.java:106)
12-25 22:56:02.378 11121 11121 W System.err: 	at android.os.Looper.loop(Looper.java:198)
12-25 22:56:02.378 11121 11121 W System.err: 	at android.app.ActivityThread.main(ActivityThread.java:7055)
12-25 22:56:02.378 11121 11121 W System.err: 	at java.lang.reflect.Method.invoke(Native Method)
12-25 22:56:02.379 11121 11121 W System.err: 	at com.android.internal.os.RuntimeInit$MethodAndArgsCaller.run(RuntimeInit.java:523)
12-25 22:56:02.379 11121 11121 W System.err: 	at com.android.internal.os.ZygoteInit.main(ZygoteInit.java:836)
12-25 22:56:02.384 11121 11173 W System.err: java.lang.NoClassDefFoundError: Failed resolution of: Lcom/tencent/smtt/sdk/QbSdk$PreInitCallback;
12-25 22:56:02.384 11121 11173 W System.err: 	at com.iclicash.advlib.__remote__.framework.Ch4omeFw.WebviewFactory.initX5EnvirIfNeeded(WebviewFactory.java:37)
12-25 22:56:02.384 11121 11173 W System.err: 	at com.iclicash.advlib.__remote__.core.ICliFactory$2.run(ICliFactory.java:199)
12-25 22:56:02.384 11121 11173 W System.err: 	at java.lang.Thread.run(Thread.java:764)
12-25 22:56:02.385 11121 11173 W System.err: Caused by: java.lang.ClassNotFoundException: Didn't find class "com.tencent.smtt.sdk.QbSdk$PreInitCallback" on path: DexPathList[[zip file "/data/user/0/com.xiaoqiao.qclean/app_aisdk/_aisdk_remote.jar"],nativeLibraryDirectories=[/system/lib, /vendor/lib]]
12-25 22:56:02.385 11121 11173 W System.err: 	at dalvik.system.BaseDexClassLoader.findClass(BaseDexClassLoader.java:125)
12-25 22:56:02.385 11121 11173 W System.err: 	at java.lang.ClassLoader.loadClass(ClassLoader.java:379)
12-25 22:56:02.385 11121 11173 W System.err: 	at java.lang.ClassLoader.loadClass(ClassLoader.java:312)
12-25 22:56:02.385 11121 11173 W System.err: 	... 3 more
12-25 22:56:02.414 11121 11121 W QuKan   : QKServiceManager.get service key is Class! -> interface com.jifen.open.biz.login.c.a
12-25 22:56:02.424 11121 11121 W QuKan   : QKServiceManager.get service key is Class! -> interface com.jifen.open.biz.login.c.a
12-25 22:56:02.457 11121 11174 W QuKan   : QKServiceManager.get service key is Class! -> interface com.jifen.open.biz.login.c.a
12-25 22:56:02.467 11121 11154 E libc    : Access denied finding property "ro.serialno"
12-25 22:56:02.499 11121 11121 W System.err: java.lang.ClassNotFoundException: com.jifen.framework.router.CommonExtends
12-25 22:56:02.499 11121 11121 W System.err: 	at java.lang.Class.classForName(Native Method)
12-25 22:56:02.499 11121 11121 W System.err: 	at java.lang.Class.forName(Class.java:453)
12-25 22:56:02.499 11121 11121 W System.err: 	at java.lang.Class.forName(Class.java:378)
12-25 22:56:02.500 11121 11121 W System.err: 	at com.jifen.framework.router.support.AptManager.registerExtends(SourceFile:22)
12-25 22:56:02.500 11121 11121 W System.err: 	at com.jifen.framework.router.Router.initialize(SourceFile:36)
12-25 22:56:02.500 11121 11121 W System.err: 	at com.jifen.open.common.base.BaseApplication.i(SourceFile:137)
12-25 22:56:02.500 11121 11121 W System.err: 	at com.jifen.open.common.base.BaseApplication.onCreate(SourceFile:84)
12-25 22:56:02.500 11121 11121 W System.err: 	at com.jifen.open.framework.RZApplication.onCreate(SourceFile:29)
12-25 22:56:02.500 11121 11121 W System.err: 	at android.app.Instrumentation.callApplicationOnCreate(Instrumentation.java:1120)
12-25 22:56:02.500 11121 11121 W System.err: 	at android.app.ActivityThread.handleBindApplication(ActivityThread.java:6177)
12-25 22:56:02.500 11121 11121 W System.err: 	at android.app.ActivityThread.-wrap1(Unknown Source:0)
12-25 22:56:02.500 11121 11121 W System.err: 	at android.app.ActivityThread$H.handleMessage(ActivityThread.java:1841)
12-25 22:56:02.500 11121 11121 W System.err: 	at android.os.Handler.dispatchMessage(Handler.java:106)
12-25 22:56:02.500 11121 11121 W System.err: 	at android.os.Looper.loop(Looper.java:198)
12-25 22:56:02.501 11121 11121 W System.err: 	at android.app.ActivityThread.main(ActivityThread.java:7055)
12-25 22:56:02.501 11121 11121 W System.err: 	at java.lang.reflect.Method.invoke(Native Method)
12-25 22:56:02.501 11121 11121 W System.err: 	at com.android.internal.os.RuntimeInit$MethodAndArgsCaller.run(RuntimeInit.java:523)
12-25 22:56:02.501 11121 11121 W System.err: 	at com.android.internal.os.ZygoteInit.main(ZygoteInit.java:836)
12-25 22:56:02.501 11121 11121 W System.err: Caused by: java.lang.ClassNotFoundException: Didn't find class "com.jifen.framework.router.CommonExtends" on path: DexPathList[[zip file "/data/app/com.xiaoqiao.qclean-qisbKjpyS8rdd2RV-Bpo7w==/base.apk"],nativeLibraryDirectories=[/data/app/com.xiaoqiao.qclean-qisbKjpyS8rdd2RV-Bpo7w==/lib/arm, /data/app/com.xiaoqiao.qclean-qisbKjpyS8rdd2RV-Bpo7w==/base.apk!/lib/armeabi-v7a, /system/lib, /vendor/lib]]
12-25 22:56:02.502 11121 11121 W System.err: 	at dalvik.system.BaseDexClassLoader.findClass(BaseDexClassLoader.java:125)
12-25 22:56:02.502 11121 11121 W System.err: 	at java.lang.ClassLoader.loadClass(ClassLoader.java:379)
12-25 22:56:02.502 11121 11121 W System.err: 	at java.lang.ClassLoader.loadClass(ClassLoader.java:312)
12-25 22:56:02.502 11121 11121 W System.err: 	... 18 more
12-25 22:56:02.504 11121 11121 W System.err: java.lang.ClassNotFoundException: Didn't find class "com.jifen.qukan.http.HttpApiManager_app" on path: DexPathList[[zip file "/data/app/com.xiaoqiao.qclean-qisbKjpyS8rdd2RV-Bpo7w==/base.apk"],nativeLibraryDirectories=[/data/app/com.xiaoqiao.qclean-qisbKjpyS8rdd2RV-Bpo7w==/lib/arm, /data/app/com.xiaoqiao.qclean-qisbKjpyS8rdd2RV-Bpo7w==/base.apk!/lib/armeabi-v7a, /system/lib, /vendor/lib]]
12-25 22:56:02.505 11121 11121 W System.err: 	at dalvik.system.BaseDexClassLoader.findClass(BaseDexClassLoader.java:125)
12-25 22:56:02.505 11121 11121 W System.err: 	at java.lang.ClassLoader.loadClass(ClassLoader.java:379)
12-25 22:56:02.505 11121 11121 W System.err: 	at java.lang.ClassLoader.loadClass(ClassLoader.java:312)
12-25 22:56:02.505 11121 11121 W System.err: 	at com.jifen.framework.http.d.a.a(SourceFile:23)
12-25 22:56:02.505 11121 11121 W System.err: 	at com.jifen.framework.http.d.a.a(SourceFile:15)
12-25 22:56:02.505 11121 11121 W System.err: 	at com.jifen.open.common.base.BaseApplication.onCreate(SourceFile:89)
12-25 22:56:02.506 11121 11121 W System.err: 	at com.jifen.open.framework.RZApplication.onCreate(SourceFile:29)
12-25 22:56:02.506 11121 11121 W System.err: 	at android.app.Instrumentation.callApplicationOnCreate(Instrumentation.java:1120)
12-25 22:56:02.506 11121 11121 W System.err: 	at android.app.ActivityThread.handleBindApplication(ActivityThread.java:6177)
12-25 22:56:02.506 11121 11121 W System.err: 	at android.app.ActivityThread.-wrap1(Unknown Source:0)
12-25 22:56:02.506 11121 11121 W System.err: 	at android.app.ActivityThread$H.handleMessage(ActivityThread.java:1841)
12-25 22:56:02.506 11121 11121 W System.err: 	at android.os.Handler.dispatchMessage(Handler.java:106)
12-25 22:56:02.506 11121 11121 W System.err: 	at android.os.Looper.loop(Looper.java:198)
12-25 22:56:02.506 11121 11121 W System.err: 	at android.app.ActivityThread.main(ActivityThread.java:7055)
12-25 22:56:02.506 11121 11121 W System.err: 	at java.lang.reflect.Method.invoke(Native Method)
12-25 22:56:02.506 11121 11121 W System.err: 	at com.android.internal.os.RuntimeInit$MethodAndArgsCaller.run(RuntimeInit.java:523)
12-25 22:56:02.507 11121 11121 W System.err: 	at com.android.internal.os.ZygoteInit.main(ZygoteInit.java:836)
12-25 22:56:02.508 11121 11121 W System.err: java.lang.ClassNotFoundException: Didn't find class "com.jifen.qukan.http.HttpApiManager_common" on path: DexPathList[[zip file "/data/app/com.xiaoqiao.qclean-qisbKjpyS8rdd2RV-Bpo7w==/base.apk"],nativeLibraryDirectories=[/data/app/com.xiaoqiao.qclean-qisbKjpyS8rdd2RV-Bpo7w==/lib/arm, /data/app/com.xiaoqiao.qclean-qisbKjpyS8rdd2RV-Bpo7w==/base.apk!/lib/armeabi-v7a, /system/lib, /vendor/lib]]
12-25 22:56:02.509 11121 11121 W System.err: 	at dalvik.system.BaseDexClassLoader.findClass(BaseDexClassLoader.java:125)
12-25 22:56:02.509 11121 11121 W System.err: 	at java.lang.ClassLoader.loadClass(ClassLoader.java:379)
12-25 22:56:02.509 11121 11121 W System.err: 	at java.lang.ClassLoader.loadClass(ClassLoader.java:312)
12-25 22:56:02.510 11121 11121 W System.err: 	at com.jifen.framework.http.d.a.a(SourceFile:23)
12-25 22:56:02.510 11121 11121 W System.err: 	at com.jifen.framework.http.d.a.a(SourceFile:15)
12-25 22:56:02.510 11121 11121 W System.err: 	at com.jifen.open.common.base.BaseApplication.onCreate(SourceFile:89)
12-25 22:56:02.510 11121 11121 W System.err: 	at com.jifen.open.framework.RZApplication.onCreate(SourceFile:29)
12-25 22:56:02.510 11121 11121 W System.err: 	at android.app.Instrumentation.callApplicationOnCreate(Instrumentation.java:1120)
12-25 22:56:02.510 11121 11121 W System.err: 	at android.app.ActivityThread.handleBindApplication(ActivityThread.java:6177)
12-25 22:56:02.511 11121 11121 W System.err: 	at android.app.ActivityThread.-wrap1(Unknown Source:0)
12-25 22:56:02.511 11121 11121 W System.err: 	at android.app.ActivityThread$H.handleMessage(ActivityThread.java:1841)
12-25 22:56:02.511 11121 11121 W System.err: 	at android.os.Handler.dispatchMessage(Handler.java:106)
12-25 22:56:02.511 11121 11121 W System.err: 	at android.os.Looper.loop(Looper.java:198)
12-25 22:56:02.511 11121 11121 W System.err: 	at android.app.ActivityThread.main(ActivityThread.java:7055)
12-25 22:56:02.511 11121 11121 W System.err: 	at java.lang.reflect.Method.invoke(Native Method)
12-25 22:56:02.511 11121 11121 W System.err: 	at com.android.internal.os.RuntimeInit$MethodAndArgsCaller.run(RuntimeInit.java:523)
12-25 22:56:02.511 11121 11121 W System.err: 	at com.android.internal.os.ZygoteInit.main(ZygoteInit.java:836)
12-25 22:56:02.562 11121 11121 W CrashReport: Bugly debugisDebug -- Running in debug model for 'isDebug' is enabled. Please disable it when you release.
12-25 22:56:02.562 11121 11121 E CrashReport: --------------------------------------------------------------------------------------------
12-25 22:56:02.562 11121 11121 W CrashReport: Bugly debug -- The following list shows the behaviour of debug model: 
12-25 22:56:02.562 11121 11121 W CrashReport: [1] Bugly SDKLog -- More detailed log of Bugly SDK will be output to logcat;
12-25 22:56:02.562 11121 11121 W CrashReport: [2] Crash -- Every crash caught by Bugly will be uploaded immediately.
12-25 22:56:02.562 11121 11121 W CrashReport: [3] Logcat -- Custom log will be output to logcat.
12-25 22:56:02.562 11121 11121 E CrashReport: --------------------------------------------------------------------------------------------
12-25 22:56:02.665 11121 11154 E libc    : Access denied finding property "ro.serialno"
12-25 22:56:02.730 11121 11121 W System.err: java.lang.NullPointerException: Attempt to invoke virtual method 'int android.widget.RemoteViews.getLayoutId()' on a null object reference
12-25 22:56:02.730 11121 11121 W System.err: 	at com.xiaoqiao.qclean.a.a.a.e(SourceFile:218)
12-25 22:56:02.730 11121 11121 W System.err: 	at com.xiaoqiao.qclean.a.a.a.d(SourceFile:201)
12-25 22:56:02.730 11121 11121 W System.err: 	at com.xiaoqiao.qclean.a.a.a.c(SourceFile:167)
12-25 22:56:02.730 11121 11121 W System.err: 	at com.xiaoqiao.qclean.a.a.a.b(SourceFile:105)
12-25 22:56:02.731 11121 11121 W System.err: 	at com.jifen.open.framework.RZApplication.j(SourceFile:98)
12-25 22:56:02.731 11121 11121 W System.err: 	at com.jifen.open.framework.RZApplication.onCreate(SourceFile:35)
12-25 22:56:02.731 11121 11121 W System.err: 	at android.app.Instrumentation.callApplicationOnCreate(Instrumentation.java:1120)
12-25 22:56:02.731 11121 11121 W System.err: 	at android.app.ActivityThread.handleBindApplication(ActivityThread.java:6177)
12-25 22:56:02.731 11121 11121 W System.err: 	at android.app.ActivityThread.-wrap1(Unknown Source:0)
12-25 22:56:02.731 11121 11121 W System.err: 	at android.app.ActivityThread$H.handleMessage(ActivityThread.java:1841)
12-25 22:56:02.731 11121 11121 W System.err: 	at android.os.Handler.dispatchMessage(Handler.java:106)
12-25 22:56:02.731 11121 11121 W System.err: 	at android.os.Looper.loop(Looper.java:198)
12-25 22:56:02.731 11121 11121 W System.err: 	at android.app.ActivityThread.main(ActivityThread.java:7055)
12-25 22:56:02.731 11121 11121 W System.err: 	at java.lang.reflect.Method.invoke(Native Method)
12-25 22:56:02.731 11121 11121 W System.err: 	at com.android.internal.os.RuntimeInit$MethodAndArgsCaller.run(RuntimeInit.java:523)
12-25 22:56:02.732 11121 11121 W System.err: 	at com.android.internal.os.ZygoteInit.main(ZygoteInit.java:836)
12-25 22:56:02.732 11121 11166 W OkHttpClient: A connection to http://rcv.aiclk.com/ was leaked. Did you forget to close a response body?
12-25 22:56:02.733 11121 11166 W OkHttpClient: A connection to http://rcv.aiclk.com/ was leaked. Did you forget to close a response body?
12-25 22:56:02.733 11121 11166 W OkHttpClient: A connection to http://rcv.aiclk.com/ was leaked. Did you forget to close a response body?
12-25 22:56:02.745 11183 11183 W QPerf.HandlerThread: warning: create new handler thread with name qperf_time_update_thread, alive thread size:1
12-25 22:56:02.746  2369  5006 E NotificationService: Suppressing notification from package by user request.
12-25 22:56:02.757 11121 11121 E MobclickAgent: setCatchUncaughtExceptions can not be called in child process
12-25 22:56:02.815 11121 11154 W Settings: Setting adb_enabled has moved from android.provider.Settings.Secure to android.provider.Settings.Global.
12-25 22:56:02.845 11183 11183 W QuKan   : QKServiceManager.add service key is Class! -> interface com.jifen.open.common.k.c
12-25 22:56:02.846 11183 11183 W QuKan   : QKServiceManager.add service key is Class! -> interface com.zheyun.bumblebee.video.timer.service.a
12-25 22:56:02.846 11183 11183 W QuKan   : QKServiceManager.add service key is Class! -> interface com.jifen.open.common.abswitch.a
12-25 22:56:02.847 11183 11183 W QuKan   : QKServiceManager.add service key is Class! -> interface com.jifen.open.qbase.a
12-25 22:56:02.849 11183 11183 W QuKan   : QKServiceManager.add service key is Class! -> interface com.jifen.platform.datatracker.IDataTrackerProvider
12-25 22:56:02.849 11183 11183 W QuKan   : QKServiceManager.add service key is Class! -> interface com.jifen.open.biz.login.c.a
12-25 22:56:02.850 11183 11183 W QuKan   : QKServiceManager.add service key is Class! -> interface com.jifen.open.biz.login.ui.b
12-25 22:56:02.851 11183 11183 W QuKan   : QKServiceManager.add service key is Class! -> interface com.jifen.open.biz.login.ui.c
12-25 22:56:02.851  2369  5634 W SensorService: SensorEventConnection sensor handle=1, package = com.inno.innosdk.utils.q disable
12-25 22:56:02.852 11183 11183 W QuKan   : QKServiceManager.add service key is Class! -> interface com.jifen.open.qbase.d.a
12-25 22:56:02.852 11183 11183 W QuKan   : QKServiceManager.add service key is Class! -> interface com.jifen.open.qbase.player.a
12-25 22:56:02.853 11183 11183 W QuKan   : QKServiceManager.add service key is Class! -> interface com.jifen.qu.open.web.qruntime.IQWebProvider
12-25 22:56:02.853 11183 11183 W QuKan   : QKServiceManager.add service key is Class! -> interface com.jifen.bridge.IBridgeProvider
12-25 22:56:02.854 11121 11121 E Parcel  : Reading a NULL string not supported here.
12-25 22:56:02.854 11183 11183 W QuKan   : QKServiceManager.add service key is Class! -> interface com.jifen.open.qbase.player.b
12-25 22:56:02.855 11183 11183 W QuKan   : QKServiceManager.add service key is Class! -> interface com.jifen.qukan.ad.js.a
12-25 22:56:02.856 11183 11183 W QuKan   : QKServiceManager.add service key is Class! -> interface com.jifen.qukan.ad.taskcenter.c
12-25 22:56:02.856 11183 11183 W QuKan   : QKServiceManager.add service key is Class! -> interface com.jifen.qukan.ad.adservice.a
12-25 22:56:02.860 11183 11183 W QuKan   : QKServiceManager.add service key is Class! -> interface com.jifen.qukan.ad.feeds.feedsvideo.b
12-25 22:56:02.860 11183 11183 W QuKan   : QKServiceManager.get service key is Class! -> interface com.jifen.platform.datatracker.IDataTrackerProvider
12-25 22:56:02.861 11183 11183 W QuKan   : QKServiceManager.get service key is Class! -> interface com.jifen.open.qbase.a
12-25 22:56:02.904 11121 11220 E Parcel  : Reading a NULL string not supported here.
12-25 22:56:02.905  2369  6064 W SensorService: SensorEventConnection sensor handle=16, package = com.umeng.commonsdk.internal.utils.j enable pid = 11121
12-25 22:56:02.906   701   701 E qti_sensors_hal: MAG_FUSION enable: handle=76, freq=20.000000 report_rate=20 batch_rate=0                         batched=0 wakeup 0
12-25 22:56:02.906   701   701 E qti_sensors_hal: MAG_FUSION mag vendor is MEMSIC
12-25 22:56:02.906   701   701 E qti_sensors_hal: MAG_FUSION getChipInfo MEMSIC
12-25 22:56:02.906   701   701 E qti_sensors_hal: MAG_FUSION mag_chip_info is 200
12-25 22:56:02.909   701   908 E qti_sensors_hal: MAG_FUSION processResp: SNS_SAM_MAG_FUSION_ENABLE_RESP_V01,insID:248
12-25 22:56:02.909   701   701 E qti_sensors_hal: MAG_FUSION send_req_msg: Received response:0
12-25 22:56:02.941 11121 11194 W CrashReport: java.io.FileNotFoundException: /system/build.prop (Permission denied)
12-25 22:56:02.941 11121 11194 W CrashReport: 	at java.io.FileInputStream.open0(Native Method)
12-25 22:56:02.941 11121 11194 W CrashReport: 	at java.io.FileInputStream.open(FileInputStream.java:200)
12-25 22:56:02.941 11121 11194 W CrashReport: 	at java.io.FileInputStream.<init>(FileInputStream.java:150)
12-25 22:56:02.941 11121 11194 W CrashReport: 	at java.io.FileInputStream.<init>(FileInputStream.java:103)
12-25 22:56:02.941 11121 11194 W CrashReport: 	at java.io.FileReader.<init>(FileReader.java:58)
12-25 22:56:02.941 11121 11194 W CrashReport: 	at com.tencent.bugly.crashreport.common.info.b.q(SourceFile:320)
12-25 22:56:02.941 11121 11194 W CrashReport: 	at com.tencent.bugly.crashreport.common.info.b.a(SourceFile:379)
12-25 22:56:02.941 11121 11194 W CrashReport: 	at com.tencent.bugly.crashreport.common.info.a.r(SourceFile:509)
12-25 22:56:02.941 11121 11194 W CrashReport: 	at com.tencent.bugly.proguard.a.a(SourceFile:160)
12-25 22:56:02.941 11121 11194 W CrashReport: 	at com.tencent.bugly.crashreport.biz.a.c(SourceFile:271)
12-25 22:56:02.941 11121 11194 W CrashReport: 	at com.tencent.bugly.crashreport.biz.a.a(SourceFile:35)
12-25 22:56:02.941 11121 11194 W CrashReport: 	at com.tencent.bugly.crashreport.biz.a$2.run(SourceFile:335)
12-25 22:56:02.941 11121 11194 W CrashReport: 	at java.util.concurrent.Executors$RunnableAdapter.call(Executors.java:457)
12-25 22:56:02.941 11121 11194 W CrashReport: 	at java.util.concurrent.FutureTask.run(FutureTask.java:266)
12-25 22:56:02.941 11121 11194 W CrashReport: 	at java.util.concurrent.ScheduledThreadPoolExecutor$ScheduledFutureTask.run(ScheduledThreadPoolExecutor.java:301)
12-25 22:56:02.941 11121 11194 W CrashReport: 	at java.util.concurrent.ThreadPoolExecutor.runWorker(ThreadPoolExecutor.java:1162)
12-25 22:56:02.941 11121 11194 W CrashReport: 	at java.util.concurrent.ThreadPoolExecutor$Worker.run(ThreadPoolExecutor.java:636)
12-25 22:56:02.941 11121 11194 W CrashReport: 	at java.lang.Thread.run(Thread.java:764)
12-25 22:56:02.946 11183 11183 W QuKan   : QKServiceManager.get service key is Class! -> interface com.jifen.open.qbase.a
12-25 22:56:03.032 11121 11194 W CrashReport: java.io.FileNotFoundException: /proc/uptime (Permission denied)
12-25 22:56:03.032 11121 11194 W CrashReport: 	at java.io.FileInputStream.open0(Native Method)
12-25 22:56:03.032 11121 11194 W CrashReport: 	at java.io.FileInputStream.open(FileInputStream.java:200)
12-25 22:56:03.032 11121 11194 W CrashReport: 	at java.io.FileInputStream.<init>(FileInputStream.java:150)
12-25 22:56:03.032 11121 11194 W CrashReport: 	at java.io.FileInputStream.<init>(FileInputStream.java:103)
12-25 22:56:03.032 11121 11194 W CrashReport: 	at java.io.FileReader.<init>(FileReader.java:58)
12-25 22:56:03.032 11121 11194 W CrashReport: 	at com.tencent.bugly.crashreport.common.info.b.o(SourceFile:1078)
12-25 22:56:03.032 11121 11194 W CrashReport: 	at com.tencent.bugly.crashreport.common.info.a.R(SourceFile:1017)
12-25 22:56:03.032 11121 11194 W CrashReport: 	at com.tencent.bugly.proguard.a.a(SourceFile:306)
12-25 22:56:03.032 11121 11194 W CrashReport: 	at com.tencent.bugly.crashreport.biz.a.c(SourceFile:286)
12-25 22:56:03.032 11121 11194 W CrashReport: 	at com.tencent.bugly.crashreport.biz.a.a(SourceFile:35)
12-25 22:56:03.032 11121 11194 W CrashReport: 	at com.tencent.bugly.crashreport.biz.a$2.run(SourceFile:335)
12-25 22:56:03.032 11121 11194 W CrashReport: 	at java.util.concurrent.Executors$RunnableAdapter.call(Executors.java:457)
12-25 22:56:03.032 11121 11194 W CrashReport: 	at java.util.concurrent.FutureTask.run(FutureTask.java:266)
12-25 22:56:03.032 11121 11194 W CrashReport: 	at java.util.concurrent.ScheduledThreadPoolExecutor$ScheduledFutureTask.run(ScheduledThreadPoolExecutor.java:301)
12-25 22:56:03.032 11121 11194 W CrashReport: 	at java.util.concurrent.ThreadPoolExecutor.runWorker(ThreadPoolExecutor.java:1162)
12-25 22:56:03.032 11121 11194 W CrashReport: 	at java.util.concurrent.ThreadPoolExecutor$Worker.run(ThreadPoolExecutor.java:636)
12-25 22:56:03.032 11121 11194 W CrashReport: 	at java.lang.Thread.run(Thread.java:764)
12-25 22:56:03.046 11183 11183 E Parcel  : Reading a NULL string not supported here.
12-25 22:56:03.048 11183 11183 E Parcel  : Reading a NULL string not supported here.
12-25 22:56:03.049 11183 11183 E Parcel  : Reading a NULL string not supported here.
12-25 22:56:03.049 11183 11183 E Parcel  : Reading a NULL string not supported here.
12-25 22:56:03.050 11183 11183 E Parcel  : Reading a NULL string not supported here.
12-25 22:56:03.050 11183 11183 E Parcel  : Reading a NULL string not supported here.
12-25 22:56:03.055 11183 11183 E Parcel  : Reading a NULL string not supported here.
12-25 22:56:03.056 11183 11183 E Parcel  : Reading a NULL string not supported here.
12-25 22:56:03.056 11183 11183 E Parcel  : Reading a NULL string not supported here.
12-25 22:56:03.057 11183 11183 E Parcel  : Reading a NULL string not supported here.
12-25 22:56:03.058 11183 11183 E Parcel  : Reading a NULL string not supported here.
12-25 22:56:03.058 11183 11183 E Parcel  : Reading a NULL string not supported here.
12-25 22:56:03.060 11183 11183 E Parcel  : Reading a NULL string not supported here.
12-25 22:56:03.062  2369  5006 W SensorService: SensorEventConnection sensor handle=1, package = com.inno.innosdk.utils.q enable pid = 11183
12-25 22:56:03.063   701  2597 E qti_sensors_hal: batch:sensor(android.sensor.accelerometer) handle:1 enabled:0 flags:0x0 period_ns 66667000
12-25 22:56:03.063   701  2597 E qti_sensors_hal: batch:sensor(android.sensor.accelerometer) sample_rate=14.999925Hz report_rate_f=0.000000Hz curr sample rate:14.999925 cur rpt rate:0 max:200.000000 min:1.000000
12-25 22:56:03.100 11183 11183 W System.err: java.lang.ClassNotFoundException: com.jifen.framework.router.Module_allsparkExtends
12-25 22:56:03.100 11183 11183 W System.err: 	at java.lang.Class.classForName(Native Method)
12-25 22:56:03.101 11183 11183 W System.err: 	at java.lang.Class.forName(Class.java:453)
12-25 22:56:03.101 11183 11183 W System.err: 	at java.lang.Class.forName(Class.java:378)
12-25 22:56:03.101 11183 11183 W System.err: 	at com.jifen.framework.router.support.AptManager.registerExtends(SourceFile:22)
12-25 22:56:03.101 11183 11183 W System.err: 	at com.jifen.framework.router.Router.initialize(SourceFile:36)
12-25 22:56:03.102 11183 11183 W System.err: 	at com.jifen.open.qbase.MultiDexApplication.o(SourceFile:306)
12-25 22:56:03.102 11183 11183 W System.err: 	at com.jifen.open.qbase.MultiDexApplication.onCreate(SourceFile:93)
12-25 22:56:03.102 11183 11183 W System.err: 	at com.jifen.open.common.base.BaseApplication.onCreate(SourceFile:82)
12-25 22:56:03.102 11183 11183 W System.err: 	at com.jifen.open.framework.RZApplication.onCreate(SourceFile:29)
12-25 22:56:03.103 11183 11183 W System.err: 	at android.app.Instrumentation.callApplicationOnCreate(Instrumentation.java:1120)
12-25 22:56:03.103 11183 11183 W System.err: 	at android.app.ActivityThread.handleBindApplication(ActivityThread.java:6177)
12-25 22:56:03.103 11183 11183 W System.err: 	at android.app.ActivityThread.-wrap1(Unknown Source:0)
12-25 22:56:03.103 11183 11183 W System.err: 	at android.app.ActivityThread$H.handleMessage(ActivityThread.java:1841)
12-25 22:56:03.103 11183 11183 W System.err: 	at android.os.Handler.dispatchMessage(Handler.java:106)
12-25 22:56:03.104 11183 11183 W System.err: 	at android.os.Looper.loop(Looper.java:198)
12-25 22:56:03.104 11183 11183 W System.err: 	at android.app.ActivityThread.main(ActivityThread.java:7055)
12-25 22:56:03.104 11183 11183 W System.err: 	at java.lang.reflect.Method.invoke(Native Method)
12-25 22:56:03.104 11183 11183 W System.err: 	at com.android.internal.os.RuntimeInit$MethodAndArgsCaller.run(RuntimeInit.java:523)
12-25 22:56:03.105 11183 11183 W System.err: 	at com.android.internal.os.ZygoteInit.main(ZygoteInit.java:836)
12-25 22:56:03.105 11183 11183 W System.err: Caused by: java.lang.ClassNotFoundException: Didn't find class "com.jifen.framework.router.Module_allsparkExtends" on path: DexPathList[[zip file "/data/app/com.xiaoqiao.qclean-qisbKjpyS8rdd2RV-Bpo7w==/base.apk"],nativeLibraryDirectories=[/data/app/com.xiaoqiao.qclean-qisbKjpyS8rdd2RV-Bpo7w==/lib/arm, /data/app/com.xiaoqiao.qclean-qisbKjpyS8rdd2RV-Bpo7w==/base.apk!/lib/armeabi-v7a, /system/lib, /vendor/lib]]
12-25 22:56:03.105 11183 11183 W System.err: 	at dalvik.system.BaseDexClassLoader.findClass(BaseDexClassLoader.java:125)
12-25 22:56:03.106 11183 11183 W System.err: 	at java.lang.ClassLoader.loadClass(ClassLoader.java:379)
12-25 22:56:03.106 11183 11183 W System.err: 	at java.lang.ClassLoader.loadClass(ClassLoader.java:312)
12-25 22:56:03.106 11183 11183 W System.err: 	... 19 more
12-25 22:56:03.106 11183 11183 W QuKan   : QKServiceManager.get service key is Class! -> interface com.jifen.open.qbase.d.a
12-25 22:56:03.108 11183 11183 W QuKan   : QKServiceManager.get service key is Class! -> interface com.jifen.open.qbase.player.a
12-25 22:56:03.109 11183 11183 W QuKan   : QKServiceManager.get service key is Class! -> interface com.jifen.open.qbase.player.a
12-25 22:56:03.109 11183 11183 W QuKan   : QKServiceManager.get service key is Class! -> interface com.jifen.open.qbase.a
12-25 22:56:03.120 11183 11183 W QuKan   : QKServiceManager.get service key is Class! -> interface com.jifen.open.qbase.a
12-25 22:56:03.120 11183 11183 W QuKan   : QKServiceManager.get service key is Class! -> interface com.jifen.open.qbase.a
12-25 22:56:03.126   701   872 E qti_sensors_hal: processReportInd:accel X: -0.018997 Y: 0.531616 Z: 9.693481 , timestamp = 3526086749
12-25 22:56:03.174 11183 11183 W System.err: java.lang.NoSuchMethodException: getMiddleStageCPCJSBridge [class android.content.Context, interface java.util.Map, interface com.iclicash.advlib.__remote__.framework.Ch4omeFw.ICh4omeLike]
12-25 22:56:03.175 11183 11183 W System.err: 	at java.lang.Class.getMethod(Class.java:2068)
12-25 22:56:03.175 11183 11183 W System.err: 	at java.lang.Class.getDeclaredMethod(Class.java:2047)
12-25 22:56:03.175 11183 11183 W System.err: 	at com.jifen.qu.open.QApp.registerCpcSelfApi(SourceFile:130)
12-25 22:56:03.175 11183 11183 W System.err: 	at com.jifen.qu.open.QApp.initJSApiResolver(SourceFile:120)
12-25 22:56:03.176 11183 11183 W System.err: 	at com.jifen.qu.open.QApp.init(SourceFile:90)
12-25 22:56:03.176 11183 11183 W System.err: 	at com.jifen.qu.open.QApp.init(SourceFile:103)
12-25 22:56:03.177 11183 11183 W System.err: 	at com.jifen.open.qbase.MultiDexApplication.k(SourceFile:285)
12-25 22:56:03.177 11183 11183 W System.err: 	at com.jifen.open.qbase.MultiDexApplication.onCreate(SourceFile:99)
12-25 22:56:03.177 11183 11183 W System.err: 	at com.jifen.open.common.base.BaseApplication.onCreate(SourceFile:82)
12-25 22:56:03.178 11183 11183 W System.err: 	at com.jifen.open.framework.RZApplication.onCreate(SourceFile:29)
12-25 22:56:03.178 11183 11183 W System.err: 	at android.app.Instrumentation.callApplicationOnCreate(Instrumentation.java:1120)
12-25 22:56:03.178 11183 11183 W System.err: 	at android.app.ActivityThread.handleBindApplication(ActivityThread.java:6177)
12-25 22:56:03.178 11183 11183 W System.err: 	at android.app.ActivityThread.-wrap1(Unknown Source:0)
12-25 22:56:03.179 11183 11183 W System.err: 	at android.app.ActivityThread$H.handleMessage(ActivityThread.java:1841)
12-25 22:56:03.180 11183 11183 W System.err: 	at android.os.Handler.dispatchMessage(Handler.java:106)
12-25 22:56:03.180 11183 11183 W System.err: 	at android.os.Looper.loop(Looper.java:198)
12-25 22:56:03.181 11183 11183 W System.err: 	at android.app.ActivityThread.main(ActivityThread.java:7055)
12-25 22:56:03.181 11183 11183 W System.err: 	at java.lang.reflect.Method.invoke(Native Method)
12-25 22:56:03.181 11183 11183 W System.err: 	at com.android.internal.os.RuntimeInit$MethodAndArgsCaller.run(RuntimeInit.java:523)
12-25 22:56:03.181 11183 11183 W System.err: 	at com.android.internal.os.ZygoteInit.main(ZygoteInit.java:836)
12-25 22:56:03.193 11121 11154 E Parcel  : Reading a NULL string not supported here.
12-25 22:56:03.197   701   872 E qti_sensors_hal: processReportInd:accel X: 0.033310 Y: 0.557770 Z: 9.719620 , timestamp = 3526088755
12-25 22:56:03.205 11121 11121 E AndroidRuntime: FATAL EXCEPTION: main
12-25 22:56:03.205 11121 11121 E AndroidRuntime: Process: com.xiaoqiao.qclean, PID: 11121
12-25 22:56:03.205 11121 11121 E AndroidRuntime: java.lang.RuntimeException: Unable to start activity ComponentInfo{com.xiaoqiao.qclean/com.jifen.open.framework.ui.SplashActivity}: java.lang.RuntimeException: TTAdSdk is not init, please check.
12-25 22:56:03.205 11121 11121 E AndroidRuntime: 	at android.app.ActivityThread.performLaunchActivity(ActivityThread.java:2995)
12-25 22:56:03.205 11121 11121 E AndroidRuntime: 	at android.app.ActivityThread.handleLaunchActivity(ActivityThread.java:3073)
12-25 22:56:03.205 11121 11121 E AndroidRuntime: 	at android.app.ActivityThread.-wrap11(Unknown Source:0)
12-25 22:56:03.205 11121 11121 E AndroidRuntime: 	at android.app.ActivityThread$H.handleMessage(ActivityThread.java:1774)
12-25 22:56:03.205 11121 11121 E AndroidRuntime: 	at android.os.Handler.dispatchMessage(Handler.java:106)
12-25 22:56:03.205 11121 11121 E AndroidRuntime: 	at android.os.Looper.loop(Looper.java:198)
12-25 22:56:03.205 11121 11121 E AndroidRuntime: 	at android.app.ActivityThread.main(ActivityThread.java:7055)
12-25 22:56:03.205 11121 11121 E AndroidRuntime: 	at java.lang.reflect.Method.invoke(Native Method)
12-25 22:56:03.205 11121 11121 E AndroidRuntime: 	at com.android.internal.os.RuntimeInit$MethodAndArgsCaller.run(RuntimeInit.java:523)
12-25 22:56:03.205 11121 11121 E AndroidRuntime: 	at com.android.internal.os.ZygoteInit.main(ZygoteInit.java:836)
12-25 22:56:03.205 11121 11121 E AndroidRuntime: Caused by: java.lang.RuntimeException: TTAdSdk is not init, please check.
12-25 22:56:03.205 11121 11121 E AndroidRuntime: 	at com.jifen.open.common.a.a.a(SourceFile:20)
12-25 22:56:03.205 11121 11121 E AndroidRuntime: 	at com.jifen.open.framework.ui.SplashActivity.onCreate(SourceFile:165)
12-25 22:56:03.205 11121 11121 E AndroidRuntime: 	at android.app.Activity.performCreate(Activity.java:7314)
12-25 22:56:03.205 11121 11121 E AndroidRuntime: 	at android.app.Activity.performCreate(Activity.java:7305)
12-25 22:56:03.205 11121 11121 E AndroidRuntime: 	at android.app.Instrumentation.callActivityOnCreate(Instrumentation.java:1215)
12-25 22:56:03.205 11121 11121 E AndroidRuntime: 	at android.app.ActivityThread.performLaunchActivity(ActivityThread.java:2948)
12-25 22:56:03.205 11121 11121 E AndroidRuntime: 	... 9 more
12-25 22:56:03.248   701   872 E qti_sensors_hal: processReportInd:accel X: -0.018997 Y: 0.570847 Z: 9.732697 , timestamp = 3526090761
12-25 22:56:03.276 11121 11154 E Parcel  : Reading a NULL string not supported here.
12-25 22:56:03.276   712   815 E ANDR-PERF-RESOURCEQS: Failed to reset optimization [3, 0]
12-25 22:56:03.288 11121 11154 E Parcel  : Reading a NULL string not supported here.
12-25 22:56:03.305 11121 11154 E Parcel  : Reading a NULL string not supported here.
12-25 22:56:03.314 11121 11154 E Parcel  : Reading a NULL string not supported here.
12-25 22:56:03.316 13242 13429 W Bundle  : Key code expected Integer but value was a java.lang.Long.  The default value 0 was returned.
12-25 22:56:03.316 13242 13429 W Bundle  : Attempt to cast generated internal exception:
12-25 22:56:03.316 13242 13429 W Bundle  : java.lang.ClassCastException: java.lang.Long cannot be cast to java.lang.Integer
12-25 22:56:03.316 13242 13429 W Bundle  : 	at android.os.BaseBundle.getInt(BaseBundle.java:999)
12-25 22:56:03.316 13242 13429 W Bundle  : 	at android.os.BaseBundle.getInt(BaseBundle.java:981)
12-25 22:56:03.316 13242 13429 W Bundle  : 	at com.coloros.abnormalmanager.AbnormalManagerService.f(Unknown Source:44)
12-25 22:56:03.316 13242 13429 W Bundle  : 	at com.coloros.abnormalmanager.AbnormalManagerService.au(Unknown Source:0)
12-25 22:56:03.316 13242 13429 W Bundle  : 	at com.coloros.abnormalmanager.g.handleMessage(Unknown Source:67)
12-25 22:56:03.316 13242 13429 W Bundle  : 	at android.os.Handler.dispatchMessage(Handler.java:106)
12-25 22:56:03.316 13242 13429 W Bundle  : 	at android.os.Looper.loop(Looper.java:198)
12-25 22:56:03.316 13242 13429 W Bundle  : 	at android.os.HandlerThread.run(HandlerThread.java:65)
12-25 22:56:03.353 11121 11121 E CrashReport: Java Crash Happen cause by main(2)
12-25 22:56:03.640 11121 11121 E CrashReport: stack frame :10, has cause true
12-25 22:56:03.656 11121 11121 E CrashReport: #++++++++++Record By Bugly++++++++++#
12-25 22:56:03.656 11121 11121 E CrashReport: # You can use Bugly(http:\\bugly.qq.com) to get more Crash Detail!
12-25 22:56:03.656 11121 11121 E CrashReport: # PKG NAME: com.xiaoqiao.qclean
12-25 22:56:03.656 11121 11121 E CrashReport: # APP VER: 1.0.0.0.1.1225.2240
12-25 22:56:03.660 11121 11121 E CrashReport: # LAUNCH TIME: 2019-12-25 22:56:02
12-25 22:56:03.660 11121 11121 E CrashReport: # CRASH TYPE: JAVA_CRASH
12-25 22:56:03.660 11121 11121 E CrashReport: # CRASH TIME: 2019-12-25 22:56:03
12-25 22:56:03.660 11121 11121 E CrashReport: # CRASH PROCESS: com.xiaoqiao.qclean
12-25 22:56:03.661 11121 11121 E CrashReport: # CRASH THREAD: main
12-25 22:56:03.661 11121 11121 E CrashReport: # REPORT ID: 20bcc0a5-aa0f-486f-b218-d9f08bc000fa
12-25 22:56:03.661 11121 11121 E CrashReport: # CRASH DEVICE: PBAM00 UNROOT
12-25 22:56:03.662 11121 11121 E CrashReport: # RUNTIME AVAIL RAM:2413056000 ROM:50808143872 SD:50598428672
12-25 22:56:03.662 11121 11121 E CrashReport: # RUNTIME TOTAL RAM:3742306304 ROM:54971695104 SD:54761979904
12-25 22:56:03.663 11121 11121 E CrashReport: # CRASH STACK: 
12-25 22:56:03.663 11121 11121 E CrashReport: java.lang.RuntimeException: Unable to start activity ComponentInfo{com.xiaoqiao.qclean/com.jifen.open.framework.ui.SplashActivity}: java.lang.RuntimeException: TTAdSdk is not init, please check.
12-25 22:56:03.663 11121 11121 E CrashReport: 	at android.app.ActivityThread.performLaunchActivity(ActivityThread.java:2995)
12-25 22:56:03.663 11121 11121 E CrashReport: 	at android.app.ActivityThread.handleLaunchActivity(ActivityThread.java:3073)
12-25 22:56:03.663 11121 11121 E CrashReport: 	at android.app.ActivityThread.-wrap11(Unknown Source:0)
12-25 22:56:03.663 11121 11121 E CrashReport: 	at android.app.ActivityThread$H.handleMessage(ActivityThread.java:1774)
12-25 22:56:03.663 11121 11121 E CrashReport: 	at android.os.Handler.dispatchMessage(Handler.java:106)
12-25 22:56:03.663 11121 11121 E CrashReport: 	at android.os.Looper.loop(Looper.java:198)
12-25 22:56:03.663 11121 11121 E CrashReport: 	at android.app.ActivityThread.main(ActivityThread.java:7055)
12-25 22:56:03.663 11121 11121 E CrashReport: 	at java.lang.reflect.Method.invoke(Native Method)
12-25 22:56:03.663 11121 11121 E CrashReport: 	at com.android.internal.os.RuntimeInit$MethodAndArgsCaller.run(RuntimeInit.java:523)
12-25 22:56:03.663 11121 11121 E CrashReport: 	at com.android.internal.os.ZygoteInit.main(ZygoteInit.java:836)
12-25 22:56:03.663 11121 11121 E CrashReport: Caused by: java.lang.RuntimeException: TTAdSdk is not init, please check.
12-25 22:56:03.663 11121 11121 E CrashReport: 	at com.jifen.open.common.a.a.a(SourceFile:20)
12-25 22:56:03.663 11121 11121 E CrashReport: 	at com.jifen.open.framework.ui.SplashActivity.onCreate(SourceFile:165)
12-25 22:56:03.663 11121 11121 E CrashReport: 	at android.app.Activity.performCreate(Activity.java:7314)
12-25 22:56:03.663 11121 11121 E CrashReport: 	at android.app.Activity.performCreate(Activity.java:7305)
12-25 22:56:03.663 11121 11121 E CrashReport: 	at android.app.Instrumentation.callActivityOnCreate(Instrumentation.java:1215)
12-25 22:56:03.663 11121 11121 E CrashReport: 	at android.app.ActivityThread.performLaunchActivity(ActivityThread.java:2948)
12-25 22:56:03.663 11121 11121 E CrashReport: 	... 9 more
12-25 22:56:03.663 11121 11121 E CrashReport: #++++++++++++++++++++++++++++++++++++++++++#
12-25 22:56:03.712 11183 11282 W System.err: java.lang.NoClassDefFoundError: Failed resolution of: Lcom/tencent/smtt/sdk/QbSdk$PreInitCallback;
12-25 22:56:03.712 11183 11282 W System.err: 	at com.iclicash.advlib.__remote__.framework.Ch4omeFw.WebviewFactory.initX5EnvirIfNeeded(WebviewFactory.java:37)
12-25 22:56:03.713 11183 11282 W System.err: 	at com.iclicash.advlib.__remote__.core.ICliFactory$2.run(ICliFactory.java:199)
12-25 22:56:03.713 11183 11282 W System.err: 	at java.lang.Thread.run(Thread.java:764)
12-25 22:56:03.713 11183 11282 W System.err: Caused by: java.lang.ClassNotFoundException: Didn't find class "com.tencent.smtt.sdk.QbSdk$PreInitCallback" on path: DexPathList[[zip file "/data/user/0/com.xiaoqiao.qclean/app_aisdk/_aisdk_remote.jar"],nativeLibraryDirectories=[/system/lib, /vendor/lib]]
12-25 22:56:03.713 11183 11282 W System.err: 	at dalvik.system.BaseDexClassLoader.findClass(BaseDexClassLoader.java:125)
12-25 22:56:03.713 11183 11282 W System.err: 	at java.lang.ClassLoader.loadClass(ClassLoader.java:379)
12-25 22:56:03.713 11183 11282 W System.err: 	at java.lang.ClassLoader.loadClass(ClassLoader.java:312)
12-25 22:56:03.713 11183 11282 W System.err: 	... 3 more
12-25 22:56:03.741 11183 11183 W QuKan   : QKServiceManager.get service key is Class! -> interface com.jifen.open.biz.login.c.a
12-25 22:56:03.742 11183 11183 W QuKan   : QKServiceManager.get service key is Class! -> interface com.jifen.open.biz.login.c.a
12-25 22:56:03.753 11183 11183 W QuKan   : QKServiceManager.get service key is Class! -> interface com.jifen.open.biz.login.c.a
12-25 22:56:03.753 11183 11183 W QuKan   : QKServiceManager.get service key is Class! -> interface com.jifen.open.biz.login.c.a
12-25 22:56:03.761 11121 11121 W CrashReport: java.io.FileNotFoundException: /proc/uptime (Permission denied)
12-25 22:56:03.761 11121 11121 W CrashReport: 	at java.io.FileInputStream.open0(Native Method)
12-25 22:56:03.761 11121 11121 W CrashReport: 	at java.io.FileInputStream.open(FileInputStream.java:200)
12-25 22:56:03.761 11121 11121 W CrashReport: 	at java.io.FileInputStream.<init>(FileInputStream.java:150)
12-25 22:56:03.761 11121 11121 W CrashReport: 	at java.io.FileInputStream.<init>(FileInputStream.java:103)
12-25 22:56:03.761 11121 11121 W CrashReport: 	at java.io.FileReader.<init>(FileReader.java:58)
12-25 22:56:03.761 11121 11121 W CrashReport: 	at com.tencent.bugly.crashreport.common.info.b.o(SourceFile:1078)
12-25 22:56:03.761 11121 11121 W CrashReport: 	at com.tencent.bugly.crashreport.common.info.a.R(SourceFile:1017)
12-25 22:56:03.761 11121 11121 W CrashReport: 	at com.tencent.bugly.proguard.a.a(SourceFile:306)
12-25 22:56:03.761 11121 11121 W CrashReport: 	at com.tencent.bugly.crashreport.crash.b.a(SourceFile:482)
12-25 22:56:03.761 11121 11121 W CrashReport: 	at com.tencent.bugly.crashreport.crash.b.a(SourceFile:427)
12-25 22:56:03.761 11121 11121 W CrashReport: 	at com.tencent.bugly.crashreport.crash.e.a(SourceFile:343)
12-25 22:56:03.761 11121 11121 W CrashReport: 	at com.tencent.bugly.crashreport.crash.e.uncaughtException(SourceFile:372)
12-25 22:56:03.761 11121 11121 W CrashReport: 	at com.umeng.analytics.pro.l.uncaughtException(SourceFile:37)
12-25 22:56:03.761 11121 11121 W CrashReport: 	at java.lang.ThreadGroup.uncaughtException(ThreadGroup.java:1068)
12-25 22:56:03.761 11121 11121 W CrashReport: 	at java.lang.ThreadGroup.uncaughtException(ThreadGroup.java:1063)
12-25 22:56:03.761 11121 11121 W CrashReport: 	at java.lang.Thread.dispatchUncaughtException(Thread.java:1955)
12-25 22:56:03.796 11183 11283 W QuKan   : QKServiceManager.get service key is Class! -> interface com.jifen.open.biz.login.c.a
12-25 22:56:03.800 11183 11183 W System.err: java.lang.ClassNotFoundException: com.jifen.framework.router.CommonExtends
12-25 22:56:03.800 11183 11183 W System.err: 	at java.lang.Class.classForName(Native Method)
12-25 22:56:03.801 11183 11183 W System.err: 	at java.lang.Class.forName(Class.java:453)
12-25 22:56:03.801 11183 11183 W System.err: 	at java.lang.Class.forName(Class.java:378)
12-25 22:56:03.801 11183 11183 W System.err: 	at com.jifen.framework.router.support.AptManager.registerExtends(SourceFile:22)
12-25 22:56:03.801 11183 11183 W System.err: 	at com.jifen.framework.router.Router.initialize(SourceFile:36)
12-25 22:56:03.801 11183 11183 W System.err: 	at com.jifen.open.common.base.BaseApplication.i(SourceFile:137)
12-25 22:56:03.801 11183 11183 W System.err: 	at com.jifen.open.common.base.BaseApplication.onCreate(SourceFile:84)
12-25 22:56:03.801 11183 11183 W System.err: 	at com.jifen.open.framework.RZApplication.onCreate(SourceFile:29)
12-25 22:56:03.801 11183 11183 W System.err: 	at android.app.Instrumentation.callApplicationOnCreate(Instrumentation.java:1120)
12-25 22:56:03.801 11183 11183 W System.err: 	at android.app.ActivityThread.handleBindApplication(ActivityThread.java:6177)
12-25 22:56:03.802 11183 11183 W System.err: 	at android.app.ActivityThread.-wrap1(Unknown Source:0)
12-25 22:56:03.802 11183 11183 W System.err: 	at android.app.ActivityThread$H.handleMessage(ActivityThread.java:1841)
12-25 22:56:03.802 11183 11183 W System.err: 	at android.os.Handler.dispatchMessage(Handler.java:106)
12-25 22:56:03.802 11183 11183 W System.err: 	at android.os.Looper.loop(Looper.java:198)
12-25 22:56:03.802 11183 11183 W System.err: 	at android.app.ActivityThread.main(ActivityThread.java:7055)
12-25 22:56:03.802 11183 11183 W System.err: 	at java.lang.reflect.Method.invoke(Native Method)
12-25 22:56:03.802 11183 11183 W System.err: 	at com.android.internal.os.RuntimeInit$MethodAndArgsCaller.run(RuntimeInit.java:523)
12-25 22:56:03.802 11183 11183 W System.err: 	at com.android.internal.os.ZygoteInit.main(ZygoteInit.java:836)
12-25 22:56:03.803 11183 11183 W System.err: Caused by: java.lang.ClassNotFoundException: Didn't find class "com.jifen.framework.router.CommonExtends" on path: DexPathList[[zip file "/data/app/com.xiaoqiao.qclean-qisbKjpyS8rdd2RV-Bpo7w==/base.apk"],nativeLibraryDirectories=[/data/app/com.xiaoqiao.qclean-qisbKjpyS8rdd2RV-Bpo7w==/lib/arm, /data/app/com.xiaoqiao.qclean-qisbKjpyS8rdd2RV-Bpo7w==/base.apk!/lib/armeabi-v7a, /system/lib, /vendor/lib]]
12-25 22:56:03.803 11183 11183 W System.err: 	at dalvik.system.BaseDexClassLoader.findClass(BaseDexClassLoader.java:125)
12-25 22:56:03.803 11183 11183 W System.err: 	at java.lang.ClassLoader.loadClass(ClassLoader.java:379)
12-25 22:56:03.803 11183 11183 W System.err: 	at java.lang.ClassLoader.loadClass(ClassLoader.java:312)
12-25 22:56:03.804 11183 11183 W System.err: 	... 18 more
12-25 22:56:03.808 11183 11183 W System.err: java.lang.ClassNotFoundException: Didn't find class "com.jifen.qukan.http.HttpApiManager_app" on path: DexPathList[[zip file "/data/app/com.xiaoqiao.qclean-qisbKjpyS8rdd2RV-Bpo7w==/base.apk"],nativeLibraryDirectories=[/data/app/com.xiaoqiao.qclean-qisbKjpyS8rdd2RV-Bpo7w==/lib/arm, /data/app/com.xiaoqiao.qclean-qisbKjpyS8rdd2RV-Bpo7w==/base.apk!/lib/armeabi-v7a, /system/lib, /vendor/lib]]
12-25 22:56:03.808 11183 11183 W System.err: 	at dalvik.system.BaseDexClassLoader.findClass(BaseDexClassLoader.java:125)
12-25 22:56:03.808 11183 11183 W System.err: 	at java.lang.ClassLoader.loadClass(ClassLoader.java:379)
12-25 22:56:03.808 11183 11183 W System.err: 	at java.lang.ClassLoader.loadClass(ClassLoader.java:312)
12-25 22:56:03.809 11183 11183 W System.err: 	at com.jifen.framework.http.d.a.a(SourceFile:23)
12-25 22:56:03.809 11183 11183 W System.err: 	at com.jifen.framework.http.d.a.a(SourceFile:15)
12-25 22:56:03.809 11183 11183 W System.err: 	at com.jifen.open.common.base.BaseApplication.onCreate(SourceFile:89)
12-25 22:56:03.809 11183 11183 W System.err: 	at com.jifen.open.framework.RZApplication.onCreate(SourceFile:29)
12-25 22:56:03.809 11183 11183 W System.err: 	at android.app.Instrumentation.callApplicationOnCreate(Instrumentation.java:1120)
12-25 22:56:03.809 11183 11183 W System.err: 	at android.app.ActivityThread.handleBindApplication(ActivityThread.java:6177)
12-25 22:56:03.809 11183 11183 W System.err: 	at android.app.ActivityThread.-wrap1(Unknown Source:0)
12-25 22:56:03.810 11183 11183 W System.err: 	at android.app.ActivityThread$H.handleMessage(ActivityThread.java:1841)
12-25 22:56:03.810 11183 11183 W System.err: 	at android.os.Handler.dispatchMessage(Handler.java:106)
12-25 22:56:03.810 11183 11183 W System.err: 	at android.os.Looper.loop(Looper.java:198)
12-25 22:56:03.810 11183 11183 W System.err: 	at android.app.ActivityThread.main(ActivityThread.java:7055)
12-25 22:56:03.810 11183 11183 W System.err: 	at java.lang.reflect.Method.invoke(Native Method)
12-25 22:56:03.810 11183 11183 W System.err: 	at com.android.internal.os.RuntimeInit$MethodAndArgsCaller.run(RuntimeInit.java:523)
12-25 22:56:03.810 11183 11183 W System.err: 	at com.android.internal.os.ZygoteInit.main(ZygoteInit.java:836)
12-25 22:56:03.811 11183 11183 W System.err: java.lang.ClassNotFoundException: Didn't find class "com.jifen.qukan.http.HttpApiManager_common" on path: DexPathList[[zip file "/data/app/com.xiaoqiao.qclean-qisbKjpyS8rdd2RV-Bpo7w==/base.apk"],nativeLibraryDirectories=[/data/app/com.xiaoqiao.qclean-qisbKjpyS8rdd2RV-Bpo7w==/lib/arm, /data/app/com.xiaoqiao.qclean-qisbKjpyS8rdd2RV-Bpo7w==/base.apk!/lib/armeabi-v7a, /system/lib, /vendor/lib]]
12-25 22:56:03.812 11183 11183 W System.err: 	at dalvik.system.BaseDexClassLoader.findClass(BaseDexClassLoader.java:125)
