12-21 13:02:27.740  7954  8361 W System.err: 	at com.android.okhttp.internal.http.HttpEngine.sendRequest(HttpEngine.java:325)
12-21 13:02:27.740  7954  8361 W System.err: 	at com.android.okhttp.internal.huc.HttpURLConnectionImpl.execute(HttpURLConnectionImpl.java:470)
12-21 13:02:27.740  7954  8361 W System.err: 	at com.android.okhttp.internal.huc.HttpURLConnectionImpl.getResponse(HttpURLConnectionImpl.java:416)
12-21 13:02:27.740  7954  8361 W System.err: 	at com.android.okhttp.internal.huc.HttpURLConnectionImpl.getResponseCode(HttpURLConnectionImpl.java:547)
12-21 13:02:27.740  7954  8361 W System.err: 	at com.android.settings.wifi.details.CheckManageRouterTask.doInBackground(CheckManageRouterTask.java:63)
12-21 13:02:27.740  7954  8361 W System.err: 	at com.android.settings.wifi.details.CheckManageRouterTask.doInBackground(CheckManageRouterTask.java:30)
12-21 13:02:27.740  7954  8361 W System.err: 	at android.os.AsyncTask$2.call(AsyncTask.java:333)
12-21 13:02:27.740  7954  8361 W System.err: 	at java.util.concurrent.FutureTask.run(FutureTask.java:266)
12-21 13:02:27.740  7954  8361 W System.err: 	at java.util.concurrent.ThreadPoolExecutor.runWorker(ThreadPoolExecutor.java:1167)
12-21 13:02:27.740  7954  8361 W System.err: 	at java.util.concurrent.ThreadPoolExecutor$Worker.run(ThreadPoolExecutor.java:641)
12-21 13:02:27.740  7954  8361 W System.err: 	at java.lang.Thread.run(Thread.java:764)
12-21 13:02:27.983  6977  7316 E oneconnect[1.7.23-29_18][CORE]: CatalogDbManager.getSetupApps - Not handled setup app type : hub
12-21 13:02:27.984  6977  7316 E oneconnect[1.7.23-29_18][CORE]: CatalogDbManager.getSetupApps - Not handled setup app type : hub
12-21 13:02:27.991  7954  7954 E WifiSettings.VI: updateWithAnimation size:6, updatedScanResult :true
12-21 13:02:27.991  7954  7954 E WifiSettings.VI: animation is not start,
12-21 13:02:29.652   696   713 E Netd    : getNetworkForDns: getNetId from enterpriseCtrl is netid 0
12-21 13:02:29.663   696   713 E Netd    : getNetworkForDns: getNetId from enterpriseCtrl is netid 0
12-21 13:02:29.821  2828  2828 E SPPClientService: [[PushClientService]] SPPC Ver : 2.0.10, Server Ver : 1, Platform Ver : 28
12-21 13:02:29.859  2828  2828 E SPPClientService: [[PushClientService]] reqType : 0
12-21 13:02:29.863  2828  2828 E SPPClientService: [[PushClientService]] F:false, D:false, E:false, T:false, S:false, R:false
12-21 13:02:29.887  2828  8384 W j       : Connection is already disconnected.
12-21 13:02:30.159  2828  8386 E SPPClientService: [b] __InitReply__
12-21 13:02:30.182  2828  8386 E SPPClientService: [a] onConnected Time : 159409925
12-21 13:02:30.203  6977  6977 E oneconnect[1.7.23-29_18][CORE]: CloudHelper.mSignInListener.RESTORE_CLOUD_CONNECTION.onStatusTimeout - update device state to UNKNOWN, reason: TIMEOUT
12-21 13:02:31.760  1355  3168 W InputMethodManagerService: setInputMethodSwitchDisable : Ignoring, uid 1000: com.android.internal.view.IInputMethodClient$Stub$Proxy@177b70f
12-21 13:02:31.760  1355  3171 W InputMethodManagerService: Starting input on non-focused client com.android.internal.view.IInputMethodClient$Stub$Proxy@e59b39c (uid=1000 pid=7954)
12-21 13:02:31.770   696   713 E Netd    : getNetworkForDns: getNetId from enterpriseCtrl is netid 0
12-21 13:02:31.844   696   713 E Netd    : getNetworkForDns: getNetId from enterpriseCtrl is netid 0
12-21 13:02:32.556  2629  2629 E pageboostd: Received HALT command code 2
12-21 13:02:32.674 30264 30264 E SpayFw_AuthFrameworkService: onConfigurationChanged
12-21 13:02:32.719   807  4954 W AudioPolicyIntefaceImpl: Skipped to add effects on session 11689
12-21 13:02:32.720   807  1633 W AudioSAEffectSecPlus: AudioSAEffectSec_setEnabled() SOUNDALIVE is already enabled
12-21 13:02:32.723   754 30965 E msm8974_platform: platform_check_backends_match: Invalid snd_device = 
12-21 13:02:32.724   754 30965 E voice   : voice_is_in_call_rec_stream: input stream is NULL
12-21 13:02:32.724   754 30965 E voice   : voice_is_in_call_rec_stream: input stream is NULL
12-21 13:02:32.725   754 30965 E voice   : voice_is_in_call_rec_stream: input stream is NULL
12-21 13:02:32.726   754 30965 E ACDB-LOADER: Error: ACDB_CMD_GET_AUDPROC_INSTANCE_GAIN_DEP_STEP_TABLE_SIZE Returned = -19
12-21 13:02:32.726   754 30965 E ACDB-LOADER: Error: ACDB AudProc vol returned = -19
12-21 13:02:32.726   754 30965 E ACDB-LOADER: Error: ACDB_CMD_GET_AFE_INSTANCE_COMMON_TABLE_SIZE Returned = -19
12-21 13:02:32.726   754 30965 E ACDB-LOADER: Error: ACDB AFE returned = -19
12-21 13:02:32.753  6052  8408 E 1_0_0.25_MPSD_UMD_CUPA_MODEL: We don't have enough data for training in this session 2
12-21 13:02:32.755  1355  2106 W InputMethodManagerService: hideSoftInput : Ignoring, uid 10219: com.android.internal.view.IInputMethodClient$Stub$Proxy@7deddd2
12-21 13:02:32.775   754 30965 E ACDB-LOADER: Error: ACDB_CMD_GET_AUDPROC_INSTANCE_GAIN_DEP_STEP_TABLE_SIZE Returned = -19
12-21 13:02:32.775   754 30965 E ACDB-LOADER: Error: ACDB AudProc vol returned = -19
12-21 13:02:32.775  7954  7954 E WifiSettings.VI: updateWithAnimation size:6, updatedScanResult :true
12-21 13:02:32.776   754 30965 E ACDB-LOADER: Error: ACDB_CMD_GET_AFE_INSTANCE_COMMON_TABLE_SIZE Returned = -19
12-21 13:02:32.776   754 30965 E ACDB-LOADER: Error: ACDB AFE returned = -19
12-21 13:02:32.800  6977  7316 E oneconnect[1.7.23-29_18][CORE]: CatalogDbManager.getSetupApps - Not handled setup app type : hub
12-21 13:02:32.801  6977  7316 E oneconnect[1.7.23-29_18][CORE]: CatalogDbManager.getSetupApps - Not handled setup app type : hub
12-21 13:02:32.826 26274  8413 W GOS:ExternalSdkCore: mIsForeground is false. do nothing.
12-21 13:02:32.841  7954  7954 E SemAddDeleteListAnimator: AFTER header/footer something strange is happening, the coordinates are same after layout, viewInfo.top=1713, newY=1713.0
12-21 13:02:32.950   810  1345 W SurfaceFlinger: Attempting to destroy on removed layer: f8ff564 com.android.systemui#0
12-21 13:02:32.987  1917  1917 E SystemUIImageView: set Image Drawable!!
12-21 13:02:33.023  1355  1778 E WifiStateMachine: Error! unhandled message{ when=0 what=131381 target=com.android.internal.util.StateMachine$SmHandler }
12-21 13:02:33.044  1917  1917 W View    : requestLayout() improperly called by com.android.systemui.stackdivider.KnoxBadgeView{ebddcf0 I.ED..... ......I. 0,0-0,0 #7f0a02b2 app:id/knox_badge_view} during layout: running second layout pass
12-21 13:02:33.071   810  2647 W SurfaceFlinger: Attempting to destroy on removed layer: 3649a1e AssistPreviewPanel#0
12-21 13:02:33.080   810  2647 W SurfaceFlinger: Attempting to destroy on removed layer: 93c3a2a DockedStackDivider#0
12-21 13:02:33.089   810  2647 W SurfaceFlinger: Attempting to destroy on removed layer: d4d0070 ExRecentsWindow : TaskMenuWindow#0
12-21 13:02:33.133   810  2647 W SurfaceFlinger: Attempting to set client state on removed layer: Dim Layer for - Task=21217#0 [s.what : 10000]
12-21 13:02:33.133   810  2647 W SurfaceFlinger: Attempting to destroy on removed layer: Dim Layer for - Task=21217#0
12-21 13:02:33.148  1917  1917 E ViewRootImpl: sendUserActionEvent() returned.
12-21 13:02:33.471   696   713 E Netd    : getNetworkForDns: getNetId from enterpriseCtrl is netid 0
12-21 13:02:33.700   696   713 E Netd    : getNetworkForDns: getNetId from enterpriseCtrl is netid 0
12-21 13:02:33.700   696   713 E Netd    : getNetworkForDns: getNetId from enterpriseCtrl is netid 0
12-21 13:02:34.126 26274  8448 W GOS:ExternalSdkCore: mIsForeground is false. do nothing.
12-21 13:02:35.770   696   713 E Netd    : getNetworkForDns: getNetId from enterpriseCtrl is netid 0
12-21 13:02:36.273  7422  7440 W System  : A resource failed to call end. 
12-21 13:02:36.730  1355  1778 W AlarmManager: Unrecognized alarm listener com.android.server.wifi.WifiConfigStore$1@353e806
12-21 13:02:36.745   696   713 E Netd    : getNetworkForDns: getNetId from enterpriseCtrl is netid 0
12-21 13:02:36.906   696   713 E Netd    : getNetworkForDns: getNetId from enterpriseCtrl is netid 0
12-21 13:02:36.908  7422  7422 E ViewRootImpl: sendUserActionEvent() returned.
12-21 13:02:36.911   696   713 E Netd    : getNetworkForDns: getNetId from enterpriseCtrl is netid 0
12-21 13:02:37.039  7422  8478 W System.err: java.lang.ClassNotFoundException: com.google.android.gms.ads.identifier.AdvertisingIdClient
12-21 13:02:37.040  7422  8478 W System.err: 	at java.lang.Class.classForName(Native Method)
12-21 13:02:37.040  7422  8478 W System.err: 	at java.lang.Class.forName(Class.java:453)
12-21 13:02:37.040  7422  8478 W System.err: 	at java.lang.Class.forName(Class.java:378)
12-21 13:02:37.040  7422  8478 W System.err: 	at com.mobileapptracker.d.run(Unknown Source:12)
12-21 13:02:37.040  7422  8478 W System.err: 	at java.lang.Thread.run(Thread.java:764)
12-21 13:02:37.040  7422  8478 W System.err: Caused by: java.lang.ClassNotFoundException: Didn't find class "com.google.android.gms.ads.identifier.AdvertisingIdClient" on path: DexPathList[[zip file "/system/framework/org.apache.http.legacy.boot.jar", zip file "/data/app/com.supercell.clashofclans.baidu-hp9itJoojQ8PuyqcGFHToA==/base.apk"],nativeLibraryDirectories=[/data/app/com.supercell.clashofclans.baidu-hp9itJoojQ8PuyqcGFHToA==/lib/arm, /data/app/com.supercell.clashofclans.baidu-hp9itJoojQ8PuyqcGFHToA==/base.apk!/lib/armeabi-v7a, /system/lib]]
12-21 13:02:37.040  7422  8478 W System.err: 	at dalvik.system.BaseDexClassLoader.findClass(BaseDexClassLoader.java:134)
12-21 13:02:37.040  7422  8478 W System.err: 	at java.lang.ClassLoader.loadClass(ClassLoader.java:379)
12-21 13:02:37.040  7422  8478 W System.err: 	at java.lang.ClassLoader.loadClass(ClassLoader.java:312)
12-21 13:02:37.040  7422  8478 W System.err: 	... 5 more
12-21 13:02:37.136   810  2612 W SurfaceFlinger: Attempting to set client state on removed layer: com.supercell.clashofclans.baidu/com.supercell.titan.kunlun.GameAppKunlun[7422]#3 [s.what : 40]
12-21 13:02:37.136   810  2612 W SurfaceFlinger: Attempting to destroy on removed layer: com.supercell.clashofclans.baidu/com.supercell.titan.kunlun.GameAppKunlun[7422]#3
12-21 13:02:37.148   810  2647 W SurfaceFlinger: Attempting to set client state on removed layer: Dim Layer for - Task=21217#0 [s.what : 10000]
12-21 13:02:37.148   810  2647 W SurfaceFlinger: Attempting to destroy on removed layer: Dim Layer for - Task=21217#0
12-21 13:02:38.766  8076  8084 W System  : A resource failed to call end. 
12-21 13:02:39.775  1355  1710 W System.err: java.net.SocketTimeoutException: failed to connect to www.google.com/69.63.181.11 (port 443) from /172.16.208.200 (port 55706) after 3000ms
12-21 13:02:39.776  1355  1710 W System.err: 	at libcore.io.IoBridge.connectErrno(IoBridge.java:185)
12-21 13:02:39.776  1355  1710 W System.err: 	at libcore.io.IoBridge.connect(IoBridge.java:129)
12-21 13:02:39.776  1355  1710 W System.err: 	at java.net.PlainSocketImpl.socketConnect(PlainSocketImpl.java:137)
12-21 13:02:39.776  1355  1710 W System.err: 	at java.net.AbstractPlainSocketImpl.doConnect(AbstractPlainSocketImpl.java:390)
12-21 13:02:39.776  1355  1710 W System.err: 	at java.net.AbstractPlainSocketImpl.connectToAddress(AbstractPlainSocketImpl.java:230)
12-21 13:02:39.776  1355  1710 W System.err: 	at java.net.AbstractPlainSocketImpl.connect(AbstractPlainSocketImpl.java:212)
12-21 13:02:39.776  1355  1710 W System.err: 	at java.net.SocksSocketImpl.connect(SocksSocketImpl.java:436)
12-21 13:02:39.776  1355  1710 W System.err: 	at java.net.Socket.connect(Socket.java:621)
12-21 13:02:39.777  1355  1710 W System.err: 	at com.android.okhttp.internal.Platform.connectSocket(Platform.java:145)
12-21 13:02:39.777  1355  1710 W System.err: 	at com.android.okhttp.internal.io.RealConnection.connectSocket(RealConnection.java:1416)
12-21 13:02:39.777  1355  1710 W System.err: 	at com.android.okhttp.internal.io.RealConnection.connect(RealConnection.java:1368)
12-21 13:02:39.777  1355  1710 W System.err: 	at com.android.okhttp.internal.http.StreamAllocation.findConnection(StreamAllocation.java:219)
12-21 13:02:39.777  1355  1710 W System.err: 	at com.android.okhttp.internal.http.StreamAllocation.findHealthyConnection(StreamAllocation.java:142)
12-21 13:02:39.777  1355  1710 W System.err: 	at com.android.okhttp.internal.http.StreamAllocation.newStream(StreamAllocation.java:104)
12-21 13:02:39.777  1355  1710 W System.err: 	at com.android.okhttp.internal.http.HttpEngine.connect(HttpEngine.java:392)
12-21 13:02:39.777  1355  1710 W System.err: 	at com.android.okhttp.internal.http.HttpEngine.sendRequest(HttpEngine.java:325)
12-21 13:02:39.777  1355  1710 W System.err: 	at com.android.okhttp.internal.huc.HttpURLConnectionImpl.execute(HttpURLConnectionImpl.java:470)
12-21 13:02:39.777  1355  1710 W System.err: 	at com.android.okhttp.internal.huc.HttpURLConnectionImpl.connect(HttpURLConnectionImpl.java:127)
12-21 13:02:39.777  1355  1710 W System.err: 	at com.android.okhttp.internal.huc.DelegatingHttpsURLConnection.connect(DelegatingHttpsURLConnection.java:89)
12-21 13:02:39.777  1355  1710 W System.err: 	at com.android.okhttp.internal.huc.HttpsURLConnectionImpl.connect(HttpsURLConnectionImpl.java:26)
12-21 13:02:39.777  1355  1710 W System.err: 	at com.android.server.GmsAlarmManager.checkGoogleNetwork(GmsAlarmManager.java:971)
12-21 13:02:39.777  1355  1710 W System.err: 	at com.android.server.GmsAlarmManager.access$1800(GmsAlarmManager.java:69)
12-21 13:02:39.777  1355  1710 W System.err: 	at com.android.server.GmsAlarmManager$GmsHandler.handleMessage(GmsAlarmManager.java:559)
12-21 13:02:39.777  1355  1710 W System.err: 	at android.os.Handler.dispatchMessage(Handler.java:106)
12-21 13:02:39.777  1355  1710 W System.err: 	at android.os.Looper.loop(Looper.java:214)
12-21 13:02:39.777  1355  1710 W System.err: 	at android.os.HandlerThread.run(HandlerThread.java:65)
12-21 13:02:39.778   696   713 E Netd    : getNetworkForDns: getNetId from enterpriseCtrl is netid 0
12-21 13:02:39.795   696   720 E IptablesRestoreController: [iptables debug]iptables-restore execute *filter
12-21 13:02:39.795   696   720 E IptablesRestoreController: -I firewall_f -s 203.208.50.88 -p all -o rmnet+ -j ACCEPT -m owner --uid-owner 10041
12-21 13:02:39.795   696   720 E IptablesRestoreController: -I firewall_f -d 203.208.50.88 -p all -o rmnet+ -j ACCEPT -m owner --uid-owner 10041
12-21 13:02:39.795   696   720 E IptablesRestoreController: -I firewall_f -s 203.208.50.88 -p all -o tun+ -j ACCEPT -m owner --uid-owner 10041
12-21 13:02:39.795   696   720 E IptablesRestoreController: -I firewall_f -d 203.208.50.88 -p all -o tun+ -j ACCEPT -m owner --uid-owner 10041
12-21 13:02:39.795   696   720 E IptablesRestoreController: COMMIT
12-21 13:02:39.798   696   720 E IptablesRestoreController: [iptables debug]iptables-restore execute done *filter
12-21 13:02:39.798   696   720 E IptablesRestoreController: -I firewall_f -s 203.208.50.88 -p all -o rmnet+ -j ACCEPT -m owner --uid-owner 10041
12-21 13:02:39.798   696   720 E IptablesRestoreController: -I firewall_f -d 203.208.50.88 -p all -o rmnet+ -j ACCEPT -m owner --uid-owner 10041
12-21 13:02:39.798   696   720 E IptablesRestoreController: -I firewall_f -s 203.208.50.88 -p all -o tun+ -j ACCEPT -m owner --uid-owner 10041
12-21 13:02:39.798   696   720 E IptablesRestoreController: -I firewall_f -d 203.208.50.88 -p all -o tun+ -j ACCEPT -m owner --uid-owner 10041
12-21 13:02:39.798   696   720 E IptablesRestoreController: COMMIT
12-21 13:02:39.798   696   720 E IptablesRestoreController: , res : 0
12-21 13:02:39.798   696   720 E IptablesRestoreController: [iptables debug]iptables-restore execute *filter
12-21 13:02:39.798   696   720 E IptablesRestoreController: -I firewall_f -s 203.208.50.88 -p all -o wlan+ -j ACCEPT -m owner --uid-owner 10041
12-21 13:02:39.798   696   720 E IptablesRestoreController: -I firewall_f -d 203.208.50.88 -p all -o wlan+ -j ACCEPT -m owner --uid-owner 10041
12-21 13:02:39.798   696   720 E IptablesRestoreController: COMMIT
12-21 13:02:39.799   696   720 E IptablesRestoreController: [iptables debug]iptables-restore execute done *filter
12-21 13:02:39.799   696   720 E IptablesRestoreController: -I firewall_f -s 203.208.50.88 -p all -o wlan+ -j ACCEPT -m owner --uid-owner 10041
12-21 13:02:39.799   696   720 E IptablesRestoreController: -I firewall_f -d 203.208.50.88 -p all -o wlan+ -j ACCEPT -m owner --uid-owner 10041
12-21 13:02:39.799   696   720 E IptablesRestoreController: COMMIT
12-21 13:02:39.799   696   720 E IptablesRestoreController: , res : 0
12-21 13:02:39.800   696   720 E IptablesRestoreController: [iptables debug]iptables-restore execute *filter
12-21 13:02:39.800   696   720 E IptablesRestoreController: -I firewall_f -s 203.208.50.87 -p all -o rmnet+ -j ACCEPT -m owner --uid-owner 10041
12-21 13:02:39.800   696   720 E IptablesRestoreController: -I firewall_f -d 203.208.50.87 -p all -o rmnet+ -j ACCEPT -m owner --uid-owner 10041
12-21 13:02:39.800   696   720 E IptablesRestoreController: -I firewall_f -s 203.208.50.87 -p all -o tun+ -j ACCEPT -m owner --uid-owner 10041
12-21 13:02:39.800   696   720 E IptablesRestoreController: -I firewall_f -d 203.208.50.87 -p all -o tun+ -j ACCEPT -m owner --uid-owner 10041
12-21 13:02:39.800   696   720 E IptablesRestoreController: COMMIT
12-21 13:02:39.801   696   720 E IptablesRestoreController: [iptables debug]iptables-restore execute done *filter
12-21 13:02:39.801   696   720 E IptablesRestoreController: -I firewall_f -s 203.208.50.87 -p all -o rmnet+ -j ACCEPT -m owner --uid-owner 10041
12-21 13:02:39.801   696   720 E IptablesRestoreController: -I firewall_f -d 203.208.50.87 -p all -o rmnet+ -j ACCEPT -m owner --uid-owner 10041
12-21 13:02:39.801   696   720 E IptablesRestoreController: -I firewall_f -s 203.208.50.87 -p all -o tun+ -j ACCEPT -m owner --uid-owner 10041
12-21 13:02:39.801   696   720 E IptablesRestoreController: -I firewall_f -d 203.208.50.87 -p all -o tun+ -j ACCEPT -m owner --uid-owner 10041
12-21 13:02:39.801   696   720 E IptablesRestoreController: COMMIT
12-21 13:02:39.801   696   720 E IptablesRestoreController: , res : 0
12-21 13:02:39.801   696   720 E IptablesRestoreController: [iptables debug]iptables-restore execute *filter
12-21 13:02:39.801   696   720 E IptablesRestoreController: -I firewall_f -s 203.208.50.87 -p all -o wlan+ -j ACCEPT -m owner --uid-owner 10041
12-21 13:02:39.801   696   720 E IptablesRestoreController: -I firewall_f -d 203.208.50.87 -p all -o wlan+ -j ACCEPT -m owner --uid-owner 10041
12-21 13:02:39.801   696   720 E IptablesRestoreController: COMMIT
12-21 13:02:39.803   696   720 E IptablesRestoreController: [iptables debug]iptables-restore execute done *filter
12-21 13:02:39.803   696   720 E IptablesRestoreController: -I firewall_f -s 203.208.50.87 -p all -o wlan+ -j ACCEPT -m owner --uid-owner 10041
12-21 13:02:39.803   696   720 E IptablesRestoreController: -I firewall_f -d 203.208.50.87 -p all -o wlan+ -j ACCEPT -m owner --uid-owner 10041
12-21 13:02:39.803   696   720 E IptablesRestoreController: COMMIT
12-21 13:02:39.803   696   720 E IptablesRestoreController: , res : 0
12-21 13:02:39.804   696   720 E IptablesRestoreController: [iptables debug]iptables-restore execute *filter
12-21 13:02:39.804   696   720 E IptablesRestoreController: -I firewall_f -s 203.208.50.95 -p all -o rmnet+ -j ACCEPT -m owner --uid-owner 10041
12-21 13:02:39.804   696   720 E IptablesRestoreController: -I firewall_f -d 203.208.50.95 -p all -o rmnet+ -j ACCEPT -m owner --uid-owner 10041
12-21 13:02:39.804   696   720 E IptablesRestoreController: -I firewall_f -s 203.208.50.95 -p all -o tun+ -j ACCEPT -m owner --uid-owner 10041
12-21 13:02:39.804   696   720 E IptablesRestoreController: -I firewall_f -d 203.208.50.95 -p all -o tun+ -j ACCEPT -m owner --uid-owner 10041
12-21 13:02:39.804   696   720 E IptablesRestoreController: COMMIT
12-21 13:02:39.805   696   720 E IptablesRestoreController: [iptables debug]iptables-restore execute done *filter
12-21 13:02:39.805   696   720 E IptablesRestoreController: -I firewall_f -s 203.208.50.95 -p all -o rmnet+ -j ACCEPT -m owner --uid-owner 10041
12-21 13:02:39.805   696   720 E IptablesRestoreController: -I firewall_f -d 203.208.50.95 -p all -o rmnet+ -j ACCEPT -m owner --uid-owner 10041
12-21 13:02:39.805   696   720 E IptablesRestoreController: -I firewall_f -s 203.208.50.95 -p all -o tun+ -j ACCEPT -m owner --uid-owner 10041
12-21 13:02:39.805   696   720 E IptablesRestoreController: -I firewall_f -d 203.208.50.95 -p all -o tun+ -j ACCEPT -m owner --uid-owner 10041
12-21 13:02:39.805   696   720 E IptablesRestoreController: COMMIT
12-21 13:02:39.805   696   720 E IptablesRestoreController: , res : 0
12-21 13:02:39.806   696   720 E IptablesRestoreController: [iptables debug]iptables-restore execute *filter
12-21 13:02:39.806   696   720 E IptablesRestoreController: -I firewall_f -s 203.208.50.95 -p all -o wlan+ -j ACCEPT -m owner --uid-owner 10041
12-21 13:02:39.806   696   720 E IptablesRestoreController: -I firewall_f -d 203.208.50.95 -p all -o wlan+ -j ACCEPT -m owner --uid-owner 10041
12-21 13:02:39.806   696   720 E IptablesRestoreController: COMMIT
12-21 13:02:39.807   696   720 E IptablesRestoreController: [iptables debug]iptables-restore execute done *filter
12-21 13:02:39.807   696   720 E IptablesRestoreController: -I firewall_f -s 203.208.50.95 -p all -o wlan+ -j ACCEPT -m owner --uid-owner 10041
12-21 13:02:39.807   696   720 E IptablesRestoreController: -I firewall_f -d 203.208.50.95 -p all -o wlan+ -j ACCEPT -m owner --uid-owner 10041
12-21 13:02:39.807   696   720 E IptablesRestoreController: COMMIT
12-21 13:02:39.807   696   720 E IptablesRestoreController: , res : 0
12-21 13:02:39.808   696   720 E IptablesRestoreController: [iptables debug]iptables-restore execute *filter
12-21 13:02:39.808   696   720 E IptablesRestoreController: -I firewall_f -s 203.208.50.79 -p all -o rmnet+ -j ACCEPT -m owner --uid-owner 10041
12-21 13:02:39.808   696   720 E IptablesRestoreController: -I firewall_f -d 203.208.50.79 -p all -o rmnet+ -j ACCEPT -m owner --uid-owner 10041
12-21 13:02:39.808   696   720 E IptablesRestoreController: -I firewall_f -s 203.208.50.79 -p all -o tun+ -j ACCEPT -m owner --uid-owner 10041
12-21 13:02:39.808   696   720 E IptablesRestoreController: -I firewall_f -d 203.208.50.79 -p all -o tun+ -j ACCEPT -m owner --uid-owner 10041
12-21 13:02:39.808   696   720 E IptablesRestoreController: COMMIT
12-21 13:02:39.809   696   720 E IptablesRestoreController: [iptables debug]iptables-restore execute done *filter
12-21 13:02:39.809   696   720 E IptablesRestoreController: -I firewall_f -s 203.208.50.79 -p all -o rmnet+ -j ACCEPT -m owner --uid-owner 10041
12-21 13:02:39.809   696   720 E IptablesRestoreController: -I firewall_f -d 203.208.50.79 -p all -o rmnet+ -j ACCEPT -m owner --uid-owner 10041
12-21 13:02:39.809   696   720 E IptablesRestoreController: -I firewall_f -s 203.208.50.79 -p all -o tun+ -j ACCEPT -m owner --uid-owner 10041
12-21 13:02:39.809   696   720 E IptablesRestoreController: -I firewall_f -d 203.208.50.79 -p all -o tun+ -j ACCEPT -m owner --uid-owner 10041
12-21 13:02:39.809   696   720 E IptablesRestoreController: COMMIT
12-21 13:02:39.809   696   720 E IptablesRestoreController: , res : 0
12-21 13:02:39.810   696   720 E IptablesRestoreController: [iptables debug]iptables-restore execute *filter
12-21 13:02:39.810   696   720 E IptablesRestoreController: -I firewall_f -s 203.208.50.79 -p all -o wlan+ -j ACCEPT -m owner --uid-owner 10041
12-21 13:02:39.810   696   720 E IptablesRestoreController: -I firewall_f -d 203.208.50.79 -p all -o wlan+ -j ACCEPT -m owner --uid-owner 10041
12-21 13:02:39.810   696   720 E IptablesRestoreController: COMMIT
12-21 13:02:39.811   696   720 E IptablesRestoreController: [iptables debug]iptables-restore execute done *filter
12-21 13:02:39.811   696   720 E IptablesRestoreController: -I firewall_f -s 203.208.50.79 -p all -o wlan+ -j ACCEPT -m owner --uid-owner 10041
12-21 13:02:39.811   696   720 E IptablesRestoreController: -I firewall_f -d 203.208.50.79 -p all -o wlan+ -j ACCEPT -m owner --uid-owner 10041
12-21 13:02:39.811   696   720 E IptablesRestoreController: COMMIT
12-21 13:02:39.811   696   720 E IptablesRestoreController: , res : 0
12-21 13:02:39.812   696   720 E IptablesRestoreController: [iptables debug]iptables-restore execute *filter
12-21 13:02:39.812   696   720 E IptablesRestoreController: -A firewall_f -p all -o wlan+ -j firewall_r -m owner --uid-owner 10041
12-21 13:02:39.812   696   720 E IptablesRestoreController: COMMIT
12-21 13:02:39.814   696   720 E IptablesRestoreController: [iptables debug]iptables-restore execute done *filter
12-21 13:02:39.814   696   720 E IptablesRestoreController: -A firewall_f -p all -o wlan+ -j firewall_r -m owner --uid-owner 10041
12-21 13:02:39.814   696   720 E IptablesRestoreController: COMMIT
12-21 13:02:39.814   696   720 E IptablesRestoreController: , res : 0
12-21 13:02:39.816   696   720 E IptablesRestoreController: [iptables debug]iptables-restore execute *filter
12-21 13:02:39.816   696   720 E IptablesRestoreController: -A firewall_f -p all -o rmnet+ -j firewall_r -m owner --uid-owner 10041
12-21 13:02:39.816   696   720 E IptablesRestoreController: -A firewall_f -p all -o tun+ -j firewall_r -m owner --uid-owner 10041
12-21 13:02:39.816   696   720 E IptablesRestoreController: COMMIT
12-21 13:02:39.818   696   720 E IptablesRestoreController: [iptables debug]iptables-restore execute done *filter
12-21 13:02:39.818   696   720 E IptablesRestoreController: -A firewall_f -p all -o rmnet+ -j firewall_r -m owner --uid-owner 10041
12-21 13:02:39.818   696   720 E IptablesRestoreController: -A firewall_f -p all -o tun+ -j firewall_r -m owner --uid-owner 10041
12-21 13:02:39.818   696   720 E IptablesRestoreController: COMMIT
12-21 13:02:39.818   696   720 E IptablesRestoreController: , res : 0
12-21 13:02:39.819   696   720 E IptablesRestoreController: [iptables debug]iptables-restore execute *filter
12-21 13:02:39.819   696   720 E IptablesRestoreController: -A firewall_f -p all -o wlan+ -j firewall_r -m owner --uid-owner 10022
12-21 13:02:39.819   696   720 E IptablesRestoreController: COMMIT
12-21 13:02:39.821   696   720 E IptablesRestoreController: [iptables debug]iptables-restore execute done *filter
12-21 13:02:39.821   696   720 E IptablesRestoreController: -A firewall_f -p all -o wlan+ -j firewall_r -m owner --uid-owner 10022
12-21 13:02:39.821   696   720 E IptablesRestoreController: COMMIT
12-21 13:02:39.821   696   720 E IptablesRestoreController: , res : 0
12-21 13:02:39.823   696   720 E IptablesRestoreController: [iptables debug]iptables-restore execute *filter
12-21 13:02:39.823   696   720 E IptablesRestoreController: -A firewall_f -p all -o rmnet+ -j firewall_r -m owner --uid-owner 10022
12-21 13:02:39.823   696   720 E IptablesRestoreController: -A firewall_f -p all -o tun+ -j firewall_r -m owner --uid-owner 10022
12-21 13:02:39.823   696   720 E IptablesRestoreController: COMMIT
12-21 13:02:39.826   696   720 E IptablesRestoreController: [iptables debug]iptables-restore execute done *filter
12-21 13:02:39.826   696   720 E IptablesRestoreController: -A firewall_f -p all -o rmnet+ -j firewall_r -m owner --uid-owner 10022
12-21 13:02:39.826   696   720 E IptablesRestoreController: -A firewall_f -p all -o tun+ -j firewall_r -m owner --uid-owner 10022
12-21 13:02:39.826   696   720 E IptablesRestoreController: COMMIT
12-21 13:02:39.826   696   720 E IptablesRestoreController: , res : 0
12-21 13:02:39.828  1355  1710 W System.err: java.lang.IllegalArgumentException: Component class com.google.android.location.network.LocationProviderChangeReceiver does not exist in com.google.android.gms
12-21 13:02:39.828  1355  1710 W System.err: 	at com.android.server.pm.PackageManagerService.setEnabledSetting(PackageManagerService.java:25214)
12-21 13:02:39.828  1355  1710 W System.err: 	at com.android.server.pm.PackageManagerService.setComponentEnabledSetting(PackageManagerService.java:24851)
12-21 13:02:39.828  1355  1710 W System.err: 	at android.app.ApplicationPackageManager.setComponentEnabledSetting(ApplicationPackageManager.java:2819)
12-21 13:02:39.828  1355  1710 W System.err: 	at com.android.server.GmsAlarmManager.setGMSLocationProviderChangeReceiverState(GmsAlarmManager.java:1040)
12-21 13:02:39.829  1355  1710 W System.err: 	at com.android.server.GmsAlarmManager.access$2400(GmsAlarmManager.java:69)
12-21 13:02:39.829  1355  1710 W System.err: 	at com.android.server.GmsAlarmManager$GmsHandler.handleMessage(GmsAlarmManager.java:622)
12-21 13:02:39.829  1355  1710 W System.err: 	at android.os.Handler.dispatchMessage(Handler.java:106)
12-21 13:02:39.829  1355  1710 W System.err: 	at android.os.Looper.loop(Looper.java:214)
12-21 13:02:39.829  1355  1710 W System.err: 	at android.os.HandlerThread.run(HandlerThread.java:65)
12-21 13:02:48.819  2899  8338 E MdnsClient: Failed to send a multicast mDNS packet.
12-21 13:02:48.819  2899  8338 E MdnsClient: java.io.IOException: sendto failed: EPERM (Operation not permitted)
12-21 13:02:48.819  2899  8338 E MdnsClient: 	at libcore.io.IoBridge.maybeThrowAfterSendto(IoBridge.java:576)
12-21 13:02:48.819  2899  8338 E MdnsClient: 	at libcore.io.IoBridge.sendto(IoBridge.java:544)
12-21 13:02:48.819  2899  8338 E MdnsClient: 	at java.net.PlainDatagramSocketImpl.send(PlainDatagramSocketImpl.java:125)
12-21 13:02:48.819  2899  8338 E MdnsClient: 	at java.net.DatagramSocket.send(DatagramSocket.java:723)
12-21 13:02:48.819  2899  8338 E MdnsClient: 	at agww.a(:com.google.android.gms@17785037@17.7.85 (100400-253824076):82)
12-21 13:02:48.819  2899  8338 E MdnsClient: 	at agwz.run(Unknown Source:6)
12-21 13:02:48.819  2899  8338 E MdnsClient: 	at java.lang.Thread.run(Thread.java:764)
12-21 13:02:48.819  2899  8338 E MdnsClient: Caused by: android.system.ErrnoException: sendto failed: EPERM (Operation not permitted)
12-21 13:02:48.819  2899  8338 E MdnsClient: 	at libcore.io.Linux.sendtoBytes(Native Method)
12-21 13:02:48.819  2899  8338 E MdnsClient: 	at libcore.io.Linux.sendto(Linux.java:227)
12-21 13:02:48.819  2899  8338 E MdnsClient: 	at libcore.io.BlockGuardOs.sendto(BlockGuardOs.java:307)
12-21 13:02:48.819  2899  8338 E MdnsClient: 	at libcore.io.IoBridge.sendto(IoBridge.java:542)
12-21 13:02:48.819  2899  8338 E MdnsClient: 	... 5 more
12-21 13:02:51.920  1355  1582 W libprocessgroup: kill(-6762, 9) failed: No such process
12-21 13:02:51.927  1355  1582 W libprocessgroup: kill(-6762, 9) failed: No such process
12-21 13:02:51.933  1355  1582 W libprocessgroup: kill(-6762, 9) failed: No such process
12-21 13:02:51.941  1355  1582 W libprocessgroup: kill(-6762, 9) failed: No such process
12-21 13:02:51.947  1355  1582 W libprocessgroup: kill(-6762, 9) failed: No such process
12-21 13:02:51.965  1355  1582 W libprocessgroup: kill(-6762, 9) failed: No such process
12-21 13:02:51.974  1355  1582 W libprocessgroup: kill(-6762, 9) failed: No such process
12-21 13:02:51.974  1355  1582 W libprocessgroup: kill(-6801, 9) failed: No such process
12-21 13:02:51.979  1355  1582 W libprocessgroup: kill(-6801, 9) failed: No such process
12-21 13:02:51.985  1355  1582 W libprocessgroup: kill(-6801, 9) failed: No such process
12-21 13:02:51.990  1355  1582 W libprocessgroup: kill(-6801, 9) failed: No such process
12-21 13:02:51.991  1355  1582 W libprocessgroup: kill(-6818, 9) failed: No such process
12-21 13:02:53.145   696   713 E Netd    : getNetworkForDns: getNetId from enterpriseCtrl is netid 0
12-21 13:02:53.413  1355  1582 W libprocessgroup: kill(-31784, 9) failed: No such process
12-21 13:02:53.448  1355  1582 W libprocessgroup: kill(-31784, 9) failed: No such process
12-21 13:02:53.453  1355  1582 W libprocessgroup: kill(-31784, 9) failed: No such process
12-21 13:02:54.448  1355  1582 W libprocessgroup: kill(-6880, 9) failed: No such process
12-21 13:02:54.521  1355  1582 W libprocessgroup: kill(-6880, 9) failed: No such process
12-21 13:02:54.527  1355  1582 W libprocessgroup: kill(-6880, 9) failed: No such process
12-21 13:02:55.561  8503  8503 E Zygote  : isWhitelistProcess - Process is Whitelisted
12-21 13:02:55.563  8503  8503 E Zygote  : accessInfo : 1
12-21 13:02:55.594  8503  8503 E g.extension.ch: Not starting debugger since process cannot load the jdwp agent.
12-21 13:02:55.677  1355  1582 W libprocessgroup: kill(-6416, 9) failed: No such process
12-21 13:02:55.741  1355  1582 W libprocessgroup: kill(-6416, 9) failed: No such process
12-21 13:02:55.753  1355  1582 W libprocessgroup: kill(-6416, 9) failed: No such process
12-21 13:02:55.761  1355  1582 W libprocessgroup: kill(-6416, 9) failed: No such process
12-21 13:02:55.768  1355  1582 W libprocessgroup: kill(-6416, 9) failed: No such process
12-21 13:02:55.774  1355  1582 W libprocessgroup: kill(-6416, 9) failed: No such process
12-21 13:02:55.779  1355  1582 W libprocessgroup: kill(-6416, 9) failed: No such process
12-21 13:02:55.785  1355  1582 W libprocessgroup: kill(-6416, 9) failed: No such process
12-21 13:02:55.791  1355  1582 W libprocessgroup: kill(-6416, 9) failed: No such process
12-21 13:02:55.796  1355  1582 W libprocessgroup: kill(-6416, 9) failed: No such process
12-21 13:02:55.802  8503  8521 W g.extension.ch: Unsupported class loader
12-21 13:02:55.802  1355  1582 W libprocessgroup: kill(-6416, 9) failed: No such process
12-21 13:02:55.807  8503  8521 W g.extension.ch: Skipping duplicate class check due to unsupported classloader
12-21 13:02:55.807  8503  8521 W g.extension.ch: Unsupported class loader
12-21 13:02:55.808  1355  1582 W libprocessgroup: kill(-6416, 9) failed: No such process
12-21 13:02:55.814  8503  8521 W g.extension.ch: Skipping duplicate class check due to unsupported classloader
12-21 13:02:55.815  8503  8521 W g.extension.ch: Unsupported class loader
12-21 13:02:55.824  8503  8521 W g.extension.ch: Skipping duplicate class check due to unsupported classloader
12-21 13:02:55.888  8503  8521 W g.extension.ch: Unsupported class loader
12-21 13:02:55.894  8503  8521 W g.extension.ch: Skipping duplicate class check due to unsupported classloader
12-21 13:02:55.899  8503  8522 W g.extension.ch: Unsupported class loader
12-21 13:02:55.900  8503  8530 W g.extension.ch: Unsupported class loader
12-21 13:02:55.907  8503  8530 W g.extension.ch: Skipping duplicate class check due to unsupported classloader
12-21 13:02:55.907  8503  8530 W g.extension.ch: Unsupported class loader
12-21 13:02:55.914  8503  8530 W g.extension.ch: Skipping duplicate class check due to unsupported classloader
12-21 13:02:55.926  8503  8522 W g.extension.ch: Skipping duplicate class check due to unsupported classloader
12-21 13:02:56.946   810   810 E FrameEvents: addLatch: Did not find frame.
12-21 13:02:58.929  1355  1582 W libprocessgroup: kill(-6928, 9) failed: No such process
12-21 13:02:58.935  1355  1582 W libprocessgroup: kill(-6928, 9) failed: No such process
12-21 13:02:58.984  1355  1582 W libprocessgroup: kill(-6928, 9) failed: No such process
12-21 13:02:58.990  1355  1582 W libprocessgroup: kill(-6928, 9) failed: No such process
12-21 13:02:59.987   696   713 E Netd    : getNetworkForDns: getNetId from enterpriseCtrl is netid 0
12-21 13:03:00.001  1355  1841 W AlarmManager: Unrecognized alarm listener com.android.server.wifi.IWCMonitor$5@3855ef8
12-21 13:03:00.018  8546  8546 E Zygote  : isWhitelistProcess - Process is Whitelisted
12-21 13:03:00.019  8546  8546 E Zygote  : accessInfo : 1
12-21 13:03:00.047  8546  8546 E ng.storyservic: Not starting debugger since process cannot load the jdwp agent.
12-21 13:03:00.176  1355  1582 W libprocessgroup: kill(-7009, 9) failed: No such process
12-21 13:03:00.182  1355  1582 W libprocessgroup: kill(-7009, 9) failed: No such process
12-21 13:03:00.224  1355  1582 W libprocessgroup: kill(-7009, 9) failed: No such process
12-21 13:03:00.229  1355  1582 W libprocessgroup: kill(-7009, 9) failed: No such process
12-21 13:03:01.074   696   713 E Netd    : getNetworkForDns: getNetId from enterpriseCtrl is netid 0
12-21 13:03:01.262  8573  8573 E Zygote  : isWhitelistProcess - Process is Whitelisted
12-21 13:03:01.265  8573  8573 E Zygote  : accessInfo : 1
12-21 13:03:01.288  8573  8573 E msung.ipservic: Not starting debugger since process cannot load the jdwp agent.
12-21 13:03:01.347  4225  4225 W System.err: retrofit2.adapter.rxjava2.HttpException: HTTP 404 Not Found
12-21 13:03:01.348  4225  4225 W System.err: 	at com.baidu.ilw$a.c(Proguard:54)
12-21 13:03:01.348  4225  4225 W System.err: 	at com.baidu.ilw$a.bh(Proguard:37)
12-21 13:03:01.348  4225  4225 W System.err: 	at com.baidu.ily.b(Proguard:44)
12-21 13:03:01.348  4225  4225 W System.err: 	at com.baidu.hoi.a(Proguard:12036)
12-21 13:03:01.348  4225  4225 W System.err: 	at com.baidu.ilw.b(Proguard:34)
12-21 13:03:01.348  4225  4225 W System.err: 	at com.baidu.hoi.a(Proguard:12036)
12-21 13:03:01.348  4225  4225 W System.err: 	at io.reactivex.internal.operators.observable.ObservableSubscribeOn$a.run(Proguard:96)
12-21 13:03:01.348  4225  4225 W System.err: 	at com.baidu.hon$a.run(Proguard:579)
12-21 13:03:01.348  4225  4225 W System.err: 	at io.reactivex.internal.schedulers.ScheduledRunnable.run(Proguard:66)
12-21 13:03:01.348  4225  4225 W System.err: 	at io.reactivex.internal.schedulers.ScheduledRunnable.call(Proguard:57)
12-21 13:03:01.348  4225  4225 W System.err: 	at java.util.concurrent.FutureTask.run(FutureTask.java:266)
12-21 13:03:01.348  4225  4225 W System.err: 	at java.util.concurrent.ScheduledThreadPoolExecutor$ScheduledFutureTask.run(ScheduledThreadPoolExecutor.java:301)
12-21 13:03:01.348  4225  4225 W System.err: 	at java.util.concurrent.ThreadPoolExecutor.runWorker(ThreadPoolExecutor.java:1167)
12-21 13:03:01.348  4225  4225 W System.err: 	at java.util.concurrent.ThreadPoolExecutor$Worker.run(ThreadPoolExecutor.java:641)
12-21 13:03:01.348  4225  4225 W System.err: 	at java.lang.Thread.run(Thread.java:764)
12-21 13:03:01.383  1355  1582 W libprocessgroup: kill(-6976, 9) failed: No such process
12-21 13:03:01.389  1355  1582 W libprocessgroup: kill(-6976, 9) failed: No such process
12-21 13:03:01.423  1355  1582 W libprocessgroup: kill(-6976, 9) failed: No such process
12-21 13:03:01.430  1355  1582 W libprocessgroup: kill(-6976, 9) failed: No such process
12-21 13:03:02.466  8612  8612 E Zygote  : isWhitelistProcess - Process is Whitelisted
12-21 13:03:02.468  8612  8612 E Zygote  : accessInfo : 1
12-21 13:03:02.491  8612  8612 E com.samsung.ml: Not starting debugger since process cannot load the jdwp agent.
12-21 13:03:03.425  1355  1582 W libprocessgroup: kill(-7042, 9) failed: No such process
12-21 13:03:03.431  1355  1582 W libprocessgroup: kill(-7042, 9) failed: No such process
12-21 13:03:03.437  1355  1582 W libprocessgroup: kill(-7042, 9) failed: No such process
12-21 13:03:03.485  1355  1582 W libprocessgroup: kill(-7042, 9) failed: No such process
12-21 13:03:03.490  1355  1582 W libprocessgroup: kill(-7042, 9) failed: No such process
12-21 13:03:04.539  8633  8633 E Zygote  : isWhitelistProcess - Process is Whitelisted
12-21 13:03:04.541  8633  8633 E Zygote  : accessInfo : 1
12-21 13:03:04.565  8633  8633 E ung.faceservic: Not starting debugger since process cannot load the jdwp agent.
12-21 13:03:04.852  1355  1582 W libprocessgroup: kill(-6546, 9) failed: No such process
12-21 13:03:04.949  1355  1582 W libprocessgroup: kill(-6546, 9) failed: No such process
12-21 13:03:04.955  1355  1582 W libprocessgroup: kill(-6546, 9) failed: No such process
12-21 13:03:08.034   810   810 E FrameEvents: addLatch: Did not find frame.
12-21 13:03:08.035   810   810 E FrameEvents: addPreComposition: Did not find frame.
12-21 13:03:08.686   810   810 E FrameEvents: addLatch: Did not find frame.
12-21 13:03:08.820  2899  8338 E MdnsClient: Failed to send a multicast mDNS packet.
12-21 13:03:08.820  2899  8338 E MdnsClient: java.io.IOException: sendto failed: EPERM (Operation not permitted)
12-21 13:03:08.820  2899  8338 E MdnsClient: 	at libcore.io.IoBridge.maybeThrowAfterSendto(IoBridge.java:576)
12-21 13:03:08.820  2899  8338 E MdnsClient: 	at libcore.io.IoBridge.sendto(IoBridge.java:544)
12-21 13:03:08.820  2899  8338 E MdnsClient: 	at java.net.PlainDatagramSocketImpl.send(PlainDatagramSocketImpl.java:125)
12-21 13:03:08.820  2899  8338 E MdnsClient: 	at java.net.DatagramSocket.send(DatagramSocket.java:723)
12-21 13:03:08.820  2899  8338 E MdnsClient: 	at agww.a(:com.google.android.gms@17785037@17.7.85 (100400-253824076):82)
12-21 13:03:08.820  2899  8338 E MdnsClient: 	at agwz.run(Unknown Source:6)
12-21 13:03:08.820  2899  8338 E MdnsClient: 	at java.lang.Thread.run(Thread.java:764)
12-21 13:03:08.820  2899  8338 E MdnsClient: Caused by: android.system.ErrnoException: sendto failed: EPERM (Operation not permitted)
12-21 13:03:08.820  2899  8338 E MdnsClient: 	at libcore.io.Linux.sendtoBytes(Native Method)
12-21 13:03:08.820  2899  8338 E MdnsClient: 	at libcore.io.Linux.sendto(Linux.java:227)
12-21 13:03:08.820  2899  8338 E MdnsClient: 	at libcore.io.BlockGuardOs.sendto(BlockGuardOs.java:307)
12-21 13:03:08.820  2899  8338 E MdnsClient: 	at libcore.io.IoBridge.sendto(IoBridge.java:542)
12-21 13:03:08.820  2899  8338 E MdnsClient: 	... 5 more
12-21 13:03:12.519  7422  8459 W UN-SDK  : EventManager -> handleMessage() : Ignored due to UnbotifyContext already Ended!
12-21 13:03:12.629  1355  1686 E SensorService: [PALMSENSE] Update the first event 
12-21 13:03:12.844  1355  1686 E SensorService: [EARPROXIMITY] Update the first event 
12-21 13:03:13.033  1355  1707 E AbsHWParamInfo: e = write failed: EIO (I/O error)
12-21 13:03:13.104  1355  1707 E AbsHWParamInfo: e = /sys/class/usb_notify/usb_control/hw_param (Permission denied)
12-21 13:03:13.109  1355  1707 E AbsHWParamInfo: e = /sys/fs/ext4/userdata/sec_defrag_stat (Permission denied)
12-21 13:03:13.136  1355  1708 E MemoryAnalyzer: e = /proc/1355/smaps_simple (No such file or directory)
12-21 13:03:13.137  1355  1708 E MemoryAnalyzer: e = /proc/1917/smaps_simple (No such file or directory)
12-21 13:03:16.314  1355  1686 E SensorService: [EARPROXIMITY]no-move
12-21 13:03:16.314  1355  1686 E SensorService: [EARPROXIMITY]accept proximity 
12-21 13:03:18.205  8688  8688 E Zygote  : isWhitelistProcess - Process is Whitelisted
12-21 13:03:18.207  8688  8688 E Zygote  : accessInfo : 1
12-21 13:03:18.216  1355  1745 E SensorService: BigData:Pakage) 4 already enabled. 
12-21 13:03:18.234  8688  8688 E .app.aodservic: Not starting debugger since process cannot load the jdwp agent.
12-21 13:03:18.547  6977  6977 W oneconnect[1.7.23-29_18][CORE]: ContentContinuityInternal.getActiveMediaPlayer - activeMediaPlayer: nothing
12-21 13:03:18.848  8125  8125 W CursorWindow: Window is full: requested allocation 683 bytes, free space 488 bytes, window size 4194304 bytes
12-21 13:03:19.419   810   810 E FrameEvents: addLatch: Did not find frame.
12-21 13:03:19.725  1355  1355 E SensorService: BigData:Pakage) 4 already disabled. 
12-21 13:03:24.984   767  1682 E sensors-hal: ~sns_wakelock:52, ~sns_wakelock sensor_ssc_worker/call_gesture and  _heldwakelock 0
12-21 13:03:25.085  1355  1686 E SensorService: [PALMSENSE] Update the first event 
12-21 13:03:25.293  1355  1686 E SensorService: [EARPROXIMITY] Update the first event 
12-21 13:03:25.986   770   770 E WifiHAL : Failed to register get pkt fate response; result = -3
12-21 13:03:25.987  1355  1778 E WifiVendorHal: getTxPktFates(l.2241) failed {.code = ERROR_NOT_SUPPORTED, .description = }
12-21 13:03:25.987   770   770 E WifiHAL : Failed to register get pkt fate response; result = -3
12-21 13:03:25.987  1355  1778 E WifiVendorHal: getRxPktFates(l.2283) failed {.code = ERROR_NOT_SUPPORTED, .description = }
12-21 13:03:26.673  1355  1582 W libprocessgroup: kill(-29356, 9) failed: No such process
12-21 13:03:26.679  1355  1582 W libprocessgroup: kill(-29356, 9) failed: No such process
12-21 13:03:26.738  1355  1582 W libprocessgroup: kill(-29356, 9) failed: No such process
12-21 13:03:26.744  1355  1582 W libprocessgroup: kill(-29356, 9) failed: No such process
12-21 13:03:26.749  1355  1582 W libprocessgroup: kill(-29356, 9) failed: No such process
12-21 13:03:26.759  1355  1582 W libprocessgroup: kill(-29356, 9) failed: No such process
12-21 13:03:28.346  1355  1686 E SensorService: [EARPROXIMITY]no-move
12-21 13:03:28.346  1355  1686 E SensorService: [EARPROXIMITY]accept proximity 
12-21 13:03:28.524  1355  1370 W System  : A resource failed to call close. 
12-21 13:03:28.823  2899  8338 E MdnsClient: Failed to send a multicast mDNS packet.
12-21 13:03:28.823  2899  8338 E MdnsClient: java.io.IOException: sendto failed: EPERM (Operation not permitted)
12-21 13:03:28.823  2899  8338 E MdnsClient: 	at libcore.io.IoBridge.maybeThrowAfterSendto(IoBridge.java:576)
12-21 13:03:28.823  2899  8338 E MdnsClient: 	at libcore.io.IoBridge.sendto(IoBridge.java:544)
12-21 13:03:28.823  2899  8338 E MdnsClient: 	at java.net.PlainDatagramSocketImpl.send(PlainDatagramSocketImpl.java:125)
12-21 13:03:28.823  2899  8338 E MdnsClient: 	at java.net.DatagramSocket.send(DatagramSocket.java:723)
12-21 13:03:28.823  2899  8338 E MdnsClient: 	at agww.a(:com.google.android.gms@17785037@17.7.85 (100400-253824076):82)
12-21 13:03:28.823  2899  8338 E MdnsClient: 	at agwz.run(Unknown Source:6)
12-21 13:03:28.823  2899  8338 E MdnsClient: 	at java.lang.Thread.run(Thread.java:764)
12-21 13:03:28.823  2899  8338 E MdnsClient: Caused by: android.system.ErrnoException: sendto failed: EPERM (Operation not permitted)
12-21 13:03:28.823  2899  8338 E MdnsClient: 	at libcore.io.Linux.sendtoBytes(Native Method)
12-21 13:03:28.823  2899  8338 E MdnsClient: 	at libcore.io.Linux.sendto(Linux.java:227)
12-21 13:03:28.823  2899  8338 E MdnsClient: 	at libcore.io.BlockGuardOs.sendto(BlockGuardOs.java:307)
12-21 13:03:28.823  2899  8338 E MdnsClient: 	at libcore.io.IoBridge.sendto(IoBridge.java:542)
12-21 13:03:28.823  2899  8338 E MdnsClient: 	... 5 more
12-21 13:03:29.244   767  1682 E sensors-hal: ~sns_wakelock:52, ~sns_wakelock sensor_ssc_worker/call_gesture and  _heldwakelock 0
12-21 13:03:29.340  1355  1686 E SensorService: [PALMSENSE] Update the first event 
12-21 13:03:29.547  1355  1686 E SensorService: [EARPROXIMITY] Update the first event 
12-21 13:03:32.660  1355  1686 E SensorService: [EARPROXIMITY]no-move
12-21 13:03:32.660  1355  1686 E SensorService: [EARPROXIMITY]accept proximity 
12-21 13:03:37.113   696   713 E Netd    : getNetworkForDns: getNetId from enterpriseCtrl is netid 0
12-21 13:03:39.256  1355  1582 W libprocessgroup: kill(-29266, 9) failed: No such process
12-21 13:03:39.292  1355  1582 W libprocessgroup: kill(-29266, 9) failed: No such process
12-21 13:03:40.203   810   810 E FrameEvents: addLatch: Did not find frame.
12-21 13:03:40.207   696   713 E Netd    : getNetworkForDns: getNetId from enterpriseCtrl is netid 0
12-21 13:03:44.262   767  1682 E sensors-hal: ~sns_wakelock:52, ~sns_wakelock sensor_ssc_worker/call_gesture and  _heldwakelock 0
12-21 13:03:44.380  1355  1686 E SensorService: [PALMSENSE] Update the first event 
12-21 13:03:44.587  1355  1686 E SensorService: [EARPROXIMITY] Update the first event 
12-21 13:03:47.700  1355  1686 E SensorService: [EARPROXIMITY]no-move
12-21 13:03:47.700  1355  1686 E SensorService: [EARPROXIMITY]accept proximity 
12-21 13:03:48.824  2899  8338 E MdnsClient: Failed to send a multicast mDNS packet.
12-21 13:03:48.824  2899  8338 E MdnsClient: java.io.IOException: sendto failed: EPERM (Operation not permitted)
12-21 13:03:48.824  2899  8338 E MdnsClient: 	at libcore.io.IoBridge.maybeThrowAfterSendto(IoBridge.java:576)
12-21 13:03:48.824  2899  8338 E MdnsClient: 	at libcore.io.IoBridge.sendto(IoBridge.java:544)
12-21 13:03:48.824  2899  8338 E MdnsClient: 	at java.net.PlainDatagramSocketImpl.send(PlainDatagramSocketImpl.java:125)
12-21 13:03:48.824  2899  8338 E MdnsClient: 	at java.net.DatagramSocket.send(DatagramSocket.java:723)
12-21 13:03:48.824  2899  8338 E MdnsClient: 	at agww.a(:com.google.android.gms@17785037@17.7.85 (100400-253824076):82)
12-21 13:03:48.824  2899  8338 E MdnsClient: 	at agwz.run(Unknown Source:6)
12-21 13:03:48.824  2899  8338 E MdnsClient: 	at java.lang.Thread.run(Thread.java:764)
12-21 13:03:48.824  2899  8338 E MdnsClient: Caused by: android.system.ErrnoException: sendto failed: EPERM (Operation not permitted)
12-21 13:03:48.824  2899  8338 E MdnsClient: 	at libcore.io.Linux.sendtoBytes(Native Method)
12-21 13:03:48.824  2899  8338 E MdnsClient: 	at libcore.io.Linux.sendto(Linux.java:227)
12-21 13:03:48.824  2899  8338 E MdnsClient: 	at libcore.io.BlockGuardOs.sendto(BlockGuardOs.java:307)
12-21 13:03:48.824  2899  8338 E MdnsClient: 	at libcore.io.IoBridge.sendto(IoBridge.java:542)
12-21 13:03:48.824  2899  8338 E MdnsClient: 	... 5 more
12-21 13:03:49.110   767  1682 E sensors-hal: ~sns_wakelock:52, ~sns_wakelock sensor_ssc_worker/call_gesture and  _heldwakelock 0
12-21 13:03:49.233  1355  1686 E SensorService: [PALMSENSE] Update the first event 
12-21 13:03:49.442  1355  1686 E SensorService: [EARPROXIMITY] Update the first event 
12-21 13:03:50.325  1355  1686 E SensorService: [EARPROXIMITY]Move
12-21 13:03:53.886  1355  1686 E SensorService: [EARPROXIMITY]no-move
12-21 13:03:53.886  1355  1686 E SensorService: [EARPROXIMITY]accept proximity 
12-21 13:03:54.769   767   767 E sensors-hal: ~sns_wakelock:52, ~sns_wakelock sensor_ssc_worker/call_gesture and  _heldwakelock 0
12-21 13:03:54.887  1355  1686 E SensorService: [PALMSENSE] Update the first event 
12-21 13:03:55.099  1355  1686 E SensorService: [EARPROXIMITY] Update the first event 
12-21 13:03:58.216   767  1682 E sensors-hal: ~sns_wakelock:52, ~sns_wakelock sensor_ssc_worker/call_gesture and  _heldwakelock 0
12-21 13:03:58.307  1355  1686 E SensorService: [PALMSENSE] Update the first event 
12-21 13:03:58.504  1355  1686 E SensorService: [EARPROXIMITY] Update the first event 
