12-21 13:02:20.095   696 15192 E IptablesRestoreController: COMMIT
12-21 13:02:20.096   696 15192 E IptablesRestoreController: [iptables debug]iptables-restore execute done *filter
12-21 13:02:20.096   696 15192 E IptablesRestoreController: -nvx -L tetherctrl_counters
12-21 13:02:20.096   696 15192 E IptablesRestoreController: COMMIT
12-21 13:02:20.096   696 15192 E IptablesRestoreController: , res : 0
12-21 13:02:20.109  1355  1841 E IWCMonitor.File: Network disconnected event(intermediate), timestamp =1576904540107: , RSSI=-57
12-21 13:02:20.114  1355  1841 E IWCMonitor.File: Foreground package,:  com.supercell.clashofclans.baidu(10219)
12-21 13:02:20.120  7954  7954 E Zygote  : isWhitelistProcess - Process is Whitelisted
12-21 13:02:20.121  7954  7954 E Zygote  : accessInfo : 1
12-21 13:02:20.135  2575  6207 E WakeLock: GCM_HB_ALARM release without a matched acquire!
12-21 13:02:20.135  2575  6207 W WakeLock: GCM_HB_ALARM counter does not exist
12-21 13:02:20.136  2828  5986 W System.err: javax.net.ssl.SSLException: Read error: ssl=0x7b7a5bd908: I/O error during system call, Software caused connection abort
12-21 13:02:20.136  2828  5986 W System.err: 	at com.android.org.conscrypt.NativeCrypto.SSL_read(Native Method)
12-21 13:02:20.136  2828  5986 W System.err: 	at com.android.org.conscrypt.NativeSsl.read(NativeSsl.java:407)
12-21 13:02:20.136  2828  5986 W System.err: 	at com.android.org.conscrypt.ConscryptFileDescriptorSocket$SSLInputStream.read(ConscryptFileDescriptorSocket.java:579)
12-21 13:02:20.136  2828  5986 W System.err: 	at java.io.BufferedInputStream.fill(BufferedInputStream.java:248)
12-21 13:02:20.136  2828  5986 W System.err: 	at java.io.BufferedInputStream.read1(BufferedInputStream.java:288)
12-21 13:02:20.136  2828  5986 W System.err: 	at java.io.BufferedInputStream.read(BufferedInputStream.java:347)
12-21 13:02:20.137  2828  5986 W System.err: 	at java.io.FilterInputStream.read(FilterInputStream.java:107)
12-21 13:02:20.137  2828  5986 W System.err: 	at com.sec.spp.push.f.d.a.b.run(Unknown Source:18)
12-21 13:02:20.137  2828  5986 E SPPClientService: [Channel] Read error: ssl=0x7b7a5bd908: I/O error during system call, Software caused connection abort
12-21 13:02:20.139  2828  5986 E SPPClientService: [b] SharedConstants.WHAT_PUSH_NETWORK_NOT_AVAILABLE
12-21 13:02:20.139  2828  5986 E SPPClientService: [b] ResponseMap empty
12-21 13:02:20.140  2575  6207 E GCM     : Connection closed with errorCode 20
12-21 13:02:20.142   696   720 E IptablesRestoreController: [iptables debug]iptables-restore execute *raw
12-21 13:02:20.142   696   720 E IptablesRestoreController: -D idletimer_raw_PREROUTING -i wlan0 -j IDLETIMER --timeout 15 --label 1 --send_nl_msg 1
12-21 13:02:20.142   696   720 E IptablesRestoreController: COMMIT
12-21 13:02:20.142   696   720 E IptablesRestoreController: *mangle
12-21 13:02:20.142   696   720 E IptablesRestoreController: -D idletimer_mangle_POSTROUTING -o wlan0 -j IDLETIMER --timeout 15 --label 1 --send_nl_msg 1
12-21 13:02:20.142   696   720 E IptablesRestoreController: COMMIT
12-21 13:02:20.146  1355  5763 E NetworkMonitor: IllegalArgumentException: java.lang.IllegalArgumentException: Receiver not registered: com.android.server.connectivity.NetworkMonitor$1@8e77108
12-21 13:02:20.146  1355  5763 W System.err: java.lang.IllegalArgumentException: Receiver not registered: com.android.server.connectivity.NetworkMonitor$1@8e77108
12-21 13:02:20.146  2828  2828 E SPPClientService: [[PushClientService]] reqType : 0
12-21 13:02:20.148   696   720 E IptablesRestoreController: [iptables debug]iptables-restore execute done *raw
12-21 13:02:20.148   696   720 E IptablesRestoreController: -D idletimer_raw_PREROUTING -i wlan0 -j IDLETIMER --timeout 15 --label 1 --send_nl_msg 1
12-21 13:02:20.148   696   720 E IptablesRestoreController: COMMIT
12-21 13:02:20.148   696   720 E IptablesRestoreController: *mangle
12-21 13:02:20.148   696   720 E IptablesRestoreController: -D idletimer_mangle_POSTROUTING -o wlan0 -j IDLETIMER --timeout 15 --label 1 --send_nl_msg 1
12-21 13:02:20.148   696   720 E IptablesRestoreController: COMMIT
12-21 13:02:20.148   696   720 E IptablesRestoreController: , res : 0
12-21 13:02:20.152  1355  5763 W System.err: 	at android.app.LoadedApk.forgetReceiverDispatcher(LoadedApk.java:1338)
12-21 13:02:20.152  1355  5763 W System.err: 	at android.app.ContextImpl.unregisterReceiver(ContextImpl.java:1583)
12-21 13:02:20.152  1355  5763 W System.err: 	at com.android.server.connectivity.NetworkMonitor$DefaultState.processMessage(NetworkMonitor.java:599)
12-21 13:02:20.152  1355  5763 W System.err: 	at com.android.internal.util.StateMachine$SmHandler.processMsg(StateMachine.java:992)
12-21 13:02:20.152  1355  5763 W System.err: 	at com.android.internal.util.StateMachine$SmHandler.handleMessage(StateMachine.java:809)
12-21 13:02:20.152  1355  5763 W System.err: 	at android.os.Handler.dispatchMessage(Handler.java:106)
12-21 13:02:20.152  1355  5763 W System.err: 	at android.os.Looper.loop(Looper.java:214)
12-21 13:02:20.152  1355  5763 W System.err: 	at android.os.HandlerThread.run(HandlerThread.java:65)
12-21 13:02:20.157  1355  5763 E NetworkMonitor: Async - Client connection lost reason: 0
12-21 13:02:20.157  1355  1834 E WifiConnectivityMonitor: Async - Client connection lost reason: 0
12-21 13:02:20.157   626   626 W keymaster_tee: [WRN]start nwd_get_key_characteristics
12-21 13:02:20.161   626   626 W keymaster_tee: [WRN]ret OK PARAMS: A32 P0 P1 B2 P64 AR1 S256 2019.04.28,19:44:17.587 
12-21 13:02:20.164   626   626 W keymaster_tee: [WRN]start nwd_get_key_characteristics
12-21 13:02:20.165   696   713 E Netd    : getNetworkForDns: getNetId from enterpriseCtrl is netid 0
12-21 13:02:20.167  2828  2828 E SPPClientService: [[PushClientService]] F:false, D:false, E:false, T:false, S:true, R:false
12-21 13:02:20.171   696 15192 E IptablesRestoreController: [iptables debug]iptables-restore execute *mangle
12-21 13:02:20.171   696 15192 E IptablesRestoreController: -D routectrl_mangle_INPUT -i wlan0 -j MARK --set-mark 0x30279/0xffefffff
12-21 13:02:20.171   696 15192 E IptablesRestoreController: COMMIT
12-21 13:02:20.176   696 15192 E IptablesRestoreController: [iptables debug]iptables-restore execute done *mangle
12-21 13:02:20.176   696 15192 E IptablesRestoreController: -D routectrl_mangle_INPUT -i wlan0 -j MARK --set-mark 0x30279/0xffefffff
12-21 13:02:20.176   696 15192 E IptablesRestoreController: COMMIT
12-21 13:02:20.176   696 15192 E IptablesRestoreController: , res : 0
12-21 13:02:20.181  7964  7964 E Zygote  : isWhitelistProcess - Process is Whitelisted
12-21 13:02:20.184  2828  2828 E SPPClientService: [[PushClientService]] reqType : 0
12-21 13:02:20.187   626   626 W keymaster_tee: [WRN]ret OK PARAMS: A32 P0 P1 B2 P64 AR1 S256 2019.04.28,19:44:17.587 
12-21 13:02:20.190   626   626 W keymaster_tee: [WRN]begin req PARAMS: A32 B2 P64 
12-21 13:02:20.190  2828  2828 E SPPClientService: [[PushClientService]] F:false, D:false, E:false, T:false, S:true, R:false
12-21 13:02:20.191  7964  7964 E Zygote  : accessInfo : 1
12-21 13:02:20.201  3175  3175 W MDW@Android: (2::NetworkMgr) wifiStateChanged [android.net.wifi.WIFI_STATE_CHANGED] from [3] to [0]
12-21 13:02:20.206  7954  7954 E ndroid.setting: Not starting debugger since process cannot load the jdwp agent.
12-21 13:02:20.221  1355  1582 W libprocessgroup: kill(-28570, 9) failed: No such process
12-21 13:02:20.227  7964  7964 E ocess.gservice: Not starting debugger since process cannot load the jdwp agent.
12-21 13:02:20.235  1355  1582 W libprocessgroup: kill(-28570, 9) failed: No such process
12-21 13:02:20.241  1355  1582 W libprocessgroup: kill(-28570, 9) failed: No such process
12-21 13:02:20.241  1355  2065 E GnssLocationProvider: updateNetworkAvailability failed
12-21 13:02:20.241  1355  2084 W SLocation: No Active Data Connection
12-21 13:02:20.241  1355  2084 W SLocation: No Active Data Connection
12-21 13:02:20.242   953   953 W keystore: ENTER remove operation from uid 5010
12-21 13:02:20.246  1355  1582 W libprocessgroup: kill(-28570, 9) failed: No such process
12-21 13:02:20.251  1355  1582 W libprocessgroup: kill(-28570, 9) failed: No such process
12-21 13:02:20.254  1355  2084 W SLocation: No Active Data Connection
12-21 13:02:20.256  1355  1582 W libprocessgroup: kill(-28570, 9) failed: No such process
12-21 13:02:20.257  1355  1355 W Binder  : Outgoing transactions from this process must be FLAG_ONEWAY
12-21 13:02:20.257  1355  1355 W Binder  : java.lang.Throwable
12-21 13:02:20.257  1355  1355 W Binder  : 	at android.os.BinderProxy.transact(Binder.java:1124)
12-21 13:02:20.257  1355  1355 W Binder  : 	at com.samsung.android.net.wifi.wifiguider.IWifiGuiderService$Stub$Proxy.runDiagnosis(IWifiGuiderService.java:109)
12-21 13:02:20.257  1355  1355 W Binder  : 	at com.samsung.android.server.wifi.WifiGuiderManagementService.startDiagnosis(WifiGuiderManagementService.java:310)
12-21 13:02:20.257  1355  1355 W Binder  : 	at com.samsung.android.server.wifi.WifiGuiderManagementService.access$1500(WifiGuiderManagementService.java:48)
12-21 13:02:20.257  1355  1355 W Binder  : 	at com.samsung.android.server.wifi.WifiGuiderManagementService$3.onServiceConnected(WifiGuiderManagementService.java:370)
12-21 13:02:20.257  1355  1355 W Binder  : 	at android.app.LoadedApk$ServiceDispatcher.doConnected(LoadedApk.java:1839)
12-21 13:02:20.257  1355  1355 W Binder  : 	at android.app.LoadedApk$ServiceDispatcher$RunConnection.run(LoadedApk.java:1871)
12-21 13:02:20.257  1355  1355 W Binder  : 	at android.os.Handler.handleCallback(Handler.java:873)
12-21 13:02:20.257  1355  1355 W Binder  : 	at android.os.Handler.dispatchMessage(Handler.java:99)
12-21 13:02:20.257  1355  1355 W Binder  : 	at android.os.Looper.loop(Looper.java:214)
12-21 13:02:20.257  1355  1355 W Binder  : 	at com.android.server.SystemServer.run(SystemServer.java:806)
12-21 13:02:20.257  1355  1355 W Binder  : 	at com.android.server.SystemServer.main(SystemServer.java:628)
12-21 13:02:20.257  1355  1355 W Binder  : 	at java.lang.reflect.Method.invoke(Native Method)
12-21 13:02:20.257  1355  1355 W Binder  : 	at com.android.internal.os.RuntimeInit$MethodAndArgsCaller.run(RuntimeInit.java:494)
12-21 13:02:20.257  1355  1355 W Binder  : 	at com.android.internal.os.ZygoteInit.main(ZygoteInit.java:945)
12-21 13:02:20.262  1355  1582 W libprocessgroup: kill(-28570, 9) failed: No such process
12-21 13:02:20.264  2193  2450 E VolteServiceModule: disallow Call Service
12-21 13:02:20.264  2193  2450 E VolteServiceModule: disallow Call Service
12-21 13:02:20.267 28793 28873 E libc    : Access denied finding property "net.dns1"
12-21 13:02:20.267 28793 28873 E libc    : Access denied finding property "net.dns2"
12-21 13:02:20.283  3830  5171 W Rubin   : [294] WifiLogger.readHomeFromAnalyzedPlaceMonitorWithOnlyEntered(WifiLogger.java:413) : there is no analyzed home.
12-21 13:02:20.353  2575  6207 W WakeLock: GCM_CONN_ALARM counter does not exist
12-21 13:02:20.366  2193  2450 E #IMSREGI: NOT_TRIGGERED : VOPS_OFF(0, CU Mobile VoLTE) 
12-21 13:02:20.366  2193  2450 E PdnController<0>: requestStopNetwork: callback not found
12-21 13:02:20.390  2193  2450 E VolteServiceModule: disallow Call Service
12-21 13:02:20.390  2193  2450 E VolteServiceModule: disallow Call Service
12-21 13:02:20.405  2193  2450 E #IMSREGI: NOT_TRIGGERED : USER_SETTINGS_OFF(1, CTC Mobile) 
12-21 13:02:20.406  2193  2450 E PdnController<0>: requestStopNetwork: callback not found
12-21 13:02:20.433  8076  8076 E Zygote  : isWhitelistProcess - Process is Whitelisted
12-21 13:02:20.435  8076  8076 E Zygote  : accessInfo : 1
12-21 13:02:20.456  8076  8076 E entwifisecurit: Not starting debugger since process cannot load the jdwp agent.
12-21 13:02:20.553  1355 31260 W SupplicantP2pIfaceHal: ISupplicant/ISupplicantStaIface died: cookie=0
12-21 13:02:20.553  1355  1796 W SupplicantP2pIfaceHal: ISupplicant/ISupplicantStaIface died: cookie=0
12-21 13:02:20.553  1355  1797 W SupplicantStaIfaceHal: ISupplicantExt died: cookie=0
12-21 13:02:20.554  1355 31260 W SupplicantStaIfaceHal: ISupplicant died: cookie=0
12-21 13:02:20.580 28793  8093 E libc    : Access denied finding property "net.dns1"
12-21 13:02:20.580 28793  8093 E libc    : Access denied finding property "net.dns2"
12-21 13:02:20.587   696   713 E Netd    : getNetworkForDns: getNetId from enterpriseCtrl is netid 0
12-21 13:02:20.596 28793  8091 E libc    : Access denied finding property "net.dns1"
12-21 13:02:20.597 28793  8091 E libc    : Access denied finding property "net.dns2"
12-21 13:02:20.612  1355  1582 W libprocessgroup: kill(-6523, 9) failed: No such process
12-21 13:02:20.617  1355  1582 W libprocessgroup: kill(-6523, 9) failed: No such process
12-21 13:02:20.628  1355  1582 W libprocessgroup: kill(-6523, 9) failed: No such process
12-21 13:02:20.633  1355  1582 W libprocessgroup: kill(-6523, 9) failed: No such process
12-21 13:02:20.638  1355  1582 W libprocessgroup: kill(-6523, 9) failed: No such process
12-21 13:02:20.644  1355  1582 W libprocessgroup: kill(-6523, 9) failed: No such process
12-21 13:02:20.649  1355  1582 W libprocessgroup: kill(-6523, 9) failed: No such process
12-21 13:02:20.654  1355  1582 W libprocessgroup: kill(-6523, 9) failed: No such process
12-21 13:02:20.660  1355  1582 W libprocessgroup: kill(-6523, 9) failed: No such process
12-21 13:02:20.660  2828  2828 E SPPClientService: [SystemStateMoniter] Action Name : android.net.conn.CONNECTIVITY_CHANGE
12-21 13:02:20.660  2828  2828 E SPPClientService: [SystemStateMoniter] Current Time : 159400403
12-21 13:02:20.661   770   770 E WifiHAL : Calling hal cleanup
12-21 13:02:20.661  2828  2828 E SPPClientService: [SystemStateMoniter] No Connect : true
12-21 13:02:20.661   770   770 E WifiHAL : Cancel: Stop Hal
12-21 13:02:20.661   770   770 E WifiHAL : Calling stop file dump
12-21 13:02:20.662   770 28457 E WifiHAL : wifi_event_loop: Read after POLL returned 4, error no = 0 (Success)
12-21 13:02:20.663   770   770 E WifiHAL : wifi_cleanup: Read after POLL returned 4, error no = 0 (Success)
12-21 13:02:20.663   770   770 E WifiHAL : Event processing terminated
12-21 13:02:20.666   770   770 E WifiHAL : wifi_clean_up done
12-21 13:02:20.668  1355  1582 W libprocessgroup: kill(-6523, 9) failed: No such process
12-21 13:02:20.675  2828  8120 E SPPClientService: [[SystemStateMonitorService]] No Active Internet
12-21 13:02:20.676  1355  1582 W libprocessgroup: kill(-6523, 9) failed: No such process
12-21 13:02:20.686  1355  1582 W libprocessgroup: kill(-6523, 9) failed: No such process
12-21 13:02:20.691  1355  1582 W libprocessgroup: kill(-6523, 9) failed: No such process
12-21 13:02:20.697  1355  1582 W libprocessgroup: kill(-6523, 9) failed: No such process
12-21 13:02:20.704  2828  8120 E SPPClientService: [b] SharedConstants.WHAT_PUSH_NETWORK_NOT_AVAILABLE
12-21 13:02:20.705  2828  8120 E SPPClientService: [b] ResponseMap empty
12-21 13:02:20.707  2828  2828 E SPPClientService: [[PushClientService]] reqType : 0
12-21 13:02:20.717  2828  2828 E SPPClientService: [[PushClientService]] F:false, D:false, E:false, T:false, S:true, R:false
12-21 13:02:20.728  8125  8125 E Zygote  : isWhitelistProcess - Process is Whitelisted
12-21 13:02:20.728  8125  8125 E Zygote  : accessInfo : 1
12-21 13:02:20.736  2828  2828 E SPPClientService: [[PushClientService]] <<--- deInitPushClientService  END  --->>
12-21 13:02:20.748  8125  8125 E android.dqagen: Not starting debugger since process cannot load the jdwp agent.
12-21 13:02:20.835   626   626 W keymaster_tee: [WRN]start nwd_get_key_characteristics
12-21 13:02:20.840   626   626 W keymaster_tee: [WRN]ret OK PARAMS: A32 P0 P1 B2 P64 AR1 S256 2019.01.01,08:02:38.692 
12-21 13:02:20.844   626   626 W keymaster_tee: [WRN]start nwd_get_key_characteristics
12-21 13:02:20.850   626   626 W keymaster_tee: [WRN]ret OK PARAMS: A32 P0 P1 B2 P64 AR1 S256 2019.01.01,08:02:38.692 
12-21 13:02:20.852   626   626 W keymaster_tee: [WRN]start nwd_get_key_characteristics
12-21 13:02:20.859   626   626 W keymaster_tee: [WRN]ret OK PARAMS: A32 P0 P1 B2 P64 AR1 S256 2019.01.01,08:02:38.692 
12-21 13:02:20.861   626   626 W keymaster_tee: [WRN]begin req PARAMS: A32 B2 P64 
12-21 13:02:20.874  1355  1778 E SupplicantStaIfaceHal: Can't call setPowerSave, ISupplicantStaIface is null
12-21 13:02:20.874  1355  1778 E SupplicantStaIfaceHal: Can't call setBtCoexistenceMode, ISupplicantStaIface is null
12-21 13:02:20.877  1355  2084 W SLocation: No Active Data Connection
12-21 13:02:20.877  1355  1778 E HalDevMgr: Should have at least 1 chip!
12-21 13:02:20.877  1355  1778 E HalDevMgr: dispatchAvailableForRequestListeners: no chip info found
12-21 13:02:20.878   953   953 W keystore: ENTER remove operation from uid 1000
12-21 13:02:20.880  1355  1784 E HalDevMgr: Error on getName: 2 ()
12-21 13:02:20.880  1355  1784 E HalDevMgr: Error on getType: 2 ()
12-21 13:02:20.880  1355  1784 E HalDevMgr: getChip: no entry for iface(name)=null
12-21 13:02:20.880  1355  1784 E HalDevMgr: removeIfaceInternal: null IWifiChip -- iface(name)=p2p0
12-21 13:02:20.880  1355  1784 E HalDevMgr: Should have at least 1 chip!
12-21 13:02:20.880  1355  1784 E HalDevMgr: dispatchAvailableForRequestListeners: no chip info found
12-21 13:02:20.881  1355  1841 E IWCMonitor.File: WIFI OFF event, timestamp =1576904540881: , edgeflag = false, old AP=38:17:c3:21:9e:d4, PN = com.android.systemui
12-21 13:02:20.882  1355  2084 W SLocation: No Active Data Connection
12-21 13:02:20.883  1355  1841 W AlarmManager: Unrecognized alarm listener com.android.server.wifi.IWCMonitor$5@3855ef8
12-21 13:02:20.883  1355  1841 W AlarmManager: Unrecognized alarm listener com.android.server.wifi.IWCMonitor$6@aaa2214
12-21 13:02:20.883  3175  3175 W MDW@Android: (2::NetworkMgr) wifiStateChanged [android.net.wifi.WIFI_STATE_CHANGED] from [0] to [1]
12-21 13:02:20.883  1355  1778 E SupplicantStaIfaceHal: Can't call listNetworks, ISupplicantStaIface is null
12-21 13:02:20.883  1355  1778 E SupplicantStaIfaceHal: removeAllNetworks failed, got null networks
12-21 13:02:20.883  1355  1778 E WifiStateMachine: Failed to remove networks on exiting connect mode
12-21 13:02:20.884  1355  1784 E SupplicantP2pIfaceHal: Can't call p2pSetCmd: ISupplicantP2pIface is null
12-21 13:02:20.886  2575  6566 W Settings: Setting airplane_mode_on has moved from android.provider.Settings.System to android.provider.Settings.Global, returning read-only value.
12-21 13:02:20.888  1355  1778 E SLocation: pendingIntent set to null
12-21 13:02:20.893  1355  1778 E SLocation: pendingIntent set to null
12-21 13:02:20.893  1355  1778 W AlarmManager: Unrecognized alarm listener com.samsung.android.location.geofence.a@dae4a8
12-21 13:02:20.894  1355  1778 E SLocation: pendingIntent set to null
12-21 13:02:20.894  1355  1778 E SLocation: pendingIntent set to null
12-21 13:02:20.897  1355  1778 E SLocation: pendingIntent set to null
12-21 13:02:20.899  1355  1778 E SLocation: pendingIntent set to null
12-21 13:02:20.900  1355  1778 E SLocation: pendingIntent set to null
12-21 13:02:20.901  1355  1778 E SLocation: pendingIntent set to null
12-21 13:02:20.901  1355  1778 W AlarmManager: Unrecognized alarm listener com.samsung.android.location.geofence.a@b99bfc9
12-21 13:02:20.902  1355  1778 E SLocation: pendingIntent set to null
12-21 13:02:20.903  1355  1778 E SLocation: pendingIntent set to null
12-21 13:02:20.903  1355  1778 E SLocation: pendingIntent set to null
12-21 13:02:20.903  1355  1778 W AlarmManager: Unrecognized alarm listener com.samsung.android.location.geofence.a@c9d8972
12-21 13:02:20.904  1355  1778 E SLocation: pendingIntent set to null
12-21 13:02:20.904  1355  1778 W AlarmManager: Unrecognized alarm listener com.samsung.android.location.geofence.a@34c0a40
12-21 13:02:20.905  1355  1778 E SLocation: pendingIntent set to null
12-21 13:02:20.905  1355  1778 W AlarmManager: Unrecognized alarm listener com.samsung.android.location.geofence.a@c112695
12-21 13:02:20.906  1355  1778 E SLocation: pendingIntent set to null
12-21 13:02:20.908  1355  1778 E SLocation: pendingIntent set to null
12-21 13:02:20.908  1355  1778 W AlarmManager: Unrecognized alarm listener com.samsung.android.location.geofence.a@4996632
12-21 13:02:20.944   626   626 W keymaster_tee: [WRN]start nwd_get_key_characteristics
12-21 13:02:20.950   626   626 W keymaster_tee: [WRN]ret OK PARAMS: A32 P0 P1 B2 P64 AR1 S256 2019.01.01,08:02:38.692 
12-21 13:02:20.953   626   626 W keymaster_tee: [WRN]start nwd_get_key_characteristics
12-21 13:02:20.959   626   626 W keymaster_tee: [WRN]ret OK PARAMS: A32 P0 P1 B2 P64 AR1 S256 2019.01.01,08:02:38.692 
12-21 13:02:20.962   626   626 W keymaster_tee: [WRN]start nwd_get_key_characteristics
12-21 13:02:20.968   626   626 W keymaster_tee: [WRN]ret OK PARAMS: A32 P0 P1 B2 P64 AR1 S256 2019.01.01,08:02:38.692 
12-21 13:02:20.969   626   626 W keymaster_tee: [WRN]begin req PARAMS: A32 B2 P64 
12-21 13:02:20.984   953   953 W keystore: ENTER remove operation from uid 1000
12-21 13:02:21.072  1355  1582 W libprocessgroup: kill(-6700, 9) failed: No such process
12-21 13:02:21.079  1355  1582 W libprocessgroup: kill(-6700, 9) failed: No such process
12-21 13:02:21.092  1355  1582 W libprocessgroup: kill(-6700, 9) failed: No such process
12-21 13:02:21.098  1355  1582 W libprocessgroup: kill(-6700, 9) failed: No such process
12-21 13:02:21.103  1355  1582 W libprocessgroup: kill(-6700, 9) failed: No such process
12-21 13:02:21.105  1355  1582 W libprocessgroup: kill(-6724, 9) failed: No such process
12-21 13:02:21.110  1355  1582 W libprocessgroup: kill(-6724, 9) failed: No such process
12-21 13:02:21.117  1355  1582 W libprocessgroup: kill(-6724, 9) failed: No such process
12-21 13:02:21.120  8145  8145 E Zygote  : isWhitelistProcess - Process is Whitelisted
12-21 13:02:21.121  8145  8145 E Zygote  : accessInfo : 1
12-21 13:02:21.123  1355  1582 W libprocessgroup: kill(-6724, 9) failed: No such process
12-21 13:02:21.135  1355  1582 W libprocessgroup: kill(-6724, 9) failed: No such process
12-21 13:02:21.135  8145  8145 W rvice.fileshar: Using default instruction set features for ARM CPU variant (cortex-a9) using conservative defaults
12-21 13:02:21.139  8145  8145 E rvice.fileshar: Not starting debugger since process cannot load the jdwp agent.
12-21 13:02:21.140  1355  1582 W libprocessgroup: kill(-6724, 9) failed: No such process
12-21 13:02:21.205  6977  6977 W oneconnect[1.7.23-29_18][CORE]: SepP2pHelper.handleWifiP2pConnectionChangedAction - WIFI_P2P_CONNECTION_CHANGED_ACTION p2p disabled
12-21 13:02:21.255  1355  1582 W libprocessgroup: kill(-6742, 9) failed: No such process
12-21 13:02:21.261  1355  1582 W libprocessgroup: kill(-6742, 9) failed: No such process
12-21 13:02:21.278  1355  1582 W libprocessgroup: kill(-6742, 9) failed: No such process
12-21 13:02:21.283  1355  1582 W libprocessgroup: kill(-6742, 9) failed: No such process
12-21 13:02:21.357  1355  3173 E ANDR-PERF-JNI: com_qualcomm_qtiperformance_native_perf_io_prefetch_start
12-21 13:02:21.358   774   774 E ANDR-IOP: IOP HAL: Received pkg_name = com.android.settings pid = -1
12-21 13:02:21.360   774   796 E ANDR-IOP: io prefetch is disabled
12-21 13:02:21.466 30264 30264 E SpayFw_AuthFrameworkService: onConfigurationChanged
12-21 13:02:21.488  7954  7954 W ActivityThread: handleWindowVisibility: no activity for token android.os.BinderProxy@45d215a
12-21 13:02:21.711  4225  4235 W System  : A resource failed to call close. 
12-21 13:02:21.711   810  2612 W SurfaceFlinger: Attempting to destroy on removed layer: 87cc0f1 com.android.systemui#0
12-21 13:02:21.712  4225  4235 W System  : A resource failed to call close. 
12-21 13:02:21.723  7954  7954 E WifiSettings: Screen ID WIFI_100
12-21 13:02:21.749  1917  1917 E SystemUIImageView: set Image Drawable!!
12-21 13:02:21.807  7954  8179 W WifiTracker: ignored updateAccessPoints, Wi-Fi is not enabled. state: 1
12-21 13:02:21.819  1917  1917 W View    : requestLayout() improperly called by com.android.systemui.stackdivider.KnoxBadgeView{715797f I.ED..... ......I. 0,0-0,0 #7f0a02b2 app:id/knox_badge_view} during layout: running second layout pass
12-21 13:02:21.828  7954  8186 W TileUtils: Found com.android.settings.Settings$NotificationAppListActivity for intent Intent { act=com.android.settings.action.SETTINGS pkg=com.android.settings } missing metadata com.android.settings.category
12-21 13:02:21.843   810  2612 W SurfaceFlinger: Attempting to destroy on removed layer: c818626 AssistPreviewPanel#0
12-21 13:02:21.846   810  2612 W SurfaceFlinger: Attempting to destroy on removed layer: 67933fe DockedStackDivider#0
12-21 13:02:21.877  1917  1917 W NotificationEntryMgr: removeNotification for unknown key: 0|com.samsung.android.game.gametools|2131296646|null|10040
12-21 13:02:21.880  1917  1917 E KeyguardFingerPrint: updateFingerprintListeningState#mFingerprintRunningState=0 shouldListenForFingerprint=false
12-21 13:02:21.897  1917  1917 E KeyguardFingerPrint: updateFingerprintListeningState#mFingerprintRunningState=0 shouldListenForFingerprint=false
12-21 13:02:21.933  2629  2629 E pageboostd: Received HALT command code 2
12-21 13:02:22.048  7954  8186 W TileUtils: Ignoring icon tintable for ActivityInfo{28b99f com.google.android.gms.security.settings.VerifyAppsSettingsActivity}
12-21 13:02:22.048  7954  8186 W TileUtils: Ignoring icon tintable for ActivityInfo{9dfaaec com.google.android.gms.security.settings.AdmSettingsActivity}
12-21 13:02:22.049  7954  8186 W TileUtils: Ignoring icon tintable for ActivityInfo{8d7deb5 com.google.android.gms.update.SystemUpdateActivity}
12-21 13:02:22.052  7954  8186 W TileUtils: Ignoring icon tintable for ActivityInfo{ec3294a com.google.android.gms.ads.settings.AdsSettingsActivity}
12-21 13:02:22.052  7954  8186 W TileUtils: Ignoring icon tintable for ActivityInfo{8e950bb com.google.android.gms.autofill.ui.AutofillSettingsActivity}
12-21 13:02:22.053  7954  8186 W TileUtils: Ignoring icon tintable for ActivityInfo{d9289d8 com.google.android.location.settings.LocationHistorySettingsActivity}
12-21 13:02:22.053  7954  8186 W TileUtils: Ignoring icon tintable for ActivityInfo{274b131 com.google.android.gms.usagereporting.settings.UsageReportingActivity}
12-21 13:02:23.077  2193  2486 E RegiObsMgr: onChange: content://settings/global/wifi_on => match [-1]
12-21 13:02:23.080  3175  3175 W MDW@Android: (2::NetworkMgr) wifiStateChanged [android.net.wifi.WIFI_STATE_CHANGED] from [1] to [2]
12-21 13:02:23.086  1355  2084 W SLocation: No Active Data Connection
12-21 13:02:23.128   696   713 E Netd    : getNetworkForDns: getNetId from enterpriseCtrl is netid 0
12-21 13:02:23.133   696   713 E Netd    : getNetworkForDns: getNetId from enterpriseCtrl is netid 0
12-21 13:02:23.136   696   713 E Netd    : getNetworkForDns: getNetId from enterpriseCtrl is netid 0
12-21 13:02:23.138   696   713 E Netd    : getNetworkForDns: getNetId from enterpriseCtrl is netid 0
12-21 13:02:24.668   770   770 E WifiHAL : --- HAL version: 1.44.22.3 (r793775) ---
12-21 13:02:24.671   770   770 E WifiHAL : Calling Hal_init
12-21 13:02:24.671   770   770 E WifiHAL : Start Set Hal
12-21 13:02:24.678   770   770 E WifiHAL : Calling start file dump
12-21 13:02:24.703   573   573 W hwservicemanager: getTransport: Cannot find entry android.hardware.wifi.offload@1.0::IOffload/default in either framework or device manifest.
12-21 13:02:24.705  1355  1778 E SupplicantStaIfaceHal: Can't call setupIface, ISupplicantStaIface is null
12-21 13:02:24.768  1355  2084 W SLocation: No Active Data Connection
12-21 13:02:24.774  3175  3175 W MDW@Android: (2::NetworkMgr) wifiStateChanged [android.net.wifi.WIFI_STATE_CHANGED] from [2] to [3]
12-21 13:02:24.776  1355  1781 E WifiVendorHal: getBgScanCapabilities(l.677) failed {.code = ERROR_NOT_SUPPORTED, .description = }
12-21 13:02:24.802  8197  8197 E wpa_supplicant: nl80211: Could not configure driver mode
12-21 13:02:24.802  8197  8197 E wpa_supplicant: p2p0: Failed to initialize driver interface
12-21 13:02:24.802  8197  8197 E wpa_supplicant: Failed to unregister STA network with HIDL control: 0
12-21 13:02:24.802  8197  8197 E wpa_supplicant: Failed to unregister STA network with HIDL control: 0
12-21 13:02:24.846   770   770 E WifiHAL : Failed to register debug response; result = -3
12-21 13:02:24.846  1355  1778 E WifiVendorHal: getRingBufferStatus(l.2059) failed {.code = ERROR_NOT_SUPPORTED, .description = }
12-21 13:02:24.846  1355  1778 W WifiDiags: no ring buffers found
12-21 13:02:24.847   770   770 E WifiHAL : Failed to register get pkt fate response; result = -3
12-21 13:02:24.847  1355  1778 E WifiVendorHal: startPktFateMonitoring(l.2147) failed {.code = ERROR_NOT_SUPPORTED, .description = }
12-21 13:02:24.847  1355  1778 W WifiDiags: Failed to start packet fate monitoring
12-21 13:02:24.903  1355  1784 W SupplicantP2pIfaceHal: p2pSetCmd(discovery_icon, 256) failed: 1 ()
12-21 13:02:24.905  1355  1784 W SupplicantP2pIfaceHal: p2pSetCmd(name_prefix,  ) failed: 1 ()
12-21 13:02:24.976  1355  2084 W SLocation: handleEvent EXIT : currentDirection 0
12-21 13:02:24.977  1355  2084 W AlarmManager: Unrecognized alarm listener com.samsung.android.location.geofence.a@2ba0617
12-21 13:02:24.988  1355  2084 W SLocation: handleEvent EXIT : currentDirection 0
12-21 13:02:24.988  1355  2084 W AlarmManager: Unrecognized alarm listener com.samsung.android.location.geofence.a@dae4a8
12-21 13:02:24.990  1355  2084 W SLocation: handleEvent EXIT : currentDirection 0
12-21 13:02:24.991  1355  2084 W SLocation: handleEvent EXIT : currentDirection 0
12-21 13:02:24.993  1355  2084 W SLocation: handleEvent EXIT : currentDirection 0
12-21 13:02:24.993  1355  2084 W AlarmManager: Unrecognized alarm listener com.samsung.android.location.geofence.a@b99bfc9
12-21 13:02:24.994  1355  2084 W SLocation: handleEvent EXIT : currentDirection 0
12-21 13:02:24.996  1355  2084 W SLocation: handleEvent EXIT : currentDirection 0
12-21 13:02:24.998  1355  2084 W SLocation: handleEvent EXIT : currentDirection 0
12-21 13:02:25.000  1355  2084 W SLocation: handleEvent EXIT : currentDirection 0
12-21 13:02:25.002  1355  2084 W SLocation: handleEvent ENTER : currentDirection 0
12-21 13:02:25.002  1355  2084 W AlarmManager: Unrecognized alarm listener com.samsung.android.location.geofence.a@c9d8972
12-21 13:02:25.004  1355  2084 W SLocation: handleEvent ENTER : currentDirection 0
12-21 13:02:25.004  1355  2084 W AlarmManager: Unrecognized alarm listener com.samsung.android.location.geofence.a@34c0a40
12-21 13:02:25.006  1355  2084 W SLocation: handleEvent EXIT : currentDirection 0
12-21 13:02:25.006  1355  2084 W AlarmManager: Unrecognized alarm listener com.samsung.android.location.geofence.a@c112695
12-21 13:02:25.008  1355  2084 W SLocation: handleEvent EXIT : currentDirection 0
12-21 13:02:25.023  1355  1778 E WifiStateMachine: DisconnectedState  CMD_THREE_TIMES_SCAN_IN_IDLE && mScreenOn
12-21 13:02:25.094  7954  7954 E WifiSettings.VI: updateWithAnimation size:1, updatedScanResult :false
12-21 13:02:25.094  7954  7954 E WifiSettings.VI: setAccessPointList size:1
12-21 13:02:25.994  6977  7316 E oneconnect[1.7.23-29_18][CORE]: CatalogDbManager.getSetupApps - Not handled setup app type : hub
12-21 13:02:25.994  6977  7316 E oneconnect[1.7.23-29_18][CORE]: CatalogDbManager.getSetupApps - Not handled setup app type : hub
12-21 13:02:26.003  1355  2084 W SLocation: No Active Data Connection
12-21 13:02:26.004  1355  1841 E IWCMonitor.File: Connecting event, timestamp =1576904546003: , new AP:38:17:c3:21:9e:d5
12-21 13:02:26.031  1355  2084 W SLocation: handleEvent EXIT : currentDirection 2
12-21 13:02:26.032  1355  2084 W SLocation: handleEvent EXIT : currentDirection 2
12-21 13:02:26.033  1355  2084 W SLocation: handleEvent EXIT : currentDirection 2
12-21 13:02:26.035  1355  2084 W SLocation: handleEvent EXIT : currentDirection 2
12-21 13:02:26.037  1355  2084 W SLocation: handleEvent EXIT : currentDirection 2
12-21 13:02:26.038  1355  2084 W SLocation: handleEvent EXIT : currentDirection 2
12-21 13:02:26.039  1355  2084 W SLocation: handleEvent ENTER : currentDirection 1
12-21 13:02:26.039  7954  7954 E WifiSettings.VI: updateWithAnimation size:7, updatedScanResult :false
12-21 13:02:26.039  7954  7954 E WifiSettings.VI: setAccessPointList size:7
12-21 13:02:26.040  1355  2084 W SLocation: handleEvent ENTER : currentDirection 1
12-21 13:02:26.042  1355  2084 W SLocation: handleEvent EXIT : currentDirection 0
12-21 13:02:26.042  1355  2084 W AlarmManager: Unrecognized alarm listener com.samsung.android.location.geofence.a@44eecb3
12-21 13:02:26.047  1355  2084 W SLocation: handleEvent EXIT : currentDirection 0
12-21 13:02:26.047  1355  2084 W AlarmManager: Unrecognized alarm listener com.samsung.android.location.geofence.a@4996632
12-21 13:02:26.050  1355  2084 W SLocation: handleEvent EXIT : currentDirection 2
12-21 13:02:26.050  1355  2084 W SLocation: handleEvent EXIT : currentDirection 2
12-21 13:02:26.106  1355  2084 W SLocation: No Active Data Connection
12-21 13:02:26.135  1355  2084 W SLocation: No Active Data Connection
12-21 13:02:26.144  1355  1841 E IWCMonitor.File: Connecting event, timestamp =1576904546144: , new AP:38:17:c3:21:9e:d5
12-21 13:02:26.145  1355  2084 W SLocation: No Active Data Connection
12-21 13:02:26.151  1355  2084 W SLocation: No Active Data Connection
12-21 13:02:26.394  1355  1778 W WifiScanRequestProxy: Scanning is disabled. Skip this startScan!
12-21 13:02:26.532  1355  2084 W SLocation: No Active Data Connection
12-21 13:02:26.537  7954  7954 E WifiSettings.VI: updateWithAnimation size:7, updatedScanResult :false
12-21 13:02:26.537  7954  7954 E WifiSettings.VI: setAccessPointList size:7
12-21 13:02:26.544   696   720 W CommandListener: Failed to retrieve HW addr for null (No such device)
12-21 13:02:26.577  1355  2084 W SLocation: No Active Data Connection
12-21 13:02:26.577  1355  1841 E IWCMonitor.File: SNS state, true, timestamp =1576904546573: , edgeflag = false, NEW AP:38:17:c3:21:9e:d5
12-21 13:02:26.577  1355  1841 E IWCMonitor.File: Network connected event(intermediate), timestamp =1576904546573: , New AP:38:17:c3:21:9e:d5, SS:false
12-21 13:02:26.580  1355  1841 E IWCMonitor.File: List of Known APs: Candidate List: [ <38:17:c3:21:4e:93;0;503829892>  <40:e3:d6:a1:10:70;3;438709140>  <00:4e:35:2f:34:f1;0;1807608397>  <00:4e:35:2f:34:f0;1;514128654>  <f0:5c:19:9b:54:b4;0;329549547>  <38:17:c3:21:4e:94;0;1807620575>  <40:e3:d6:a1:1f:35;0;2161566592>  <38:17:c3:22:27:53;0;1548403313>  <00:4e:35:2f:36:50;0;599625700>  <00:4e:35:2e:ff:90;0;337020434>  <00:4e:35:2f:36:51;2;422293760>  <00:4e:35:2f:27:d1;0;1992806463>  <38:17:c3:21:9e:d4;0;434824187>  <38:17:c3:21:9e:d5;1;681775354>  <00:4e:35:2e:ff:91;1;1807595960>  <00:4e:35:2f:79:b1;0;1992813988>  <38:17:c3:22:0c:35;8;4234050355>  <f0:5c:19:8a:a0:d5;3;595171753>  <38:17:c3:21:a7:b3;9;3634754680>  <38:17:c3:21:a7:b5;13;4241803257>  <40:e3:d6:a1:22:55;0;1807599882>  <40:e3:d6:a1:20:55;0;2161508352>  <38:17:c3:21:a6:14;0;1807636145>  <b4:5d:50:b1:b7:73;1;331298628>  <b4:5d:50:b1:fc:b3;0;329519378>  <40:e3:d6:95:67:14;0;1807626618>  <40:e3:d6:b5:45:34;0;399912544>  <b4:5d:50:b1:b7:74;0;331654464>  <40:e3:d6:b5:45:35;0;681802074>  <00:4e:35:2f:28:52;0;331898650>  <00:4e:35:2e:c9:71;0;1199233056>  <38:17:c3:21:d4:d4;0;783397786>  <38:17:c3:21:a2:15;0;600497090>  <40:e3:d6:95:67:13;0;497772573>  <38:17:c3:21:a6:13;1;497764495>  <00:4e:35:2f:36:40;0;600082166>  <00:4e:35:2f:0b:d1;0;155343519> ], Core List: [ <50:3a:a0:4d:4e:b2;1576901188410>  <70:70:8b:9e:ce:ce;1567163478412>  <50:0f:80:5b:ff:0e;1567165147779>  <bc:54:fc:0a:a0:64;1556861287459>  <40:e3:d6:a1:55:13;1573879418049>  <40:e3:d6:a1:55:15;1575964072572>  <78:11:dc:5b:2d:c2;1566305784447>  <dc:fe:18:b1:c5:e0;1570456593031>  <08:10:76:bf:d3:88;1569979943594>  <38:17:c3:22:0c:33;1575897193190>  <14:a0:f8:44:96:f4;1572168032813>  <00:4e:35:2f:1a:71;1576310514256>  <14:a0:f8:44:96:f0;1571491517202>  <00:4e:35:2f:1a:70;1575898255079>  <08:10:76:b6:f2:80;1569974430527> ], Probation List: []
12-21 13:02:26.581  1355  1841 E IWCMonitor.File: Q-Table reward update: CAP: 38:17:c3:21:9e:d5, Event: NETWORK_CONNECTED initial value >> Q-Table: [ 0.000000; 2.000000; 4.020000; ] >> swflag=false timestamp =1576904546573
12-21 13:02:26.582   696   720 E IptablesRestoreController: [iptables debug]iptables-restore execute *mangle
12-21 13:02:26.582   696   720 E IptablesRestoreController: -A routectrl_mangle_INPUT -i wlan0 -j MARK --set-mark 0x3027a/0xffefffff
12-21 13:02:26.582   696   720 E IptablesRestoreController: COMMIT
12-21 13:02:26.584   696   720 E IptablesRestoreController: [iptables debug]iptables-restore execute done *mangle
12-21 13:02:26.584   696   720 E IptablesRestoreController: -A routectrl_mangle_INPUT -i wlan0 -j MARK --set-mark 0x3027a/0xffefffff
12-21 13:02:26.584   696   720 E IptablesRestoreController: COMMIT
12-21 13:02:26.584   696   720 E IptablesRestoreController: , res : 0
12-21 13:02:26.587  1355  2084 W SLocation: No Active Data Connection
12-21 13:02:26.596  1355  1841 E IWCMonitor.File: save_model_obj : success to save_model_obj(org.json) in 0.002
12-21 13:02:26.608  1355  1778 E SLocation: id 13 is already started
12-21 13:02:26.609   696 15192 E IptablesRestoreController: [iptables debug]iptables-restore execute *filter
12-21 13:02:26.609   696 15192 E IptablesRestoreController: -nvx -L tetherctrl_counters
12-21 13:02:26.609   696 15192 E IptablesRestoreController: COMMIT
12-21 13:02:26.610   696 15192 E IptablesRestoreController: [iptables debug]iptables-restore execute done *filter
12-21 13:02:26.610   696 15192 E IptablesRestoreController: -nvx -L tetherctrl_counters
12-21 13:02:26.610   696 15192 E IptablesRestoreController: COMMIT
12-21 13:02:26.610   696 15192 E IptablesRestoreController: , res : 0
12-21 13:02:26.610   696 15192 E IptablesRestoreController: [iptables debug]iptables-restore execute *filter
12-21 13:02:26.610   696 15192 E IptablesRestoreController: -nvx -L tetherctrl_counters
12-21 13:02:26.610   696 15192 E IptablesRestoreController: COMMIT
12-21 13:02:26.610  1355  1778 W AlarmManager: Unrecognized alarm listener com.samsung.android.location.geofence.a@c9d8972
12-21 13:02:26.611   696 15192 E IptablesRestoreController: [iptables debug]iptables-restore execute done *filter
12-21 13:02:26.611   696 15192 E IptablesRestoreController: -nvx -L tetherctrl_counters
12-21 13:02:26.611   696 15192 E IptablesRestoreController: COMMIT
12-21 13:02:26.611   696 15192 E IptablesRestoreController: , res : 0
12-21 13:02:26.620  1355  1841 W Settings: Setting airplane_mode_on has moved from android.provider.Settings.System to android.provider.Settings.Global, returning read-only value.
12-21 13:02:26.621  1355  1841 E IWCMonitor.File: IWCMonitor: Send IWC-CURRENT-QAI QAI: 3
12-21 13:02:26.624   696 15192 E IptablesRestoreController: [iptables debug]iptables-restore execute *filter
12-21 13:02:26.624   696 15192 E IptablesRestoreController: -nvx -L tetherctrl_counters
12-21 13:02:26.624   696 15192 E IptablesRestoreController: COMMIT
12-21 13:02:26.628  1355  1834 E WifiConnectivityMonitor: current state: com.android.server.wifi.WifiConnectivityMonitor$NotConnectedState@e136a49
12-21 13:02:26.640   696 15192 E IptablesRestoreController: [iptables debug]iptables-restore execute done *filter
12-21 13:02:26.640   696 15192 E IptablesRestoreController: -nvx -L tetherctrl_counters
12-21 13:02:26.640   696 15192 E IptablesRestoreController: COMMIT
12-21 13:02:26.640   696 15192 E IptablesRestoreController: , res : 0
12-21 13:02:26.640   696 15192 E IptablesRestoreController: [iptables debug]iptables-restore execute *filter
12-21 13:02:26.640   696 15192 E IptablesRestoreController: -nvx -L tetherctrl_counters
12-21 13:02:26.640   696 15192 E IptablesRestoreController: COMMIT
12-21 13:02:26.643   696 15192 E IptablesRestoreController: [iptables debug]iptables-restore execute done *filter
12-21 13:02:26.643   696 15192 E IptablesRestoreController: -nvx -L tetherctrl_counters
12-21 13:02:26.643   696 15192 E IptablesRestoreController: COMMIT
12-21 13:02:26.643   696 15192 E IptablesRestoreController: , res : 0
12-21 13:02:26.647  1917  1917 W View    : requestLayout() improperly called by com.android.keyguard.AlphaOptimizedLinearLayout{b2b4130 V.E...... ......ID 9,0-72,77 #7f0a0658 app:id/wifi_group} during layout: running second layout pass
12-21 13:02:26.647  1917  1917 W View    : requestLayout() improperly called by com.android.keyguard.AlphaOptimizedLinearLayout{a6791a9 V.E...... ......ID 9,0-72,77 #7f0a0658 app:id/wifi_group} during layout: running second layout pass
12-21 13:02:26.647  1917  1917 W View    : requestLayout() improperly called by com.android.keyguard.AlphaOptimizedLinearLayout{e30b32e V.E...... ......ID 9,0-72,77 #7f0a0658 app:id/wifi_group} during layout: running second layout pass
12-21 13:02:26.660   696   720 E IptablesRestoreController: [iptables debug]iptables-restore execute *raw
12-21 13:02:26.660   696   720 E IptablesRestoreController: -A idletimer_raw_PREROUTING -i wlan0 -j IDLETIMER --timeout 15 --label 1 --send_nl_msg 1
12-21 13:02:26.660   696   720 E IptablesRestoreController: COMMIT
12-21 13:02:26.660   696   720 E IptablesRestoreController: *mangle
12-21 13:02:26.660   696   720 E IptablesRestoreController: -A idletimer_mangle_POSTROUTING -o wlan0 -j IDLETIMER --timeout 15 --label 1 --send_nl_msg 1
12-21 13:02:26.660   696   720 E IptablesRestoreController: COMMIT
12-21 13:02:26.662  1355  1834 E WifiConnectivityMonitor: current state: com.android.server.wifi.WifiConnectivityMonitor$CaptivePortalState@bf4986f
12-21 13:02:26.668  1355  1778 E WifiVendorHal: stopRssiMonitoring(l.2426) failed {.code = ERROR_NOT_AVAILABLE, .description = }
12-21 13:02:26.680   696   720 E IptablesRestoreController: [iptables debug]iptables-restore execute done *raw
12-21 13:02:26.680   696   720 E IptablesRestoreController: -A idletimer_raw_PREROUTING -i wlan0 -j IDLETIMER --timeout 15 --label 1 --send_nl_msg 1
12-21 13:02:26.680   696   720 E IptablesRestoreController: COMMIT
12-21 13:02:26.680   696   720 E IptablesRestoreController: *mangle
12-21 13:02:26.680   696   720 E IptablesRestoreController: -A idletimer_mangle_POSTROUTING -o wlan0 -j IDLETIMER --timeout 15 --label 1 --send_nl_msg 1
12-21 13:02:26.680   696   720 E IptablesRestoreController: COMMIT
12-21 13:02:26.680   696   720 E IptablesRestoreController: , res : 0
12-21 13:02:26.681   696   713 E Netd    : getNetworkForDns: getNetId from enterpriseCtrl is netid 0
12-21 13:02:26.699   696 15192 E IptablesRestoreController: [iptables debug]iptables-restore execute *filter
12-21 13:02:26.699   696 15192 E IptablesRestoreController: -nvx -L tetherctrl_counters
12-21 13:02:26.699   696 15192 E IptablesRestoreController: COMMIT
12-21 13:02:26.699   696 15192 E IptablesRestoreController: [iptables debug]iptables-restore execute done *filter
12-21 13:02:26.699   696 15192 E IptablesRestoreController: -nvx -L tetherctrl_counters
12-21 13:02:26.699   696 15192 E IptablesRestoreController: COMMIT
12-21 13:02:26.699   696 15192 E IptablesRestoreController: , res : 0
12-21 13:02:26.699   696 15192 E IptablesRestoreController: [iptables debug]iptables-restore execute *filter
12-21 13:02:26.699   696 15192 E IptablesRestoreController: -nvx -L tetherctrl_counters
12-21 13:02:26.699   696 15192 E IptablesRestoreController: COMMIT
12-21 13:02:26.700   696 15192 E IptablesRestoreController: [iptables debug]iptables-restore execute done *filter
12-21 13:02:26.700   696 15192 E IptablesRestoreController: -nvx -L tetherctrl_counters
12-21 13:02:26.700   696 15192 E IptablesRestoreController: COMMIT
12-21 13:02:26.700   696 15192 E IptablesRestoreController: , res : 0
12-21 13:02:26.736  8308  8308 E Zygote  : isWhitelistProcess - Process is Whitelisted
12-21 13:02:26.737  8308  8308 E Zygote  : accessInfo : 1
12-21 13:02:26.756   626   626 W keymaster_tee: [WRN]start nwd_get_key_characteristics
12-21 13:02:26.760   626   626 W keymaster_tee: [WRN]ret OK PARAMS: A32 P0 P1 B2 P64 AR1 S256 2019.04.28,19:44:17.587 
12-21 13:02:26.764   626   626 W keymaster_tee: [WRN]start nwd_get_key_characteristics
12-21 13:02:26.770   626   626 W keymaster_tee: [WRN]ret OK PARAMS: A32 P0 P1 B2 P64 AR1 S256 2019.04.28,19:44:17.587 
12-21 13:02:26.773   626   626 W keymaster_tee: [WRN]begin req PARAMS: A32 B2 P64 
12-21 13:02:26.777  8308  8308 E app.telephonyu: Not starting debugger since process cannot load the jdwp agent.
12-21 13:02:26.781   696   713 E Netd    : getNetworkForDns: getNetId from enterpriseCtrl is netid 0
12-21 13:02:26.782  2828  2828 E SPPClientService: [SystemStateMoniter] Action Name : android.net.conn.CONNECTIVITY_CHANGE
12-21 13:02:26.782  2828  2828 E SPPClientService: [SystemStateMoniter] Current Time : 159406525
12-21 13:02:26.782  2193  2450 E VolteServiceModule: disallow Call Service
12-21 13:02:26.782  2193  2450 E VolteServiceModule: disallow Call Service
12-21 13:02:26.783  2828  2828 E SPPClientService: [SystemStateMoniter] No Connect : false
12-21 13:02:26.788  1355  2084 W SLocation: handleEvent EXIT : currentDirection 2
12-21 13:02:26.792  1355  2084 W SLocation: handleEvent EXIT : currentDirection 2
12-21 13:02:26.792   953   953 W keystore: ENTER remove operation from uid 5010
12-21 13:02:26.793  1355  2084 W SLocation: handleEvent EXIT : currentDirection 2
12-21 13:02:26.795  1355  2084 W SLocation: handleEvent EXIT : currentDirection 2
12-21 13:02:26.799  1355  2084 W SLocation: handleEvent EXIT : currentDirection 2
12-21 13:02:26.800  1355  2084 W SLocation: handleEvent EXIT : currentDirection 2
12-21 13:02:26.801  1355  2084 W SLocation: handleEvent EXIT : currentDirection 2
12-21 13:02:26.803  1355  2084 W SLocation: handleEvent EXIT : currentDirection 2
12-21 13:02:26.804  1355  2084 W SLocation: handleEvent EXIT : currentDirection 2
12-21 13:02:26.806  1355  2084 W SLocation: handleEvent ENTER : currentDirection 0
12-21 13:02:26.806  1355  2084 W AlarmManager: Unrecognized alarm listener com.samsung.android.location.geofence.a@c9d8972
12-21 13:02:26.810  1355  2084 W SLocation: handleEvent ENTER : currentDirection 1
12-21 13:02:26.811  2193  2450 E #IMSREGI: NOT_TRIGGERED : VOPS_OFF(0, CU Mobile VoLTE) 
12-21 13:02:26.811  1355  2084 W SLocation: handleEvent EXIT : currentDirection 2
12-21 13:02:26.811  2193  2450 E PdnController<0>: requestStopNetwork: callback not found
12-21 13:02:26.812  1355  2084 W SLocation: handleEvent EXIT : currentDirection 2
12-21 13:02:26.813  1355  2084 W SLocation: handleEvent EXIT : currentDirection 2
12-21 13:02:26.814  1355  2084 W SLocation: handleEvent EXIT : currentDirection 2
12-21 13:02:26.815  3830  5171 W Rubin   : [294] WifiLogger.readHomeFromAnalyzedPlaceMonitorWithOnlyEntered(WifiLogger.java:413) : there is no analyzed home.
12-21 13:02:26.819 28793 28873 E libc    : Access denied finding property "net.dns1"
12-21 13:02:26.819 28793 28873 E libc    : Access denied finding property "net.dns2"
12-21 13:02:26.835  2193  2450 E VolteServiceModule: disallow Call Service
12-21 13:02:26.835  2193  2450 E VolteServiceModule: disallow Call Service
12-21 13:02:26.841  2193  2450 E #IMSREGI: NOT_TRIGGERED : USER_SETTINGS_OFF(1, CTC Mobile) 
12-21 13:02:26.841  2193  2450 E PdnController<0>: requestStopNetwork: callback not found
12-21 13:02:26.859   696   713 E Netd    : getNetworkForDns: getNetId from enterpriseCtrl is netid 0
12-21 13:02:26.869   696   713 E Netd    : getNetworkForDns: getNetId from enterpriseCtrl is netid 0
12-21 13:02:26.972  8308  8352 W SemTelephoneManager: ServiceBindHelper
12-21 13:02:26.976 28793  8348 E libc    : Access denied finding property "net.dns1"
12-21 13:02:26.976 28793  8348 E libc    : Access denied finding property "net.dns2"
12-21 13:02:27.049  8308  8352 E ServiceBindHelper: time out 74, com.samsung.telephony.phone.service.internalservice.ISamsungInternalService$Stub$Proxy@7e92b9
12-21 13:02:27.078  1355  1841 E IWCMonitor.File: Good Link, timestamp =: 1576904547078, RSSI:-54, AP:38:17:c3:21:9e:d5
12-21 13:02:27.091  7954  7954 E WifiSettings.VI: updateWithAnimation size:6, updatedScanResult :false
12-21 13:02:27.091  7954  7954 E WifiSettings.VI: setAccessPointList size:6
12-21 13:02:27.104  1355  2065 E GnssLocationProvider: updateNetworkAvailability failed
12-21 13:02:27.150  7422  7440 W System  : A resource failed to call end. 
12-21 13:02:27.553  7954  7954 E WifiSettings.VI: updateWithAnimation size:6, updatedScanResult :false
12-21 13:02:27.553  7954  7954 E WifiSettings.VI: setAccessPointList size:6
12-21 13:02:27.647  1355  2084 W SLocation: handleEvent EXIT : currentDirection 2
12-21 13:02:27.652  1355  2084 W SLocation: handleEvent EXIT : currentDirection 2
12-21 13:02:27.653  1355  2084 W SLocation: handleEvent ENTER : currentDirection 1
12-21 13:02:27.654  1355  2084 W SLocation: handleEvent EXIT : currentDirection 2
12-21 13:02:27.656  1355  2084 W SLocation: handleEvent EXIT : currentDirection 2
12-21 13:02:27.739  7954  8361 W System.err: java.net.ConnectException: Failed to connect to /172.16.211.254:80
12-21 13:02:27.740  7954  8361 W System.err: 	at com.android.okhttp.internal.io.RealConnection.connectSocket(RealConnection.java:1418)
12-21 13:02:27.740  7954  8361 W System.err: 	at com.android.okhttp.internal.io.RealConnection.connect(RealConnection.java:1368)
12-21 13:02:27.740  7954  8361 W System.err: 	at com.android.okhttp.internal.http.StreamAllocation.findConnection(StreamAllocation.java:219)
12-21 13:02:27.740  7954  8361 W System.err: 	at com.android.okhttp.internal.http.StreamAllocation.findHealthyConnection(StreamAllocation.java:142)
12-21 13:02:27.740  7954  8361 W System.err: 	at com.android.okhttp.internal.http.StreamAllocation.newStream(StreamAllocation.java:104)
12-21 13:02:27.740  7954  8361 W System.err: 	at com.android.okhttp.internal.http.HttpEngine.connect(HttpEngine.java:392)
