12-25 22:49:06.360  6286  6364 E ActivityThread: Failed to find provider info for com.inno.innosdk4
12-25 22:49:06.362  6286  6364 E ActivityThread: Failed to find provider info for com.inno.innosdk5
12-25 22:49:06.363  6286  6364 E ActivityThread: Failed to find provider info for com.inno.innosdk6
12-25 22:49:06.365  6286  6364 E ActivityThread: Failed to find provider info for com.inno.innosdk7
12-25 22:49:06.367  6286  6364 E ActivityThread: Failed to find provider info for com.inno.innosdk8
12-25 22:49:06.369  6286  6364 E ActivityThread: Failed to find provider info for com.inno.innosdk9
12-25 22:49:06.371  6286  6364 E ActivityThread: Failed to find provider info for com.inno.innosdk10
12-25 22:49:06.748  6286  6286 E ActivityThread: Failed to find provider info for com.inno.innosdk1
12-25 22:49:06.750  6286  6286 E ActivityThread: Failed to find provider info for com.inno.innosdk2
12-25 22:49:06.752  6286  6286 E ActivityThread: Failed to find provider info for com.inno.innosdk3
12-25 22:49:06.754  6286  6286 E ActivityThread: Failed to find provider info for com.inno.innosdk4
12-25 22:49:06.755  6286  6286 E ActivityThread: Failed to find provider info for com.inno.innosdk5
12-25 22:49:06.757  6286  6286 E ActivityThread: Failed to find provider info for com.inno.innosdk6
12-25 22:49:06.759  6286  6286 E ActivityThread: Failed to find provider info for com.inno.innosdk7
12-25 22:49:06.761  6286  6286 E ActivityThread: Failed to find provider info for com.inno.innosdk8
12-25 22:49:06.763  6286  6286 E ActivityThread: Failed to find provider info for com.inno.innosdk9
12-25 22:49:06.765  6286  6286 E ActivityThread: Failed to find provider info for com.inno.innosdk10
12-25 22:49:06.774  6286  6286 E ActivityThread: Failed to find provider info for com.inno.innosdk1
12-25 22:49:06.776  6286  6286 E ActivityThread: Failed to find provider info for com.inno.innosdk2
12-25 22:49:06.777  6286  6286 E ActivityThread: Failed to find provider info for com.inno.innosdk3
12-25 22:49:06.778  6286  6286 E ActivityThread: Failed to find provider info for com.inno.innosdk4
12-25 22:49:06.780  6286  6286 E ActivityThread: Failed to find provider info for com.inno.innosdk5
12-25 22:49:06.781  6286  6286 E ActivityThread: Failed to find provider info for com.inno.innosdk6
12-25 22:49:06.783  6286  6286 E ActivityThread: Failed to find provider info for com.inno.innosdk7
12-25 22:49:06.784  6286  6286 E ActivityThread: Failed to find provider info for com.inno.innosdk8
12-25 22:49:06.785  6286  6286 E ActivityThread: Failed to find provider info for com.inno.innosdk9
12-25 22:49:06.787  6286  6286 E ActivityThread: Failed to find provider info for com.inno.innosdk10
12-25 22:49:06.796  6286  6286 E ActivityThread: Failed to find provider info for com.inno.innosdk1
12-25 22:49:06.797  6286  6286 E ActivityThread: Failed to find provider info for com.inno.innosdk2
12-25 22:49:06.799  6286  6286 E ActivityThread: Failed to find provider info for com.inno.innosdk3
12-25 22:49:06.800  6286  6286 E ActivityThread: Failed to find provider info for com.inno.innosdk4
12-25 22:49:06.802  6286  6286 E ActivityThread: Failed to find provider info for com.inno.innosdk5
12-25 22:49:06.803  6286  6286 E ActivityThread: Failed to find provider info for com.inno.innosdk6
12-25 22:49:06.805  6286  6286 E ActivityThread: Failed to find provider info for com.inno.innosdk7
12-25 22:49:06.806  6286  6286 E ActivityThread: Failed to find provider info for com.inno.innosdk8
12-25 22:49:06.807  6286  6286 E ActivityThread: Failed to find provider info for com.inno.innosdk9
12-25 22:49:06.809  6286  6286 E ActivityThread: Failed to find provider info for com.inno.innosdk10
12-25 22:49:07.563  6450  6450 E ActivityThread: Failed to find provider info for com.inno.innosdk1
12-25 22:49:07.565  6450  6450 E ActivityThread: Failed to find provider info for com.inno.innosdk2
12-25 22:49:07.567  6450  6450 E ActivityThread: Failed to find provider info for com.inno.innosdk3
12-25 22:49:07.569  6450  6450 E ActivityThread: Failed to find provider info for com.inno.innosdk4
12-25 22:49:07.571  6450  6450 E ActivityThread: Failed to find provider info for com.inno.innosdk5
12-25 22:49:07.573  6450  6450 E ActivityThread: Failed to find provider info for com.inno.innosdk6
12-25 22:49:07.575  6450  6450 E ActivityThread: Failed to find provider info for com.inno.innosdk7
12-25 22:49:07.577  6450  6450 E ActivityThread: Failed to find provider info for com.inno.innosdk8
12-25 22:49:07.579  6450  6450 E ActivityThread: Failed to find provider info for com.inno.innosdk9
12-25 22:49:07.581  6450  6450 E ActivityThread: Failed to find provider info for com.inno.innosdk10
12-25 22:49:07.766  6450  6450 E ActivityThread: Failed to find provider info for com.inno.innosdk1
12-25 22:49:07.769  6450  6450 E ActivityThread: Failed to find provider info for com.inno.innosdk2
12-25 22:49:07.771  6450  6450 E ActivityThread: Failed to find provider info for com.inno.innosdk3
12-25 22:49:07.773  6450  6450 E ActivityThread: Failed to find provider info for com.inno.innosdk4
12-25 22:49:07.775  6450  6450 E ActivityThread: Failed to find provider info for com.inno.innosdk5
12-25 22:49:07.778  6450  6450 E ActivityThread: Failed to find provider info for com.inno.innosdk6
12-25 22:49:07.779  6450  6450 E ActivityThread: Failed to find provider info for com.inno.innosdk7
12-25 22:49:07.781  6450  6450 E ActivityThread: Failed to find provider info for com.inno.innosdk8
12-25 22:49:07.784  6450  6450 E ActivityThread: Failed to find provider info for com.inno.innosdk9
12-25 22:49:07.786  6450  6450 E ActivityThread: Failed to find provider info for com.inno.innosdk10
12-25 22:49:08.023  6286  6286 E ActivityThread: Failed to find provider info for com.inno.innosdk1
12-25 22:49:08.025  6286  6286 E ActivityThread: Failed to find provider info for com.inno.innosdk2
12-25 22:49:08.026  6286  6286 E ActivityThread: Failed to find provider info for com.inno.innosdk3
12-25 22:49:08.028  6286  6286 E ActivityThread: Failed to find provider info for com.inno.innosdk4
12-25 22:49:08.029  6286  6286 E ActivityThread: Failed to find provider info for com.inno.innosdk5
12-25 22:49:08.031  6286  6286 E ActivityThread: Failed to find provider info for com.inno.innosdk6
12-25 22:49:08.033  6286  6286 E ActivityThread: Failed to find provider info for com.inno.innosdk7
12-25 22:49:08.034  6286  6286 E ActivityThread: Failed to find provider info for com.inno.innosdk8
12-25 22:49:08.036  6286  6286 E ActivityThread: Failed to find provider info for com.inno.innosdk9
12-25 22:49:08.037  6286  6286 E ActivityThread: Failed to find provider info for com.inno.innosdk10
12-25 22:49:08.047  6286  6286 E ActivityThread: Failed to find provider info for com.inno.innosdk1
12-25 22:49:08.048  6286  6286 E ActivityThread: Failed to find provider info for com.inno.innosdk2
12-25 22:49:08.049  6286  6286 E ActivityThread: Failed to find provider info for com.inno.innosdk3
12-25 22:49:08.051  6286  6286 E ActivityThread: Failed to find provider info for com.inno.innosdk4
12-25 22:49:08.052  6286  6286 E ActivityThread: Failed to find provider info for com.inno.innosdk5
12-25 22:49:08.054  6286  6286 E ActivityThread: Failed to find provider info for com.inno.innosdk6
12-25 22:49:08.055  6286  6286 E ActivityThread: Failed to find provider info for com.inno.innosdk7
12-25 22:49:08.056  6286  6286 E ActivityThread: Failed to find provider info for com.inno.innosdk8
12-25 22:49:08.058  6286  6286 E ActivityThread: Failed to find provider info for com.inno.innosdk9
12-25 22:49:08.059  6286  6286 E ActivityThread: Failed to find provider info for com.inno.innosdk10
12-25 22:49:08.069  6286  6286 E ActivityThread: Failed to find provider info for com.inno.innosdk1
12-25 22:49:08.071  6286  6286 E ActivityThread: Failed to find provider info for com.inno.innosdk2
12-25 22:49:08.072  6286  6286 E ActivityThread: Failed to find provider info for com.inno.innosdk3
12-25 22:49:08.073  6286  6286 E ActivityThread: Failed to find provider info for com.inno.innosdk4
12-25 22:49:08.075  6286  6286 E ActivityThread: Failed to find provider info for com.inno.innosdk5
12-25 22:49:08.076  6286  6286 E ActivityThread: Failed to find provider info for com.inno.innosdk6
12-25 22:49:08.078  6286  6286 E ActivityThread: Failed to find provider info for com.inno.innosdk7
12-25 22:49:08.079  6286  6286 E ActivityThread: Failed to find provider info for com.inno.innosdk8
12-25 22:49:08.080  6286  6286 E ActivityThread: Failed to find provider info for com.inno.innosdk9
12-25 22:49:08.081  6286  6286 E ActivityThread: Failed to find provider info for com.inno.innosdk10
12-25 22:49:08.142  6286  6445 E ActivityThread: Failed to find provider info for com.inno.innosdk1
12-25 22:49:08.143  6286  6445 E ActivityThread: Failed to find provider info for com.inno.innosdk2
12-25 22:49:08.149  6286  6445 E ActivityThread: Failed to find provider info for com.inno.innosdk3
12-25 22:49:08.151  6286  6445 E ActivityThread: Failed to find provider info for com.inno.innosdk4
12-25 22:49:08.152  6286  6445 E ActivityThread: Failed to find provider info for com.inno.innosdk5
12-25 22:49:08.154  6286  6445 E ActivityThread: Failed to find provider info for com.inno.innosdk6
12-25 22:49:08.155  6286  6445 E ActivityThread: Failed to find provider info for com.inno.innosdk7
12-25 22:49:08.157  6286  6445 E ActivityThread: Failed to find provider info for com.inno.innosdk8
12-25 22:49:08.159  6286  6445 E ActivityThread: Failed to find provider info for com.inno.innosdk9
12-25 22:49:08.161  6286  6445 E ActivityThread: Failed to find provider info for com.inno.innosdk10
12-25 22:49:08.172  6286  6445 E ActivityThread: Failed to find provider info for com.inno.innosdk1
12-25 22:49:08.173  6286  6445 E ActivityThread: Failed to find provider info for com.inno.innosdk2
12-25 22:49:08.175  6286  6445 E ActivityThread: Failed to find provider info for com.inno.innosdk3
12-25 22:49:08.176  6286  6445 E ActivityThread: Failed to find provider info for com.inno.innosdk4
12-25 22:49:08.178  6286  6445 E ActivityThread: Failed to find provider info for com.inno.innosdk5
12-25 22:49:08.179  6286  6445 E ActivityThread: Failed to find provider info for com.inno.innosdk6
12-25 22:49:08.181  6286  6445 E ActivityThread: Failed to find provider info for com.inno.innosdk7
12-25 22:49:08.182  6286  6445 E ActivityThread: Failed to find provider info for com.inno.innosdk8
12-25 22:49:08.184  6286  6445 E ActivityThread: Failed to find provider info for com.inno.innosdk9
12-25 22:49:08.185  6286  6445 E ActivityThread: Failed to find provider info for com.inno.innosdk10
12-25 22:49:08.194  6286  6445 E ActivityThread: Failed to find provider info for com.inno.innosdk1
12-25 22:49:08.198  6286  6445 E ActivityThread: Failed to find provider info for com.inno.innosdk2
12-25 22:49:08.200  6286  6445 E ActivityThread: Failed to find provider info for com.inno.innosdk3
12-25 22:49:08.201  6286  6445 E ActivityThread: Failed to find provider info for com.inno.innosdk4
12-25 22:49:08.203  6286  6445 E ActivityThread: Failed to find provider info for com.inno.innosdk5
12-25 22:49:08.205  6286  6445 E ActivityThread: Failed to find provider info for com.inno.innosdk6
12-25 22:49:08.207  6286  6445 E ActivityThread: Failed to find provider info for com.inno.innosdk7
12-25 22:49:08.209  6286  6445 E ActivityThread: Failed to find provider info for com.inno.innosdk8
12-25 22:49:08.210  6286  6445 E ActivityThread: Failed to find provider info for com.inno.innosdk9
12-25 22:49:08.211  6286  6445 E ActivityThread: Failed to find provider info for com.inno.innosdk10
12-25 22:49:08.338  6286  6286 E ActivityThread: Failed to find provider info for com.inno.innosdk1
12-25 22:49:08.340  6286  6286 E ActivityThread: Failed to find provider info for com.inno.innosdk2
12-25 22:49:08.341  6286  6286 E ActivityThread: Failed to find provider info for com.inno.innosdk3
12-25 22:49:08.343  6286  6286 E ActivityThread: Failed to find provider info for com.inno.innosdk4
12-25 22:49:08.344  6286  6286 E ActivityThread: Failed to find provider info for com.inno.innosdk5
12-25 22:49:08.345  6286  6286 E ActivityThread: Failed to find provider info for com.inno.innosdk6
12-25 22:49:08.347  6286  6286 E ActivityThread: Failed to find provider info for com.inno.innosdk7
12-25 22:49:08.348  6286  6286 E ActivityThread: Failed to find provider info for com.inno.innosdk8
12-25 22:49:08.350  6286  6286 E ActivityThread: Failed to find provider info for com.inno.innosdk9
12-25 22:49:08.351  6286  6286 E ActivityThread: Failed to find provider info for com.inno.innosdk10
12-25 22:49:08.360  6286  6286 E ActivityThread: Failed to find provider info for com.inno.innosdk1
12-25 22:49:08.362  6286  6286 E ActivityThread: Failed to find provider info for com.inno.innosdk2
12-25 22:49:08.363  6286  6286 E ActivityThread: Failed to find provider info for com.inno.innosdk3
12-25 22:49:08.365  6286  6286 E ActivityThread: Failed to find provider info for com.inno.innosdk4
12-25 22:49:08.366  6286  6286 E ActivityThread: Failed to find provider info for com.inno.innosdk5
12-25 22:49:08.368  6286  6286 E ActivityThread: Failed to find provider info for com.inno.innosdk6
12-25 22:49:08.369  6286  6286 E ActivityThread: Failed to find provider info for com.inno.innosdk7
12-25 22:49:08.371  6286  6286 E ActivityThread: Failed to find provider info for com.inno.innosdk8
12-25 22:49:08.372  6286  6286 E ActivityThread: Failed to find provider info for com.inno.innosdk9
12-25 22:49:08.374  6286  6286 E ActivityThread: Failed to find provider info for com.inno.innosdk10
12-25 22:49:12.120  2369  5639 E NotificationService: Suppressing notification from package by user request.
12-25 22:49:16.678   523   527 W vold    : Failed to read namespace for 6418: No such file or directory
12-25 22:49:16.678   523   527 W vold    : Failed to read namespace for 6423: No such file or directory
12-25 22:49:16.678   523   527 W vold    : Failed to read namespace for 6425: No such file or directory
12-25 22:49:16.678   523   527 W vold    : Failed to read namespace for 6428: No such file or directory
12-25 22:49:16.679   523   527 W vold    : Failed to read namespace for 6431: No such file or directory
12-25 22:49:16.679   523   527 W vold    : Failed to read namespace for 6432: No such file or directory
12-25 22:49:16.899   523   527 W vold    : Failed to read namespace for 6603: No such file or directory
12-25 22:49:16.899   523   527 W vold    : Failed to read namespace for 6615: No such file or directory
12-25 22:49:16.899   523   527 W vold    : Failed to read namespace for 6622: No such file or directory
12-25 22:49:16.899   523   527 W vold    : Failed to read namespace for 6629: No such file or directory
12-25 22:49:16.900   523   527 W vold    : Failed to read namespace for 6632: No such file or directory
12-25 22:49:54.178  2369  2484 W ActivityManager: app.persistent false app.isolated false app.removed true app ProcessRecord{169b03a 6286:com.xiaoqiao.qclean/u0a140}
12-25 22:49:54.188  2369  2484 W ActivityManager: app.persistent false app.isolated false app.removed true app ProcessRecord{81a9e 6450:com.xiaoqiao.qclean:pushservice/u0a140}
12-25 22:49:54.281  2369  5403 W ActivityManager: app.persistent false app.isolated true app.removed false app ProcessRecord{a49251c 6330:com.google.android.webview:sandboxed_process0/u0a140i137}
12-25 22:49:54.289  2369  2412 W Looper  : Dispatch took 107ms on android.ui, h=Handler (com.android.server.am.ActivityManagerService$UiHandler) {3e338c8} cb=null msg=53
12-25 22:49:54.365  2369  2410 W TextServicesManagerService: no available spell checker services found
12-25 22:49:54.405  2369  4767 W BackupTransportManager: Package not found: com.xiaoqiao.qclean
12-25 22:49:54.595  2369  2433 W ActivityManager: setHasOverlayUi called on unknown pid: 6286
12-25 22:49:55.092  2369  2433 W ActivityManager: setHasOverlayUi called on unknown pid: 6286
12-25 22:49:55.157  2369  2410 W VoiceInteractionManagerService: no available voice interaction services found for user 0
12-25 22:49:55.449  2369  2410 W TextServicesManagerService: no available spell checker services found
12-25 22:49:55.689  2369  2412 W Looper  : Dispatch took 125ms on android.ui, h=Handler (com.android.server.am.ActivityManagerService$UiHandler) {3e338c8} cb=null msg=53
12-25 22:49:56.068  2369  2412 W Looper  : Dispatch took 112ms on android.ui, h=Handler (com.android.server.am.ActivityManagerService$UiHandler) {3e338c8} cb=null msg=53
12-25 22:49:56.230  2369  2413 W BroadcastQueue: Background execution not allowed: receiving Intent { act=android.intent.action.PACKAGE_REMOVED dat=package:com.xiaoqiao.qclean flg=0x4000010 (has extras) } to com.oppo.market/a.a.a.yh
12-25 22:49:56.231  2369  2413 W BroadcastQueue: Background execution not allowed: receiving Intent { act=android.intent.action.PACKAGE_REMOVED dat=package:com.xiaoqiao.qclean flg=0x4000010 (has extras) } to com.oppo.quicksearchbox/.core.receiver.AndroidPackageChangeReceiver
12-25 22:49:56.271  2369  2413 W BroadcastQueue: Background execution not allowed: receiving Intent { act=android.intent.action.PACKAGE_REMOVED dat=package:com.xiaoqiao.qclean flg=0x4000010 (has extras) } to com.xunmeng.pinduoduo/.stat.PackageInfoReceiver
12-25 22:49:56.271  2369  2413 W BroadcastQueue: Background execution not allowed: receiving Intent { act=android.intent.action.PACKAGE_REMOVED dat=package:com.xiaoqiao.qclean flg=0x4000010 (has extras) } to com.xunmeng.pinduoduo/.lifecycle.receiver.SystemReceiver
12-25 22:49:56.609  2369  5006 W ActivityManager: app.persistent false app.isolated false app.removed false app ProcessRecord{cffb1f2 29795:com.coloros.mcs:dcs/1000}
12-25 22:49:56.671  2369  5006 W ActivityManager: app.persistent false app.isolated true app.removed false app ProcessRecord{6aa01f5 5161:com.google.android.webview:sandboxed_process0/u0a122i134}
12-25 22:49:56.717  2369  5637 W ActivityManager: app.persistent false app.isolated false app.removed false app ProcessRecord{452fb3e 11905:com.coloros.oshare/u0a72}
12-25 22:50:05.974  2369  5403 W ActivityManager: app.persistent false app.isolated false app.removed false app ProcessRecord{2988fa2 5336:com.xunmeng.pinduoduo:support/u0a122}
12-25 22:50:05.990  2369  4976 W ActivityManager: app.persistent false app.isolated false app.removed false app ProcessRecord{d910917 7501:com.android.browser:remote/u0a23}
12-25 22:50:06.741  2369  2369 W WindowManager: removeWindowToken: Attempted to remove non-existing token: android.os.Binder@abee18d
12-25 22:50:06.927  7880  7905 W PackageParser: Failed to parse /storage/emulated/0/ColorOS/Browser/Download/qclean-2.apk
12-25 22:50:06.927  7880  7905 W PackageParser: java.io.FileNotFoundException: AndroidManifest.xml
12-25 22:50:06.927  7880  7905 W PackageParser: 	at android.content.res.AssetManager.openXmlAssetNative(Native Method)
12-25 22:50:06.927  7880  7905 W PackageParser: 	at android.content.res.AssetManager.openXmlBlockAsset(AssetManager.java:562)
12-25 22:50:06.927  7880  7905 W PackageParser: 	at android.content.res.AssetManager.openXmlResourceParser(AssetManager.java:530)
12-25 22:50:06.927  7880  7905 W PackageParser: 	at android.content.pm.PackageParser.parseApkLite(PackageParser.java:1918)
12-25 22:50:06.927  7880  7905 W PackageParser: 	at android.content.pm.PackageParser.parseMonolithicPackageLite(PackageParser.java:935)
12-25 22:50:06.927  7880  7905 W PackageParser: 	at android.content.pm.PackageParser.parseMonolithicPackage(PackageParser.java:1329)
12-25 22:50:06.927  7880  7905 W PackageParser: 	at android.content.pm.PackageParser.parsePackage(PackageParser.java:1064)
12-25 22:50:06.927  7880  7905 W PackageParser: 	at android.content.pm.PackageParser.parsePackage(PackageParser.java:1084)
12-25 22:50:06.927  7880  7905 W PackageParser: 	at java.lang.reflect.Method.invoke(Native Method)
12-25 22:50:06.927  7880  7905 W PackageParser: 	at security.c.a(PortPackageParser.java:62)
12-25 22:50:06.927  7880  7905 W PackageParser: 	at com.qihoo.security.engine.ApkInfo.getParserInfo(ApkInfo.java:570)
12-25 22:50:06.927  7880  7905 W PackageParser: 	at com.qihoo.security.engine.ApkInfo.<init>(ApkInfo.java:209)
12-25 22:50:06.927  7880  7905 W PackageParser: 	at com.qihoo.security.engine.FileInfo.<init>(FileInfo.java:632)
12-25 22:50:06.927  7880  7905 W PackageParser: 	at security.aw.b(FilePathEnumerator.java:344)
12-25 22:50:06.927  7880  7905 W PackageParser: 	at security.aw.a(FilePathEnumerator.java:338)
12-25 22:50:06.927  7880  7905 W PackageParser: 	at security.aw.a(FilePathEnumerator.java:275)
12-25 22:50:06.927  7880  7905 W PackageParser: 	at security.aw.e(FilePathEnumerator.java:132)
12-25 22:50:06.927  7880  7905 W PackageParser: 	at security.av.run(EnumeratorBase.java:79)
12-25 22:50:06.927  7880  7905 W PackageParser: 	at java.util.concurrent.ThreadPoolExecutor.runWorker(ThreadPoolExecutor.java:1162)
12-25 22:50:06.927  7880  7905 W PackageParser: 	at java.util.concurrent.ThreadPoolExecutor$Worker.run(ThreadPoolExecutor.java:636)
12-25 22:50:06.927  7880  7905 W PackageParser: 	at java.lang.Thread.run(Thread.java:764)
12-25 22:50:22.919  2369  5637 W ActivityManager: app.persistent false app.isolated false app.removed false app ProcessRecord{5f5d9c0 7862:com.coloros.safesdkproxy/u0a96}
12-25 22:50:27.260  2369  2424 E BatteryExternalStatsWorker: no controller energy info supplied for bluetooth
12-25 22:50:27.273  2369  2424 E KernelUidCpuTimeReader: Malformed cpu data for UID=10072!
12-25 22:50:27.273  2369  2424 E KernelUidCpuTimeReader: Time between reads: +30s595ms
12-25 22:50:27.273  2369  2424 E KernelUidCpuTimeReader: Previous times: u=+2s770ms s=+1s770ms
12-25 22:50:27.273  2369  2424 E KernelUidCpuTimeReader: Current times: u=+2s680ms s=+1s640ms
12-25 22:50:27.273  2369  2424 E KernelUidCpuTimeReader: Delta: u=-90ms s=-130ms
12-25 22:50:32.741  2369  2413 W BroadcastQueue: Background execution not allowed: receiving Intent { act=android.intent.action.PACKAGE_ADDED dat=package:com.xiaoqiao.qclean flg=0x4000010 (has extras) } to com.oppo.market/a.a.a.yh
12-25 22:50:32.741  2369  2413 W BroadcastQueue: Background execution not allowed: receiving Intent { act=android.intent.action.PACKAGE_ADDED dat=package:com.xiaoqiao.qclean flg=0x4000010 (has extras) } to com.oppo.quicksearchbox/.core.receiver.AndroidPackageChangeReceiver
12-25 22:50:32.742  2369  2413 W BroadcastQueue: Background execution not allowed: receiving Intent { act=android.intent.action.PACKAGE_ADDED dat=package:com.xiaoqiao.qclean flg=0x4000010 (has extras) } to com.svox.pico/.VoiceDataInstallerReceiver
12-25 22:50:32.742  2369  2413 W BroadcastQueue: Background execution not allowed: receiving Intent { act=android.intent.action.PACKAGE_ADDED dat=package:com.xiaoqiao.qclean flg=0x4000010 (has extras) } to com.xunmeng.pinduoduo/.stat.PackageInfoReceiver
12-25 22:50:32.743  2369  2413 W BroadcastQueue: Background execution not allowed: receiving Intent { act=android.intent.action.PACKAGE_ADDED dat=package:com.xiaoqiao.qclean flg=0x4000010 (has extras) } to com.xunmeng.pinduoduo/.lifecycle.receiver.SystemReceiver
12-25 22:50:32.792  2369  2412 W Looper  : Dispatch took 116ms on android.ui, h=Handler (com.android.server.am.ActivityManagerService$UiHandler) {3e338c8} cb=null msg=53
12-25 22:50:32.877  2369  2410 W TextServicesManagerService: no available spell checker services found
12-25 22:50:32.960  2369  2410 W VoiceInteractionManagerService: no available voice recognition services found for user 0
12-25 22:50:34.809  8132  8132 E ActivityThread: Failed to find provider info for com.inno.innosdk1
12-25 22:50:34.811  8132  8132 E ActivityThread: Failed to find provider info for com.inno.innosdk2
12-25 22:50:34.813  8132  8132 E ActivityThread: Failed to find provider info for com.inno.innosdk3
12-25 22:50:34.814  8132  8132 E ActivityThread: Failed to find provider info for com.inno.innosdk4
12-25 22:50:34.816  8132  8132 E ActivityThread: Failed to find provider info for com.inno.innosdk5
12-25 22:50:34.819  8132  8132 E ActivityThread: Failed to find provider info for com.inno.innosdk6
12-25 22:50:34.821  8132  8132 E ActivityThread: Failed to find provider info for com.inno.innosdk7
12-25 22:50:34.823  8132  8132 E ActivityThread: Failed to find provider info for com.inno.innosdk8
12-25 22:50:34.825  8132  8132 E ActivityThread: Failed to find provider info for com.inno.innosdk9
12-25 22:50:34.827  8132  8132 E ActivityThread: Failed to find provider info for com.inno.innosdk10
12-25 22:50:35.004  8132  8132 E ActivityThread: Failed to find provider info for com.inno.innosdk1
12-25 22:50:35.005  8132  8132 E ActivityThread: Failed to find provider info for com.inno.innosdk2
12-25 22:50:35.007  8132  8132 E ActivityThread: Failed to find provider info for com.inno.innosdk3
12-25 22:50:35.009  8132  8132 E ActivityThread: Failed to find provider info for com.inno.innosdk4
12-25 22:50:35.011  8132  8132 E ActivityThread: Failed to find provider info for com.inno.innosdk5
12-25 22:50:35.012  8132  8132 E ActivityThread: Failed to find provider info for com.inno.innosdk6
12-25 22:50:35.014  8132  8132 E ActivityThread: Failed to find provider info for com.inno.innosdk7
12-25 22:50:35.016  8132  8132 E ActivityThread: Failed to find provider info for com.inno.innosdk8
12-25 22:50:35.017  8132  8132 E ActivityThread: Failed to find provider info for com.inno.innosdk9
12-25 22:50:35.019  8132  8132 E ActivityThread: Failed to find provider info for com.inno.innosdk10
12-25 22:50:35.081  8132  8132 E ActivityThread: Failed to find provider info for com.inno.innosdk1
12-25 22:50:35.082  8132  8132 E ActivityThread: Failed to find provider info for com.inno.innosdk2
12-25 22:50:35.085  8132  8132 E ActivityThread: Failed to find provider info for com.inno.innosdk3
12-25 22:50:35.086  8132  8132 E ActivityThread: Failed to find provider info for com.inno.innosdk4
12-25 22:50:35.088  8132  8132 E ActivityThread: Failed to find provider info for com.inno.innosdk5
12-25 22:50:35.090  8132  8132 E ActivityThread: Failed to find provider info for com.inno.innosdk6
12-25 22:50:35.091  8132  8132 E ActivityThread: Failed to find provider info for com.inno.innosdk7
12-25 22:50:35.093  8132  8132 E ActivityThread: Failed to find provider info for com.inno.innosdk8
12-25 22:50:35.094  8132  8132 E ActivityThread: Failed to find provider info for com.inno.innosdk9
12-25 22:50:35.096  8132  8132 E ActivityThread: Failed to find provider info for com.inno.innosdk10
12-25 22:50:35.571  8132  8212 E ActivityThread: Failed to find provider info for com.inno.innosdk1
12-25 22:50:35.573  8132  8212 E ActivityThread: Failed to find provider info for com.inno.innosdk2
12-25 22:50:35.575  8132  8212 E ActivityThread: Failed to find provider info for com.inno.innosdk3
12-25 22:50:35.577  8132  8212 E ActivityThread: Failed to find provider info for com.inno.innosdk4
12-25 22:50:35.579  8132  8212 E ActivityThread: Failed to find provider info for com.inno.innosdk5
12-25 22:50:35.580  8132  8212 E ActivityThread: Failed to find provider info for com.inno.innosdk6
12-25 22:50:35.582  8132  8212 E ActivityThread: Failed to find provider info for com.inno.innosdk7
12-25 22:50:35.583  8132  8212 E ActivityThread: Failed to find provider info for com.inno.innosdk8
12-25 22:50:35.585  8132  8212 E ActivityThread: Failed to find provider info for com.inno.innosdk9
12-25 22:50:35.587  8132  8212 E ActivityThread: Failed to find provider info for com.inno.innosdk10
12-25 22:50:35.596  8132  8132 E ActivityThread: Failed to find provider info for com.inno.innosdk1
12-25 22:50:35.598  8132  8132 E ActivityThread: Failed to find provider info for com.inno.innosdk2
12-25 22:50:35.599  8132  8132 E ActivityThread: Failed to find provider info for com.inno.innosdk3
12-25 22:50:35.601  8132  8132 E ActivityThread: Failed to find provider info for com.inno.innosdk4
12-25 22:50:35.602  8132  8132 E ActivityThread: Failed to find provider info for com.inno.innosdk5
12-25 22:50:35.604  8132  8132 E ActivityThread: Failed to find provider info for com.inno.innosdk6
12-25 22:50:35.605  8132  8132 E ActivityThread: Failed to find provider info for com.inno.innosdk7
12-25 22:50:35.607  8132  8132 E ActivityThread: Failed to find provider info for com.inno.innosdk8
12-25 22:50:35.609  8132  8132 E ActivityThread: Failed to find provider info for com.inno.innosdk9
12-25 22:50:35.610  8132  8132 E ActivityThread: Failed to find provider info for com.inno.innosdk10
12-25 22:50:35.624  8132  8132 E ActivityThread: Failed to find provider info for com.inno.innosdk1
12-25 22:50:35.625  8132  8132 E ActivityThread: Failed to find provider info for com.inno.innosdk2
12-25 22:50:35.627  8132  8132 E ActivityThread: Failed to find provider info for com.inno.innosdk3
12-25 22:50:35.629  8132  8132 E ActivityThread: Failed to find provider info for com.inno.innosdk4
12-25 22:50:35.630  8132  8132 E ActivityThread: Failed to find provider info for com.inno.innosdk5
12-25 22:50:35.635  8132  8132 E ActivityThread: Failed to find provider info for com.inno.innosdk6
12-25 22:50:35.637  8132  8132 E ActivityThread: Failed to find provider info for com.inno.innosdk7
12-25 22:50:35.638  8132  8132 E ActivityThread: Failed to find provider info for com.inno.innosdk8
12-25 22:50:35.639  8132  8132 E ActivityThread: Failed to find provider info for com.inno.innosdk9
12-25 22:50:35.641  8132  8132 E ActivityThread: Failed to find provider info for com.inno.innosdk10
12-25 22:50:36.529  8132  8212 E ActivityThread: Failed to find provider info for com.inno.innosdk1
12-25 22:50:36.531  8132  8212 E ActivityThread: Failed to find provider info for com.inno.innosdk2
12-25 22:50:36.533  8132  8212 E ActivityThread: Failed to find provider info for com.inno.innosdk3
12-25 22:50:36.535  8132  8212 E ActivityThread: Failed to find provider info for com.inno.innosdk4
12-25 22:50:36.537  8132  8212 E ActivityThread: Failed to find provider info for com.inno.innosdk5
12-25 22:50:36.539  8132  8212 E ActivityThread: Failed to find provider info for com.inno.innosdk6
12-25 22:50:36.540  8132  8212 E ActivityThread: Failed to find provider info for com.inno.innosdk7
12-25 22:50:36.542  8132  8212 E ActivityThread: Failed to find provider info for com.inno.innosdk8
12-25 22:50:36.544  8132  8212 E ActivityThread: Failed to find provider info for com.inno.innosdk9
12-25 22:50:36.546  8132  8212 E ActivityThread: Failed to find provider info for com.inno.innosdk10
12-25 22:50:36.786  8132  8132 E ActivityThread: Failed to find provider info for com.inno.innosdk1
12-25 22:50:36.787  8132  8132 E ActivityThread: Failed to find provider info for com.inno.innosdk2
12-25 22:50:36.789  8132  8132 E ActivityThread: Failed to find provider info for com.inno.innosdk3
12-25 22:50:36.815  8132  8132 E ActivityThread: Failed to find provider info for com.inno.innosdk4
12-25 22:50:36.816  8132  8132 E ActivityThread: Failed to find provider info for com.inno.innosdk5
12-25 22:50:36.818  8132  8132 E ActivityThread: Failed to find provider info for com.inno.innosdk6
12-25 22:50:36.820  8132  8132 E ActivityThread: Failed to find provider info for com.inno.innosdk7
12-25 22:50:36.821  8132  8132 E ActivityThread: Failed to find provider info for com.inno.innosdk8
12-25 22:50:36.823  8132  8132 E ActivityThread: Failed to find provider info for com.inno.innosdk9
12-25 22:50:36.824  8132  8132 E ActivityThread: Failed to find provider info for com.inno.innosdk10
12-25 22:50:36.834  8132  8132 E ActivityThread: Failed to find provider info for com.inno.innosdk1
12-25 22:50:36.836  8132  8132 E ActivityThread: Failed to find provider info for com.inno.innosdk2
12-25 22:50:36.837  8132  8132 E ActivityThread: Failed to find provider info for com.inno.innosdk3
12-25 22:50:36.839  8132  8132 E ActivityThread: Failed to find provider info for com.inno.innosdk4
12-25 22:50:36.841  8132  8132 E ActivityThread: Failed to find provider info for com.inno.innosdk5
12-25 22:50:36.843  8132  8132 E ActivityThread: Failed to find provider info for com.inno.innosdk6
12-25 22:50:36.847  8132  8132 E ActivityThread: Failed to find provider info for com.inno.innosdk7
12-25 22:50:36.849  8132  8132 E ActivityThread: Failed to find provider info for com.inno.innosdk8
12-25 22:50:36.851  8132  8132 E ActivityThread: Failed to find provider info for com.inno.innosdk9
12-25 22:50:36.852  8132  8132 E ActivityThread: Failed to find provider info for com.inno.innosdk10
12-25 22:50:36.862  8132  8132 E ActivityThread: Failed to find provider info for com.inno.innosdk1
12-25 22:50:36.864  8132  8132 E ActivityThread: Failed to find provider info for com.inno.innosdk2
12-25 22:50:36.865  8132  8132 E ActivityThread: Failed to find provider info for com.inno.innosdk3
12-25 22:50:36.867  8132  8132 E ActivityThread: Failed to find provider info for com.inno.innosdk4
12-25 22:50:36.868  8132  8132 E ActivityThread: Failed to find provider info for com.inno.innosdk5
12-25 22:50:36.870  8132  8132 E ActivityThread: Failed to find provider info for com.inno.innosdk6
12-25 22:50:36.871  8132  8132 E ActivityThread: Failed to find provider info for com.inno.innosdk7
12-25 22:50:36.873  8132  8132 E ActivityThread: Failed to find provider info for com.inno.innosdk8
12-25 22:50:36.874  8132  8132 E ActivityThread: Failed to find provider info for com.inno.innosdk9
12-25 22:50:36.875  8132  8132 E ActivityThread: Failed to find provider info for com.inno.innosdk10
12-25 22:50:37.215  2369  5386 E NotificationService: Suppressing notification from package by user request.
12-25 22:50:37.571  8307  8307 E ActivityThread: Failed to find provider info for com.inno.innosdk1
12-25 22:50:37.573  8307  8307 E ActivityThread: Failed to find provider info for com.inno.innosdk2
12-25 22:50:37.575  8307  8307 E ActivityThread: Failed to find provider info for com.inno.innosdk3
12-25 22:50:37.577  8307  8307 E ActivityThread: Failed to find provider info for com.inno.innosdk4
12-25 22:50:37.579  8307  8307 E ActivityThread: Failed to find provider info for com.inno.innosdk5
12-25 22:50:37.581  8307  8307 E ActivityThread: Failed to find provider info for com.inno.innosdk6
12-25 22:50:37.583  8307  8307 E ActivityThread: Failed to find provider info for com.inno.innosdk7
12-25 22:50:37.584  8307  8307 E ActivityThread: Failed to find provider info for com.inno.innosdk8
12-25 22:50:37.586  8307  8307 E ActivityThread: Failed to find provider info for com.inno.innosdk9
12-25 22:50:37.589  8307  8307 E ActivityThread: Failed to find provider info for com.inno.innosdk10
12-25 22:50:39.708  2369  4740 W ActivityManager: Duplicate finish request for ActivityRecord{4796cc2 u0 com.android.packageinstaller/.InstallAppProgress t215 f}
12-25 22:50:40.185  2369  5639 E NotificationService: Suppressing notification from package by user request.
12-25 22:50:43.109   523   527 W vold    : Failed to read namespace for 8274: No such file or directory
12-25 22:50:43.109   523   527 W vold    : Failed to read namespace for 8279: No such file or directory
12-25 22:50:43.109   523   527 W vold    : Failed to read namespace for 8284: No such file or directory
12-25 22:50:43.109   523   527 W vold    : Failed to read namespace for 8286: No such file or directory
12-25 22:50:43.109   523   527 W vold    : Failed to read namespace for 8288: No such file or directory
12-25 22:50:43.109   523   527 W vold    : Failed to read namespace for 8292: No such file or directory
12-25 22:50:43.379   523   527 W vold    : Failed to read namespace for 8460: No such file or directory
12-25 22:50:43.379   523   527 W vold    : Failed to read namespace for 8467: No such file or directory
12-25 22:50:43.379   523   527 W vold    : Failed to read namespace for 8469: No such file or directory
12-25 22:50:43.379   523   527 W vold    : Failed to read namespace for 8473: No such file or directory
12-25 22:50:43.379   523   527 W vold    : Failed to read namespace for 8474: No such file or directory
12-25 22:50:45.402  2369  4037 W ActivityManager: app.persistent false app.isolated false app.removed false app ProcessRecord{9b0372f 4706:com.xunmeng.pinduoduo/u0a122}
--------- beginning of main
12-25 22:51:40.810  2369  5637 W ActivityManager: Background start not allowed: service Intent { cmp=com.zheyun.qhy/com.jifen.open.qbase.push.JfPushCoreService } to com.zheyun.qhy/com.jifen.open.qbase.push.JfPushCoreService from pid=8307 uid=10142 pkg=com.xiaoqiao.qclean
12-25 22:51:40.847  2369  6064 W ActivityManager: Background start not allowed: service Intent { cmp=com.zheyun.bumblebee/com.jifen.open.qbase.push.JfPushCoreService } to com.zheyun.bumblebee/com.jifen.open.qbase.push.JfPushCoreService from pid=8307 uid=10142 pkg=com.xiaoqiao.qclean
12-25 22:51:42.378  2369  2411 W ActivityManager: Stopping service due to app idle: u0a31 -1m9s658ms com.android.statementservice/.DirectStatementService
12-25 22:51:42.490  2369  5637 W ActivityManager: app.persistent false app.isolated false app.removed false app ProcessRecord{f22d473 7050:com.android.keychain/1000}
12-25 22:51:43.972  1584  1953 W AudioFlinger: moveEffectChain_l() effect chain for session 0 not on source thread 0xefa11000
12-25 22:51:44.389  1595  8861 W MediaAnalyticsItem: Unable to record: (codec:0:-1:-11:0:11:android.media.mediacodec.mime=video/avc:android.media.mediacodec.mode=video:android.media.mediacodec.encoder=0:android.media.mediacodec.codec=OMX.qcom.video.decoder.avc:android.media.mediacodec.secure=0:android.media.mediacodec.profile=65536:android.media.mediacodec.level=128:android.media.mediacodec.width=360:android.media.mediacodec.height=640:android.media.mediacodec.rotation-degrees=0:android.media.mediacodec.bytesin=1729476:) [forcenew=0]
12-25 22:51:44.413  1595  8864 W MediaAnalyticsItem: Unable to record: (codec:0:-1:-11:0:7:android.media.mediacodec.mime=audio/mp4a-latm:android.media.mediacodec.mode=audio:android.media.mediacodec.encoder=0:android.media.mediacodec.codec=OMX.google.aac.decoder:android.media.mediacodec.secure=0:android.media.mediacodec.profile=2:android.media.mediacodec.bytesin=126392:) [forcenew=0]
12-25 22:51:44.422  1592 25284 W MediaAnalyticsItem: Unable to record: (extractor:0:-1:-11:0:3:android.media.mediaextractor.fmt=MPEG4Extractor:android.media.mediaextractor.ntrk=2:android.media.mediaextractor.mime=video/mp4:) [forcenew=0]
12-25 22:51:44.476   688  9525 E soundtrigger: audio_extn_sound_trigger_update_stream_status: invalid input device 0x0, for event 2
12-25 22:51:44.661 14141 14141 E PhoneState: iconId is 0android.widget.ImageView{2966d93 G.ED..... ......I. 0,0-0,0 #7f140113 app:id/mobile_type}
12-25 22:51:44.661 14141 14141 E PhoneState: iconId is 0android.widget.ImageView{221a1d0 G.ED..... ......I. 0,0-0,0 #7f140257 app:id/data_inout}
12-25 22:51:44.722 14141 14141 E PhoneState: iconId is 0android.widget.ImageView{2966d93 G.ED..... ......I. 0,0-0,0 #7f140113 app:id/mobile_type}
12-25 22:51:44.722 14141 14141 E PhoneState: iconId is 0android.widget.ImageView{221a1d0 G.ED..... ......I. 0,0-0,0 #7f140257 app:id/data_inout}
12-25 22:51:48.529 14141 14141 E PhoneState: iconId is 0android.widget.ImageView{2966d93 G.ED..... ......I. 0,0-0,0 #7f140113 app:id/mobile_type}
12-25 22:51:48.529 14141 14141 E PhoneState: iconId is 0android.widget.ImageView{221a1d0 G.ED..... ......I. 0,0-0,0 #7f140257 app:id/data_inout}
12-25 22:52:41.206  9027  9061 W FileUtils: Failed to chmod(/data/user/0/com.tencent.mm/app_tbs): android.system.ErrnoException: chmod failed: EACCES (Permission denied)
12-25 22:52:41.221  9114  9114 E /system/bin/webview_zygote32: Failed to make and chown /acct/uid_99140: Permission denied
12-25 22:52:41.221  9114  9114 E Zygote  : createProcessGroup(99140, 0) failed: Permission denied
12-25 22:52:41.223  9027  9061 W FileUtils: Failed to chmod(/data/user/0/com.tencent.mm/app_tbs): android.system.ErrnoException: chmod failed: EACCES (Permission denied)
12-25 22:52:41.245  2369  4740 W AppOps  : Bad call: specified package com.tencent.mm under uid 10122 but it is really 10129
12-25 22:52:41.245  2369  4740 W AppOps  : java.lang.RuntimeException: here
12-25 22:52:41.245  2369  4740 W AppOps  : 	at com.android.server.AppOpsService.getOpsRawLocked(AppOpsService.java:1379)
12-25 22:52:41.245  2369  4740 W AppOps  : 	at com.android.server.AppOpsService.checkPackage(AppOpsService.java:1067)
12-25 22:52:41.245  2369  4740 W AppOps  : 	at android.app.AppOpsManager.checkPackage(AppOpsManager.java:1835)
12-25 22:52:41.245  2369  4740 W AppOps  : 	at com.android.server.StorageManagerService.mkdirs(StorageManagerService.java:3310)
12-25 22:52:41.245  2369  4740 W AppOps  : 	at android.os.storage.IStorageManager$Stub.onTransact(IStorageManager.java:432)
12-25 22:52:41.245  2369  4740 W AppOps  : 	at android.os.Binder.execTransact(Binder.java:697)
12-25 22:52:41.273  2369  4740 W AppOps  : Bad call: specified package com.tencent.mm under uid 10122 but it is really 10129
12-25 22:52:41.273  2369  4740 W AppOps  : java.lang.RuntimeException: here
12-25 22:52:41.273  2369  4740 W AppOps  : 	at com.android.server.AppOpsService.getOpsRawLocked(AppOpsService.java:1379)
12-25 22:52:41.273  2369  4740 W AppOps  : 	at com.android.server.AppOpsService.checkPackage(AppOpsService.java:1067)
12-25 22:52:41.273  2369  4740 W AppOps  : 	at android.app.AppOpsManager.checkPackage(AppOpsManager.java:1835)
12-25 22:52:41.273  2369  4740 W AppOps  : 	at com.android.server.StorageManagerService.mkdirs(StorageManagerService.java:3310)
12-25 22:52:41.273  2369  4740 W AppOps  : 	at android.os.storage.IStorageManager$Stub.onTransact(IStorageManager.java:432)
12-25 22:52:41.273  2369  4740 W AppOps  : 	at android.os.Binder.execTransact(Binder.java:697)
12-25 22:52:41.278  9129  9129 E asset   : setgid: Operation not permitted
12-25 22:52:41.366  9114  9114 E libc    : Access denied finding property "oppo.hide.navigationbar"
12-25 22:52:41.380  9114  9114 E libc    : Access denied finding property "oppo.hide.navigationbar"
12-25 22:52:41.386  9114  9114 E libc    : Access denied finding property "oppo.hide.navigationbar"
12-25 22:52:41.503  1595  9152 E MediaExtractor: Trace connect 0xe3818480 0xe386ce00
12-25 22:52:41.510  1595  9152 E MediaExtractor: Fail to force use ffmpeg because meta is null, return origin extractor.
12-25 22:52:41.572  1595  9155 E MediaExtractor: Trace connect 0xe3818c20 0xe2e08000
12-25 22:52:41.578  1595  9155 E MediaExtractor: Fail to force use ffmpeg because meta is null, return origin extractor.
12-25 22:52:41.668  1595  9158 E MediaExtractor: Trace connect 0xe3818e80 0xe2e28200
12-25 22:52:41.676  1595  9158 E MediaExtractor: Fail to force use ffmpeg because meta is null, return origin extractor.
12-25 22:52:41.741   701   701 E qti_sensors_hal: batch:sensor(android.sensor.accelerometer) handle:1 enabled:0 flags:0x0 period_ns 200000000
12-25 22:52:41.741   701   701 E qti_sensors_hal: batch:sensor(android.sensor.accelerometer) sample_rate=5.000000Hz report_rate_f=0.000000Hz curr sample rate:200.000000 cur rpt rate:0 max:200.000000 min:1.000000
12-25 22:52:41.818  1595  9154 W AMessage: failed to post message as target looper for handler 0 is gone.
12-25 22:52:41.820  1592  4147 W MediaAnalyticsItem: Unable to record: (extractor:0:-1:-11:0:3:android.media.mediaextractor.fmt=OggExtractor:android.media.mediaextractor.ntrk=1:android.media.mediaextractor.mime=application/ogg:) [forcenew=0]
12-25 22:52:41.824  1595  9150 W AMessage: failed to post message as target looper for handler 0 is gone.
12-25 22:52:41.826  1592 28381 W MediaAnalyticsItem: Unable to record: (extractor:0:-1:-11:0:3:android.media.mediaextractor.fmt=OggExtractor:android.media.mediaextractor.ntrk=1:android.media.mediaextractor.mime=application/ogg:) [forcenew=0]
12-25 22:52:42.086   701   872 E qti_sensors_hal: processReportInd:accel X: -0.018997 Y: 0.557770 Z: 9.719620 , timestamp = 3519498241
12-25 22:52:45.102  1595  9157 W AMessage: failed to post message as target looper for handler 0 is gone.
12-25 22:52:45.104  1592  4147 W MediaAnalyticsItem: Unable to record: (extractor:0:-1:-11:0:3:android.media.mediaextractor.fmt=OggExtractor:android.media.mediaextractor.ntrk=1:android.media.mediaextractor.mime=application/ogg:) [forcenew=0]
12-25 22:52:52.403   701   872 E qti_sensors_hal: processReportInd: light = 527.000000, prox data = 40.000000, timestamp = 3519837932
12-25 22:53:00.120  2369  2386 W ActivityManager: app.persistent false app.isolated false app.removed false app ProcessRecord{b993c75 7229:com.android.browser:GuardService/u0a23}
12-25 22:53:00.139  2369  5639 W ActivityManager: app.persistent false app.isolated false app.removed false app ProcessRecord{1bae405 7085:com.coloros.oppomultiapp/1000}
12-25 22:53:00.160  2369  2386 W ActivityManager: app.persistent false app.isolated false app.removed false app ProcessRecord{389852d 7065:com.coloros.childrenspace/1000}
12-25 22:53:03.414 19197 19197 W Cloud.SyncPolicy: loopTaskPools qualifiedRequests is empty
12-25 22:53:03.434  2369  2424 E BatteryExternalStatsWorker: no controller energy info supplied for bluetooth
12-25 22:53:33.241 14141 14141 E FullScreenGestureControl: feedback ---mWindowManager.addView Exception java.lang.IllegalStateException: View android.widget.FrameLayout{2419f53 V.E...... ......I. 0,0-320,76} has already been added to the window manager.
12-25 22:53:33.448   729   843 W SurfaceFlinger: processName=system_server, line=5435, capwithRCLayer=1
12-25 22:53:33.847   712   815 E ANDR-PERF-MPCTL: Invalid profile no. 0, total profiles 0 only
12-25 22:53:34.872 14141 14141 E PhoneState: iconId is 0android.widget.ImageView{2966d93 G.ED..... ......I. 0,0-0,0 #7f140113 app:id/mobile_type}
12-25 22:53:34.872 14141 14141 E PhoneState: iconId is 0android.widget.ImageView{221a1d0 G.ED..... ......I. 0,0-0,0 #7f140257 app:id/data_inout}
12-25 22:53:35.091   729   843 E SurfaceFlinger: Failed to find layer (com.oppo.launcher/com.oppo.launcher.Launcher#0) in layer parent (no-parent).
12-25 22:53:35.806  2369  2386 W ActivityManager: app.persistent false app.isolated false app.removed true app ProcessRecord{e3137c1 8132:com.xiaoqiao.qclean/u0a142}
12-25 22:53:35.811 14141 14141 E PhoneState: iconId is 0android.widget.ImageView{2966d93 G.ED..... ......I. 0,0-0,0 #7f140113 app:id/mobile_type}
12-25 22:53:35.811 14141 14141 E PhoneState: iconId is 0android.widget.ImageView{221a1d0 G.ED..... ......I. 0,0-0,0 #7f140257 app:id/data_inout}
12-25 22:53:35.832  2369  2386 W ActivityManager: app.persistent false app.isolated false app.removed true app ProcessRecord{81a2627 8307:com.xiaoqiao.qclean:pushservice/u0a142}
12-25 22:53:35.906  2369  5633 W ActivityManager: app.persistent false app.isolated false app.removed false app ProcessRecord{7db93dc 7242:com.android.documentsui/u0a12}
12-25 22:53:35.911  2369  2386 W ActivityManager: app.persistent false app.isolated false app.removed false app ProcessRecord{35d4805 7260:com.android.providers.downloads/u0a11}
12-25 22:53:35.916  2369  4979 W ActivityManager: app.persistent false app.isolated true app.removed false app ProcessRecord{403a2f8 8178:com.google.android.webview:sandboxed_process0/u0a142i139}
12-25 22:53:36.027  2369  2433 W ActivityManager: setHasOverlayUi called on unknown pid: 8132
12-25 22:53:36.039  2369  5634 W ActivityManager: app.persistent false app.isolated false app.removed false app ProcessRecord{a9515fe 7416:com.android.browser:dcs_v2/u0a23}
12-25 22:53:36.058  2369  2387 W ActivityManager: app.persistent false app.isolated false app.removed false app ProcessRecord{af52297 6775:com.android.packageinstaller/u0a27}
12-25 22:53:36.063  2369  2433 W ActivityManager: setHasOverlayUi called on unknown pid: 6775
12-25 22:53:36.064  2369  5639 W ActivityManager: app.persistent false app.isolated true app.removed false app ProcessRecord{1e478fc 7621:com.android.browser:sandboxed_process0/u0a23i138}
12-25 22:53:36.076  2369  2424 E KernelUidCpuTimeReader: Malformed cpu data for UID=10142!
12-25 22:53:36.076  2369  2424 E KernelUidCpuTimeReader: Time between reads: +148ms
12-25 22:53:36.076  2369  2424 E KernelUidCpuTimeReader: Previous times: u=+2m51s590ms s=+38s70ms
12-25 22:53:36.076  2369  2424 E KernelUidCpuTimeReader: Current times: u=+2m19s310ms s=+31s650ms
12-25 22:53:36.076  2369  2424 E KernelUidCpuTimeReader: Delta: u=-32s280ms s=-6s420ms
12-25 22:53:36.130  2369  2387 W ActivityManager: app.persistent false app.isolated false app.removed false app ProcessRecord{92f6b8f 7812:com.android.browser:downloads/u0a23}
12-25 22:53:36.165  2369  5006 W ActivityManager: app.persistent false app.isolated false app.removed true app ProcessRecord{158301d 7164:com.android.browser/u0a23}
12-25 22:53:36.201  2369  2433 W ActivityManager: setHasOverlayUi called on unknown pid: 7164
12-25 22:53:36.218  2369  5006 W ActivityManager: app.persistent false app.isolated false app.removed true app ProcessRecord{bebd34 4398:com.coloros.simsettings/1000}
12-25 22:53:36.302  2369  5637 W ActivityManager: app.persistent false app.isolated true app.removed false app ProcessRecord{9688427 9114:com.google.android.webview:sandboxed_process0/u0a122i140}
12-25 22:53:36.310  2369  2424 E KernelUidCpuTimeReader: Malformed cpu data for UID=10023!
12-25 22:53:36.310  2369  2424 E KernelUidCpuTimeReader: Time between reads: +237ms
12-25 22:53:36.310  2369  2424 E KernelUidCpuTimeReader: Previous times: u=+9m14s230ms s=+2m46s270ms
12-25 22:53:36.310  2369  2424 E KernelUidCpuTimeReader: Current times: u=+9m9s670ms s=+2m45s370ms
12-25 22:53:36.310  2369  2424 E KernelUidCpuTimeReader: Delta: u=-4s560ms s=-900ms
12-25 22:53:36.323  2369  5637 W ActivityManager: Failed delivering service starts
12-25 22:53:36.323  2369  5637 W ActivityManager: android.os.DeadObjectException
