12-21 13:00:31.584   696   720 E IptablesRestoreController: COMMIT
12-21 13:00:31.589  6052  6913 E 1_0_0.25_MPSD_UMD_CUPA_MODEL: We don't have enough data for training in this session 3
12-21 13:00:31.589   696   720 E IptablesRestoreController: [iptables debug]iptables-restore execute done *filter
12-21 13:00:31.589   696   720 E IptablesRestoreController: -A limit -m owner --uid-owner 10039 -m state --state ESTABLISHED -p all -m hashlimit --hashlimit-name BRADYBOUND --hashlimit-above 530kb/s -j DROP
12-21 13:00:31.589   696   720 E IptablesRestoreController: COMMIT
12-21 13:00:31.589   696   720 E IptablesRestoreController: , res : 0
12-21 13:00:31.657  1355  1582 W libprocessgroup: kill(-5085, 9) failed: No such process
12-21 13:00:31.658  1355  3173 W InputMethodManagerService: setInputMethodSwitchDisable : Ignoring, uid 10058: com.android.internal.view.IInputMethodClient$Stub$Proxy@d20161c
12-21 13:00:31.662  1355  1582 W libprocessgroup: kill(-5085, 9) failed: No such process
12-21 13:00:31.668  1355  1582 W libprocessgroup: kill(-5085, 9) failed: No such process
12-21 13:00:31.673  1355  1582 W libprocessgroup: kill(-5085, 9) failed: No such process
12-21 13:00:31.679  1355  1582 W libprocessgroup: kill(-5085, 9) failed: No such process
12-21 13:00:31.684  1917  1933 W JavaBinder: BinderProxy is being destroyed but the application did not call unlinkToDeath to unlink all of its death recipients beforehand.  Releasing leaked death recipient: com.android.systemui.qs.external.TileLifecycleManager
12-21 13:00:31.685  1917  1933 W JavaBinder: BinderProxy is being destroyed but the application did not call unlinkToDeath to unlink all of its death recipients beforehand.  Releasing leaked death recipient: com.android.systemui.qs.external.TileLifecycleManager
12-21 13:00:31.685  1355  1582 W libprocessgroup: kill(-5085, 9) failed: No such process
12-21 13:00:31.701  1355  1582 W libprocessgroup: kill(-5085, 9) failed: No such process
12-21 13:00:31.707  1355  1582 W libprocessgroup: kill(-5085, 9) failed: No such process
12-21 13:00:31.714  1355  1582 W libprocessgroup: kill(-5085, 9) failed: No such process
12-21 13:00:31.725  1355  1582 W libprocessgroup: kill(-5085, 9) failed: No such process
12-21 13:00:31.731  1355  1582 W libprocessgroup: kill(-5085, 9) failed: No such process
12-21 13:00:31.731  1355  1582 W libprocessgroup: kill(-5015, 9) failed: No such process
12-21 13:00:32.014  1355  1582 W libprocessgroup: kill(-6836, 9) failed: No such process
12-21 13:00:32.276  5183  5183 W chromium: [WARNING:window_android.cc(177)] TAB-STATUS observer added
12-21 13:00:32.281  5183  5183 E WebContentsProviderClient: requestExtensionListIfNeeded - Did not reach the update period. So should not request to Server.
12-21 13:00:32.282  5183  5183 E NFC     : isAndroidBeamAllowed - Begin
12-21 13:00:32.655   810   876 W SurfaceFlinger: Attempting to set client state on removed layer: Surface(name=AppWindowToken{c9f6d87 token=Token{977c9c6 ActivityRecord{30903a1 u0 com.sec.android.app.sbrowser/.SBrowserMainActivity t21211}}})/@0xd7a5950 - animation-leash#0 [s.what : 519]
12-21 13:00:32.655   810   876 W SurfaceFlinger: Attempting to set client state on removed layer: Surface(name=AppWindowToken{b2e7e18 token=Token{2e76dfb ActivityRecord{81e738a u0 com.sec.android.app.sbrowser/.download.ui.DownloadHistoryActivity t21211}}})/@0x41ee219 - animation-leash#0 [s.what : 519]
12-21 13:00:32.655   810   876 W SurfaceFlinger: Attempting to destroy on removed layer: Surface(name=AppWindowToken{c9f6d87 token=Token{977c9c6 ActivityRecord{30903a1 u0 com.sec.android.app.sbrowser/.SBrowserMainActivity t21211}}})/@0xd7a5950 - animation-leash#0
12-21 13:00:32.655   810   876 W SurfaceFlinger: Attempting to destroy on removed layer: Surface(name=AppWindowToken{b2e7e18 token=Token{2e76dfb ActivityRecord{81e738a u0 com.sec.android.app.sbrowser/.download.ui.DownloadHistoryActivity t21211}}})/@0x41ee219 - animation-leash#0
12-21 13:00:32.735  6928  6928 E Zygote  : isWhitelistProcess - Process is Whitelisted
12-21 13:00:32.736  6928  6928 E Zygote  : accessInfo : 1
12-21 13:00:32.758  6928  6928 E ng.storyservic: Not starting debugger since process cannot load the jdwp agent.
12-21 13:00:32.978  2899  5890 E MdnsResponseDecoder: Failed to read TXT record from mDNS response.
12-21 13:00:32.978  2899  5890 E MdnsResponseDecoder: java.io.IOException: attempt to set limit beyond available data: 2096 exceeds 2048
12-21 13:00:32.978  2899  5890 E MdnsResponseDecoder: 	at agwb.<init>(:com.google.android.gms@17785037@17.7.85 (100400-253824076):8)
12-21 13:00:32.978  2899  5890 E MdnsResponseDecoder: 	at agxf.<init>(Unknown Source:2)
12-21 13:00:32.978  2899  5890 E MdnsResponseDecoder: 	at agwd.a(:com.google.android.gms@17785037@17.7.85 (100400-253824076):19)
12-21 13:00:32.978  2899  5890 E MdnsResponseDecoder: 	at agww.a(:com.google.android.gms@17785037@17.7.85 (100400-253824076):105)
12-21 13:00:32.978  2899  5890 E MdnsResponseDecoder: 	at agwy.run(Unknown Source:6)
12-21 13:00:32.978  2899  5890 E MdnsResponseDecoder: 	at java.lang.Thread.run(Thread.java:764)
12-21 13:00:32.979  2899  5890 W MdnsClient: Error while decoding multicast packet (9748371): 10
12-21 13:00:33.536   696   713 E Netd    : getNetworkForDns: getNetId from enterpriseCtrl is netid 0
12-21 13:00:33.590  5183  5183 W chromium: [WARNING:render_widget_host_view_android.cc(708)] SBRTOUCHLOG  OnTouchEvent, Action::DOWN
12-21 13:00:33.590  5183  5183 W chromium: [WARNING:input_router_impl.cc(432)] SBRTOUCHLOG FilterAndSendWebInputEvent, kTouchStart
12-21 13:00:33.596  6006  6038 W chromium: [WARNING:input_handler_proxy.cc(1016)] SBRTOUCHLOG : TouchStart - Forwarding to render main
12-21 13:00:33.596  6006  6038 W chromium: [WARNING:input_handler_proxy.cc(1021)] SBRTOUCHLOG : TouchStart
12-21 13:00:33.622  6006  6038 W chromium: [WARNING:input_handler_proxy.cc(1016)] SBRTOUCHLOG : TouchStart - Forwarding to render main
12-21 13:00:33.622  6006  6038 W chromium: [WARNING:input_handler_proxy.cc(1021)] SBRTOUCHLOG : TouchStart
12-21 13:00:33.644  5183  5183 W chromium: [WARNING:window_android.cc(177)] TAB-STATUS observer added
12-21 13:00:33.649  5183  5366 E SProviderUtility :SBrowserSync: getCurrentTime : 8408
12-21 13:00:33.649  5183  5366 E SProviderUtility :SBrowserSync: getCurrentTime : 8408
12-21 13:00:33.650  5183  5366 E SProviderUtility :SBrowserSync: getCurrentTime : 8408
12-21 13:00:33.793  5183  5183 W chromium: [WARNING:window_android.cc(195)] TAB-STATUS observer removed
12-21 13:00:33.801  5183  5366 E SProviderUtility :SBrowserSync: getCurrentTime : 8408
12-21 13:00:33.805  5183  5366 E SProviderUtility :SBrowserSync: getCurrentTime : 8408
12-21 13:00:35.848  1355  1582 W libprocessgroup: kill(-5048, 9) failed: No such process
12-21 13:00:36.010  1355  1582 W libprocessgroup: kill(-5048, 9) failed: No such process
12-21 13:00:36.705 31690 31700 W System  : A resource failed to call end. 
12-21 13:00:36.767  2899  5890 E MdnsResponseDecoder: Failed to read TXT record from mDNS response.
12-21 13:00:36.767  2899  5890 E MdnsResponseDecoder: java.io.IOException: attempt to set limit beyond available data: 2096 exceeds 2048
12-21 13:00:36.767  2899  5890 E MdnsResponseDecoder: 	at agwb.<init>(:com.google.android.gms@17785037@17.7.85 (100400-253824076):8)
12-21 13:00:36.767  2899  5890 E MdnsResponseDecoder: 	at agxf.<init>(Unknown Source:2)
12-21 13:00:36.767  2899  5890 E MdnsResponseDecoder: 	at agwd.a(:com.google.android.gms@17785037@17.7.85 (100400-253824076):19)
12-21 13:00:36.767  2899  5890 E MdnsResponseDecoder: 	at agww.a(:com.google.android.gms@17785037@17.7.85 (100400-253824076):105)
12-21 13:00:36.767  2899  5890 E MdnsResponseDecoder: 	at agwy.run(Unknown Source:6)
12-21 13:00:36.767  2899  5890 E MdnsResponseDecoder: 	at java.lang.Thread.run(Thread.java:764)
12-21 13:00:36.767  2899  5890 W MdnsClient: Error while decoding multicast packet (9748784): 10
12-21 13:00:37.590  2899  5890 E MdnsResponseDecoder: Failed to read TXT record from mDNS response.
12-21 13:00:37.590  2899  5890 E MdnsResponseDecoder: java.io.IOException: attempt to set limit beyond available data: 2108 exceeds 2048
12-21 13:00:37.590  2899  5890 E MdnsResponseDecoder: 	at agwb.<init>(:com.google.android.gms@17785037@17.7.85 (100400-253824076):8)
12-21 13:00:37.590  2899  5890 E MdnsResponseDecoder: 	at agxf.<init>(Unknown Source:2)
12-21 13:00:37.590  2899  5890 E MdnsResponseDecoder: 	at agwd.a(:com.google.android.gms@17785037@17.7.85 (100400-253824076):19)
12-21 13:00:37.590  2899  5890 E MdnsResponseDecoder: 	at agww.a(:com.google.android.gms@17785037@17.7.85 (100400-253824076):105)
12-21 13:00:37.590  2899  5890 E MdnsResponseDecoder: 	at agwy.run(Unknown Source:6)
12-21 13:00:37.590  2899  5890 E MdnsResponseDecoder: 	at java.lang.Thread.run(Thread.java:764)
12-21 13:00:37.590  2899  5890 W MdnsClient: Error while decoding multicast packet (9748824): 10
12-21 13:00:37.617   696   720 E IptablesRestoreController: [iptables debug]iptables-restore execute *filter
12-21 13:00:37.617   696   720 E IptablesRestoreController: -nvx -L limit
12-21 13:00:37.617   696   720 E IptablesRestoreController: COMMIT
12-21 13:00:37.624   696   720 E IptablesRestoreController: [iptables debug]iptables-restore execute done *filter
12-21 13:00:37.624   696   720 E IptablesRestoreController: -nvx -L limit
12-21 13:00:37.624   696   720 E IptablesRestoreController: COMMIT
12-21 13:00:37.624   696   720 E IptablesRestoreController: , res : 0
12-21 13:00:37.624   696   720 E IptablesRestoreController: [iptables debug]iptables-restore execute *filter
12-21 13:00:37.624   696   720 E IptablesRestoreController: -nvx -L limit
12-21 13:00:37.624   696   720 E IptablesRestoreController: COMMIT
12-21 13:00:37.626   696   720 E IptablesRestoreController: [iptables debug]iptables-restore execute done *filter
12-21 13:00:37.626   696   720 E IptablesRestoreController: -nvx -L limit
12-21 13:00:37.626   696   720 E IptablesRestoreController: COMMIT
12-21 13:00:37.626   696   720 E IptablesRestoreController: , res : 0
12-21 13:00:37.630   696   720 E IptablesRestoreController: [iptables debug]iptables-restore execute *filter
12-21 13:00:37.630   696   720 E IptablesRestoreController: -D limit -m owner --uid-owner 10039 -m state --state ESTABLISHED -p all -m hashlimit --hashlimit-name BRADYBOUND --hashlimit-above 530kb/s -j DROP
12-21 13:00:37.630   696   720 E IptablesRestoreController: COMMIT
12-21 13:00:37.637   696   720 E IptablesRestoreController: [iptables debug]iptables-restore execute done *filter
12-21 13:00:37.637   696   720 E IptablesRestoreController: -D limit -m owner --uid-owner 10039 -m state --state ESTABLISHED -p all -m hashlimit --hashlimit-name BRADYBOUND --hashlimit-above 530kb/s -j DROP
12-21 13:00:37.637   696   720 E IptablesRestoreController: COMMIT
12-21 13:00:37.637   696   720 E IptablesRestoreController: , res : 0
12-21 13:00:38.713  2899  5890 E MdnsResponseDecoder: Failed to read TXT record from mDNS response.
12-21 13:00:38.713  2899  5890 E MdnsResponseDecoder: java.io.IOException: attempt to set limit beyond available data: 2108 exceeds 2048
12-21 13:00:38.713  2899  5890 E MdnsResponseDecoder: 	at agwb.<init>(:com.google.android.gms@17785037@17.7.85 (100400-253824076):8)
12-21 13:00:38.713  2899  5890 E MdnsResponseDecoder: 	at agxf.<init>(Unknown Source:2)
12-21 13:00:38.713  2899  5890 E MdnsResponseDecoder: 	at agwd.a(:com.google.android.gms@17785037@17.7.85 (100400-253824076):19)
12-21 13:00:38.713  2899  5890 E MdnsResponseDecoder: 	at agww.a(:com.google.android.gms@17785037@17.7.85 (100400-253824076):105)
12-21 13:00:38.713  2899  5890 E MdnsResponseDecoder: 	at agwy.run(Unknown Source:6)
12-21 13:00:38.713  2899  5890 E MdnsResponseDecoder: 	at java.lang.Thread.run(Thread.java:764)
12-21 13:00:38.714  2899  5890 W MdnsClient: Error while decoding multicast packet (9748969): 10
12-21 13:00:39.330 29214  6968 W Notification: Use of stream types is deprecated for operations other than volume control
12-21 13:00:39.330 29214  6968 W Notification: See the documentation of setSound() for what to use instead with android.media.AudioAttributes to qualify your playback use case
12-21 13:00:39.725  6976  6976 E Zygote  : isWhitelistProcess - Process is Whitelisted
12-21 13:00:39.727  6976  6976 E Zygote  : accessInfo : 1
12-21 13:00:39.762  6976  6976 E com.samsung.ml: Not starting debugger since process cannot load the jdwp agent.
12-21 13:00:40.616  1355  1582 W libprocessgroup: kill(-5244, 9) failed: No such process
12-21 13:00:40.621  1355  1582 W libprocessgroup: kill(-5244, 9) failed: No such process
12-21 13:00:40.631  1355  1582 W libprocessgroup: kill(-5244, 9) failed: No such process
12-21 13:00:40.637  1355  1582 W libprocessgroup: kill(-5244, 9) failed: No such process
12-21 13:00:40.642  1355  1582 W libprocessgroup: kill(-5244, 9) failed: No such process
12-21 13:00:40.648  1355  1582 W libprocessgroup: kill(-5244, 9) failed: No such process
12-21 13:00:40.653  1355  1582 W libprocessgroup: kill(-5244, 9) failed: No such process
12-21 13:00:40.659  1355  1582 W libprocessgroup: kill(-5244, 9) failed: No such process
12-21 13:00:40.664  2899  5890 E MdnsResponseDecoder: Failed to read TXT record from mDNS response.
12-21 13:00:40.664  2899  5890 E MdnsResponseDecoder: java.io.IOException: attempt to set limit beyond available data: 2108 exceeds 2048
12-21 13:00:40.664  2899  5890 E MdnsResponseDecoder: 	at agwb.<init>(:com.google.android.gms@17785037@17.7.85 (100400-253824076):8)
12-21 13:00:40.664  2899  5890 E MdnsResponseDecoder: 	at agxf.<init>(Unknown Source:2)
12-21 13:00:40.664  2899  5890 E MdnsResponseDecoder: 	at agwd.a(:com.google.android.gms@17785037@17.7.85 (100400-253824076):19)
12-21 13:00:40.664  2899  5890 E MdnsResponseDecoder: 	at agww.a(:com.google.android.gms@17785037@17.7.85 (100400-253824076):105)
12-21 13:00:40.664  2899  5890 E MdnsResponseDecoder: 	at agwy.run(Unknown Source:6)
12-21 13:00:40.664  2899  5890 E MdnsResponseDecoder: 	at java.lang.Thread.run(Thread.java:764)
12-21 13:00:40.664  2899  5890 W MdnsClient: Error while decoding multicast packet (9749091): 10
12-21 13:00:40.664  1355  1582 W libprocessgroup: kill(-5244, 9) failed: No such process
12-21 13:00:40.673  1355  1582 W libprocessgroup: kill(-5244, 9) failed: No such process
12-21 13:00:40.681  1355  1582 W libprocessgroup: kill(-5244, 9) failed: No such process
12-21 13:00:40.695  1355  1582 W libprocessgroup: kill(-5244, 9) failed: No such process
12-21 13:00:40.707  1355  1582 W libprocessgroup: kill(-5244, 9) failed: No such process
12-21 13:00:40.713  1355  1582 W libprocessgroup: kill(-5244, 9) failed: No such process
12-21 13:00:40.718  1355  1582 W libprocessgroup: kill(-5244, 9) failed: No such process
12-21 13:00:40.718  1355  1582 W libprocessgroup: kill(-5213, 9) failed: No such process
12-21 13:00:40.761  2899  5890 E MdnsResponseDecoder: Failed to read TXT record from mDNS response.
12-21 13:00:40.761  2899  5890 E MdnsResponseDecoder: java.io.IOException: attempt to set limit beyond available data: 2096 exceeds 2048
12-21 13:00:40.761  2899  5890 E MdnsResponseDecoder: 	at agwb.<init>(:com.google.android.gms@17785037@17.7.85 (100400-253824076):8)
12-21 13:00:40.761  2899  5890 E MdnsResponseDecoder: 	at agxf.<init>(Unknown Source:2)
12-21 13:00:40.761  2899  5890 E MdnsResponseDecoder: 	at agwd.a(:com.google.android.gms@17785037@17.7.85 (100400-253824076):19)
12-21 13:00:40.761  2899  5890 E MdnsResponseDecoder: 	at agww.a(:com.google.android.gms@17785037@17.7.85 (100400-253824076):105)
12-21 13:00:40.761  2899  5890 E MdnsResponseDecoder: 	at agwy.run(Unknown Source:6)
12-21 13:00:40.761  2899  5890 E MdnsResponseDecoder: 	at java.lang.Thread.run(Thread.java:764)
12-21 13:00:40.761  2899  5890 W MdnsClient: Error while decoding multicast packet (9749094): 10
12-21 13:00:41.243  5183  5183 W chromium: [WARNING:render_widget_host_view_android.cc(708)] SBRTOUCHLOG  OnTouchEvent, Action::DOWN
12-21 13:00:41.243  5183  5183 W chromium: [WARNING:input_router_impl.cc(432)] SBRTOUCHLOG FilterAndSendWebInputEvent, kTouchStart
12-21 13:00:41.246  6006  6038 W chromium: [WARNING:input_handler_proxy.cc(1021)] SBRTOUCHLOG : TouchStart
12-21 13:00:42.769  7009  7009 E Zygote  : isWhitelistProcess - Process is Whitelisted
12-21 13:00:42.771  7009  7009 E Zygote  : accessInfo : 1
12-21 13:00:42.798  7009  7009 E msung.ipservic: Not starting debugger since process cannot load the jdwp agent.
12-21 13:00:42.905  1355  1582 W libprocessgroup: kill(-5765, 9) failed: No such process
12-21 13:00:42.910  1355  1582 W libprocessgroup: kill(-5765, 9) failed: No such process
12-21 13:00:43.050  1355  1582 W libprocessgroup: kill(-5765, 9) failed: No such process
12-21 13:00:43.058  1355  1582 W libprocessgroup: kill(-5765, 9) failed: No such process
12-21 13:00:44.661  2899  5890 E MdnsResponseDecoder: Failed to read TXT record from mDNS response.
12-21 13:00:44.661  2899  5890 E MdnsResponseDecoder: java.io.IOException: attempt to set limit beyond available data: 2108 exceeds 2048
12-21 13:00:44.661  2899  5890 E MdnsResponseDecoder: 	at agwb.<init>(:com.google.android.gms@17785037@17.7.85 (100400-253824076):8)
12-21 13:00:44.661  2899  5890 E MdnsResponseDecoder: 	at agxf.<init>(Unknown Source:2)
12-21 13:00:44.661  2899  5890 E MdnsResponseDecoder: 	at agwd.a(:com.google.android.gms@17785037@17.7.85 (100400-253824076):19)
12-21 13:00:44.661  2899  5890 E MdnsResponseDecoder: 	at agww.a(:com.google.android.gms@17785037@17.7.85 (100400-253824076):105)
12-21 13:00:44.661  2899  5890 E MdnsResponseDecoder: 	at agwy.run(Unknown Source:6)
12-21 13:00:44.661  2899  5890 E MdnsResponseDecoder: 	at java.lang.Thread.run(Thread.java:764)
12-21 13:00:44.661  2899  5890 W MdnsClient: Error while decoding multicast packet (9749445): 10
12-21 13:00:44.859  2899  5890 E MdnsResponseDecoder: Failed to read TXT record from mDNS response.
12-21 13:00:44.859  2899  5890 E MdnsResponseDecoder: java.io.IOException: attempt to set limit beyond available data: 2096 exceeds 2048
12-21 13:00:44.859  2899  5890 E MdnsResponseDecoder: 	at agwb.<init>(:com.google.android.gms@17785037@17.7.85 (100400-253824076):8)
12-21 13:00:44.859  2899  5890 E MdnsResponseDecoder: 	at agxf.<init>(Unknown Source:2)
12-21 13:00:44.859  2899  5890 E MdnsResponseDecoder: 	at agwd.a(:com.google.android.gms@17785037@17.7.85 (100400-253824076):19)
12-21 13:00:44.859  2899  5890 E MdnsResponseDecoder: 	at agww.a(:com.google.android.gms@17785037@17.7.85 (100400-253824076):105)
12-21 13:00:44.859  2899  5890 E MdnsResponseDecoder: 	at agwy.run(Unknown Source:6)
12-21 13:00:44.859  2899  5890 E MdnsResponseDecoder: 	at java.lang.Thread.run(Thread.java:764)
12-21 13:00:44.859  2899  5890 W MdnsClient: Error while decoding multicast packet (9749465): 10
12-21 13:00:45.885  2899  5890 E MdnsResponseDecoder: Failed to read TXT record from mDNS response.
12-21 13:00:45.885  2899  5890 E MdnsResponseDecoder: java.io.IOException: attempt to set limit beyond available data: 2096 exceeds 2048
12-21 13:00:45.885  2899  5890 E MdnsResponseDecoder: 	at agwb.<init>(:com.google.android.gms@17785037@17.7.85 (100400-253824076):8)
12-21 13:00:45.885  2899  5890 E MdnsResponseDecoder: 	at agxf.<init>(Unknown Source:2)
12-21 13:00:45.885  2899  5890 E MdnsResponseDecoder: 	at agwd.a(:com.google.android.gms@17785037@17.7.85 (100400-253824076):19)
12-21 13:00:45.885  2899  5890 E MdnsResponseDecoder: 	at agww.a(:com.google.android.gms@17785037@17.7.85 (100400-253824076):105)
12-21 13:00:45.885  2899  5890 E MdnsResponseDecoder: 	at agwy.run(Unknown Source:6)
12-21 13:00:45.885  2899  5890 E MdnsResponseDecoder: 	at java.lang.Thread.run(Thread.java:764)
12-21 13:00:45.885  2899  5890 W MdnsClient: Error while decoding multicast packet (9749514): 10
12-21 13:00:47.930  2899  5890 E MdnsResponseDecoder: Failed to read TXT record from mDNS response.
12-21 13:00:47.930  2899  5890 E MdnsResponseDecoder: java.io.IOException: attempt to set limit beyond available data: 2096 exceeds 2048
12-21 13:00:47.930  2899  5890 E MdnsResponseDecoder: 	at agwb.<init>(:com.google.android.gms@17785037@17.7.85 (100400-253824076):8)
12-21 13:00:47.930  2899  5890 E MdnsResponseDecoder: 	at agxf.<init>(Unknown Source:2)
12-21 13:00:47.930  2899  5890 E MdnsResponseDecoder: 	at agwd.a(:com.google.android.gms@17785037@17.7.85 (100400-253824076):19)
12-21 13:00:47.930  2899  5890 E MdnsResponseDecoder: 	at agww.a(:com.google.android.gms@17785037@17.7.85 (100400-253824076):105)
12-21 13:00:47.930  2899  5890 E MdnsResponseDecoder: 	at agwy.run(Unknown Source:6)
12-21 13:00:47.930  2899  5890 E MdnsResponseDecoder: 	at java.lang.Thread.run(Thread.java:764)
12-21 13:00:47.931  2899  5890 W MdnsClient: Error while decoding multicast packet (9749744): 10
12-21 13:00:47.960  5183  5183 W chromium: [WARNING:render_widget_host_view_android.cc(708)] SBRTOUCHLOG  OnTouchEvent, Action::DOWN
12-21 13:00:47.960  5183  5183 W chromium: [WARNING:input_router_impl.cc(432)] SBRTOUCHLOG FilterAndSendWebInputEvent, kTouchStart
12-21 13:00:47.962  6006  6038 W chromium: [WARNING:input_handler_proxy.cc(1021)] SBRTOUCHLOG : TouchStart
12-21 13:00:48.017  6006  6038 W chromium: [WARNING:input_handler_proxy.cc(770)] SBRTOUCHLOG  HandleGestureScrollBegin  result = 4
12-21 13:00:48.106   775   817 E ANDR-PERF-MPCTL: Invalid profile no. 0, total profiles 0 only
12-21 13:00:48.426 29214  7034 W Notification: Use of stream types is deprecated for operations other than volume control
12-21 13:00:48.426 29214  7034 W Notification: See the documentation of setSound() for what to use instead with android.media.AudioAttributes to qualify your playback use case
12-21 13:00:48.656  2899  5890 E MdnsResponseDecoder: Failed to read TXT record from mDNS response.
12-21 13:00:48.656  2899  5890 E MdnsResponseDecoder: java.io.IOException: attempt to set limit beyond available data: 2108 exceeds 2048
12-21 13:00:48.656  2899  5890 E MdnsResponseDecoder: 	at agwb.<init>(:com.google.android.gms@17785037@17.7.85 (100400-253824076):8)
12-21 13:00:48.656  2899  5890 E MdnsResponseDecoder: 	at agxf.<init>(Unknown Source:2)
12-21 13:00:48.656  2899  5890 E MdnsResponseDecoder: 	at agwd.a(:com.google.android.gms@17785037@17.7.85 (100400-253824076):19)
12-21 13:00:48.656  2899  5890 E MdnsResponseDecoder: 	at agww.a(:com.google.android.gms@17785037@17.7.85 (100400-253824076):105)
12-21 13:00:48.656  2899  5890 E MdnsResponseDecoder: 	at agwy.run(Unknown Source:6)
12-21 13:00:48.656  2899  5890 E MdnsResponseDecoder: 	at java.lang.Thread.run(Thread.java:764)
12-21 13:00:48.656  2899  5890 W MdnsClient: Error while decoding multicast packet (9749830): 10
12-21 13:00:51.923  2899  5890 E MdnsResponseDecoder: Failed to read TXT record from mDNS response.
12-21 13:00:51.923  2899  5890 E MdnsResponseDecoder: java.io.IOException: attempt to set limit beyond available data: 2096 exceeds 2048
12-21 13:00:51.923  2899  5890 E MdnsResponseDecoder: 	at agwb.<init>(:com.google.android.gms@17785037@17.7.85 (100400-253824076):8)
12-21 13:00:51.923  2899  5890 E MdnsResponseDecoder: 	at agxf.<init>(Unknown Source:2)
12-21 13:00:51.923  2899  5890 E MdnsResponseDecoder: 	at agwd.a(:com.google.android.gms@17785037@17.7.85 (100400-253824076):19)
12-21 13:00:51.923  2899  5890 E MdnsResponseDecoder: 	at agww.a(:com.google.android.gms@17785037@17.7.85 (100400-253824076):105)
12-21 13:00:51.923  2899  5890 E MdnsResponseDecoder: 	at agwy.run(Unknown Source:6)
12-21 13:00:51.923  2899  5890 E MdnsResponseDecoder: 	at java.lang.Thread.run(Thread.java:764)
12-21 13:00:51.923  2899  5890 W MdnsClient: Error while decoding multicast packet (9750143): 10
12-21 13:00:52.296   775   817 E ANDR-PERF-MPCTL: Invalid profile no. 0, total profiles 0 only
12-21 13:00:52.362  5183  5183 W chromium: [WARNING:window_android.cc(195)] TAB-STATUS observer removed
12-21 13:00:52.367  5183  5183 E [MM]MediaSessionHelper: Receivers not registered
12-21 13:00:52.376 29214  6101 W System.err: java.net.SocketException: Connection reset
12-21 13:00:52.376 29214  6101 W System.err: 	at java.net.SocketInputStream.read(SocketInputStream.java:215)
12-21 13:00:52.376 29214  6101 W System.err: 	at java.net.SocketInputStream.read(SocketInputStream.java:144)
12-21 13:00:52.376 29214  6101 W System.err: 	at com.android.okhttp.okio.Okio$2.read(Okio.java:141)
12-21 13:00:52.376 29214  6101 W System.err: 	at com.android.okhttp.okio.AsyncTimeout$2.read(AsyncTimeout.java:211)
12-21 13:00:52.376 29214  6101 W System.err: 	at com.android.okhttp.okio.RealBufferedSource.read(RealBufferedSource.java:60)
12-21 13:00:52.376 29214  6101 W System.err: 	at com.android.okhttp.internal.http.Http1xStream$FixedLengthSource.read(Http1xStream.java:602)
12-21 13:00:52.376 29214  6101 W System.err: 	at com.android.okhttp.okio.RealBufferedSource$1.read(RealBufferedSource.java:396)
12-21 13:00:52.376 29214  6101 W System.err: 	at java.io.BufferedInputStream.read1(BufferedInputStream.java:286)
12-21 13:00:52.376 29214  6101 W System.err: 	at java.io.BufferedInputStream.read(BufferedInputStream.java:347)
12-21 13:00:52.376 29214  6101 W System.err: 	at com.sec.android.app.samsungapps.vlibrary3.installer.request.ReqFileWriter.a(ProGuard:225)
12-21 13:00:52.376 29214  6101 W System.err: 	at com.sec.android.app.samsungapps.vlibrary3.installer.request.ReqFileWriter.a(ProGuard:24)
12-21 13:00:52.376 29214  6101 W System.err: 	at com.sec.android.app.samsungapps.vlibrary3.installer.request.d.run(ProGuard:451)
12-21 13:00:52.391  5183  5183 W chromium: [WARNING:window_android.cc(177)] TAB-STATUS observer added
12-21 13:00:52.735  7042  7042 E Zygote  : isWhitelistProcess - Process is Whitelisted
12-21 13:00:52.735  7042  7042 E Zygote  : accessInfo : 1
12-21 13:00:52.751  7042  7042 E ung.faceservic: Not starting debugger since process cannot load the jdwp agent.
12-21 13:00:52.953  2899  5890 E MdnsResponseDecoder: Failed to read TXT record from mDNS response.
12-21 13:00:52.953  2899  5890 E MdnsResponseDecoder: java.io.IOException: attempt to set limit beyond available data: 2108 exceeds 2048
12-21 13:00:52.953  2899  5890 E MdnsResponseDecoder: 	at agwb.<init>(:com.google.android.gms@17785037@17.7.85 (100400-253824076):8)
12-21 13:00:52.953  2899  5890 E MdnsResponseDecoder: 	at agxf.<init>(Unknown Source:2)
12-21 13:00:52.953  2899  5890 E MdnsResponseDecoder: 	at agwd.a(:com.google.android.gms@17785037@17.7.85 (100400-253824076):19)
12-21 13:00:52.953  2899  5890 E MdnsResponseDecoder: 	at agww.a(:com.google.android.gms@17785037@17.7.85 (100400-253824076):105)
12-21 13:00:52.953  2899  5890 E MdnsResponseDecoder: 	at agwy.run(Unknown Source:6)
12-21 13:00:52.953  2899  5890 E MdnsResponseDecoder: 	at java.lang.Thread.run(Thread.java:764)
12-21 13:00:52.953  2899  5890 W MdnsClient: Error while decoding multicast packet (9750288): 10
12-21 13:00:53.159  1355  1582 W libprocessgroup: kill(-5909, 9) failed: No such process
12-21 13:00:53.192  1355  1582 W libprocessgroup: kill(-5909, 9) failed: No such process
12-21 13:00:53.197  1355  1582 W libprocessgroup: kill(-5909, 9) failed: No such process
12-21 13:00:53.898  5183  5183 W chromium: [WARNING:render_widget_host_view_android.cc(708)] SBRTOUCHLOG  OnTouchEvent, Action::DOWN
12-21 13:00:53.898  5183  5183 W chromium: [WARNING:input_router_impl.cc(432)] SBRTOUCHLOG FilterAndSendWebInputEvent, kTouchStart
12-21 13:00:53.901  6006  6038 W chromium: [WARNING:input_handler_proxy.cc(1016)] SBRTOUCHLOG : TouchStart - Forwarding to render main
12-21 13:00:53.901  6006  6038 W chromium: [WARNING:input_handler_proxy.cc(1021)] SBRTOUCHLOG : TouchStart
12-21 13:00:53.955  5183  5183 W chromium: [WARNING:window_android.cc(177)] TAB-STATUS observer added
12-21 13:00:53.962  5183  5366 E SProviderUtility :SBrowserSync: getCurrentTime : 8408
12-21 13:00:53.962  5183  5366 E SProviderUtility :SBrowserSync: getCurrentTime : 8408
12-21 13:00:53.966  5183  5366 E SProviderUtility :SBrowserSync: getCurrentTime : 8408
12-21 13:00:54.073  2899  5890 E MdnsResponseDecoder: Failed to read TXT record from mDNS response.
12-21 13:00:54.073  2899  5890 E MdnsResponseDecoder: java.io.IOException: attempt to set limit beyond available data: 2108 exceeds 2048
12-21 13:00:54.073  2899  5890 E MdnsResponseDecoder: 	at agwb.<init>(:com.google.android.gms@17785037@17.7.85 (100400-253824076):8)
12-21 13:00:54.073  2899  5890 E MdnsResponseDecoder: 	at agxf.<init>(Unknown Source:2)
12-21 13:00:54.073  2899  5890 E MdnsResponseDecoder: 	at agwd.a(:com.google.android.gms@17785037@17.7.85 (100400-253824076):19)
12-21 13:00:54.073  2899  5890 E MdnsResponseDecoder: 	at agww.a(:com.google.android.gms@17785037@17.7.85 (100400-253824076):105)
12-21 13:00:54.073  2899  5890 E MdnsResponseDecoder: 	at agwy.run(Unknown Source:6)
12-21 13:00:54.073  2899  5890 E MdnsResponseDecoder: 	at java.lang.Thread.run(Thread.java:764)
12-21 13:00:54.074  2899  5890 W MdnsClient: Error while decoding multicast packet (9750372): 10
12-21 13:00:54.079  5183  5183 W chromium: [WARNING:window_android.cc(195)] TAB-STATUS observer removed
12-21 13:00:54.093  5183  5366 E SProviderUtility :SBrowserSync: getCurrentTime : 8408
12-21 13:00:54.097  5183  5366 E SProviderUtility :SBrowserSync: getCurrentTime : 8408
12-21 13:00:54.270  5183  5183 E SBrowserTab: onDidCommitProvisionalLoadForFrame - skip logging..
12-21 13:00:54.287  5183  5195 E BrowserUtil: Package Not found : com.samsung.deviceagent
12-21 13:00:54.363   626   626 W keymaster_tee: [WRN]start nwd_get_key_characteristics
12-21 13:00:54.367   626   626 W keymaster_tee: [WRN]ret OK PARAMS: A32 P0 P1 B2 P64 AR1 S256 2019.04.28,19:44:17.587 
12-21 13:00:54.369   626   626 W keymaster_tee: [WRN]start nwd_get_key_characteristics
12-21 13:00:54.372   626   626 W keymaster_tee: [WRN]ret OK PARAMS: A32 P0 P1 B2 P64 AR1 S256 2019.04.28,19:44:17.587 
12-21 13:00:54.373   626   626 W keymaster_tee: [WRN]begin req PARAMS: A32 B2 P64 
12-21 13:00:54.388   953   953 W keystore: ENTER remove operation from uid 5010
12-21 13:00:54.475   626   626 W keymaster_tee: [WRN]start nwd_get_key_characteristics
12-21 13:00:54.479   626   626 W keymaster_tee: [WRN]ret OK PARAMS: A32 P0 P1 B2 P64 AR1 S256 2019.04.28,19:44:17.587 
12-21 13:00:54.481   626   626 W keymaster_tee: [WRN]start nwd_get_key_characteristics
12-21 13:00:54.485   626   626 W keymaster_tee: [WRN]ret OK PARAMS: A32 P0 P1 B2 P64 AR1 S256 2019.04.28,19:44:17.587 
12-21 13:00:54.485   626   626 W keymaster_tee: [WRN]begin req PARAMS: A32 B2 P64 
12-21 13:00:54.497   953   953 W keystore: ENTER remove operation from uid 5010
12-21 13:00:54.507   626   626 W keymaster_tee: [WRN]start nwd_get_key_characteristics
12-21 13:00:54.512   626   626 W keymaster_tee: [WRN]ret OK PARAMS: A32 P0 P1 B2 P64 AR1 S256 2019.04.28,19:44:17.587 
12-21 13:00:54.515   626   626 W keymaster_tee: [WRN]start nwd_get_key_characteristics
12-21 13:00:54.521   626   626 W keymaster_tee: [WRN]ret OK PARAMS: A32 P0 P1 B2 P64 AR1 S256 2019.04.28,19:44:17.587 
12-21 13:00:54.521   626   626 W keymaster_tee: [WRN]begin req PARAMS: A32 B2 P64 
12-21 13:00:54.537   953   953 W keystore: ENTER remove operation from uid 5010
12-21 13:00:54.838  5183  5183 E PWAStatus: PwaType : 2
12-21 13:00:54.838  5183  5366 E SProviderUtility :SBrowserSync: getCurrentTime : 8408
12-21 13:00:54.839  5183  5366 E SProviderUtility :SBrowserSync: getCurrentTime : 8408
12-21 13:00:55.712   696   720 E IptablesRestoreController: [iptables debug]iptables-restore execute *filter
12-21 13:00:55.712   696   720 E IptablesRestoreController: -A limit -m owner --uid-owner 10039 -m state --state ESTABLISHED -p all -m hashlimit --hashlimit-name BRADYBOUND --hashlimit-above 460kb/s -j DROP
12-21 13:00:55.712   696   720 E IptablesRestoreController: COMMIT
12-21 13:00:55.717   696   720 E IptablesRestoreController: [iptables debug]iptables-restore execute done *filter
12-21 13:00:55.717   696   720 E IptablesRestoreController: -A limit -m owner --uid-owner 10039 -m state --state ESTABLISHED -p all -m hashlimit --hashlimit-name BRADYBOUND --hashlimit-above 460kb/s -j DROP
12-21 13:00:55.717   696   720 E IptablesRestoreController: COMMIT
12-21 13:00:55.717   696   720 E IptablesRestoreController: , res : 0
12-21 13:00:56.026  2899  5890 E MdnsResponseDecoder: Failed to read TXT record from mDNS response.
12-21 13:00:56.026  2899  5890 E MdnsResponseDecoder: java.io.IOException: attempt to set limit beyond available data: 2096 exceeds 2048
12-21 13:00:56.026  2899  5890 E MdnsResponseDecoder: 	at agwb.<init>(:com.google.android.gms@17785037@17.7.85 (100400-253824076):8)
12-21 13:00:56.026  2899  5890 E MdnsResponseDecoder: 	at agxf.<init>(Unknown Source:2)
12-21 13:00:56.026  2899  5890 E MdnsResponseDecoder: 	at agwd.a(:com.google.android.gms@17785037@17.7.85 (100400-253824076):19)
12-21 13:00:56.026  2899  5890 E MdnsResponseDecoder: 	at agww.a(:com.google.android.gms@17785037@17.7.85 (100400-253824076):105)
12-21 13:00:56.026  2899  5890 E MdnsResponseDecoder: 	at agwy.run(Unknown Source:6)
12-21 13:00:56.026  2899  5890 E MdnsResponseDecoder: 	at java.lang.Thread.run(Thread.java:764)
12-21 13:00:56.027  2899  5890 W MdnsClient: Error while decoding multicast packet (9750526): 10
12-21 13:00:56.037  2899  5890 E MdnsResponseDecoder: Failed to read TXT record from mDNS response.
12-21 13:00:56.037  2899  5890 E MdnsResponseDecoder: java.io.IOException: attempt to set limit beyond available data: 2108 exceeds 2048
12-21 13:00:56.037  2899  5890 E MdnsResponseDecoder: 	at agwb.<init>(:com.google.android.gms@17785037@17.7.85 (100400-253824076):8)
12-21 13:00:56.037  2899  5890 E MdnsResponseDecoder: 	at agxf.<init>(Unknown Source:2)
12-21 13:00:56.037  2899  5890 E MdnsResponseDecoder: 	at agwd.a(:com.google.android.gms@17785037@17.7.85 (100400-253824076):19)
12-21 13:00:56.037  2899  5890 E MdnsResponseDecoder: 	at agww.a(:com.google.android.gms@17785037@17.7.85 (100400-253824076):105)
12-21 13:00:56.037  2899  5890 E MdnsResponseDecoder: 	at agwy.run(Unknown Source:6)
12-21 13:00:56.037  2899  5890 E MdnsResponseDecoder: 	at java.lang.Thread.run(Thread.java:764)
12-21 13:00:56.038  2899  5890 W MdnsClient: Error while decoding multicast packet (9750532): 10
12-21 13:00:56.515 29214  7073 W Notification: Use of stream types is deprecated for operations other than volume control
12-21 13:00:56.515 29214  7073 W Notification: See the documentation of setSound() for what to use instead with android.media.AudioAttributes to qualify your playback use case
12-21 13:00:59.152  5183  5183 W chromium: [WARNING:render_widget_host_view_android.cc(708)] SBRTOUCHLOG  OnTouchEvent, Action::DOWN
12-21 13:00:59.152  5183  5183 W chromium: [WARNING:input_router_impl.cc(432)] SBRTOUCHLOG FilterAndSendWebInputEvent, kTouchStart
12-21 13:00:59.153  6006  6038 W chromium: [WARNING:input_handler_proxy.cc(1021)] SBRTOUCHLOG : TouchStart
12-21 13:00:59.176  6006  6038 W chromium: [WARNING:input_handler_proxy.cc(1021)] SBRTOUCHLOG : TouchStart
12-21 13:00:59.259  6006  6038 W chromium: [WARNING:input_handler_proxy.cc(770)] SBRTOUCHLOG  HandleGestureScrollBegin  result = 0
12-21 13:01:00.024  2899  5890 E MdnsResponseDecoder: Failed to read TXT record from mDNS response.
12-21 13:01:00.024  2899  5890 E MdnsResponseDecoder: java.io.IOException: attempt to set limit beyond available data: 2108 exceeds 2048
12-21 13:01:00.024  2899  5890 E MdnsResponseDecoder: 	at agwb.<init>(:com.google.android.gms@17785037@17.7.85 (100400-253824076):8)
12-21 13:01:00.024  2899  5890 E MdnsResponseDecoder: 	at agxf.<init>(Unknown Source:2)
12-21 13:01:00.024  2899  5890 E MdnsResponseDecoder: 	at agwd.a(:com.google.android.gms@17785037@17.7.85 (100400-253824076):19)
12-21 13:01:00.024  2899  5890 E MdnsResponseDecoder: 	at agww.a(:com.google.android.gms@17785037@17.7.85 (100400-253824076):105)
12-21 13:01:00.024  2899  5890 E MdnsResponseDecoder: 	at agwy.run(Unknown Source:6)
12-21 13:01:00.024  2899  5890 E MdnsResponseDecoder: 	at java.lang.Thread.run(Thread.java:764)
12-21 13:01:00.024  2899  5890 W MdnsClient: Error while decoding multicast packet (9750965): 10
12-21 13:01:00.318  2899  5890 E MdnsResponseDecoder: Failed to read TXT record from mDNS response.
12-21 13:01:00.318  2899  5890 E MdnsResponseDecoder: java.io.IOException: attempt to set limit beyond available data: 2096 exceeds 2048
12-21 13:01:00.318  2899  5890 E MdnsResponseDecoder: 	at agwb.<init>(:com.google.android.gms@17785037@17.7.85 (100400-253824076):8)
12-21 13:01:00.318  2899  5890 E MdnsResponseDecoder: 	at agxf.<init>(Unknown Source:2)
12-21 13:01:00.318  2899  5890 E MdnsResponseDecoder: 	at agwd.a(:com.google.android.gms@17785037@17.7.85 (100400-253824076):19)
12-21 13:01:00.318  2899  5890 E MdnsResponseDecoder: 	at agww.a(:com.google.android.gms@17785037@17.7.85 (100400-253824076):105)
12-21 13:01:00.318  2899  5890 E MdnsResponseDecoder: 	at agwy.run(Unknown Source:6)
12-21 13:01:00.318  2899  5890 E MdnsResponseDecoder: 	at java.lang.Thread.run(Thread.java:764)
12-21 13:01:00.318  2899  5890 W MdnsClient: Error while decoding multicast packet (9750981): 10
12-21 13:01:01.256  2899  5890 E MdnsResponseDecoder: Failed to read TXT record from mDNS response.
12-21 13:01:01.256  2899  5890 E MdnsResponseDecoder: java.io.IOException: attempt to set limit beyond available data: 2096 exceeds 2048
12-21 13:01:01.256  2899  5890 E MdnsResponseDecoder: 	at agwb.<init>(:com.google.android.gms@17785037@17.7.85 (100400-253824076):8)
12-21 13:01:01.256  2899  5890 E MdnsResponseDecoder: 	at agxf.<init>(Unknown Source:2)
12-21 13:01:01.256  2899  5890 E MdnsResponseDecoder: 	at agwd.a(:com.google.android.gms@17785037@17.7.85 (100400-253824076):19)
12-21 13:01:01.256  2899  5890 E MdnsResponseDecoder: 	at agww.a(:com.google.android.gms@17785037@17.7.85 (100400-253824076):105)
12-21 13:01:01.256  2899  5890 E MdnsResponseDecoder: 	at agwy.run(Unknown Source:6)
12-21 13:01:01.256  2899  5890 E MdnsResponseDecoder: 	at java.lang.Thread.run(Thread.java:764)
12-21 13:01:01.256  2899  5890 W MdnsClient: Error while decoding multicast packet (9751057): 10
12-21 13:01:02.452   696   713 E Netd    : getNetworkForDns: getNetId from enterpriseCtrl is netid 0
12-21 13:01:02.958  5183  5183 W chromium: [WARNING:render_widget_host_view_android.cc(708)] SBRTOUCHLOG  OnTouchEvent, Action::DOWN
12-21 13:01:02.958  5183  5183 W chromium: [WARNING:input_router_impl.cc(432)] SBRTOUCHLOG FilterAndSendWebInputEvent, kTouchStart
12-21 13:01:02.961  6006  6038 W chromium: [WARNING:input_handler_proxy.cc(1021)] SBRTOUCHLOG : TouchStart
12-21 13:01:03.018  6006  6038 W chromium: [WARNING:input_handler_proxy.cc(1021)] SBRTOUCHLOG : TouchStart
12-21 13:01:03.083  6006  6038 W chromium: [WARNING:input_handler_proxy.cc(770)] SBRTOUCHLOG  HandleGestureScrollBegin  result = 0
12-21 13:01:03.304  2899  5890 E MdnsResponseDecoder: Failed to read TXT record from mDNS response.
12-21 13:01:03.304  2899  5890 E MdnsResponseDecoder: java.io.IOException: attempt to set limit beyond available data: 2096 exceeds 2048
12-21 13:01:03.304  2899  5890 E MdnsResponseDecoder: 	at agwb.<init>(:com.google.android.gms@17785037@17.7.85 (100400-253824076):8)
12-21 13:01:03.304  2899  5890 E MdnsResponseDecoder: 	at agxf.<init>(Unknown Source:2)
12-21 13:01:03.304  2899  5890 E MdnsResponseDecoder: 	at agwd.a(:com.google.android.gms@17785037@17.7.85 (100400-253824076):19)
12-21 13:01:03.304  2899  5890 E MdnsResponseDecoder: 	at agww.a(:com.google.android.gms@17785037@17.7.85 (100400-253824076):105)
12-21 13:01:03.304  2899  5890 E MdnsResponseDecoder: 	at agwy.run(Unknown Source:6)
12-21 13:01:03.304  2899  5890 E MdnsResponseDecoder: 	at java.lang.Thread.run(Thread.java:764)
12-21 13:01:03.304  2899  5890 W MdnsClient: Error while decoding multicast packet (9751332): 10
12-21 13:01:03.324   696   713 E Netd    : getNetworkForDns: getNetId from enterpriseCtrl is netid 0
12-21 13:01:04.747   696   720 E IptablesRestoreController: [iptables debug]iptables-restore execute *filter
12-21 13:01:04.747   696   720 E IptablesRestoreController: -nvx -L limit
12-21 13:01:04.747   696   720 E IptablesRestoreController: COMMIT
12-21 13:01:04.749   696   720 E IptablesRestoreController: [iptables debug]iptables-restore execute done *filter
12-21 13:01:04.749   696   720 E IptablesRestoreController: -nvx -L limit
12-21 13:01:04.749   696   720 E IptablesRestoreController: COMMIT
12-21 13:01:04.749   696   720 E IptablesRestoreController: , res : 0
12-21 13:01:04.750   696   720 E IptablesRestoreController: [iptables debug]iptables-restore execute *filter
12-21 13:01:04.750   696   720 E IptablesRestoreController: -nvx -L limit
12-21 13:01:04.750   696   720 E IptablesRestoreController: COMMIT
12-21 13:01:04.752   696   720 E IptablesRestoreController: [iptables debug]iptables-restore execute done *filter
12-21 13:01:04.752   696   720 E IptablesRestoreController: -nvx -L limit
12-21 13:01:04.752   696   720 E IptablesRestoreController: COMMIT
12-21 13:01:04.752   696   720 E IptablesRestoreController: , res : 0
12-21 13:01:04.755   696   720 E IptablesRestoreController: [iptables debug]iptables-restore execute *filter
12-21 13:01:04.755   696   720 E IptablesRestoreController: -D limit -m owner --uid-owner 10039 -m state --state ESTABLISHED -p all -m hashlimit --hashlimit-name BRADYBOUND --hashlimit-above 460kb/s -j DROP
12-21 13:01:04.755   696   720 E IptablesRestoreController: COMMIT
12-21 13:01:04.762   696   720 E IptablesRestoreController: [iptables debug]iptables-restore execute done *filter
12-21 13:01:04.762   696   720 E IptablesRestoreController: -D limit -m owner --uid-owner 10039 -m state --state ESTABLISHED -p all -m hashlimit --hashlimit-name BRADYBOUND --hashlimit-above 460kb/s -j DROP
12-21 13:01:04.762   696   720 E IptablesRestoreController: COMMIT
12-21 13:01:04.762   696   720 E IptablesRestoreController: , res : 0
12-21 13:01:05.258  5183  5183 W chromium: [WARNING:render_widget_host_view_android.cc(708)] SBRTOUCHLOG  OnTouchEvent, Action::DOWN
12-21 13:01:05.259  5183  5183 W chromium: [WARNING:input_router_impl.cc(432)] SBRTOUCHLOG FilterAndSendWebInputEvent, kTouchStart
12-21 13:01:05.260  6006  6038 W chromium: [WARNING:input_handler_proxy.cc(1021)] SBRTOUCHLOG : TouchStart
12-21 13:01:05.289  6006  6038 W chromium: [WARNING:input_handler_proxy.cc(1021)] SBRTOUCHLOG : TouchStart
12-21 13:01:05.337  6006  6038 W chromium: [WARNING:input_handler_proxy.cc(770)] SBRTOUCHLOG  HandleGestureScrollBegin  result = 0
12-21 13:01:06.383  5183  5183 W chromium: [WARNING:render_widget_host_view_android.cc(708)] SBRTOUCHLOG  OnTouchEvent, Action::DOWN
12-21 13:01:06.383  5183  5183 W chromium: [WARNING:input_router_impl.cc(432)] SBRTOUCHLOG FilterAndSendWebInputEvent, kTouchStart
12-21 13:01:06.384  6006  6038 W chromium: [WARNING:input_handler_proxy.cc(1021)] SBRTOUCHLOG : TouchStart
12-21 13:01:06.424  6006  6038 W chromium: [WARNING:input_handler_proxy.cc(1021)] SBRTOUCHLOG : TouchStart
12-21 13:01:06.459  6006  6038 W chromium: [WARNING:input_handler_proxy.cc(770)] SBRTOUCHLOG  HandleGestureScrollBegin  result = 0
12-21 13:01:06.691   775   817 E ANDR-PERF-MPCTL: Invalid profile no. 0, total profiles 0 only
12-21 13:01:07.385  2899  5890 E MdnsResponseDecoder: Failed to read TXT record from mDNS response.
12-21 13:01:07.385  2899  5890 E MdnsResponseDecoder: java.io.IOException: attempt to set limit beyond available data: 2096 exceeds 2048
12-21 13:01:07.385  2899  5890 E MdnsResponseDecoder: 	at agwb.<init>(:com.google.android.gms@17785037@17.7.85 (100400-253824076):8)
12-21 13:01:07.385  2899  5890 E MdnsResponseDecoder: 	at agxf.<init>(Unknown Source:2)
12-21 13:01:07.385  2899  5890 E MdnsResponseDecoder: 	at agwd.a(:com.google.android.gms@17785037@17.7.85 (100400-253824076):19)
12-21 13:01:07.385  2899  5890 E MdnsResponseDecoder: 	at agww.a(:com.google.android.gms@17785037@17.7.85 (100400-253824076):105)
12-21 13:01:07.385  2899  5890 E MdnsResponseDecoder: 	at agwy.run(Unknown Source:6)
12-21 13:01:07.385  2899  5890 E MdnsResponseDecoder: 	at java.lang.Thread.run(Thread.java:764)
12-21 13:01:07.386  2899  5890 W MdnsClient: Error while decoding multicast packet (9751704): 10
12-21 13:01:07.442  5183  5183 W chromium: [WARNING:render_widget_host_view_android.cc(708)] SBRTOUCHLOG  OnTouchEvent, Action::DOWN
12-21 13:01:07.442  5183  5183 W chromium: [WARNING:input_router_impl.cc(432)] SBRTOUCHLOG FilterAndSendWebInputEvent, kTouchStart
12-21 13:01:07.443  6006  6038 W chromium: [WARNING:input_handler_proxy.cc(1021)] SBRTOUCHLOG : TouchStart
12-21 13:01:07.475  6006  6038 W chromium: [WARNING:input_handler_proxy.cc(1021)] SBRTOUCHLOG : TouchStart
12-21 13:01:07.544  6006  6038 W chromium: [WARNING:input_handler_proxy.cc(770)] SBRTOUCHLOG  HandleGestureScrollBegin  result = 0
12-21 13:01:08.260  5183  5183 W chromium: [WARNING:render_widget_host_view_android.cc(708)] SBRTOUCHLOG  OnTouchEvent, Action::DOWN
12-21 13:01:08.261  5183  5183 W chromium: [WARNING:input_router_impl.cc(432)] SBRTOUCHLOG FilterAndSendWebInputEvent, kTouchStart
12-21 13:01:08.263  6006  6038 W chromium: [WARNING:input_handler_proxy.cc(1021)] SBRTOUCHLOG : TouchStart
12-21 13:01:08.278  6006  6038 W chromium: [WARNING:input_handler_proxy.cc(1021)] SBRTOUCHLOG : TouchStart
12-21 13:01:08.328  6006  6038 W chromium: [WARNING:input_handler_proxy.cc(770)] SBRTOUCHLOG  HandleGestureScrollBegin  result = 0
12-21 13:01:08.410  2899  5890 E MdnsResponseDecoder: Failed to read TXT record from mDNS response.
12-21 13:01:08.410  2899  5890 E MdnsResponseDecoder: java.io.IOException: attempt to set limit beyond available data: 2108 exceeds 2048
12-21 13:01:08.410  2899  5890 E MdnsResponseDecoder: 	at agwb.<init>(:com.google.android.gms@17785037@17.7.85 (100400-253824076):8)
12-21 13:01:08.410  2899  5890 E MdnsResponseDecoder: 	at agxf.<init>(Unknown Source:2)
12-21 13:01:08.410  2899  5890 E MdnsResponseDecoder: 	at agwd.a(:com.google.android.gms@17785037@17.7.85 (100400-253824076):19)
12-21 13:01:08.410  2899  5890 E MdnsResponseDecoder: 	at agww.a(:com.google.android.gms@17785037@17.7.85 (100400-253824076):105)
12-21 13:01:08.410  2899  5890 E MdnsResponseDecoder: 	at agwy.run(Unknown Source:6)
12-21 13:01:08.410  2899  5890 E MdnsResponseDecoder: 	at java.lang.Thread.run(Thread.java:764)
12-21 13:01:08.410  2899  5890 W MdnsClient: Error while decoding multicast packet (9751761): 10
12-21 13:01:08.470   775   817 E ANDR-PERF-MPCTL: Invalid profile no. 0, total profiles 0 only
12-21 13:01:08.643 29214  7097 W Notification: Use of stream types is deprecated for operations other than volume control
12-21 13:01:08.643 29214  7097 W Notification: See the documentation of setSound() for what to use instead with android.media.AudioAttributes to qualify your playback use case
12-21 13:01:09.437  2899  5890 E MdnsResponseDecoder: Failed to read TXT record from mDNS response.
12-21 13:01:09.437  2899  5890 E MdnsResponseDecoder: java.io.IOException: attempt to set limit beyond available data: 2108 exceeds 2048
12-21 13:01:09.437  2899  5890 E MdnsResponseDecoder: 	at agwb.<init>(:com.google.android.gms@17785037@17.7.85 (100400-253824076):8)
12-21 13:01:09.437  2899  5890 E MdnsResponseDecoder: 	at agxf.<init>(Unknown Source:2)
12-21 13:01:09.437  2899  5890 E MdnsResponseDecoder: 	at agwd.a(:com.google.android.gms@17785037@17.7.85 (100400-253824076):19)
12-21 13:01:09.437  2899  5890 E MdnsResponseDecoder: 	at agww.a(:com.google.android.gms@17785037@17.7.85 (100400-253824076):105)
12-21 13:01:09.437  2899  5890 E MdnsResponseDecoder: 	at agwy.run(Unknown Source:6)
12-21 13:01:09.437  2899  5890 E MdnsResponseDecoder: 	at java.lang.Thread.run(Thread.java:764)
12-21 13:01:09.438  2899  5890 W MdnsClient: Error while decoding multicast packet (9751896): 10
12-21 13:01:09.763  5183  5183 W chromium: [WARNING:render_widget_host_view_android.cc(708)] SBRTOUCHLOG  OnTouchEvent, Action::DOWN
12-21 13:01:09.764  5183  5183 W chromium: [WARNING:input_router_impl.cc(432)] SBRTOUCHLOG FilterAndSendWebInputEvent, kTouchStart
12-21 13:01:09.767  6006  6038 W chromium: [WARNING:input_handler_proxy.cc(1021)] SBRTOUCHLOG : TouchStart
12-21 13:01:09.781  6006  6038 W chromium: [WARNING:input_handler_proxy.cc(1021)] SBRTOUCHLOG : TouchStart
12-21 13:01:09.819  6006  6038 W chromium: [WARNING:input_handler_proxy.cc(770)] SBRTOUCHLOG  HandleGestureScrollBegin  result = 0
12-21 13:01:10.087   775   817 E ANDR-PERF-MPCTL: Invalid profile no. 0, total profiles 0 only
12-21 13:01:11.064  5183  5183 W chromium: [WARNING:render_widget_host_view_android.cc(708)] SBRTOUCHLOG  OnTouchEvent, Action::DOWN
12-21 13:01:11.064  5183  5183 W chromium: [WARNING:input_router_impl.cc(432)] SBRTOUCHLOG FilterAndSendWebInputEvent, kTouchStart
12-21 13:01:11.065  6006  6038 W chromium: [WARNING:input_handler_proxy.cc(1021)] SBRTOUCHLOG : TouchStart
12-21 13:01:11.084  6006  6038 W chromium: [WARNING:input_handler_proxy.cc(1021)] SBRTOUCHLOG : TouchStart
12-21 13:01:11.152  6006  6038 W chromium: [WARNING:input_handler_proxy.cc(770)] SBRTOUCHLOG  HandleGestureScrollBegin  result = 0
12-21 13:01:11.479  2899  5890 E MdnsResponseDecoder: Failed to read TXT record from mDNS response.
12-21 13:01:11.479  2899  5890 E MdnsResponseDecoder: java.io.IOException: attempt to set limit beyond available data: 2108 exceeds 2048
12-21 13:01:11.479  2899  5890 E MdnsResponseDecoder: 	at agwb.<init>(:com.google.android.gms@17785037@17.7.85 (100400-253824076):8)
12-21 13:01:11.479  2899  5890 E MdnsResponseDecoder: 	at agxf.<init>(Unknown Source:2)
12-21 13:01:11.479  2899  5890 E MdnsResponseDecoder: 	at agwd.a(:com.google.android.gms@17785037@17.7.85 (100400-253824076):19)
12-21 13:01:11.479  2899  5890 E MdnsResponseDecoder: 	at agww.a(:com.google.android.gms@17785037@17.7.85 (100400-253824076):105)
