12-21 13:14:51.325  1355  1582 W libprocessgroup: kill(-7422, 9) failed: No such process
12-21 13:14:51.330  1355  1582 W libprocessgroup: kill(-7422, 9) failed: No such process
12-21 13:14:51.335  1355  1582 W libprocessgroup: kill(-7422, 9) failed: No such process
12-21 13:14:51.336  3257 19704 W id.app.launche: resources.arsc in APK '/data/app/com.tencent.wework-QthJm7FEg_Kdu-_XXhDctQ==/base.apk' is compressed.
12-21 13:14:51.341  1355  1582 W libprocessgroup: kill(-7422, 9) failed: No such process
12-21 13:14:51.346  1355  1582 W libprocessgroup: kill(-7422, 9) failed: No such process
12-21 13:14:51.357  1355  1582 W libprocessgroup: kill(-7422, 9) failed: No such process
12-21 13:14:51.362  1355  1582 W libprocessgroup: kill(-7422, 9) failed: No such process
12-21 13:14:51.367  1355  1582 W libprocessgroup: kill(-7422, 9) failed: No such process
12-21 13:14:51.373  1355  1582 W libprocessgroup: kill(-7422, 9) failed: No such process
12-21 13:14:51.421  1355  1582 W libprocessgroup: kill(-7422, 9) failed: No such process
12-21 13:14:51.426  1355  1582 W libprocessgroup: kill(-7422, 9) failed: No such process
12-21 13:14:51.534  1355  1582 W libprocessgroup: kill(-7422, 9) failed: No such process
12-21 13:14:51.534  1355  1582 E libprocessgroup: Failed to kill process cgroup uid 10219 pid 7422 in 230ms, 1 processes remain
12-21 13:14:51.534  1355  1582 W libprocessgroup: Failed to open process cgroup uid 99212 pid 7847: No such file or directory
12-21 13:14:51.534  1355  1582 E libprocessgroup: Error encountered killing process cgroup uid 99212 pid 7847: No such file or directory
12-21 13:14:51.611   810  1345 W SurfaceFlinger: Attempting to destroy on removed layer: 1ccd416 ExRecentsWindow : TaskMenuWindow#0
12-21 13:14:51.613  1917  1917 E ViewRootImpl: sendUserActionEvent() returned.
12-21 13:14:54.443  9586  9586 E Zygote  : isWhitelistProcess - Process is Whitelisted
12-21 13:14:54.443  9586  9586 E Zygote  : accessInfo : 1
12-21 13:14:54.459  9586  9586 E droid.mateagen: Not starting debugger since process cannot load the jdwp agent.
12-21 13:14:54.614  9586  9586 W FMain|208515|PowerConnectReceiver: onReceive action = power_connected
12-21 13:14:54.614  9586  9586 W FMain|208515|PowerConnectReceiver: wireless charger
12-21 13:14:55.100   921   967 W USB     : [CSSVC	][Connsvc_USB_GetInfo:1308	] Usb Device Speed is 0
12-21 13:14:55.101   921   967 W USB     : [CSSVC	][Connsvc_USB_GetInfo:1312	] Usb Device MaxPacketSize is 512
12-21 13:14:55.101   921   967 W USB     : [CSSVC	][Connsvc_USB_GetInfo:1316	] Usb Device MaxPacketSize is 512
12-21 13:14:55.101   921   967 E USB     : [CSSVC	][Connsvc_USB_GetValueFromGadgetAttribute:1367	] read attribute /iSerial failed
12-21 13:14:55.101   921   967 E USB     : [CSSVC	][Connsvc_USB_iSerialNumber:3046	] Connsvc_USB_GetValueFromGadgetAttribute(iSerial) failed -12
12-21 13:14:55.101   921   967 W USB     : [CSSVC	][Connsvc_USB_GetInfo:1320	] Usb Device iSerialNumber is      
12-21 13:14:55.151   921   971 E USB     : [CSSVC	][Connsvc_USB_ExchangeConfigurationReqHandler:6155	] final usbbuffersize 4095
12-21 13:14:55.151   921   971 E USB     : [CSSVC	][Connsvc_USB_ExchangeConfigurationReqHandler:6156	] final socketbuffersize 4095
12-21 13:14:55.365   696   713 E Netd    : getNetworkForDns: getNetId from enterpriseCtrl is netid 0
12-21 13:14:56.621  9586  9586 W FMain|208515|BatteryUtil: MAX_WAITING_TIME is reached
12-21 13:14:56.621  9586  9586 W FMain|208515|PowerConnectReceiver: isWirelessChargingPollingStatus is false
12-21 13:14:56.660  9617  9617 E Zygote  : isWhitelistProcess - Process is Whitelisted
12-21 13:14:56.661  9617  9617 E Zygote  : accessInfo : 1
12-21 13:14:56.696  9617  9617 E .MtpApplicatio: Not starting debugger since process cannot load the jdwp agent.
12-21 13:14:56.808  9617  9617 E MTPJNIInterface: Getting CryptionKey from JAVA
12-21 13:14:56.825  9617  9617 E MTPRx   : Phone is locked for first connection. sec_charging : false
12-21 13:14:56.826  9617  9617 E MTPJNIInterface: noti = 12
12-21 13:14:56.833  9617  9617 E MTPJNIInterface: noti = 17
12-21 13:14:56.840  9617  9617 W MTPRx   : calling native method
12-21 13:14:56.840  9617  9617 E MTPJNIInterface: < MTP > Registering BroadCast receiver :::::::
12-21 13:14:56.857  9617  9617 E MTPJNIInterface: noti = 110
12-21 13:14:56.857  9617  9617 E MtpService: onCreate.
12-21 13:14:56.858  9617  9617 E MtpService: Calling registerBroadCastuserPresentRec() 
12-21 13:14:56.858  9617  9617 E MtpService: < MTP > Registering BroadCast receiver for USER Present:::::
12-21 13:14:56.859  9617  9617 E MtpService: < MTP > Registering BroadCast registerBroadCastPolicyRec :::::
12-21 13:14:56.860  9617  9617 E MtpService: < MTP > Registering BroadCast registerBroadCastEmergencyRec :::::
12-21 13:14:56.866  9617  9617 E MtpService: onStartCommand.
12-21 13:14:56.867  9617  9635 E MtpService: handleMessage. msg= { when=0 what=0 arg1=1 obj=Intent { cmp=com.samsung.android.MtpApplication/.MtpService } target=com.samsung.android.MtpApplication.MtpService$ServiceHandler }
12-21 13:14:56.867  9617  9617 E MtpService: onStartCommand.
12-21 13:14:56.867  9617  9617 W MTPRx   : calling native method
12-21 13:14:56.867  9617  9617 W MTPRx   : Checking the driver time out
12-21 13:14:56.867  9617  9617 E MTPJNIInterface: noti = 102
12-21 13:14:56.868  9617  9617 W MTPRx   : called native method
12-21 13:14:56.868  9617  9617 E MTPJNIInterface: setting Media scanner status0
12-21 13:14:56.868  9617  9617 E MTPJNIInterface: After setting Media scanner status0
12-21 13:14:56.868  9617  9617 W MTPRx   : notification from stack 1
12-21 13:14:56.868  9617  9638 E libmtp  : [check_media_scanner_status : 0523] -->Unable to get Object Class and clearing cls 2 [check_media_scanner_status 523]
12-21 13:14:56.868  9617  9638 E MTPJNIInterface: Getting media scanner status0
12-21 13:14:56.869  9617  9638 E MTPJNIInterface: DeviceName is Null in System
12-21 13:14:56.870  9617  9638 E MTPJNIInterface: DeviceName is Galaxy S10+
12-21 13:14:56.875  9617  9635 E MtpService: handleMessage. msg= { when=-8ms what=0 arg1=2 obj=Intent { cmp=com.samsung.android.MtpApplication/.MtpService } target=com.samsung.android.MtpApplication.MtpService$ServiceHandler }
12-21 13:14:56.877  9617  9638 E SQLiteLog: (21) API call with NULL database connection pointer
12-21 13:14:56.877  9617  9638 E SQLiteLog: (21) misuse at line 121749 of [c255889bd9]
12-21 13:14:56.877  9617  9638 E SQLiteLog: (21) API call with NULL database connection pointer
12-21 13:14:56.877  9617  9638 E SQLiteLog: (21) misuse at line 121749 of [c255889bd9]
12-21 13:14:56.878  9617  9638 E SQLiteLog: (21) API call with NULL database connection pointer
12-21 13:14:56.878  9617  9638 E SQLiteLog: (21) misuse at line 121749 of [c255889bd9]
12-21 13:14:56.878  9617  9638 E SQLiteLog: (21) API call with NULL database connection pointer
12-21 13:14:56.878  9617  9638 E SQLiteLog: (21) misuse at line 121749 of [c255889bd9]
12-21 13:14:56.879  9617  9644 E libmtp  : [mtp_init_device : 0726] -->[mtp_init_device 726]  After open the MTP fd = 77 and line = 726...
12-21 13:14:56.879  9617  9617 W MTPRx   : notification from stack 2
12-21 13:14:56.879  9617  9644 E libmtp  : [sua_support_present : 1319] --> [sua_support_present:1319] returning false 
12-21 13:14:56.879  9617  9617 W MTPRx   : notification from stack 3
12-21 13:14:56.884  9639  9639 E Zygote  : isWhitelistProcess - Process is Whitelisted
12-21 13:14:56.885  9639  9639 E Zygote  : accessInfo : 1
12-21 13:14:56.907  9639  9639 E ettingsReceive: Not starting debugger since process cannot load the jdwp agent.
12-21 13:14:57.033  1355  1582 W libprocessgroup: kill(-7840, 9) failed: No such process
12-21 13:14:57.055  1355  1582 W libprocessgroup: kill(-7840, 9) failed: No such process
12-21 13:14:57.057  9660  9660 E Zygote  : isWhitelistProcess - Process is Whitelisted
12-21 13:14:57.060  9660  9660 E Zygote  : accessInfo : 1
12-21 13:14:57.063  1355  1582 W libprocessgroup: kill(-7840, 9) failed: No such process
12-21 13:14:57.081  9660  9660 W oid.app.dexonp: Using default instruction set features for ARM CPU variant (cortex-a9) using conservative defaults
12-21 13:14:57.087  9660  9660 E oid.app.dexonp: Not starting debugger since process cannot load the jdwp agent.
12-21 13:14:57.231   810  1345 W SurfaceFlinger: Attempting to destroy on removed layer: aa1dfe4 com.android.systemui#0
12-21 13:14:57.285  1355  1582 W libprocessgroup: kill(-7964, 9) failed: No such process
12-21 13:14:57.312  1355  1582 W libprocessgroup: kill(-7964, 9) failed: No such process
12-21 13:14:57.317  1355  1582 W libprocessgroup: kill(-7964, 9) failed: No such process
12-21 13:14:57.626  1355  1948 W SEP_UNION_FrsSvc_SEP_UNION_FrsSvc: /data/system/friends/fontPackageList.dat (No such file or directory)
12-21 13:14:57.629  1355  1948 W SEP_UNION_FrsSvc_SEP_UNION_FrsSvc: /data/system/friends/ringtoneRestoreUri.dat (No such file or directory)
12-21 13:14:57.632  1355  1948 W SEP_UNION_FrsSvc_SEP_UNION_FrsSvc: /data/system/friends/defaultToneRestoreUri.dat (No such file or directory)
12-21 13:14:57.634  1355  1948 W SEP_UNION_FrsSvc_SEP_UNION_FrsSvc: /data/system/friends/ringtoneRestoreSound.dat (No such file or directory)
12-21 13:14:57.637  1355  1948 W SEP_UNION_FrsSvc_SEP_UNION_FrsSvc: /data/system/friends/validationThemePkgList (No such file or directory)
12-21 13:14:58.935  2629  2629 E pageboostd: Received HALT command code 2
12-21 13:14:59.018  6052  9708 E 1_0_0.25_MPSD_UMD_CUPA_MODEL: We don't have enough data for training in this session 5
12-21 13:14:59.038 28434 28434 E Instrumentation: Uninitialized ActivityThread, likely app-created Instrumentation, disabling AppComponentFactory
12-21 13:14:59.038 28434 28434 E Instrumentation: java.lang.Throwable
12-21 13:14:59.038 28434 28434 E Instrumentation: 	at android.app.Instrumentation.getFactory(Instrumentation.java:1224)
12-21 13:14:59.038 28434 28434 E Instrumentation: 	at android.app.Instrumentation.newActivity(Instrumentation.java:1215)
12-21 13:14:59.038 28434 28434 E Instrumentation: 	at com.tencent.mm.splash.k.newActivity(SourceFile:58)
12-21 13:14:59.038 28434 28434 E Instrumentation: 	at android.app.ActivityThread.performLaunchActivity(ActivityThread.java:3007)
12-21 13:14:59.038 28434 28434 E Instrumentation: 	at android.app.ActivityThread.handleLaunchActivity(ActivityThread.java:3256)
12-21 13:14:59.038 28434 28434 E Instrumentation: 	at android.app.servertransaction.LaunchActivityItem.execute(LaunchActivityItem.java:78)
12-21 13:14:59.038 28434 28434 E Instrumentation: 	at android.app.servertransaction.TransactionExecutor.executeCallbacks(TransactionExecutor.java:108)
12-21 13:14:59.038 28434 28434 E Instrumentation: 	at android.app.servertransaction.TransactionExecutor.execute(TransactionExecutor.java:68)
12-21 13:14:59.038 28434 28434 E Instrumentation: 	at android.app.ActivityThread$H.handleMessage(ActivityThread.java:1947)
12-21 13:14:59.038 28434 28434 E Instrumentation: 	at android.os.Handler.dispatchMessage(Handler.java:106)
12-21 13:14:59.038 28434 28434 E Instrumentation: 	at android.os.Looper.loop(Looper.java:214)
12-21 13:14:59.038 28434 28434 E Instrumentation: 	at android.app.ActivityThread.main(ActivityThread.java:7037)
12-21 13:14:59.038 28434 28434 E Instrumentation: 	at java.lang.reflect.Method.invoke(Native Method)
12-21 13:14:59.038 28434 28434 E Instrumentation: 	at com.android.internal.os.RuntimeInit$MethodAndArgsCaller.run(RuntimeInit.java:494)
12-21 13:14:59.038 28434 28434 E Instrumentation: 	at com.android.internal.os.ZygoteInit.main(ZygoteInit.java:965)
12-21 13:14:59.200  9718  9718 E Zygote  : isWhitelistProcess - Process is Whitelisted
12-21 13:14:59.200  9718  9718 E Zygote  : accessInfo : 1
12-21 13:14:59.214  9718  9718 W nt.mm:appbrand: Using default instruction set features for ARM CPU variant (cortex-a9) using conservative defaults
12-21 13:14:59.216  9718  9718 E nt.mm:appbrand: Not starting debugger since process cannot load the jdwp agent.
12-21 13:14:59.255  2629  2629 E pageboostd: Received HALT command code 2
12-21 13:14:59.268  9718  9718 W nt.mm:appbrand: JIT profile information will not be recorded: profile file does not exits.
12-21 13:14:59.499  9718  9718 W System  : ClassLoader referenced unknown path: 
12-21 13:14:59.499  9718  9718 W nt.mm:appbrand: Unsupported class loader
12-21 13:14:59.501  9718  9718 W nt.mm:appbrand: Skipping duplicate class check due to unsupported classloader
12-21 13:14:59.513  9718  9718 W nt.mm:appbrand: Opening an oat file without a class loader. Are you using the deprecated DexFile APIs?
12-21 13:14:59.515  9718  9718 W nt.mm:appbrand: Skipping duplicate class check due to unsupported classloader
12-21 13:14:59.651  9718  9718 W CrashMonitor: JNI_OnLoad
12-21 13:14:59.860   676   676 E audit   : type=1400 audit(1576905299.845:35630): avc:  denied  { read } for  pid=9718 comm="parallels-1" name="u:object_r:qemu_hw_mainkeys_prop:s0" dev="tmpfs" ino=16241 scontext=u:r:untrusted_app:s0:c173,c256,c512,c768 tcontext=u:object_r:qemu_hw_mainkeys_prop:s0 tclass=file permissive=0 SEPF_SM-G9750_9_0011 audit_filtered
12-21 13:14:59.860  9718  9749 E libc    : Access denied finding property "qemu.hw.mainkeys"
12-21 13:14:59.860   676   676 E audit   : type=1300 audit(1576905299.845:35630): arch=40000028 syscall=322 per=8 success=no exit=-13 a0=ffffff9c a1=c3dc09e0 a2=a8000 a3=0 items=0 ppid=698 pid=9718 auid=4294967295 uid=10173 gid=10173 euid=10173 suid=10173 fsuid=10173 egid=10173 sgid=10173 fsgid=10173 tty=(none) ses=4294967295 comm="parallels-1" exe="/system/bin/app_process32" subj=u:r:untrusted_app:s0:c173,c256,c512,c768 key=(null)
12-21 13:14:59.860   676   676 E audit   : type=1327 audit(1576905299.845:35630): proctitle="com.tencent.mm:appbrand2"
12-21 13:15:00.022  9718  9749 W nt.mm:appbrand: Accessing hidden method Ldalvik/system/CloseGuard;->getReporter()Ldalvik/system/CloseGuard$Reporter; (dark greylist, reflection)
12-21 13:15:00.281  1355  1355 W InputMethodManagerService: DexOnPCStateChangeObserver :  onChange(), keyboardState - 0 state 1
12-21 13:15:00.305  9798  9798 E Zygote  : isWhitelistProcess - Process is Whitelisted
12-21 13:15:00.306  9798  9798 E Zygote  : accessInfo : 1
12-21 13:15:00.320  9798  9798 W encent.mm:tool: Using default instruction set features for ARM CPU variant (cortex-a9) using conservative defaults
12-21 13:15:00.321  9803  9803 E Zygote  : isWhitelistProcess - Process is Whitelisted
12-21 13:15:00.322  9803  9803 E Zygote  : accessInfo : 1
12-21 13:15:00.326  9798  9798 E encent.mm:tool: Not starting debugger since process cannot load the jdwp agent.
12-21 13:15:00.335  9803  9803 W nt.mm:appbrand: Using default instruction set features for ARM CPU variant (cortex-a9) using conservative defaults
12-21 13:15:00.336  9803  9803 E nt.mm:appbrand: Not starting debugger since process cannot load the jdwp agent.
12-21 13:15:00.359  9798  9798 W encent.mm:tool: JIT profile information will not be recorded: profile file does not exits.
12-21 13:15:00.366   626   626 W keymaster_tee: [WRN]start nwd_get_key_characteristics
12-21 13:15:00.371   626   626 W keymaster_tee: [WRN]ret OK PARAMS: A32 P0 P1 B2 P64 AR1 S128 2019.10.11,14:54:41.031 
12-21 13:15:00.372  9660  9660 W System.err: java.lang.NullPointerException: Attempt to invoke virtual method 'android.content.SharedPreferences android.content.Context.getSharedPreferences(java.lang.String, int)' on a null object reference
12-21 13:15:00.372  9660  9660 W System.err: 	at com.sec.android.app.dexonpc.utils.Preferences.getString(Preferences.java:92)
12-21 13:15:00.372  9660  9660 W System.err: 	at com.sec.android.app.dexonpc.lib.model.CryptoppManager.getCipher(CryptoppManager.java:515)
12-21 13:15:00.372  9660  9660 W System.err: 	at com.sec.android.app.dexonpc.lib.model.CryptoppManager.decodeAllowedList(CryptoppManager.java:549)
12-21 13:15:00.372  9660  9660 W System.err: 	at com.sec.android.app.dexonpc.lib.model.CryptoppManager._convertJsonString2AllowedAuthList(CryptoppManager.java:697)
12-21 13:15:00.372  9660  9660 W System.err: 	at com.sec.android.app.dexonpc.lib.model.CryptoppManager.getAllowedAuthList(CryptoppManager.java:596)
12-21 13:15:00.372  9660  9660 W System.err: 	at com.sec.android.app.dexonpc.lib.model.CryptoppManager.removeAllAllowedAuth(CryptoppManager.java:615)
12-21 13:15:00.372  9660  9660 W System.err: 	at com.sec.android.app.dexonpc.service.DOPService.onCreate(DOPService.java:673)
12-21 13:15:00.372  9660  9660 W System.err: 	at android.app.ActivityThread.handleCreateService(ActivityThread.java:3755)
12-21 13:15:00.372  9660  9660 W System.err: 	at android.app.ActivityThread.access$1400(ActivityThread.java:236)
12-21 13:15:00.372  9660  9660 W System.err: 	at android.app.ActivityThread$H.handleMessage(ActivityThread.java:1800)
12-21 13:15:00.372  9660  9660 W System.err: 	at android.os.Handler.dispatchMessage(Handler.java:106)
12-21 13:15:00.372  9660  9660 W System.err: 	at android.os.Looper.loop(Looper.java:214)
12-21 13:15:00.372  9660  9660 W System.err: 	at android.app.ActivityThread.main(ActivityThread.java:7037)
12-21 13:15:00.372  9660  9660 W System.err: 	at java.lang.reflect.Method.invoke(Native Method)
12-21 13:15:00.372  9660  9660 W System.err: 	at com.android.internal.os.RuntimeInit$MethodAndArgsCaller.run(RuntimeInit.java:494)
12-21 13:15:00.372  9660  9660 W System.err: 	at com.android.internal.os.ZygoteInit.main(ZygoteInit.java:965)
12-21 13:15:00.373  9660  9660 W System.err: java.lang.IllegalStateException: Cipher not initialized
12-21 13:15:00.374  9660  9660 W System.err: 	at javax.crypto.Cipher.checkCipherState(Cipher.java:1640)
12-21 13:15:00.374  9660  9660 W System.err: 	at javax.crypto.Cipher.doFinal(Cipher.java:2047)
12-21 13:15:00.374  9660  9660 W System.err: 	at com.sec.android.app.dexonpc.lib.model.CryptoppManager.decodeAllowedList(CryptoppManager.java:551)
12-21 13:15:00.374  9660  9660 W System.err: 	at com.sec.android.app.dexonpc.lib.model.CryptoppManager._convertJsonString2AllowedAuthList(CryptoppManager.java:697)
12-21 13:15:00.374  9660  9660 W System.err: 	at com.sec.android.app.dexonpc.lib.model.CryptoppManager.getAllowedAuthList(CryptoppManager.java:596)
12-21 13:15:00.374  9660  9660 W System.err: 	at com.sec.android.app.dexonpc.lib.model.CryptoppManager.removeAllAllowedAuth(CryptoppManager.java:615)
12-21 13:15:00.374  9660  9660 W System.err: 	at com.sec.android.app.dexonpc.service.DOPService.onCreate(DOPService.java:673)
12-21 13:15:00.374  9660  9660 W System.err: 	at android.app.ActivityThread.handleCreateService(ActivityThread.java:3755)
12-21 13:15:00.374  9660  9660 W System.err: 	at android.app.ActivityThread.access$1400(ActivityThread.java:236)
12-21 13:15:00.374  9660  9660 W System.err: 	at android.app.ActivityThread$H.handleMessage(ActivityThread.java:1800)
12-21 13:15:00.374  9660  9660 W System.err: 	at android.os.Handler.dispatchMessage(Handler.java:106)
12-21 13:15:00.374  9660  9660 W System.err: 	at android.os.Looper.loop(Looper.java:214)
12-21 13:15:00.374  9660  9660 W System.err: 	at android.app.ActivityThread.main(ActivityThread.java:7037)
12-21 13:15:00.374  9660  9660 W System.err: 	at java.lang.reflect.Method.invoke(Native Method)
12-21 13:15:00.374  9660  9660 W System.err: 	at com.android.internal.os.RuntimeInit$MethodAndArgsCaller.run(RuntimeInit.java:494)
12-21 13:15:00.374  9660  9660 W System.err: 	at com.android.internal.os.ZygoteInit.main(ZygoteInit.java:965)
12-21 13:15:00.380  9803  9803 W nt.mm:appbrand: JIT profile information will not be recorded: profile file does not exits.
12-21 13:15:00.436  9660  9660 W Notification: Use of stream types is deprecated for operations other than volume control
12-21 13:15:00.436  9660  9660 W Notification: See the documentation of setSound() for what to use instead with android.media.AudioAttributes to qualify your playback use case
12-21 13:15:00.454  9718  9718 W chromium: [1221/131500.454350:WARNING:library_prefetcher.cc(328)] Code not ordered, madvise optimization skipped
12-21 13:15:00.470  9718  9843 W cr_ChildProcLH: Create a new ChildConnectionAllocator with package name = com.google.android.webview, sandboxed = true
12-21 13:15:00.475 29601 29642 E cr_ChildProcessService: Service is already bound by pid 28434, cannot bind for pid 9718
12-21 13:15:00.477  9718  9843 E cr_SpareChildConn: Failed to warm up the spare sandbox service
12-21 13:15:00.479  9844  9844 E Zygote  : isWhitelistProcess - Process is Whitelisted
12-21 13:15:00.480  9844  9844 E Zygote  : accessInfo : 1
12-21 13:15:00.496  9844  9844 W webview_servic: Using default instruction set features for ARM CPU variant (cortex-a9) using conservative defaults
12-21 13:15:00.498  9844  9844 E webview_servic: Not starting debugger since process cannot load the jdwp agent.
12-21 13:15:00.552  1355  3527 W InputMethodManagerService: Window already focused, ignoring focus gain of: com.android.internal.view.IInputMethodClient$Stub$Proxy@ffd171d attribute=null, token = android.os.BinderProxy@c3991c2
12-21 13:15:00.553 28434 28434 E ViewRootImpl: sendUserActionEvent() returned.
12-21 13:15:00.574  1355  1582 W libprocessgroup: kill(-8145, 9) failed: No such process
12-21 13:15:00.581  1355  1582 W libprocessgroup: kill(-8145, 9) failed: No such process
12-21 13:15:00.586  1355  1582 W libprocessgroup: kill(-8145, 9) failed: No such process
12-21 13:15:00.592  1355  1582 W libprocessgroup: kill(-8145, 9) failed: No such process
12-21 13:15:00.595  9803  9803 W System  : ClassLoader referenced unknown path: 
12-21 13:15:00.595  9803  9803 W nt.mm:appbrand: Unsupported class loader
12-21 13:15:00.597  9803  9803 W nt.mm:appbrand: Skipping duplicate class check due to unsupported classloader
12-21 13:15:00.597  1355  1582 W libprocessgroup: kill(-8145, 9) failed: No such process
12-21 13:15:00.597  9798  9798 W System  : ClassLoader referenced unknown path: 
12-21 13:15:00.598  9798  9798 W encent.mm:tool: Unsupported class loader
12-21 13:15:00.600  9798  9798 W encent.mm:tool: Skipping duplicate class check due to unsupported classloader
12-21 13:15:00.604  1355  1582 W libprocessgroup: kill(-8145, 9) failed: No such process
12-21 13:15:00.609  9803  9803 W nt.mm:appbrand: Opening an oat file without a class loader. Are you using the deprecated DexFile APIs?
12-21 13:15:00.609  1355  1582 W libprocessgroup: kill(-8145, 9) failed: No such process
12-21 13:15:00.611  9803  9803 W nt.mm:appbrand: Skipping duplicate class check due to unsupported classloader
12-21 13:15:00.614  9798  9798 W encent.mm:tool: Opening an oat file without a class loader. Are you using the deprecated DexFile APIs?
12-21 13:15:00.616  1355  1582 W libprocessgroup: kill(-8145, 9) failed: No such process
12-21 13:15:00.616  9798  9798 W encent.mm:tool: Skipping duplicate class check due to unsupported classloader
12-21 13:15:00.622  1355  1582 W libprocessgroup: kill(-8145, 9) failed: No such process
12-21 13:15:00.627  1355  1582 W libprocessgroup: kill(-8145, 9) failed: No such process
12-21 13:15:00.634  1355  1582 W libprocessgroup: kill(-8145, 9) failed: No such process
12-21 13:15:00.762  9803  9803 W CrashMonitor: JNI_OnLoad
12-21 13:15:00.785  9798  9798 W CrashMonitor: JNI_OnLoad
12-21 13:15:00.786   810   878 W SurfaceFlinger: Attempting to set client state on removed layer: com.tencent.mm/com.tencent.mm.plugin.webwx.ui.ExtDeviceWXLoginUI[28434]#1 [s.what : 40]
12-21 13:15:00.786   810   878 W SurfaceFlinger: Attempting to destroy on removed layer: com.tencent.mm/com.tencent.mm.plugin.webwx.ui.ExtDeviceWXLoginUI[28434]#1
12-21 13:15:00.800   810   878 W SurfaceFlinger: Attempting to set client state on removed layer: Dim Layer for - Task=21105#0 [s.what : 10000]
12-21 13:15:00.801   810   878 W SurfaceFlinger: Attempting to destroy on removed layer: Dim Layer for - Task=21105#0
12-21 13:15:00.815 28434 28445 W System  : A resource failed to call close. 
12-21 13:15:00.847  9798  9930 W encent.mm:tool: Unsupported class loader
12-21 13:15:00.852  9798  9930 W encent.mm:tool: Skipping duplicate class check due to unsupported classloader
12-21 13:15:00.874  9798  9930 W encent.mm:tool: Unsupported class loader
12-21 13:15:00.878  9798  9930 W encent.mm:tool: Skipping duplicate class check due to unsupported classloader
12-21 13:15:00.880  9798  9930 W encent.mm:tool: Unsupported class loader
12-21 13:15:00.884   810  1345 W SurfaceFlinger: Attempting to set client state on removed layer: com.tencent.mm/com.tencent.mm.plugin.webwx.ui.ExtDeviceWXLoginUI[28434]#0 [s.what : 40]
12-21 13:15:00.884   810  1345 W SurfaceFlinger: Attempting to destroy on removed layer: com.tencent.mm/com.tencent.mm.plugin.webwx.ui.ExtDeviceWXLoginUI[28434]#0
12-21 13:15:00.887  9798  9930 W encent.mm:tool: Skipping duplicate class check due to unsupported classloader
12-21 13:15:00.936  9798  9930 E libc    : Access denied finding property "net.dns1"
12-21 13:15:00.948  9798  9943 W encent.mm:tool: resources.arsc in APK '/data/user/0/com.tencent.mm/app_tbs/core_share/res.apk' is compressed.
12-21 13:15:00.972  9798  9943 W encent.mm:tool: resources.arsc in APK '/data/user/0/com.tencent.mm/app_tbs/core_share/res.apk' is compressed.
12-21 13:15:00.982  9798  9930 E libc    : Access denied finding property "net.dns1"
12-21 13:15:00.999  9798  9930 E TBSResources: Note:TbsResorce is Reinited,current Thread is 9930
12-21 13:15:00.999  9798  9930 E TBSResources: java.lang.Throwable
12-21 13:15:00.999  9798  9930 E TBSResources: 	at com.tencent.tbs.common.resources.TBSResources.checkInit(TbsJavaCore:101)
12-21 13:15:00.999  9798  9930 E TBSResources: 	at com.tencent.tbs.common.resources.TBSResources.getResourceContext(TbsJavaCore:91)
12-21 13:15:00.999  9798  9930 E TBSResources: 	at com.tencent.tbs.tbsshell.TBSShellDelegate.initX5CoreImpl(TbsJavaCore:574)
12-21 13:15:00.999  9798  9930 E TBSResources: 	at com.tencent.tbs.tbsshell.WebCoreProxy.canUseX5(TbsJavaCore:133)
12-21 13:15:00.999  9798  9930 E TBSResources: 	at java.lang.reflect.Method.invoke(Native Method)
12-21 13:15:00.999  9798  9930 E TBSResources: 	at com.tencent.smtt.sdk.w.a(SourceFile:49)
12-21 13:15:00.999  9798  9930 E TBSResources: 	at com.tencent.smtt.sdk.v.a(SourceFile:112)
12-21 13:15:00.999  9798  9930 E TBSResources: 	at com.tencent.smtt.sdk.QbSdk$3.run(SourceFile:1884)
12-21 13:15:01.020  9798  9947 W TbsUgEngine: @downloadPlugin...
12-21 13:15:01.023   676   676 E audit   : type=1400 audit(1576905301.015:35631): avc:  denied  { read } for  pid=9803 comm="parallels-2" name="u:object_r:qemu_hw_mainkeys_prop:s0" dev="tmpfs" ino=16241 scontext=u:r:untrusted_app:s0:c173,c256,c512,c768 tcontext=u:object_r:qemu_hw_mainkeys_prop:s0 tclass=file permissive=0 SEPF_SM-G9750_9_0011 audit_filtered
12-21 13:15:01.023   676   676 E audit   : type=1300 audit(1576905301.015:35631): arch=40000028 syscall=322 per=8 success=no exit=-13 a0=ffffff9c a1=c3bbc9e0 a2=a8000 a3=0 items=0 ppid=698 pid=9803 auid=4294967295 uid=10173 gid=10173 euid=10173 suid=10173 fsuid=10173 egid=10173 sgid=10173 fsgid=10173 tty=(none) ses=4294967295 comm="parallels-2" exe="/system/bin/app_process32" subj=u:r:untrusted_app:s0:c173,c256,c512,c768 key=(null)
12-21 13:15:01.023   676   676 E audit   : type=1327 audit(1576905301.015:35631): proctitle="com.tencent.mm:appbrand1"
12-21 13:15:01.023  9803  9902 E libc    : Access denied finding property "qemu.hw.mainkeys"
12-21 13:15:01.111  9803  9905 W nt.mm:appbrand: Accessing hidden method Ldalvik/system/CloseGuard;->getReporter()Ldalvik/system/CloseGuard$Reporter; (dark greylist, reflection)
12-21 13:15:01.157  9798  9912 W TbsUgEngine: @getTbsUgDynamic...
12-21 13:15:01.157  9798  9912 W TbsUgEngine: @loadRemotePlugin...
12-21 13:15:01.160  9798  9947 E libc    : Access denied finding property "net.dns1"
12-21 13:15:01.173  9798  9912 W TbsUgEngine: @getDexClassLoader...
12-21 13:15:01.174  9798  9912 W TbsUgEngine: @createtDexLoader...
12-21 13:15:01.174  9798  9912 W encent.mm:tool: Unsupported class loader
12-21 13:15:01.180  9798  9912 W encent.mm:tool: Skipping duplicate class check due to unsupported classloader
12-21 13:15:01.181  9798  9993 W System.err: java.security.NoSuchAlgorithmException: The BC provider no longer provides an implementation for KeyFactory.RSA.  Please see https://android-developers.googleblog.com/2018/03/cryptography-changes-in-android-p.html for more details.
12-21 13:15:01.185  9798  9993 W System.err: 	at sun.security.jca.Providers.checkBouncyCastleDeprecation(Providers.java:563)
12-21 13:15:01.185  9798  9993 W System.err: 	at sun.security.jca.Providers.checkBouncyCastleDeprecation(Providers.java:330)
12-21 13:15:01.185  9798  9993 W System.err: 	at java.security.KeyFactory.getInstance(KeyFactory.java:235)
12-21 13:15:01.185  9798  9993 W System.err: 	at com.tencent.beacontbs.a.e.a(TbsJavaCore:12141)
12-21 13:15:01.185  9798  9993 W System.err: 	at com.tencent.beacontbs.a.b.d.b(TbsJavaCore:258)
12-21 13:15:01.185  9798  9993 W System.err: 	at com.tencent.beacontbs.a.b.d.a(TbsJavaCore:320)
12-21 13:15:01.185  9798  9993 W System.err: 	at com.tencent.beacontbs.a.b.b$1.run(TbsJavaCore:89)
12-21 13:15:01.185  9798  9993 W System.err: 	at java.util.concurrent.Executors$RunnableAdapter.call(Executors.java:459)
12-21 13:15:01.185  9798  9993 W System.err: 	at java.util.concurrent.FutureTask.run(FutureTask.java:266)
12-21 13:15:01.185  9798  9993 W System.err: 	at java.util.concurrent.ScheduledThreadPoolExecutor$ScheduledFutureTask.run(ScheduledThreadPoolExecutor.java:301)
12-21 13:15:01.185  9798  9993 W System.err: 	at java.util.concurrent.ThreadPoolExecutor.runWorker(ThreadPoolExecutor.java:1167)
12-21 13:15:01.185  9798  9993 W System.err: 	at java.util.concurrent.ThreadPoolExecutor$Worker.run(ThreadPoolExecutor.java:641)
12-21 13:15:01.185  9798  9993 W System.err: 	at java.lang.Thread.run(Thread.java:764)
12-21 13:15:01.212  1355  3889 E DatabaseUtils: Writing exception to parcel
12-21 13:15:01.212  1355  3889 E DatabaseUtils: java.lang.SecurityException: com.tencent.mm was not granted  this permission: android.permission.WRITE_SETTINGS.
12-21 13:15:01.212  1355  3889 E DatabaseUtils: 	at android.provider.Settings.isCallingPackageAllowedToPerformAppOpsProtectedOperation(Settings.java:17987)
12-21 13:15:01.212  1355  3889 E DatabaseUtils: 	at android.provider.Settings.checkAndNoteWriteSettingsOperation(Settings.java:17869)
12-21 13:15:01.212  1355  3889 E DatabaseUtils: 	at com.android.providers.settings.SettingsProvider.mutateSystemSetting(SettingsProvider.java:1647)
12-21 13:15:01.212  1355  3889 E DatabaseUtils: 	at com.android.providers.settings.SettingsProvider.insertSystemSetting(SettingsProvider.java:1607)
12-21 13:15:01.212  1355  3889 E DatabaseUtils: 	at com.android.providers.settings.SettingsProvider.call(SettingsProvider.java:549)
12-21 13:15:01.212  1355  3889 E DatabaseUtils: 	at android.content.ContentProvider$Transport.call(ContentProvider.java:403)
12-21 13:15:01.212  1355  3889 E DatabaseUtils: 	at android.content.ContentProviderNative.onTransact(ContentProviderNative.java:272)
12-21 13:15:01.212  1355  3889 E DatabaseUtils: 	at android.os.Binder.execTransact(Binder.java:739)
12-21 13:15:01.213  9798  9954 W System.err: java.lang.SecurityException: com.tencent.mm was not granted  this permission: android.permission.WRITE_SETTINGS.
12-21 13:15:01.213  9798  9954 W System.err: 	at android.os.Parcel.createException(Parcel.java:1966)
12-21 13:15:01.213  9798  9954 W System.err: 	at android.os.Parcel.readException(Parcel.java:1934)
12-21 13:15:01.213  9798  9954 W System.err: 	at android.database.DatabaseUtils.readExceptionFromParcel(DatabaseUtils.java:183)
12-21 13:15:01.213  9798  9954 W System.err: 	at android.database.DatabaseUtils.readExceptionFromParcel(DatabaseUtils.java:135)
12-21 13:15:01.213  9798  9954 W System.err: 	at android.content.ContentProviderProxy.call(ContentProviderNative.java:651)
12-21 13:15:01.213  9798  9954 W System.err: 	at android.provider.Settings$NameValueCache.putStringForUser(Settings.java:2044)
12-21 13:15:01.213  9798  9954 W System.err: 	at android.provider.Settings$System.putStringForUser(Settings.java:2439)
12-21 13:15:01.213  9798  9954 W System.err: 	at android.provider.Settings$System.putString(Settings.java:2423)
12-21 13:15:01.213  9798  9954 W System.err: 	at com.tencent.tbs.common.baseinfo.GuidLoader.saveGuidToSysSetting(TbsJavaCore:475)
12-21 13:15:01.213  9798  9954 W System.err: 	at com.tencent.tbs.common.baseinfo.GuidLoader.updateSysSettingAndSdCard(TbsJavaCore:855)
12-21 13:15:01.213  9798  9954 W System.err: 	at com.tencent.tbs.common.baseinfo.GuidLoader.compareAllGuids(TbsJavaCore:322)
12-21 13:15:01.213  9798  9954 W System.err: 	at com.tencent.tbs.common.baseinfo.GuidLoader.loadGuid(TbsJavaCore:149)
12-21 13:15:01.213  9798  9954 W System.err: 	at com.tencent.tbs.common.baseinfo.GUIDFactory$2.run(TbsJavaCore:260)
12-21 13:15:01.213  9798  9954 W System.err: 	at android.os.Handler.handleCallback(Handler.java:873)
12-21 13:15:01.213  9798  9954 W System.err: 	at android.os.Handler.dispatchMessage(Handler.java:99)
12-21 13:15:01.213  9798  9954 W System.err: 	at android.os.Looper.loop(Looper.java:214)
12-21 13:15:01.213  9798  9954 W System.err: 	at android.os.HandlerThread.run(HandlerThread.java:65)
12-21 13:15:01.213  9798  9954 W System.err: Caused by: android.os.RemoteException: Remote stack trace:
12-21 13:15:01.213  9798  9954 W System.err: 	at android.provider.Settings.isCallingPackageAllowedToPerformAppOpsProtectedOperation(Settings.java:17987)
12-21 13:15:01.213  9798  9954 W System.err: 	at android.provider.Settings.checkAndNoteWriteSettingsOperation(Settings.java:17869)
12-21 13:15:01.213  9798  9954 W System.err: 	at com.android.providers.settings.SettingsProvider.mutateSystemSetting(SettingsProvider.java:1647)
12-21 13:15:01.213  9798  9954 W System.err: 	at com.android.providers.settings.SettingsProvider.insertSystemSetting(SettingsProvider.java:1607)
12-21 13:15:01.213  9798  9954 W System.err: 	at com.android.providers.settings.SettingsProvider.call(SettingsProvider.java:549)
12-21 13:15:01.225   696   713 E Netd    : getNetworkForDns: getNetId from enterpriseCtrl is netid 0
12-21 13:15:01.230  1355  3889 E DatabaseUtils: Writing exception to parcel
12-21 13:15:01.230  1355  3889 E DatabaseUtils: java.lang.SecurityException: com.tencent.mm was not granted  this permission: android.permission.WRITE_SETTINGS.
12-21 13:15:01.230  1355  3889 E DatabaseUtils: 	at android.provider.Settings.isCallingPackageAllowedToPerformAppOpsProtectedOperation(Settings.java:17987)
12-21 13:15:01.230  1355  3889 E DatabaseUtils: 	at android.provider.Settings.checkAndNoteWriteSettingsOperation(Settings.java:17869)
12-21 13:15:01.230  1355  3889 E DatabaseUtils: 	at com.android.providers.settings.SettingsProvider.mutateSystemSetting(SettingsProvider.java:1647)
12-21 13:15:01.230  1355  3889 E DatabaseUtils: 	at com.android.providers.settings.SettingsProvider.insertSystemSetting(SettingsProvider.java:1607)
12-21 13:15:01.230  1355  3889 E DatabaseUtils: 	at com.android.providers.settings.SettingsProvider.call(SettingsProvider.java:549)
12-21 13:15:01.230  1355  3889 E DatabaseUtils: 	at android.content.ContentProvider$Transport.call(ContentProvider.java:403)
12-21 13:15:01.230  1355  3889 E DatabaseUtils: 	at android.content.ContentProviderNative.onTransact(ContentProviderNative.java:272)
12-21 13:15:01.230  1355  3889 E DatabaseUtils: 	at android.os.Binder.execTransact(Binder.java:739)
12-21 13:15:01.230  9798  9954 W System.err: java.lang.SecurityException: com.tencent.mm was not granted  this permission: android.permission.WRITE_SETTINGS.
12-21 13:15:01.230  9798  9954 W System.err: 	at android.os.Parcel.createException(Parcel.java:1966)
12-21 13:15:01.230  9798  9954 W System.err: 	at android.os.Parcel.readException(Parcel.java:1934)
12-21 13:15:01.230  9798  9954 W System.err: 	at android.database.DatabaseUtils.readExceptionFromParcel(DatabaseUtils.java:183)
12-21 13:15:01.230  9798  9954 W System.err: 	at android.database.DatabaseUtils.readExceptionFromParcel(DatabaseUtils.java:135)
12-21 13:15:01.230  9798  9954 W System.err: 	at android.content.ContentProviderProxy.call(ContentProviderNative.java:651)
12-21 13:15:01.230  9798  9954 W System.err: 	at android.provider.Settings$NameValueCache.putStringForUser(Settings.java:2044)
12-21 13:15:01.230  9798  9954 W System.err: 	at android.provider.Settings$System.putStringForUser(Settings.java:2439)
12-21 13:15:01.230  9798  9954 W System.err: 	at android.provider.Settings$System.putString(Settings.java:2423)
12-21 13:15:01.230  9798  9954 W System.err: 	at com.tencent.tbs.common.baseinfo.GuidLoader.saveGuidToSysSetting(TbsJavaCore:475)
12-21 13:15:01.230  9798  9954 W System.err: 	at com.tencent.tbs.common.baseinfo.GuidLoader.updateSysSettingAndSdCard(TbsJavaCore:855)
12-21 13:15:01.230  9798  9954 W System.err: 	at com.tencent.tbs.common.baseinfo.GuidLoader.mergeQBGuid(TbsJavaCore:1316)
12-21 13:15:01.230  9798  9954 W System.err: 	at com.tencent.tbs.common.baseinfo.GuidLoader.loadGuid(TbsJavaCore:169)
12-21 13:15:01.230  9798  9954 W System.err: 	at com.tencent.tbs.common.baseinfo.GUIDFactory$2.run(TbsJavaCore:260)
12-21 13:15:01.230  9798  9954 W System.err: 	at android.os.Handler.handleCallback(Handler.java:873)
12-21 13:15:01.230  9798  9954 W System.err: 	at android.os.Handler.dispatchMessage(Handler.java:99)
12-21 13:15:01.230  9798  9954 W System.err: 	at android.os.Looper.loop(Looper.java:214)
12-21 13:15:01.230  9798  9954 W System.err: 	at android.os.HandlerThread.run(HandlerThread.java:65)
12-21 13:15:01.246  1355  3171 E DatabaseUtils: Writing exception to parcel
12-21 13:15:01.246  1355  3171 E DatabaseUtils: java.lang.SecurityException: com.tencent.mm was not granted  this permission: android.permission.WRITE_SETTINGS.
12-21 13:15:01.246  1355  3171 E DatabaseUtils: 	at android.provider.Settings.isCallingPackageAllowedToPerformAppOpsProtectedOperation(Settings.java:17987)
12-21 13:15:01.246  1355  3171 E DatabaseUtils: 	at android.provider.Settings.checkAndNoteWriteSettingsOperation(Settings.java:17869)
12-21 13:15:01.246  1355  3171 E DatabaseUtils: 	at com.android.providers.settings.SettingsProvider.mutateSystemSetting(SettingsProvider.java:1647)
12-21 13:15:01.246  1355  3171 E DatabaseUtils: 	at com.android.providers.settings.SettingsProvider.insertSystemSetting(SettingsProvider.java:1607)
12-21 13:15:01.246  1355  3171 E DatabaseUtils: 	at com.android.providers.settings.SettingsProvider.call(SettingsProvider.java:549)
12-21 13:15:01.246  1355  3171 E DatabaseUtils: 	at android.content.ContentProvider$Transport.call(ContentProvider.java:403)
12-21 13:15:01.246  1355  3171 E DatabaseUtils: 	at android.content.ContentProviderNative.onTransact(ContentProviderNative.java:272)
12-21 13:15:01.246  1355  3171 E DatabaseUtils: 	at android.os.Binder.execTransact(Binder.java:739)
12-21 13:15:01.246  9798  9943 W System.err: java.lang.SecurityException: com.tencent.mm was not granted  this permission: android.permission.WRITE_SETTINGS.
12-21 13:15:01.246  9798  9943 W System.err: 	at android.os.Parcel.createException(Parcel.java:1966)
12-21 13:15:01.246  9798  9943 W System.err: 	at android.os.Parcel.readException(Parcel.java:1934)
12-21 13:15:01.252  9798  9943 W System.err: 	at android.database.DatabaseUtils.readExceptionFromParcel(DatabaseUtils.java:183)
12-21 13:15:01.252  9798  9943 W System.err: 	at android.database.DatabaseUtils.readExceptionFromParcel(DatabaseUtils.java:135)
12-21 13:15:01.252  9798  9943 W System.err: 	at android.content.ContentProviderProxy.call(ContentProviderNative.java:651)
12-21 13:15:01.252  9798  9943 W System.err: 	at android.provider.Settings$NameValueCache.putStringForUser(Settings.java:2044)
12-21 13:15:01.252  9798  9943 W System.err: 	at android.provider.Settings$System.putStringForUser(Settings.java:2439)
12-21 13:15:01.252  9798  9943 W System.err: 	at android.provider.Settings$System.putString(Settings.java:2423)
12-21 13:15:01.252  9798  9943 W System.err: 	at com.tencent.tbs.common.baseinfo.GuidLoader.enhanceQBGuid(TbsJavaCore:265)
12-21 13:15:01.252  9798  9943 W System.err: 	at com.tencent.tbs.common.baseinfo.GuidLoader.access$100(TbsJavaCore:33)
12-21 13:15:01.252  9798  9943 W System.err: 	at com.tencent.tbs.common.baseinfo.GuidLoader$1.run(TbsJavaCore:187)
12-21 13:15:01.252  9798  9943 W System.err: 	at java.util.concurrent.ThreadPoolExecutor.runWorker(ThreadPoolExecutor.java:1167)
12-21 13:15:01.252  9798  9943 W System.err: 	at java.util.concurrent.ThreadPoolExecutor$Worker.run(ThreadPoolExecutor.java:641)
12-21 13:15:01.252  9798  9943 W System.err: 	at java.lang.Thread.run(Thread.java:764)
12-21 13:15:01.252  9798  9943 W System.err: 	at com.tencent.common.threadpool.QBThreadFactory$1.run(TbsJavaCore:47)
12-21 13:15:01.286   573   573 E audit   : avc:  denied  { find } for interface=android.hardware.memtrack::IMemtrack sid=u:r:untrusted_app:s0:c173,c256,c512,c768 pid=9798 scontext=u:r:untrusted_app:s0:c173,c256,c512,c768 tcontext=u:object_r:hal_memtrack_hwservice:s0 tclass=hwservice_manager permissive=0
12-21 13:15:01.287  9798  9912 E memtrack: Couldn't load memtrack module
12-21 13:15:01.287  9798  9912 W android.os.Debug: failed to get memory consumption info: -1
12-21 13:15:01.288   696   713 E Netd    : getNetworkForDns: getNetId from enterpriseCtrl is netid 0
12-21 13:15:01.330  9798  9941 W System.err: java.io.EOFException
12-21 13:15:01.330  9798  9941 W System.err: 	at java.io.DataInputStream.readFully(DataInputStream.java:200)
12-21 13:15:01.330  9798  9941 W System.err: 	at java.io.DataInputStream.readUnsignedShort(DataInputStream.java:341)
12-21 13:15:01.330  9798  9941 W System.err: 	at java.io.DataInputStream.readUTF(DataInputStream.java:586)
12-21 13:15:01.330  9798  9941 W System.err: 	at java.io.DataInputStream.readUTF(DataInputStream.java:561)
12-21 13:15:01.330  9798  9941 W System.err: 	at com.tencent.common.serverconfig.IPListDataManager.a(TbsJavaCore:141)
12-21 13:15:01.330  9798  9941 W System.err: 	at com.tencent.common.serverconfig.IPListDataManager.getServerList(TbsJavaCore:468)
12-21 13:15:01.330  9798  9941 W System.err: 	at com.tencent.common.serverconfig.IPListDataManager.getServerList(TbsJavaCore:510)
12-21 13:15:01.330  9798  9941 W System.err: 	at com.tencent.common.serverconfig.a.a(TbsJavaCore:335)
12-21 13:15:01.330  9798  9941 W System.err: 	at com.tencent.common.serverconfig.WupServerConfigsWrapper.needPullWupServer(TbsJavaCore:133)
12-21 13:15:01.330  9798  9941 W System.err: 	at com.tencent.tbs.common.baseinfo.TbsWupManager.doMultiWupRequestForThirdParty(TbsJavaCore:395)
12-21 13:15:01.330  9798  9941 W System.err: 	at com.tencent.tbs.common.baseinfo.TbsWupManager$1.run(TbsJavaCore:144)
12-21 13:15:01.330  9798  9941 W System.err: 	at java.util.concurrent.ThreadPoolExecutor.runWorker(ThreadPoolExecutor.java:1167)
12-21 13:15:01.330  9798  9941 W System.err: 	at java.util.concurrent.ThreadPoolExecutor$Worker.run(ThreadPoolExecutor.java:641)
12-21 13:15:01.330  9798  9941 W System.err: 	at java.lang.Thread.run(Thread.java:764)
12-21 13:15:01.330  9798  9941 W System.err: 	at com.tencent.common.threadpool.QBThreadFactory$1.run(TbsJavaCore:47)
12-21 13:15:01.353  9798 10024 E libc    : Access denied finding property "net.dns1"
12-21 13:15:01.354  9798  9947 W TbsUgEngine: @downloadPlugin...
12-21 13:15:01.356  1355  1582 W libprocessgroup: kill(-8308, 9) failed: No such process
12-21 13:15:01.360  9798  9912 E libc    : Access denied finding property "qemu.hw.mainkeys"
12-21 13:15:01.361   676   676 E audit   : type=1400 audit(1576905301.345:35632): avc:  denied  { read } for  pid=9798 comm="parallels-3" name="u:object_r:qemu_hw_mainkeys_prop:s0" dev="tmpfs" ino=16241 scontext=u:r:untrusted_app:s0:c173,c256,c512,c768 tcontext=u:object_r:qemu_hw_mainkeys_prop:s0 tclass=file permissive=0 SEPF_SM-G9750_9_0011 audit_filtered
12-21 13:15:01.361   676   676 E audit   : type=1300 audit(1576905301.345:35632): arch=40000028 syscall=322 per=8 success=no exit=-13 a0=ffffff9c a1=c3ab29d0 a2=a8000 a3=0 items=0 ppid=698 pid=9798 auid=4294967295 uid=10173 gid=10173 euid=10173 suid=10173 fsuid=10173 egid=10173 sgid=10173 fsgid=10173 tty=(none) ses=4294967295 comm="parallels-3" exe="/system/bin/app_process32" subj=u:r:untrusted_app:s0:c173,c256,c512,c768 key=(null)
12-21 13:15:01.361   676   676 E audit   : type=1327 audit(1576905301.345:35632): proctitle="com.tencent.mm:tools"
12-21 13:15:01.362  1355  1582 W libprocessgroup: kill(-8308, 9) failed: No such process
12-21 13:15:01.362  9798 10024 E libc    : Access denied finding property "net.dns1"
12-21 13:15:01.368  1355  1582 W libprocessgroup: kill(-8308, 9) failed: No such process
12-21 13:15:01.373  1355  1582 W libprocessgroup: kill(-8308, 9) failed: No such process
12-21 13:15:01.378  1355  1582 W libprocessgroup: kill(-8308, 9) failed: No such process
12-21 13:15:01.384  1355  1582 W libprocessgroup: kill(-8308, 9) failed: No such process
12-21 13:15:01.394  1355  1582 W libprocessgroup: kill(-8308, 9) failed: No such process
12-21 13:15:01.401  1355  1582 W libprocessgroup: kill(-8308, 9) failed: No such process
12-21 13:15:01.406  1355  1582 W libprocessgroup: kill(-8308, 9) failed: No such process
12-21 13:15:01.414 10047 10047 E Zygote  : isWhitelistProcess - Process is Whitelisted
12-21 13:15:01.414  9718  9726 W System  : A resource failed to call close. 
12-21 13:15:01.415 10047 10047 E Zygote  : accessInfo : 1
12-21 13:15:01.431 10047 10047 W cent.mm:sandbo: Using default instruction set features for ARM CPU variant (cortex-a9) using conservative defaults
12-21 13:15:01.432 10047 10047 E cent.mm:sandbo: Not starting debugger since process cannot load the jdwp agent.
12-21 13:15:01.443  9660  9835 W System.err: java.io.IOException: Try again
12-21 13:15:01.443  9660  9835 W System.err: 	at android.net.LocalSocketImpl.readba_native(Native Method)
12-21 13:15:01.443  9660  9835 W System.err: 	at android.net.LocalSocketImpl.access$300(LocalSocketImpl.java:36)
12-21 13:15:01.443  9660  9835 W System.err: 	at android.net.LocalSocketImpl$SocketInputStream.read(LocalSocketImpl.java:110)
12-21 13:15:01.443  9660  9835 W System.err: 	at com.sec.android.app.dexonpc.control.ControlUtils$ConnDaemonInitThread.run(ControlUtils.java:220)
12-21 13:15:01.454  9798  9913 W encent.mm:tool: Accessing hidden method Ldalvik/system/CloseGuard;->getReporter()Ldalvik/system/CloseGuard$Reporter; (dark greylist, reflection)
12-21 13:15:01.467 10047 10047 W cent.mm:sandbo: JIT profile information will not be recorded: profile file does not exits.
12-21 13:15:01.494  9718  9718 E nt.mm:appbrand: Invalid ID 0x00000000.
12-21 13:15:01.533  9803  9803 W chromium: [1221/131501.533541:WARNING:library_prefetcher.cc(328)] Code not ordered, madvise optimization skipped
12-21 13:15:01.558  9803 10085 W cr_ChildProcLH: Create a new ChildConnectionAllocator with package name = com.google.android.webview, sandboxed = true
12-21 13:15:01.564 29601 29642 E cr_ChildProcessService: Service is already bound by pid 28434, cannot bind for pid 9803
12-21 13:15:01.566  9803 10085 E cr_SpareChildConn: Failed to warm up the spare sandbox service
12-21 13:15:01.678  1355  1582 W libprocessgroup: kill(-7326, 9) failed: No such process
12-21 13:15:01.683  9798  9947 W TbsUgEngine: @doLoadDex...
12-21 13:15:01.683  9798  9945 W TbsUgEngine: @doLoadDex...
12-21 13:15:01.686  9798  9941 E libc    : Access denied finding property "net.dns1"
12-21 13:15:01.687  9798  9941 E libc    : Access denied finding property "net.dns1"
12-21 13:15:01.689 10047 10047 W System  : ClassLoader referenced unknown path: 
12-21 13:15:01.689 10047 10047 W cent.mm:sandbo: Unsupported class loader
12-21 13:15:01.691 10047 10047 W cent.mm:sandbo: Skipping duplicate class check due to unsupported classloader
12-21 13:15:01.692  9798  9941 E libc    : Access denied finding property "net.dns1"
12-21 13:15:01.703 10047 10047 W cent.mm:sandbo: Opening an oat file without a class loader. Are you using the deprecated DexFile APIs?
12-21 13:15:01.703  1355  1582 W libprocessgroup: kill(-7326, 9) failed: No such process
12-21 13:15:01.704 10047 10047 W cent.mm:sandbo: Skipping duplicate class check due to unsupported classloader
12-21 13:15:01.819  9798  9798 E ICU_PROXY_LOG(Java_ICUProxyUCharacter): getPropertyValueEnum:Invalid name: WSpace
12-21 13:15:01.862 10047 10047 W CrashMonitor: JNI_OnLoad
12-21 13:15:02.084  9798 10134 E libc    : Access denied finding property "net.dns1"
12-21 13:15:02.098  9798 10134 E libc    : Access denied finding property "net.dns1"
12-21 13:15:02.107  9798  9798 E libc    : Access denied finding property "net.dns1"
12-21 13:15:02.128 10047 10144 W cent.mm:sandbo: Accessing hidden method Ldalvik/system/CloseGuard;->getReporter()Ldalvik/system/CloseGuard$Reporter; (dark greylist, reflection)
12-21 13:15:02.136  9718 10175 W AudioCapabilities: Unsupported mime audio/ac4
12-21 13:15:02.136  9718 10175 W AudioCapabilities: Unsupported mime audio/x-ima
12-21 13:15:02.138  9718 10175 W AudioCapabilities: Unsupported mime audio/x-ape
12-21 13:15:02.140  9718 10175 W AudioCapabilities: Unsupported mime audio/eac3-joc
12-21 13:15:02.145  9718 10175 W AudioCapabilities: Unsupported mime audio/mpeg-L1
12-21 13:15:02.146  9718 10175 W AudioCapabilities: Unsupported mime audio/mpeg-L2
12-21 13:15:02.150  9718 10175 W AudioCapabilities: Unsupported mime audio/x-ms-wma
12-21 13:15:02.156  9718 10175 W VideoCapabilities: Unsupported mime image/vnd.android.heic
12-21 13:15:02.171   696   713 E Netd    : getNetworkForDns: getNetId from enterpriseCtrl is netid 0
12-21 13:15:02.174   696   713 E Netd    : getNetworkForDns: getNetId from enterpriseCtrl is netid 0
12-21 13:15:02.175  9798 10134 E libc    : Access denied finding property "net.dns1"
